<?xml version="1.0" encoding="utf-8"?>
<test-run id="2" testcasecount="1077" result="Passed" total="1077" passed="1074" failed="0" inconclusive="0" skipped="3" asserts="0" engine-version="3.5.0.0" clr-version="4.0.30319.42000" start-time="2026-10-08 22:17:54Z" end-time="2026-10-08 22:17:58Z" duration="4,2830086">
  <test-suite type="TestSuite" id="1000" name="game" fullname="game" runstate="Runnable" testcasecount="1077" result="Passed" start-time="2026-10-08 22:17:54Z" end-time="2026-10-08 22:17:58Z" duration="4.283009" total="1077" passed="1074" failed="0" inconclusive="0" skipped="3" asserts="0">
    <properties>
      <property name="platform" value="EditMode" />
    </properties>
    <test-suite type="Assembly" id="1854" name="Game.Core.Tests.dll" fullname="C:/Users/berna/ClaudeCodeProjects/remote_control_projects/sc84/game/Library/ScriptAssemblies/Game.Core.Tests.dll" runstate="Runnable" testcasecount="784" result="Passed" start-time="2026-10-08 22:17:54Z" end-time="2026-10-08 22:17:55Z" duration="0.707136" total="784" passed="781" failed="0" inconclusive="0" skipped="3" asserts="0">
      <properties>
        <property name="_PID" value="25952" />
        <property name="_APPDOMAIN" value="Unity Child Domain" />
        <property name="platform" value="EditMode" />
        <property name="EditorOnly" value="True" />
      </properties>
      <test-suite type="TestSuite" id="1855" name="Game" fullname="Game" runstate="Runnable" testcasecount="784" result="Passed" start-time="2026-10-08 22:17:54Z" end-time="2026-10-08 22:17:55Z" duration="0.706657" total="784" passed="781" failed="0" inconclusive="0" skipped="3" asserts="0">
        <properties />
        <test-suite type="TestSuite" id="1856" name="Core" fullname="Game.Core" runstate="Runnable" testcasecount="784" result="Passed" start-time="2026-10-08 22:17:54Z" end-time="2026-10-08 22:17:55Z" duration="0.706240" total="784" passed="781" failed="0" inconclusive="0" skipped="3" asserts="0">
          <properties />
          <test-suite type="TestSuite" id="1857" name="Tests" fullname="Game.Core.Tests" runstate="Runnable" testcasecount="784" result="Passed" start-time="2026-10-08 22:17:54Z" end-time="2026-10-08 22:17:55Z" duration="0.706022" total="784" passed="781" failed="0" inconclusive="0" skipped="3" asserts="0">
            <properties />
            <test-suite type="TestSuite" id="1870" name="Cards" fullname="Game.Core.Tests.Cards" runstate="Runnable" testcasecount="56" result="Passed" start-time="2026-10-08 22:17:54Z" end-time="2026-10-08 22:17:54Z" duration="0.129677" total="56" passed="56" failed="0" inconclusive="0" skipped="0" asserts="0">
              <properties />
              <test-suite type="TestFixture" id="1790" name="CardDefinitionTests" fullname="Game.Core.Tests.Cards.CardDefinitionTests" classname="Game.Core.Tests.Cards.CardDefinitionTests" runstate="Runnable" testcasecount="17" result="Passed" start-time="2026-10-08 22:17:54Z" end-time="2026-10-08 22:17:54Z" duration="0.077782" total="17" passed="17" failed="0" inconclusive="0" skipped="0" asserts="0">
                <properties />
                <test-suite type="ParameterizedMethod" id="1798" name="Constructor_MissingId_Throws" fullname="Game.Core.Tests.Cards.CardDefinitionTests.Constructor_MissingId_Throws" classname="Game.Core.Tests.Cards.CardDefinitionTests" runstate="Runnable" testcasecount="3" result="Passed" start-time="2026-10-08 22:17:54Z" end-time="2026-10-08 22:17:54Z" duration="0.030006" total="3" passed="3" failed="0" inconclusive="0" skipped="0" asserts="0">
                  <properties />
                  <test-case id="1795" name="Constructor_MissingId_Throws(null)" fullname="Game.Core.Tests.Cards.CardDefinitionTests.Constructor_MissingId_Throws(null)" methodname="Constructor_MissingId_Throws" classname="Game.Core.Tests.Cards.CardDefinitionTests" runstate="Runnable" seed="1901855954" result="Passed" start-time="2026-10-08 22:17:54Z" end-time="2026-10-08 22:17:54Z" duration="0.018324" asserts="0">
                    <properties>
                      <property name="retryIteration" value="0" />
                      <property name="repeatIteration" value="0" />
                    </properties>
                  </test-case>
                  <test-case id="1796" name="Constructor_MissingId_Throws(&quot;&quot;)" fullname="Game.Core.Tests.Cards.CardDefinitionTests.Constructor_MissingId_Throws(&quot;&quot;)" methodname="Constructor_MissingId_Throws" classname="Game.Core.Tests.Cards.CardDefinitionTests" runstate="Runnable" seed="947898375" result="Passed" start-time="2026-10-08 22:17:54Z" end-time="2026-10-08 22:17:54Z" duration="0.000392" asserts="0">
                    <properties>
                      <property name="retryIteration" value="0" />
                      <property name="repeatIteration" value="0" />
                    </properties>
                  </test-case>
                  <test-case id="1797" name="Constructor_MissingId_Throws(&quot;   &quot;)" fullname="Game.Core.Tests.Cards.CardDefinitionTests.Constructor_MissingId_Throws(&quot;   &quot;)" methodname="Constructor_MissingId_Throws" classname="Game.Core.Tests.Cards.CardDefinitionTests" runstate="Runnable" seed="1341953031" result="Passed" start-time="2026-10-08 22:17:54Z" end-time="2026-10-08 22:17:54Z" duration="0.000386" asserts="0">
                    <properties>
                      <property name="retryIteration" value="0" />
                      <property name="repeatIteration" value="0" />
                    </properties>
                  </test-case>
                </test-suite>
                <test-suite type="ParameterizedMethod" id="1801" name="Constructor_NonPositiveCastTime_Throws" fullname="Game.Core.Tests.Cards.CardDefinitionTests.Constructor_NonPositiveCastTime_Throws" classname="Game.Core.Tests.Cards.CardDefinitionTests" runstate="Runnable" testcasecount="2" result="Passed" start-time="2026-10-08 22:17:54Z" end-time="2026-10-08 22:17:54Z" duration="0.007032" total="2" passed="2" failed="0" inconclusive="0" skipped="0" asserts="0">
                  <properties />
                  <test-case id="1799" name="Constructor_NonPositiveCastTime_Throws(0)" fullname="Game.Core.Tests.Cards.CardDefinitionTests.Constructor_NonPositiveCastTime_Throws(0)" methodname="Constructor_NonPositiveCastTime_Throws" classname="Game.Core.Tests.Cards.CardDefinitionTests" runstate="Runnable" seed="406949272" result="Passed" start-time="2026-10-08 22:17:54Z" end-time="2026-10-08 22:17:54Z" duration="0.000850" asserts="0">
                    <properties>
                      <property name="retryIteration" value="0" />
                      <property name="repeatIteration" value="0" />
                    </properties>
                  </test-case>
                  <test-case id="1800" name="Constructor_NonPositiveCastTime_Throws(-1)" fullname="Game.Core.Tests.Cards.CardDefinitionTests.Constructor_NonPositiveCastTime_Throws(-1)" methodname="Constructor_NonPositiveCastTime_Throws" classname="Game.Core.Tests.Cards.CardDefinitionTests" runstate="Runnable" seed="1239778010" result="Passed" start-time="2026-10-08 22:17:54Z" end-time="2026-10-08 22:17:54Z" duration="0.000511" asserts="0">
                    <properties>
                      <property name="retryIteration" value="0" />
                      <property name="repeatIteration" value="0" />
                    </properties>
                  </test-case>
                </test-suite>
                <test-case id="1803" name="Constructor_NullEffectItem_Throws" fullname="Game.Core.Tests.Cards.CardDefinitionTests.Constructor_NullEffectItem_Throws" methodname="Constructor_NullEffectItem_Throws" classname="Game.Core.Tests.Cards.CardDefinitionTests" runstate="Runnable" seed="1237587014" result="Passed" start-time="2026-10-08 22:17:54Z" end-time="2026-10-08 22:17:54Z" duration="0.000645" asserts="0">
                  <properties>
                    <property name="retryIteration" value="0" />
                    <property name="repeatIteration" value="0" />
                  </properties>
                </test-case>
                <test-case id="1802" name="Constructor_NullEffects_Throws" fullname="Game.Core.Tests.Cards.CardDefinitionTests.Constructor_NullEffects_Throws" methodname="Constructor_NullEffects_Throws" classname="Game.Core.Tests.Cards.CardDefinitionTests" runstate="Runnable" seed="1540252273" result="Passed" start-time="2026-10-08 22:17:54Z" end-time="2026-10-08 22:17:54Z" duration="0.000631" asserts="0">
                  <properties>
                    <property name="retryIteration" value="0" />
                    <property name="repeatIteration" value="0" />
                  </properties>
                </test-case>
                <test-case id="1794" name="Constructor_SourceModifiedAfterwards_EffectsUnchanged" fullname="Game.Core.Tests.Cards.CardDefinitionTests.Constructor_SourceModifiedAfterwards_EffectsUnchanged" methodname="Constructor_SourceModifiedAfterwards_EffectsUnchanged" classname="Game.Core.Tests.Cards.CardDefinitionTests" runstate="Runnable" seed="1236261020" result="Passed" start-time="2026-10-08 22:17:54Z" end-time="2026-10-08 22:17:54Z" duration="0.005695" asserts="0">
                  <properties>
                    <property name="retryIteration" value="0" />
                    <property name="repeatIteration" value="0" />
                  </properties>
                </test-case>
                <test-case id="1792" name="Constructor_ValidValues_StoresCastTime" fullname="Game.Core.Tests.Cards.CardDefinitionTests.Constructor_ValidValues_StoresCastTime" methodname="Constructor_ValidValues_StoresCastTime" classname="Game.Core.Tests.Cards.CardDefinitionTests" runstate="Runnable" seed="1489141869" result="Passed" start-time="2026-10-08 22:17:54Z" end-time="2026-10-08 22:17:54Z" duration="0.000471" asserts="0">
                  <properties>
                    <property name="retryIteration" value="0" />
                    <property name="repeatIteration" value="0" />
                  </properties>
                </test-case>
                <test-case id="1793" name="Constructor_ValidValues_StoresEffectsInOrder" fullname="Game.Core.Tests.Cards.CardDefinitionTests.Constructor_ValidValues_StoresEffectsInOrder" methodname="Constructor_ValidValues_StoresEffectsInOrder" classname="Game.Core.Tests.Cards.CardDefinitionTests" runstate="Runnable" seed="896151028" result="Passed" start-time="2026-10-08 22:17:54Z" end-time="2026-10-08 22:17:54Z" duration="0.001986" asserts="0">
                  <properties>
                    <property name="retryIteration" value="0" />
                    <property name="repeatIteration" value="0" />
                  </properties>
                </test-case>
                <test-case id="1791" name="Constructor_ValidValues_StoresId" fullname="Game.Core.Tests.Cards.CardDefinitionTests.Constructor_ValidValues_StoresId" methodname="Constructor_ValidValues_StoresId" classname="Game.Core.Tests.Cards.CardDefinitionTests" runstate="Runnable" seed="563863554" result="Passed" start-time="2026-10-08 22:17:54Z" end-time="2026-10-08 22:17:54Z" duration="0.000271" asserts="0">
                  <properties>
                    <property name="retryIteration" value="0" />
                    <property name="repeatIteration" value="0" />
                  </properties>
                </test-case>
                <test-case id="1805" name="Resolve_DamageEffect_DamagesTarget" fullname="Game.Core.Tests.Cards.CardDefinitionTests.Resolve_DamageEffect_DamagesTarget" methodname="Resolve_DamageEffect_DamagesTarget" classname="Game.Core.Tests.Cards.CardDefinitionTests" runstate="Runnable" seed="1117239126" result="Passed" start-time="2026-10-08 22:17:54Z" end-time="2026-10-08 22:17:54Z" duration="0.001992" asserts="0">
                  <properties>
                    <property name="retryIteration" value="0" />
                    <property name="repeatIteration" value="0" />
                  </properties>
                </test-case>
                <test-case id="1808" name="Resolve_NoEffects_LeavesCombatantsUnchanged" fullname="Game.Core.Tests.Cards.CardDefinitionTests.Resolve_NoEffects_LeavesCombatantsUnchanged" methodname="Resolve_NoEffects_LeavesCombatantsUnchanged" classname="Game.Core.Tests.Cards.CardDefinitionTests" runstate="Runnable" seed="2030177619" result="Passed" start-time="2026-10-08 22:17:54Z" end-time="2026-10-08 22:17:54Z" duration="0.001307" asserts="0">
                  <properties>
                    <property name="retryIteration" value="0" />
                    <property name="repeatIteration" value="0" />
                  </properties>
                </test-case>
                <test-case id="1807" name="Resolve_NoEffects_ReturnsEmptyOutcomes" fullname="Game.Core.Tests.Cards.CardDefinitionTests.Resolve_NoEffects_ReturnsEmptyOutcomes" methodname="Resolve_NoEffects_ReturnsEmptyOutcomes" classname="Game.Core.Tests.Cards.CardDefinitionTests" runstate="Runnable" seed="726247858" result="Passed" start-time="2026-10-08 22:17:54Z" end-time="2026-10-08 22:17:54Z" duration="0.001023" asserts="0">
                  <properties>
                    <property name="retryIteration" value="0" />
                    <property name="repeatIteration" value="0" />
                  </properties>
                </test-case>
                <test-case id="1809" name="Resolve_NullContext_Throws" fullname="Game.Core.Tests.Cards.CardDefinitionTests.Resolve_NullContext_Throws" methodname="Resolve_NullContext_Throws" classname="Game.Core.Tests.Cards.CardDefinitionTests" runstate="Runnable" seed="980745873" result="Passed" start-time="2026-10-08 22:17:54Z" end-time="2026-10-08 22:17:54Z" duration="0.000728" asserts="0">
                  <properties>
                    <property name="retryIteration" value="0" />
                    <property name="repeatIteration" value="0" />
                  </properties>
                </test-case>
                <test-case id="1804" name="Resolve_SeveralEffects_AppliesThemInOrder" fullname="Game.Core.Tests.Cards.CardDefinitionTests.Resolve_SeveralEffects_AppliesThemInOrder" methodname="Resolve_SeveralEffects_AppliesThemInOrder" classname="Game.Core.Tests.Cards.CardDefinitionTests" runstate="Runnable" seed="1990899595" result="Passed" start-time="2026-10-08 22:17:54Z" end-time="2026-10-08 22:17:54Z" duration="0.000725" asserts="0">
                  <properties>
                    <property name="retryIteration" value="0" />
                    <property name="repeatIteration" value="0" />
                  </properties>
                </test-case>
                <test-case id="1806" name="Resolve_SeveralEffects_ReturnsOutcomesInOrder" fullname="Game.Core.Tests.Cards.CardDefinitionTests.Resolve_SeveralEffects_ReturnsOutcomesInOrder" methodname="Resolve_SeveralEffects_ReturnsOutcomesInOrder" classname="Game.Core.Tests.Cards.CardDefinitionTests" runstate="Runnable" seed="876703700" result="Passed" start-time="2026-10-08 22:17:54Z" end-time="2026-10-08 22:17:54Z" duration="0.003387" asserts="0">
                  <properties>
                    <property name="retryIteration" value="0" />
                    <property name="repeatIteration" value="0" />
                  </properties>
                </test-case>
              </test-suite>
              <test-suite type="TestFixture" id="1810" name="CardEvolutionTests" fullname="Game.Core.Tests.Cards.CardEvolutionTests" classname="Game.Core.Tests.Cards.CardEvolutionTests" runstate="Runnable" testcasecount="26" result="Passed" start-time="2026-10-08 22:17:54Z" end-time="2026-10-08 22:17:54Z" duration="0.034930" total="26" passed="26" failed="0" inconclusive="0" skipped="0" asserts="0">
                <properties />
                <test-case id="1815" name="AtStage_EveryStage_SharesTheSameEvolutions" fullname="Game.Core.Tests.Cards.CardEvolutionTests.AtStage_EveryStage_SharesTheSameEvolutions" methodname="AtStage_EveryStage_SharesTheSameEvolutions" classname="Game.Core.Tests.Cards.CardEvolutionTests" runstate="Runnable" seed="1050477884" result="Passed" start-time="2026-10-08 22:17:54Z" end-time="2026-10-08 22:17:54Z" duration="0.005648" asserts="0">
                  <properties>
                    <property name="retryIteration" value="0" />
                    <property name="repeatIteration" value="0" />
                  </properties>
                </test-case>
                <test-case id="1813" name="AtStage_EvolvedStages_ChangeEffectsAndModifiersButNotIdOrCastTime" fullname="Game.Core.Tests.Cards.CardEvolutionTests.AtStage_EvolvedStages_ChangeEffectsAndModifiersButNotIdOrCastTime" methodname="AtStage_EvolvedStages_ChangeEffectsAndModifiersButNotIdOrCastTime" classname="Game.Core.Tests.Cards.CardEvolutionTests" runstate="Runnable" seed="1325053471" result="Passed" start-time="2026-10-08 22:17:54Z" end-time="2026-10-08 22:17:54Z" duration="0.002413" asserts="0">
                  <properties>
                    <property name="retryIteration" value="0" />
                    <property name="repeatIteration" value="0" />
                  </properties>
                </test-case>
                <test-case id="1814" name="AtStage_FromAnyStage_ReachesEveryStage" fullname="Game.Core.Tests.Cards.CardEvolutionTests.AtStage_FromAnyStage_ReachesEveryStage" methodname="AtStage_FromAnyStage_ReachesEveryStage" classname="Game.Core.Tests.Cards.CardEvolutionTests" runstate="Runnable" seed="1725974673" result="Passed" start-time="2026-10-08 22:17:54Z" end-time="2026-10-08 22:17:54Z" duration="0.000433" asserts="0">
                  <properties>
                    <property name="retryIteration" value="0" />
                    <property name="repeatIteration" value="0" />
                  </properties>
                </test-case>
                <test-case id="1812" name="AtStage_NoEvolutions_StageOneThrows" fullname="Game.Core.Tests.Cards.CardEvolutionTests.AtStage_NoEvolutions_StageOneThrows" methodname="AtStage_NoEvolutions_StageOneThrows" classname="Game.Core.Tests.Cards.CardEvolutionTests" runstate="Runnable" seed="569392257" result="Passed" start-time="2026-10-08 22:17:54Z" end-time="2026-10-08 22:17:54Z" duration="0.000521" asserts="0">
                  <properties>
                    <property name="retryIteration" value="0" />
                    <property name="repeatIteration" value="0" />
                  </properties>
                </test-case>
                <test-case id="1816" name="AtStage_OutOfRange_Throws" fullname="Game.Core.Tests.Cards.CardEvolutionTests.AtStage_OutOfRange_Throws" methodname="AtStage_OutOfRange_Throws" classname="Game.Core.Tests.Cards.CardEvolutionTests" runstate="Runnable" seed="199413682" result="Passed" start-time="2026-10-08 22:17:54Z" end-time="2026-10-08 22:17:54Z" duration="0.000549" asserts="0">
                  <properties>
                    <property name="retryIteration" value="0" />
                    <property name="repeatIteration" value="0" />
                  </properties>
                </test-case>
                <test-case id="1833" name="CardEvolution_CopiesItsLists" fullname="Game.Core.Tests.Cards.CardEvolutionTests.CardEvolution_CopiesItsLists" methodname="CardEvolution_CopiesItsLists" classname="Game.Core.Tests.Cards.CardEvolutionTests" runstate="Runnable" seed="604206166" result="Passed" start-time="2026-10-08 22:17:54Z" end-time="2026-10-08 22:17:54Z" duration="0.000897" asserts="0">
                  <properties>
                    <property name="retryIteration" value="0" />
                    <property name="repeatIteration" value="0" />
                  </properties>
                </test-case>
                <test-case id="1832" name="CardEvolution_NullArguments_Throw" fullname="Game.Core.Tests.Cards.CardEvolutionTests.CardEvolution_NullArguments_Throw" methodname="CardEvolution_NullArguments_Throw" classname="Game.Core.Tests.Cards.CardEvolutionTests" runstate="Runnable" seed="953811401" result="Passed" start-time="2026-10-08 22:17:54Z" end-time="2026-10-08 22:17:54Z" duration="0.000928" asserts="0">
                  <properties>
                    <property name="retryIteration" value="0" />
                    <property name="repeatIteration" value="0" />
                  </properties>
                </test-case>
                <test-case id="1831" name="CardEvolution_ZeroOrNegativeCasts_Throws" fullname="Game.Core.Tests.Cards.CardEvolutionTests.CardEvolution_ZeroOrNegativeCasts_Throws" methodname="CardEvolution_ZeroOrNegativeCasts_Throws" classname="Game.Core.Tests.Cards.CardEvolutionTests" runstate="Runnable" seed="663767420" result="Passed" start-time="2026-10-08 22:17:54Z" end-time="2026-10-08 22:17:54Z" duration="0.000615" asserts="0">
                  <properties>
                    <property name="retryIteration" value="0" />
                    <property name="repeatIteration" value="0" />
                  </properties>
                </test-case>
                <test-suite type="ParameterizedMethod" id="1829" name="Constructor_CastsRequiredNotIncreasing_Throws" fullname="Game.Core.Tests.Cards.CardEvolutionTests.Constructor_CastsRequiredNotIncreasing_Throws" classname="Game.Core.Tests.Cards.CardEvolutionTests" runstate="Runnable" testcasecount="2" result="Passed" start-time="2026-10-08 22:17:54Z" end-time="2026-10-08 22:17:54Z" duration="0.002219" total="2" passed="2" failed="0" inconclusive="0" skipped="0" asserts="0">
                  <properties />
                  <test-case id="1827" name="Constructor_CastsRequiredNotIncreasing_Throws(5,5)" fullname="Game.Core.Tests.Cards.CardEvolutionTests.Constructor_CastsRequiredNotIncreasing_Throws(5,5)" methodname="Constructor_CastsRequiredNotIncreasing_Throws" classname="Game.Core.Tests.Cards.CardEvolutionTests" runstate="Runnable" seed="1071570920" result="Passed" start-time="2026-10-08 22:17:54Z" end-time="2026-10-08 22:17:54Z" duration="0.000589" asserts="0">
                    <properties>
                      <property name="retryIteration" value="0" />
                      <property name="repeatIteration" value="0" />
                    </properties>
                  </test-case>
                  <test-case id="1828" name="Constructor_CastsRequiredNotIncreasing_Throws(5,3)" fullname="Game.Core.Tests.Cards.CardEvolutionTests.Constructor_CastsRequiredNotIncreasing_Throws(5,3)" methodname="Constructor_CastsRequiredNotIncreasing_Throws" classname="Game.Core.Tests.Cards.CardEvolutionTests" runstate="Runnable" seed="957586979" result="Passed" start-time="2026-10-08 22:17:54Z" end-time="2026-10-08 22:17:54Z" duration="0.000229" asserts="0">
                    <properties>
                      <property name="retryIteration" value="0" />
                      <property name="repeatIteration" value="0" />
                    </properties>
                  </test-case>
                </test-suite>
                <test-case id="1830" name="Constructor_NullEvolutions_Throws" fullname="Game.Core.Tests.Cards.CardEvolutionTests.Constructor_NullEvolutions_Throws" methodname="Constructor_NullEvolutions_Throws" classname="Game.Core.Tests.Cards.CardEvolutionTests" runstate="Runnable" seed="224321051" result="Passed" start-time="2026-10-08 22:17:54Z" end-time="2026-10-08 22:17:54Z" duration="0.000444" asserts="0">
                  <properties>
                    <property name="retryIteration" value="0" />
                    <property name="repeatIteration" value="0" />
                  </properties>
                </test-case>
                <test-case id="1825" name="Constructor_TooManyEvolutions_Throws" fullname="Game.Core.Tests.Cards.CardEvolutionTests.Constructor_TooManyEvolutions_Throws" methodname="Constructor_TooManyEvolutions_Throws" classname="Game.Core.Tests.Cards.CardEvolutionTests" runstate="Runnable" seed="1402506420" result="Passed" start-time="2026-10-08 22:17:54Z" end-time="2026-10-08 22:17:54Z" duration="0.000567" asserts="0">
                  <properties>
                    <property name="retryIteration" value="0" />
                    <property name="repeatIteration" value="0" />
                  </properties>
                </test-case>
                <test-case id="1811" name="Constructor_WithoutEvolutions_IsAtStageZeroAndNeverEvolves" fullname="Game.Core.Tests.Cards.CardEvolutionTests.Constructor_WithoutEvolutions_IsAtStageZeroAndNeverEvolves" methodname="Constructor_WithoutEvolutions_IsAtStageZeroAndNeverEvolves" classname="Game.Core.Tests.Cards.CardEvolutionTests" runstate="Runnable" seed="883681090" result="Passed" start-time="2026-10-08 22:17:54Z" end-time="2026-10-08 22:17:54Z" duration="0.000551" asserts="0">
                  <properties>
                    <property name="retryIteration" value="0" />
                    <property name="repeatIteration" value="0" />
                  </properties>
                </test-case>
                <test-case id="1836" name="MapForms_ChangingTheCastTime_Throws" fullname="Game.Core.Tests.Cards.CardEvolutionTests.MapForms_ChangingTheCastTime_Throws" methodname="MapForms_ChangingTheCastTime_Throws" classname="Game.Core.Tests.Cards.CardEvolutionTests" runstate="Runnable" seed="1104951855" result="Passed" start-time="2026-10-08 22:17:54Z" end-time="2026-10-08 22:17:54Z" duration="0.001237" asserts="0">
                  <properties>
                    <property name="retryIteration" value="0" />
                    <property name="repeatIteration" value="0" />
                  </properties>
                </test-case>
                <test-case id="1837" name="MapForms_ChangingTheId_Throws" fullname="Game.Core.Tests.Cards.CardEvolutionTests.MapForms_ChangingTheId_Throws" methodname="MapForms_ChangingTheId_Throws" classname="Game.Core.Tests.Cards.CardEvolutionTests" runstate="Runnable" seed="992305523" result="Passed" start-time="2026-10-08 22:17:54Z" end-time="2026-10-08 22:17:54Z" duration="0.000572" asserts="0">
                  <properties>
                    <property name="retryIteration" value="0" />
                    <property name="repeatIteration" value="0" />
                  </properties>
                </test-case>
                <test-case id="1835" name="MapForms_GivesEachStageAsACardWithoutEvolutions" fullname="Game.Core.Tests.Cards.CardEvolutionTests.MapForms_GivesEachStageAsACardWithoutEvolutions" methodname="MapForms_GivesEachStageAsACardWithoutEvolutions" classname="Game.Core.Tests.Cards.CardEvolutionTests" runstate="Runnable" seed="417222548" result="Passed" start-time="2026-10-08 22:17:54Z" end-time="2026-10-08 22:17:54Z" duration="0.001022" asserts="0">
                  <properties>
                    <property name="retryIteration" value="0" />
                    <property name="repeatIteration" value="0" />
                  </properties>
                </test-case>
                <test-case id="1834" name="MapForms_MapsEveryStageAndKeepsStageAndThresholds" fullname="Game.Core.Tests.Cards.CardEvolutionTests.MapForms_MapsEveryStageAndKeepsStageAndThresholds" methodname="MapForms_MapsEveryStageAndKeepsStageAndThresholds" classname="Game.Core.Tests.Cards.CardEvolutionTests" runstate="Runnable" seed="1038919705" result="Passed" start-time="2026-10-08 22:17:54Z" end-time="2026-10-08 22:17:54Z" duration="0.000858" asserts="0">
                  <properties>
                    <property name="retryIteration" value="0" />
                    <property name="repeatIteration" value="0" />
                  </properties>
                </test-case>
                <test-case id="1838" name="MapForms_NullMapOrNullResult_Throws" fullname="Game.Core.Tests.Cards.CardEvolutionTests.MapForms_NullMapOrNullResult_Throws" methodname="MapForms_NullMapOrNullResult_Throws" classname="Game.Core.Tests.Cards.CardEvolutionTests" runstate="Runnable" seed="269904933" result="Passed" start-time="2026-10-08 22:17:54Z" end-time="2026-10-08 22:17:54Z" duration="0.000703" asserts="0">
                  <properties>
                    <property name="retryIteration" value="0" />
                    <property name="repeatIteration" value="0" />
                  </properties>
                </test-case>
                <test-case id="1826" name="MaxEvolutions_IsTwo" fullname="Game.Core.Tests.Cards.CardEvolutionTests.MaxEvolutions_IsTwo" methodname="MaxEvolutions_IsTwo" classname="Game.Core.Tests.Cards.CardEvolutionTests" runstate="Runnable" seed="1273672085" result="Passed" start-time="2026-10-08 22:17:54Z" end-time="2026-10-08 22:17:54Z" duration="0.000206" asserts="0">
                  <properties>
                    <property name="retryIteration" value="0" />
                    <property name="repeatIteration" value="0" />
                  </properties>
                </test-case>
                <test-suite type="ParameterizedMethod" id="1823" name="StageForCasts_GivesTheHighestStageReached" fullname="Game.Core.Tests.Cards.CardEvolutionTests.StageForCasts_GivesTheHighestStageReached" classname="Game.Core.Tests.Cards.CardEvolutionTests" runstate="Runnable" testcasecount="6" result="Passed" start-time="2026-10-08 22:17:54Z" end-time="2026-10-08 22:17:54Z" duration="0.003731" total="6" passed="6" failed="0" inconclusive="0" skipped="0" asserts="0">
                  <properties />
                  <test-case id="1817" name="StageForCasts_GivesTheHighestStageReached(0,0)" fullname="Game.Core.Tests.Cards.CardEvolutionTests.StageForCasts_GivesTheHighestStageReached(0,0)" methodname="StageForCasts_GivesTheHighestStageReached" classname="Game.Core.Tests.Cards.CardEvolutionTests" runstate="Runnable" seed="1354936451" result="Passed" start-time="2026-10-08 22:17:54Z" end-time="2026-10-08 22:17:54Z" duration="0.000331" asserts="0">
                    <properties>
                      <property name="retryIteration" value="0" />
                      <property name="repeatIteration" value="0" />
                    </properties>
                  </test-case>
                  <test-case id="1818" name="StageForCasts_GivesTheHighestStageReached(3,0)" fullname="Game.Core.Tests.Cards.CardEvolutionTests.StageForCasts_GivesTheHighestStageReached(3,0)" methodname="StageForCasts_GivesTheHighestStageReached" classname="Game.Core.Tests.Cards.CardEvolutionTests" runstate="Runnable" seed="1500756879" result="Passed" start-time="2026-10-08 22:17:54Z" end-time="2026-10-08 22:17:54Z" duration="0.000140" asserts="0">
                    <properties>
                      <property name="retryIteration" value="0" />
                      <property name="repeatIteration" value="0" />
                    </properties>
                  </test-case>
                  <test-case id="1819" name="StageForCasts_GivesTheHighestStageReached(4,1)" fullname="Game.Core.Tests.Cards.CardEvolutionTests.StageForCasts_GivesTheHighestStageReached(4,1)" methodname="StageForCasts_GivesTheHighestStageReached" classname="Game.Core.Tests.Cards.CardEvolutionTests" runstate="Runnable" seed="511980562" result="Passed" start-time="2026-10-08 22:17:54Z" end-time="2026-10-08 22:17:54Z" duration="0.000213" asserts="0">
                    <properties>
                      <property name="retryIteration" value="0" />
                      <property name="repeatIteration" value="0" />
                    </properties>
                  </test-case>
                  <test-case id="1820" name="StageForCasts_GivesTheHighestStageReached(8,1)" fullname="Game.Core.Tests.Cards.CardEvolutionTests.StageForCasts_GivesTheHighestStageReached(8,1)" methodname="StageForCasts_GivesTheHighestStageReached" classname="Game.Core.Tests.Cards.CardEvolutionTests" runstate="Runnable" seed="1825193597" result="Passed" start-time="2026-10-08 22:17:54Z" end-time="2026-10-08 22:17:54Z" duration="0.000115" asserts="0">
                    <properties>
                      <property name="retryIteration" value="0" />
                      <property name="repeatIteration" value="0" />
                    </properties>
                  </test-case>
                  <test-case id="1821" name="StageForCasts_GivesTheHighestStageReached(9,2)" fullname="Game.Core.Tests.Cards.CardEvolutionTests.StageForCasts_GivesTheHighestStageReached(9,2)" methodname="StageForCasts_GivesTheHighestStageReached" classname="Game.Core.Tests.Cards.CardEvolutionTests" runstate="Runnable" seed="1594558508" result="Passed" start-time="2026-10-08 22:17:54Z" end-time="2026-10-08 22:17:54Z" duration="0.000114" asserts="0">
                    <properties>
                      <property name="retryIteration" value="0" />
                      <property name="repeatIteration" value="0" />
                    </properties>
                  </test-case>
                  <test-case id="1822" name="StageForCasts_GivesTheHighestStageReached(109,2)" fullname="Game.Core.Tests.Cards.CardEvolutionTests.StageForCasts_GivesTheHighestStageReached(109,2)" methodname="StageForCasts_GivesTheHighestStageReached" classname="Game.Core.Tests.Cards.CardEvolutionTests" runstate="Runnable" seed="388155244" result="Passed" start-time="2026-10-08 22:17:54Z" end-time="2026-10-08 22:17:54Z" duration="0.000097" asserts="0">
                    <properties>
                      <property name="retryIteration" value="0" />
                      <property name="repeatIteration" value="0" />
                    </properties>
                  </test-case>
                </test-suite>
                <test-case id="1824" name="StageForCasts_NegativeCasts_Throws" fullname="Game.Core.Tests.Cards.CardEvolutionTests.StageForCasts_NegativeCasts_Throws" methodname="StageForCasts_NegativeCasts_Throws" classname="Game.Core.Tests.Cards.CardEvolutionTests" runstate="Runnable" seed="500868775" result="Passed" start-time="2026-10-08 22:17:54Z" end-time="2026-10-08 22:17:54Z" duration="0.000379" asserts="0">
                  <properties>
                    <property name="retryIteration" value="0" />
                    <property name="repeatIteration" value="0" />
                  </properties>
                </test-case>
              </test-suite>
              <test-suite type="TestFixture" id="1839" name="NeighbourModifierTests" fullname="Game.Core.Tests.Cards.NeighbourModifierTests" classname="Game.Core.Tests.Cards.NeighbourModifierTests" runstate="Runnable" testcasecount="13" result="Passed" start-time="2026-10-08 22:17:54Z" end-time="2026-10-08 22:17:54Z" duration="0.012861" total="13" passed="13" failed="0" inconclusive="0" skipped="0" asserts="0">
                <properties />
                <test-case id="1851" name="CardDefinition_ModifierSourceChangedAfterwards_ModifiersUnchanged" fullname="Game.Core.Tests.Cards.NeighbourModifierTests.CardDefinition_ModifierSourceChangedAfterwards_ModifiersUnchanged" methodname="CardDefinition_ModifierSourceChangedAfterwards_ModifiersUnchanged" classname="Game.Core.Tests.Cards.NeighbourModifierTests" runstate="Runnable" seed="1499278743" result="Passed" start-time="2026-10-08 22:17:54Z" end-time="2026-10-08 22:17:54Z" duration="0.000847" asserts="0">
                  <properties>
                    <property name="retryIteration" value="0" />
                    <property name="repeatIteration" value="0" />
                  </properties>
                </test-case>
                <test-case id="1853" name="CardDefinition_NullModifierItem_Throws" fullname="Game.Core.Tests.Cards.NeighbourModifierTests.CardDefinition_NullModifierItem_Throws" methodname="CardDefinition_NullModifierItem_Throws" classname="Game.Core.Tests.Cards.NeighbourModifierTests" runstate="Runnable" seed="315169463" result="Passed" start-time="2026-10-08 22:17:54Z" end-time="2026-10-08 22:17:54Z" duration="0.000392" asserts="0">
                  <properties>
                    <property name="retryIteration" value="0" />
                    <property name="repeatIteration" value="0" />
                  </properties>
                </test-case>
                <test-case id="1852" name="CardDefinition_NullModifiers_Throws" fullname="Game.Core.Tests.Cards.NeighbourModifierTests.CardDefinition_NullModifiers_Throws" methodname="CardDefinition_NullModifiers_Throws" classname="Game.Core.Tests.Cards.NeighbourModifierTests" runstate="Runnable" seed="624622302" result="Passed" start-time="2026-10-08 22:17:54Z" end-time="2026-10-08 22:17:54Z" duration="0.000260" asserts="0">
                  <properties>
                    <property name="retryIteration" value="0" />
                    <property name="repeatIteration" value="0" />
                  </properties>
                </test-case>
                <test-case id="1850" name="CardDefinition_WithModifiers_StoresThemInOrder" fullname="Game.Core.Tests.Cards.NeighbourModifierTests.CardDefinition_WithModifiers_StoresThemInOrder" methodname="CardDefinition_WithModifiers_StoresThemInOrder" classname="Game.Core.Tests.Cards.NeighbourModifierTests" runstate="Runnable" seed="1160637415" result="Passed" start-time="2026-10-08 22:17:54Z" end-time="2026-10-08 22:17:54Z" duration="0.000466" asserts="0">
                  <properties>
                    <property name="retryIteration" value="0" />
                    <property name="repeatIteration" value="0" />
                  </properties>
                </test-case>
                <test-case id="1849" name="CardDefinition_WithoutModifiers_HasNone" fullname="Game.Core.Tests.Cards.NeighbourModifierTests.CardDefinition_WithoutModifiers_HasNone" methodname="CardDefinition_WithoutModifiers_HasNone" classname="Game.Core.Tests.Cards.NeighbourModifierTests" runstate="Runnable" seed="242935802" result="Passed" start-time="2026-10-08 22:17:54Z" end-time="2026-10-08 22:17:54Z" duration="0.000306" asserts="0">
                  <properties>
                    <property name="retryIteration" value="0" />
                    <property name="repeatIteration" value="0" />
                  </properties>
                </test-case>
                <test-case id="1842" name="Constructor_NegativeAmount_Throws" fullname="Game.Core.Tests.Cards.NeighbourModifierTests.Constructor_NegativeAmount_Throws" methodname="Constructor_NegativeAmount_Throws" classname="Game.Core.Tests.Cards.NeighbourModifierTests" runstate="Runnable" seed="970572241" result="Passed" start-time="2026-10-08 22:17:54Z" end-time="2026-10-08 22:17:54Z" duration="0.000330" asserts="0">
                  <properties>
                    <property name="retryIteration" value="0" />
                    <property name="repeatIteration" value="0" />
                  </properties>
                </test-case>
                <test-case id="1844" name="Constructor_UnknownDirection_Throws" fullname="Game.Core.Tests.Cards.NeighbourModifierTests.Constructor_UnknownDirection_Throws" methodname="Constructor_UnknownDirection_Throws" classname="Game.Core.Tests.Cards.NeighbourModifierTests" runstate="Runnable" seed="2050257351" result="Passed" start-time="2026-10-08 22:17:54Z" end-time="2026-10-08 22:17:54Z" duration="0.000346" asserts="0">
                  <properties>
                    <property name="retryIteration" value="0" />
                    <property name="repeatIteration" value="0" />
                  </properties>
                </test-case>
                <test-case id="1843" name="Constructor_UnknownKind_Throws" fullname="Game.Core.Tests.Cards.NeighbourModifierTests.Constructor_UnknownKind_Throws" methodname="Constructor_UnknownKind_Throws" classname="Game.Core.Tests.Cards.NeighbourModifierTests" runstate="Runnable" seed="623025486" result="Passed" start-time="2026-10-08 22:17:54Z" end-time="2026-10-08 22:17:54Z" duration="0.000263" asserts="0">
                  <properties>
                    <property name="retryIteration" value="0" />
                    <property name="repeatIteration" value="0" />
                  </properties>
                </test-case>
                <test-case id="1840" name="Constructor_ValidValues_StoresKindDirectionAndAmount" fullname="Game.Core.Tests.Cards.NeighbourModifierTests.Constructor_ValidValues_StoresKindDirectionAndAmount" methodname="Constructor_ValidValues_StoresKindDirectionAndAmount" classname="Game.Core.Tests.Cards.NeighbourModifierTests" runstate="Runnable" seed="1655297172" result="Passed" start-time="2026-10-08 22:17:54Z" end-time="2026-10-08 22:17:54Z" duration="0.001802" asserts="0">
                  <properties>
                    <property name="retryIteration" value="0" />
                    <property name="repeatIteration" value="0" />
                  </properties>
                </test-case>
                <test-case id="1841" name="Constructor_ZeroAmount_IsAllowed" fullname="Game.Core.Tests.Cards.NeighbourModifierTests.Constructor_ZeroAmount_IsAllowed" methodname="Constructor_ZeroAmount_IsAllowed" classname="Game.Core.Tests.Cards.NeighbourModifierTests" runstate="Runnable" seed="1623570933" result="Passed" start-time="2026-10-08 22:17:54Z" end-time="2026-10-08 22:17:54Z" duration="0.000188" asserts="0">
                  <properties>
                    <property name="retryIteration" value="0" />
                    <property name="repeatIteration" value="0" />
                  </properties>
                </test-case>
                <test-suite type="ParameterizedMethod" id="1848" name="ToBonus_Kind_HoldsAmountForThatKindOnly" fullname="Game.Core.Tests.Cards.NeighbourModifierTests.ToBonus_Kind_HoldsAmountForThatKindOnly" classname="Game.Core.Tests.Cards.NeighbourModifierTests" runstate="Runnable" testcasecount="3" result="Passed" start-time="2026-10-08 22:17:54Z" end-time="2026-10-08 22:17:54Z" duration="0.002940" total="3" passed="3" failed="0" inconclusive="0" skipped="0" asserts="0">
                  <properties />
                  <test-case id="1845" name="ToBonus_Kind_HoldsAmountForThatKindOnly(Damage,3,0,0)" fullname="Game.Core.Tests.Cards.NeighbourModifierTests.ToBonus_Kind_HoldsAmountForThatKindOnly(Damage,3,0,0)" methodname="ToBonus_Kind_HoldsAmountForThatKindOnly" classname="Game.Core.Tests.Cards.NeighbourModifierTests" runstate="Runnable" seed="1748139920" result="Passed" start-time="2026-10-08 22:17:54Z" end-time="2026-10-08 22:17:54Z" duration="0.000847" asserts="0">
                    <properties>
                      <property name="retryIteration" value="0" />
                      <property name="repeatIteration" value="0" />
                    </properties>
                  </test-case>
                  <test-case id="1846" name="ToBonus_Kind_HoldsAmountForThatKindOnly(Heal,0,3,0)" fullname="Game.Core.Tests.Cards.NeighbourModifierTests.ToBonus_Kind_HoldsAmountForThatKindOnly(Heal,0,3,0)" methodname="ToBonus_Kind_HoldsAmountForThatKindOnly" classname="Game.Core.Tests.Cards.NeighbourModifierTests" runstate="Runnable" seed="182422206" result="Passed" start-time="2026-10-08 22:17:54Z" end-time="2026-10-08 22:17:54Z" duration="0.000140" asserts="0">
                    <properties>
                      <property name="retryIteration" value="0" />
                      <property name="repeatIteration" value="0" />
                    </properties>
                  </test-case>
                  <test-case id="1847" name="ToBonus_Kind_HoldsAmountForThatKindOnly(Shield,0,0,3)" fullname="Game.Core.Tests.Cards.NeighbourModifierTests.ToBonus_Kind_HoldsAmountForThatKindOnly(Shield,0,0,3)" methodname="ToBonus_Kind_HoldsAmountForThatKindOnly" classname="Game.Core.Tests.Cards.NeighbourModifierTests" runstate="Runnable" seed="67073306" result="Passed" start-time="2026-10-08 22:17:54Z" end-time="2026-10-08 22:17:54Z" duration="0.000214" asserts="0">
                    <properties>
                      <property name="retryIteration" value="0" />
                      <property name="repeatIteration" value="0" />
                    </properties>
                  </test-case>
                </test-suite>
              </test-suite>
            </test-suite>
            <test-suite type="TestSuite" id="1869" name="Classes" fullname="Game.Core.Tests.Classes" runstate="Runnable" testcasecount="16" result="Passed" start-time="2026-10-08 22:17:54Z" end-time="2026-10-08 22:17:54Z" duration="0.015542" total="16" passed="16" failed="0" inconclusive="0" skipped="0" asserts="0">
              <properties />
              <test-suite type="TestFixture" id="1771" name="ClassDefinitionTests" fullname="Game.Core.Tests.Classes.ClassDefinitionTests" classname="Game.Core.Tests.Classes.ClassDefinitionTests" runstate="Runnable" testcasecount="16" result="Passed" start-time="2026-10-08 22:17:54Z" end-time="2026-10-08 22:17:54Z" duration="0.014398" total="16" passed="16" failed="0" inconclusive="0" skipped="0" asserts="0">
                <properties />
                <test-suite type="ParameterizedMethod" id="1779" name="Constructor_BlankId_Throws" fullname="Game.Core.Tests.Classes.ClassDefinitionTests.Constructor_BlankId_Throws" classname="Game.Core.Tests.Classes.ClassDefinitionTests" runstate="Runnable" testcasecount="3" result="Passed" start-time="2026-10-08 22:17:54Z" end-time="2026-10-08 22:17:54Z" duration="0.002404" total="3" passed="3" failed="0" inconclusive="0" skipped="0" asserts="0">
                  <properties />
                  <test-case id="1776" name="Constructor_BlankId_Throws(null)" fullname="Game.Core.Tests.Classes.ClassDefinitionTests.Constructor_BlankId_Throws(null)" methodname="Constructor_BlankId_Throws" classname="Game.Core.Tests.Classes.ClassDefinitionTests" runstate="Runnable" seed="952925409" result="Passed" start-time="2026-10-08 22:17:54Z" end-time="2026-10-08 22:17:54Z" duration="0.000727" asserts="0">
                    <properties>
                      <property name="retryIteration" value="0" />
                      <property name="repeatIteration" value="0" />
                    </properties>
                  </test-case>
                  <test-case id="1777" name="Constructor_BlankId_Throws(&quot;&quot;)" fullname="Game.Core.Tests.Classes.ClassDefinitionTests.Constructor_BlankId_Throws(&quot;&quot;)" methodname="Constructor_BlankId_Throws" classname="Game.Core.Tests.Classes.ClassDefinitionTests" runstate="Runnable" seed="1093087767" result="Passed" start-time="2026-10-08 22:17:54Z" end-time="2026-10-08 22:17:54Z" duration="0.000188" asserts="0">
                    <properties>
                      <property name="retryIteration" value="0" />
                      <property name="repeatIteration" value="0" />
                    </properties>
                  </test-case>
                  <test-case id="1778" name="Constructor_BlankId_Throws(&quot;  &quot;)" fullname="Game.Core.Tests.Classes.ClassDefinitionTests.Constructor_BlankId_Throws(&quot;  &quot;)" methodname="Constructor_BlankId_Throws" classname="Game.Core.Tests.Classes.ClassDefinitionTests" runstate="Runnable" seed="1032372978" result="Passed" start-time="2026-10-08 22:17:54Z" end-time="2026-10-08 22:17:54Z" duration="0.000158" asserts="0">
                    <properties>
                      <property name="retryIteration" value="0" />
                      <property name="repeatIteration" value="0" />
                    </properties>
                  </test-case>
                </test-suite>
                <test-case id="1784" name="Constructor_CapacityBelowOne_Throws" fullname="Game.Core.Tests.Classes.ClassDefinitionTests.Constructor_CapacityBelowOne_Throws" methodname="Constructor_CapacityBelowOne_Throws" classname="Game.Core.Tests.Classes.ClassDefinitionTests" runstate="Runnable" seed="1115804253" result="Passed" start-time="2026-10-08 22:17:54Z" end-time="2026-10-08 22:17:54Z" duration="0.000511" asserts="0">
                  <properties>
                    <property name="retryIteration" value="0" />
                    <property name="repeatIteration" value="0" />
                  </properties>
                </test-case>
                <test-case id="1775" name="Constructor_CopiesTheCardLists" fullname="Game.Core.Tests.Classes.ClassDefinitionTests.Constructor_CopiesTheCardLists" methodname="Constructor_CopiesTheCardLists" classname="Game.Core.Tests.Classes.ClassDefinitionTests" runstate="Runnable" seed="323733725" result="Passed" start-time="2026-10-08 22:17:54Z" end-time="2026-10-08 22:17:54Z" duration="0.000655" asserts="0">
                  <properties>
                    <property name="retryIteration" value="0" />
                    <property name="repeatIteration" value="0" />
                  </properties>
                </test-case>
                <test-case id="1773" name="Constructor_DeckFillsCapacity_IsAccepted" fullname="Game.Core.Tests.Classes.ClassDefinitionTests.Constructor_DeckFillsCapacity_IsAccepted" methodname="Constructor_DeckFillsCapacity_IsAccepted" classname="Game.Core.Tests.Classes.ClassDefinitionTests" runstate="Runnable" seed="1552046852" result="Passed" start-time="2026-10-08 22:17:54Z" end-time="2026-10-08 22:17:54Z" duration="0.001057" asserts="0">
                  <properties>
                    <property name="retryIteration" value="0" />
                    <property name="repeatIteration" value="0" />
                  </properties>
                </test-case>
                <test-case id="1786" name="Constructor_DeckLargerThanCapacity_Throws" fullname="Game.Core.Tests.Classes.ClassDefinitionTests.Constructor_DeckLargerThanCapacity_Throws" methodname="Constructor_DeckLargerThanCapacity_Throws" classname="Game.Core.Tests.Classes.ClassDefinitionTests" runstate="Runnable" seed="2050186051" result="Passed" start-time="2026-10-08 22:17:54Z" end-time="2026-10-08 22:17:54Z" duration="0.000315" asserts="0">
                  <properties>
                    <property name="retryIteration" value="0" />
                    <property name="repeatIteration" value="0" />
                  </properties>
                </test-case>
                <test-case id="1774" name="Constructor_EmptyCardPool_IsAccepted" fullname="Game.Core.Tests.Classes.ClassDefinitionTests.Constructor_EmptyCardPool_IsAccepted" methodname="Constructor_EmptyCardPool_IsAccepted" classname="Game.Core.Tests.Classes.ClassDefinitionTests" runstate="Runnable" seed="1922902378" result="Passed" start-time="2026-10-08 22:17:54Z" end-time="2026-10-08 22:17:54Z" duration="0.000315" asserts="0">
                  <properties>
                    <property name="retryIteration" value="0" />
                    <property name="repeatIteration" value="0" />
                  </properties>
                </test-case>
                <test-case id="1785" name="Constructor_EmptyDeck_Throws" fullname="Game.Core.Tests.Classes.ClassDefinitionTests.Constructor_EmptyDeck_Throws" methodname="Constructor_EmptyDeck_Throws" classname="Game.Core.Tests.Classes.ClassDefinitionTests" runstate="Runnable" seed="1428906318" result="Passed" start-time="2026-10-08 22:17:54Z" end-time="2026-10-08 22:17:54Z" duration="0.000365" asserts="0">
                  <properties>
                    <property name="retryIteration" value="0" />
                    <property name="repeatIteration" value="0" />
                  </properties>
                </test-case>
                <test-suite type="ParameterizedMethod" id="1782" name="Constructor_MaxHealthNotPositive_Throws" fullname="Game.Core.Tests.Classes.ClassDefinitionTests.Constructor_MaxHealthNotPositive_Throws" classname="Game.Core.Tests.Classes.ClassDefinitionTests" runstate="Runnable" testcasecount="2" result="Passed" start-time="2026-10-08 22:17:54Z" end-time="2026-10-08 22:17:54Z" duration="0.001524" total="2" passed="2" failed="0" inconclusive="0" skipped="0" asserts="0">
                  <properties />
                  <test-case id="1780" name="Constructor_MaxHealthNotPositive_Throws(0)" fullname="Game.Core.Tests.Classes.ClassDefinitionTests.Constructor_MaxHealthNotPositive_Throws(0)" methodname="Constructor_MaxHealthNotPositive_Throws" classname="Game.Core.Tests.Classes.ClassDefinitionTests" runstate="Runnable" seed="1217396490" result="Passed" start-time="2026-10-08 22:17:54Z" end-time="2026-10-08 22:17:54Z" duration="0.000336" asserts="0">
                    <properties>
                      <property name="retryIteration" value="0" />
                      <property name="repeatIteration" value="0" />
                    </properties>
                  </test-case>
                  <test-case id="1781" name="Constructor_MaxHealthNotPositive_Throws(-1)" fullname="Game.Core.Tests.Classes.ClassDefinitionTests.Constructor_MaxHealthNotPositive_Throws(-1)" methodname="Constructor_MaxHealthNotPositive_Throws" classname="Game.Core.Tests.Classes.ClassDefinitionTests" runstate="Runnable" seed="987115264" result="Passed" start-time="2026-10-08 22:17:54Z" end-time="2026-10-08 22:17:54Z" duration="0.000081" asserts="0">
                    <properties>
                      <property name="retryIteration" value="0" />
                      <property name="repeatIteration" value="0" />
                    </properties>
                  </test-case>
                </test-suite>
                <test-case id="1783" name="Constructor_NegativeStartingShield_Throws" fullname="Game.Core.Tests.Classes.ClassDefinitionTests.Constructor_NegativeStartingShield_Throws" methodname="Constructor_NegativeStartingShield_Throws" classname="Game.Core.Tests.Classes.ClassDefinitionTests" runstate="Runnable" seed="1597604650" result="Passed" start-time="2026-10-08 22:17:54Z" end-time="2026-10-08 22:17:54Z" duration="0.000311" asserts="0">
                  <properties>
                    <property name="retryIteration" value="0" />
                    <property name="repeatIteration" value="0" />
                  </properties>
                </test-case>
                <test-case id="1787" name="Constructor_NullCardInDeck_Throws" fullname="Game.Core.Tests.Classes.ClassDefinitionTests.Constructor_NullCardInDeck_Throws" methodname="Constructor_NullCardInDeck_Throws" classname="Game.Core.Tests.Classes.ClassDefinitionTests" runstate="Runnable" seed="435438492" result="Passed" start-time="2026-10-08 22:17:54Z" end-time="2026-10-08 22:17:54Z" duration="0.000327" asserts="0">
                  <properties>
                    <property name="retryIteration" value="0" />
                    <property name="repeatIteration" value="0" />
                  </properties>
                </test-case>
                <test-case id="1788" name="Constructor_NullCardInPool_Throws" fullname="Game.Core.Tests.Classes.ClassDefinitionTests.Constructor_NullCardInPool_Throws" methodname="Constructor_NullCardInPool_Throws" classname="Game.Core.Tests.Classes.ClassDefinitionTests" runstate="Runnable" seed="1200203242" result="Passed" start-time="2026-10-08 22:17:54Z" end-time="2026-10-08 22:17:54Z" duration="0.000333" asserts="0">
                  <properties>
                    <property name="retryIteration" value="0" />
                    <property name="repeatIteration" value="0" />
                  </properties>
                </test-case>
                <test-case id="1789" name="Constructor_NullLists_Throw" fullname="Game.Core.Tests.Classes.ClassDefinitionTests.Constructor_NullLists_Throw" methodname="Constructor_NullLists_Throw" classname="Game.Core.Tests.Classes.ClassDefinitionTests" runstate="Runnable" seed="369048702" result="Passed" start-time="2026-10-08 22:17:54Z" end-time="2026-10-08 22:17:54Z" duration="0.000452" asserts="0">
                  <properties>
                    <property name="retryIteration" value="0" />
                    <property name="repeatIteration" value="0" />
                  </properties>
                </test-case>
                <test-case id="1772" name="Constructor_ValidData_KeepsValues" fullname="Game.Core.Tests.Classes.ClassDefinitionTests.Constructor_ValidData_KeepsValues" methodname="Constructor_ValidData_KeepsValues" classname="Game.Core.Tests.Classes.ClassDefinitionTests" runstate="Runnable" seed="916661587" result="Passed" start-time="2026-10-08 22:17:54Z" end-time="2026-10-08 22:17:54Z" duration="0.000562" asserts="0">
                  <properties>
                    <property name="retryIteration" value="0" />
                    <property name="repeatIteration" value="0" />
                  </properties>
                </test-case>
              </test-suite>
            </test-suite>
            <test-suite type="TestSuite" id="1866" name="Combat" fullname="Game.Core.Tests.Combat" runstate="Runnable" testcasecount="225" result="Passed" start-time="2026-10-08 22:17:54Z" end-time="2026-10-08 22:17:54Z" duration="0.227055" total="225" passed="222" failed="0" inconclusive="0" skipped="3" asserts="0">
              <properties />
              <test-suite type="TestFixture" id="1534" name="CardEvolutionFightTests" fullname="Game.Core.Tests.Combat.CardEvolutionFightTests" classname="Game.Core.Tests.Combat.CardEvolutionFightTests" runstate="Runnable" testcasecount="27" result="Passed" start-time="2026-10-08 22:17:54Z" end-time="2026-10-08 22:17:54Z" duration="0.066025" total="27" passed="27" failed="0" inconclusive="0" skipped="0" asserts="0">
                <properties />
                <test-case id="1556" name="Build_EvolutionOfAnUnknownCast_Throws" fullname="Game.Core.Tests.Combat.CardEvolutionFightTests.Build_EvolutionOfAnUnknownCast_Throws" methodname="Build_EvolutionOfAnUnknownCast_Throws" classname="Game.Core.Tests.Combat.CardEvolutionFightTests" runstate="Runnable" seed="581000274" result="Passed" start-time="2026-10-08 22:17:54Z" end-time="2026-10-08 22:17:54Z" duration="0.005246" asserts="0">
                  <properties>
                    <property name="retryIteration" value="0" />
                    <property name="repeatIteration" value="0" />
                  </properties>
                </test-case>
                <test-case id="1551" name="Constructor_CardNotAtTheStageItsCastsHaveReached_Throws" fullname="Game.Core.Tests.Combat.CardEvolutionFightTests.Constructor_CardNotAtTheStageItsCastsHaveReached_Throws" methodname="Constructor_CardNotAtTheStageItsCastsHaveReached_Throws" classname="Game.Core.Tests.Combat.CardEvolutionFightTests" runstate="Runnable" seed="798340947" result="Passed" start-time="2026-10-08 22:17:54Z" end-time="2026-10-08 22:17:54Z" duration="0.004106" asserts="0">
                  <properties>
                    <property name="retryIteration" value="0" />
                    <property name="repeatIteration" value="0" />
                  </properties>
                </test-case>
                <test-case id="1549" name="Constructor_CastListOfTheWrongLength_Throws" fullname="Game.Core.Tests.Combat.CardEvolutionFightTests.Constructor_CastListOfTheWrongLength_Throws" methodname="Constructor_CastListOfTheWrongLength_Throws" classname="Game.Core.Tests.Combat.CardEvolutionFightTests" runstate="Runnable" seed="1876579473" result="Passed" start-time="2026-10-08 22:17:54Z" end-time="2026-10-08 22:17:54Z" duration="0.000588" asserts="0">
                  <properties>
                    <property name="retryIteration" value="0" />
                    <property name="repeatIteration" value="0" />
                  </properties>
                </test-case>
                <test-case id="1550" name="Constructor_NegativeCasts_Throws" fullname="Game.Core.Tests.Combat.CardEvolutionFightTests.Constructor_NegativeCasts_Throws" methodname="Constructor_NegativeCasts_Throws" classname="Game.Core.Tests.Combat.CardEvolutionFightTests" runstate="Runnable" seed="1174628036" result="Passed" start-time="2026-10-08 22:17:54Z" end-time="2026-10-08 22:17:54Z" duration="0.000723" asserts="0">
                  <properties>
                    <property name="retryIteration" value="0" />
                    <property name="repeatIteration" value="0" />
                  </properties>
                </test-case>
                <test-case id="1548" name="Constructor_OnlyOneCastList_Throws" fullname="Game.Core.Tests.Combat.CardEvolutionFightTests.Constructor_OnlyOneCastList_Throws" methodname="Constructor_OnlyOneCastList_Throws" classname="Game.Core.Tests.Combat.CardEvolutionFightTests" runstate="Runnable" seed="615028336" result="Passed" start-time="2026-10-08 22:17:54Z" end-time="2026-10-08 22:17:54Z" duration="0.000623" asserts="0">
                  <properties>
                    <property name="retryIteration" value="0" />
                    <property name="repeatIteration" value="0" />
                  </properties>
                </test-case>
                <test-case id="1557" name="EvolutionRecord_CardAtStageZero_Throws" fullname="Game.Core.Tests.Combat.CardEvolutionFightTests.EvolutionRecord_CardAtStageZero_Throws" methodname="EvolutionRecord_CardAtStageZero_Throws" classname="Game.Core.Tests.Combat.CardEvolutionFightTests" runstate="Runnable" seed="466194928" result="Passed" start-time="2026-10-08 22:17:54Z" end-time="2026-10-08 22:17:54Z" duration="0.000355" asserts="0">
                  <properties>
                    <property name="retryIteration" value="0" />
                    <property name="repeatIteration" value="0" />
                  </properties>
                </test-case>
                <test-case id="1558" name="Recap_FightWithAnEvolution_IgnoresTheEvolutionEvent" fullname="Game.Core.Tests.Combat.CardEvolutionFightTests.Recap_FightWithAnEvolution_IgnoresTheEvolutionEvent" methodname="Recap_FightWithAnEvolution_IgnoresTheEvolutionEvent" classname="Game.Core.Tests.Combat.CardEvolutionFightTests" runstate="Runnable" seed="1396680554" result="Passed" start-time="2026-10-08 22:17:54Z" end-time="2026-10-08 22:17:54Z" duration="0.010440" asserts="0">
                  <properties>
                    <property name="retryIteration" value="0" />
                    <property name="repeatIteration" value="0" />
                  </properties>
                </test-case>
                <test-case id="1552" name="Record_EvolutionDuringAFight_MatchesTheGoldenText" fullname="Game.Core.Tests.Combat.CardEvolutionFightTests.Record_EvolutionDuringAFight_MatchesTheGoldenText" methodname="Record_EvolutionDuringAFight_MatchesTheGoldenText" classname="Game.Core.Tests.Combat.CardEvolutionFightTests" runstate="Runnable" seed="1539160426" result="Passed" start-time="2026-10-08 22:17:54Z" end-time="2026-10-08 22:17:54Z" duration="0.003342" asserts="0">
                  <properties>
                    <property name="retryIteration" value="0" />
                    <property name="repeatIteration" value="0" />
                  </properties>
                </test-case>
                <test-case id="1554" name="Record_EvolutionEvent_CarriesStageCastsAndTheHeroState" fullname="Game.Core.Tests.Combat.CardEvolutionFightTests.Record_EvolutionEvent_CarriesStageCastsAndTheHeroState" methodname="Record_EvolutionEvent_CarriesStageCastsAndTheHeroState" classname="Game.Core.Tests.Combat.CardEvolutionFightTests" runstate="Runnable" seed="628187685" result="Passed" start-time="2026-10-08 22:17:54Z" end-time="2026-10-08 22:17:54Z" duration="0.001625" asserts="0">
                  <properties>
                    <property name="retryIteration" value="0" />
                    <property name="repeatIteration" value="0" />
                  </properties>
                </test-case>
                <test-case id="1553" name="Record_EvolutionEvent_HasAnEvolutionObjectInJson" fullname="Game.Core.Tests.Combat.CardEvolutionFightTests.Record_EvolutionEvent_HasAnEvolutionObjectInJson" methodname="Record_EvolutionEvent_HasAnEvolutionObjectInJson" classname="Game.Core.Tests.Combat.CardEvolutionFightTests" runstate="Runnable" seed="1276384245" result="Passed" start-time="2026-10-08 22:17:54Z" end-time="2026-10-08 22:17:54Z" duration="0.003575" asserts="0">
                  <properties>
                    <property name="retryIteration" value="0" />
                    <property name="repeatIteration" value="0" />
                  </properties>
                </test-case>
                <test-case id="1555" name="Record_SameInputs_GiveTheSameLog" fullname="Game.Core.Tests.Combat.CardEvolutionFightTests.Record_SameInputs_GiveTheSameLog" methodname="Record_SameInputs_GiveTheSameLog" classname="Game.Core.Tests.Combat.CardEvolutionFightTests" runstate="Runnable" seed="873500098" result="Passed" start-time="2026-10-08 22:17:54Z" end-time="2026-10-08 22:17:54Z" duration="0.012811" asserts="0">
                  <properties>
                    <property name="retryIteration" value="0" />
                    <property name="repeatIteration" value="0" />
                  </properties>
                </test-case>
                <test-case id="1539" name="Run_CardAlreadyAtItsLastStage_KeepsCountingWithoutEvolving" fullname="Game.Core.Tests.Combat.CardEvolutionFightTests.Run_CardAlreadyAtItsLastStage_KeepsCountingWithoutEvolving" methodname="Run_CardAlreadyAtItsLastStage_KeepsCountingWithoutEvolving" classname="Game.Core.Tests.Combat.CardEvolutionFightTests" runstate="Runnable" seed="1338929451" result="Passed" start-time="2026-10-08 22:17:54Z" end-time="2026-10-08 22:17:54Z" duration="0.000953" asserts="0">
                  <properties>
                    <property name="retryIteration" value="0" />
                    <property name="repeatIteration" value="0" />
                  </properties>
                </test-case>
                <test-case id="1535" name="Run_CardReachingAStage_EvolvesAfterThatCastAndUsesItNext" fullname="Game.Core.Tests.Combat.CardEvolutionFightTests.Run_CardReachingAStage_EvolvesAfterThatCastAndUsesItNext" methodname="Run_CardReachingAStage_EvolvesAfterThatCastAndUsesItNext" classname="Game.Core.Tests.Combat.CardEvolutionFightTests" runstate="Runnable" seed="1331902644" result="Passed" start-time="2026-10-08 22:17:54Z" end-time="2026-10-08 22:17:54Z" duration="0.000623" asserts="0">
                  <properties>
                    <property name="retryIteration" value="0" />
                    <property name="repeatIteration" value="0" />
                  </properties>
                </test-case>
                <test-case id="1546" name="Run_CardSwappedOutWhileCasting_EvolvesInTheReserve" fullname="Game.Core.Tests.Combat.CardEvolutionFightTests.Run_CardSwappedOutWhileCasting_EvolvesInTheReserve" methodname="Run_CardSwappedOutWhileCasting_EvolvesInTheReserve" classname="Game.Core.Tests.Combat.CardEvolutionFightTests" runstate="Runnable" seed="1602544677" result="Passed" start-time="2026-10-08 22:17:54Z" end-time="2026-10-08 22:17:54Z" duration="0.002842" asserts="0">
                  <properties>
                    <property name="retryIteration" value="0" />
                    <property name="repeatIteration" value="0" />
                  </properties>
                </test-case>
                <test-case id="1545" name="Run_CardSwappedToTheReserve_KeepsItsCastsAndStage" fullname="Game.Core.Tests.Combat.CardEvolutionFightTests.Run_CardSwappedToTheReserve_KeepsItsCastsAndStage" methodname="Run_CardSwappedToTheReserve_KeepsItsCastsAndStage" classname="Game.Core.Tests.Combat.CardEvolutionFightTests" runstate="Runnable" seed="601408088" result="Passed" start-time="2026-10-08 22:17:54Z" end-time="2026-10-08 22:17:54Z" duration="0.000531" asserts="0">
                  <properties>
                    <property name="retryIteration" value="0" />
                    <property name="repeatIteration" value="0" />
                  </properties>
                </test-case>
                <test-case id="1538" name="Run_CardWithCastsFromEarlierFights_EvolvesSooner" fullname="Game.Core.Tests.Combat.CardEvolutionFightTests.Run_CardWithCastsFromEarlierFights_EvolvesSooner" methodname="Run_CardWithCastsFromEarlierFights_EvolvesSooner" classname="Game.Core.Tests.Combat.CardEvolutionFightTests" runstate="Runnable" seed="1352020328" result="Passed" start-time="2026-10-08 22:17:54Z" end-time="2026-10-08 22:17:54Z" duration="0.000384" asserts="0">
                  <properties>
                    <property name="retryIteration" value="0" />
                    <property name="repeatIteration" value="0" />
                  </properties>
                </test-case>
                <test-case id="1540" name="Run_CardWithoutEvolutions_CountsItsCasts" fullname="Game.Core.Tests.Combat.CardEvolutionFightTests.Run_CardWithoutEvolutions_CountsItsCasts" methodname="Run_CardWithoutEvolutions_CountsItsCasts" classname="Game.Core.Tests.Combat.CardEvolutionFightTests" runstate="Runnable" seed="459840355" result="Passed" start-time="2026-10-08 22:17:54Z" end-time="2026-10-08 22:17:54Z" duration="0.000336" asserts="0">
                  <properties>
                    <property name="retryIteration" value="0" />
                    <property name="repeatIteration" value="0" />
                  </properties>
                </test-case>
                <test-case id="1541" name="Run_EnemiesCards_DoNotEvolveOrCount" fullname="Game.Core.Tests.Combat.CardEvolutionFightTests.Run_EnemiesCards_DoNotEvolveOrCount" methodname="Run_EnemiesCards_DoNotEvolveOrCount" classname="Game.Core.Tests.Combat.CardEvolutionFightTests" runstate="Runnable" seed="432846563" result="Passed" start-time="2026-10-08 22:17:54Z" end-time="2026-10-08 22:17:54Z" duration="0.000495" asserts="0">
                  <properties>
                    <property name="retryIteration" value="0" />
                    <property name="repeatIteration" value="0" />
                  </properties>
                </test-case>
                <test-case id="1537" name="Run_Evolution_NeverChangesTheCastTime" fullname="Game.Core.Tests.Combat.CardEvolutionFightTests.Run_Evolution_NeverChangesTheCastTime" methodname="Run_Evolution_NeverChangesTheCastTime" classname="Game.Core.Tests.Combat.CardEvolutionFightTests" runstate="Runnable" seed="677205920" result="Passed" start-time="2026-10-08 22:17:54Z" end-time="2026-10-08 22:17:54Z" duration="0.000483" asserts="0">
                  <properties>
                    <property name="retryIteration" value="0" />
                    <property name="repeatIteration" value="0" />
                  </properties>
                </test-case>
                <test-case id="1536" name="Run_Evolutions_AreRecordedOnTheCastThatReachedTheStage" fullname="Game.Core.Tests.Combat.CardEvolutionFightTests.Run_Evolutions_AreRecordedOnTheCastThatReachedTheStage" methodname="Run_Evolutions_AreRecordedOnTheCastThatReachedTheStage" classname="Game.Core.Tests.Combat.CardEvolutionFightTests" runstate="Runnable" seed="506839644" result="Passed" start-time="2026-10-08 22:17:54Z" end-time="2026-10-08 22:17:54Z" duration="0.001021" asserts="0">
                  <properties>
                    <property name="retryIteration" value="0" />
                    <property name="repeatIteration" value="0" />
                  </properties>
                </test-case>
                <test-case id="1559" name="Run_GiverEvolvesWithItsModifiers_TheBonusAlreadyGrantedStaysTheOldStages" fullname="Game.Core.Tests.Combat.CardEvolutionFightTests.Run_GiverEvolvesWithItsModifiers_TheBonusAlreadyGrantedStaysTheOldStages" methodname="Run_GiverEvolvesWithItsModifiers_TheBonusAlreadyGrantedStaysTheOldStages" classname="Game.Core.Tests.Combat.CardEvolutionFightTests" runstate="Runnable" seed="165466218" result="Passed" start-time="2026-10-08 22:17:54Z" end-time="2026-10-08 22:17:54Z" duration="0.001075" asserts="0">
                  <properties>
                    <property name="retryIteration" value="0" />
                    <property name="repeatIteration" value="0" />
                  </properties>
                </test-case>
                <test-case id="1544" name="Run_MovedCard_KeepsItsCastsWhereverItGoes" fullname="Game.Core.Tests.Combat.CardEvolutionFightTests.Run_MovedCard_KeepsItsCastsWhereverItGoes" methodname="Run_MovedCard_KeepsItsCastsWhereverItGoes" classname="Game.Core.Tests.Combat.CardEvolutionFightTests" runstate="Runnable" seed="807720804" result="Passed" start-time="2026-10-08 22:17:54Z" end-time="2026-10-08 22:17:54Z" duration="0.000960" asserts="0">
                  <properties>
                    <property name="retryIteration" value="0" />
                    <property name="repeatIteration" value="0" />
                  </properties>
                </test-case>
                <test-case id="1561" name="Run_MovingACardMidCastThenItEvolves_ResolvesAndEvolvesAtItsNewPosition" fullname="Game.Core.Tests.Combat.CardEvolutionFightTests.Run_MovingACardMidCastThenItEvolves_ResolvesAndEvolvesAtItsNewPosition" methodname="Run_MovingACardMidCastThenItEvolves_ResolvesAndEvolvesAtItsNewPosition" classname="Game.Core.Tests.Combat.CardEvolutionFightTests" runstate="Runnable" seed="1572023633" result="Passed" start-time="2026-10-08 22:17:54Z" end-time="2026-10-08 22:17:54Z" duration="0.000932" asserts="0">
                  <properties>
                    <property name="retryIteration" value="0" />
                    <property name="repeatIteration" value="0" />
                  </properties>
                </test-case>
                <test-case id="1560" name="Run_ReceiverEvolves_TakesItsBonusWhenTheCastStartsAndKeepsItOnTheNextStage" fullname="Game.Core.Tests.Combat.CardEvolutionFightTests.Run_ReceiverEvolves_TakesItsBonusWhenTheCastStartsAndKeepsItOnTheNextStage" methodname="Run_ReceiverEvolves_TakesItsBonusWhenTheCastStartsAndKeepsItOnTheNextStage" classname="Game.Core.Tests.Combat.CardEvolutionFightTests" runstate="Runnable" seed="1118143527" result="Passed" start-time="2026-10-08 22:17:54Z" end-time="2026-10-08 22:17:54Z" duration="0.000981" asserts="0">
                  <properties>
                    <property name="retryIteration" value="0" />
                    <property name="repeatIteration" value="0" />
                  </properties>
                </test-case>
                <test-case id="1542" name="Run_TwoCopiesOfTheSameCard_EvolveSeparately" fullname="Game.Core.Tests.Combat.CardEvolutionFightTests.Run_TwoCopiesOfTheSameCard_EvolveSeparately" methodname="Run_TwoCopiesOfTheSameCard_EvolveSeparately" classname="Game.Core.Tests.Combat.CardEvolutionFightTests" runstate="Runnable" seed="1004999612" result="Passed" start-time="2026-10-08 22:17:54Z" end-time="2026-10-08 22:17:54Z" duration="0.000638" asserts="0">
                  <properties>
                    <property name="retryIteration" value="0" />
                    <property name="repeatIteration" value="0" />
                  </properties>
                </test-case>
                <test-case id="1543" name="Run_TwoCopiesWithDifferentCasts_EvolveAtDifferentTimes" fullname="Game.Core.Tests.Combat.CardEvolutionFightTests.Run_TwoCopiesWithDifferentCasts_EvolveAtDifferentTimes" methodname="Run_TwoCopiesWithDifferentCasts_EvolveAtDifferentTimes" classname="Game.Core.Tests.Combat.CardEvolutionFightTests" runstate="Runnable" seed="1798149146" result="Passed" start-time="2026-10-08 22:17:54Z" end-time="2026-10-08 22:17:54Z" duration="0.000367" asserts="0">
                  <properties>
                    <property name="retryIteration" value="0" />
                    <property name="repeatIteration" value="0" />
                  </properties>
                </test-case>
                <test-case id="1547" name="Run_WithoutCastCounts_DoesNotCountOrEvolve" fullname="Game.Core.Tests.Combat.CardEvolutionFightTests.Run_WithoutCastCounts_DoesNotCountOrEvolve" methodname="Run_WithoutCastCounts_DoesNotCountOrEvolve" classname="Game.Core.Tests.Combat.CardEvolutionFightTests" runstate="Runnable" seed="2145531979" result="Passed" start-time="2026-10-08 22:17:54Z" end-time="2026-10-08 22:17:54Z" duration="0.000580" asserts="0">
                  <properties>
                    <property name="retryIteration" value="0" />
                    <property name="repeatIteration" value="0" />
                  </properties>
                </test-case>
              </test-suite>
              <test-suite type="TestFixture" id="1562" name="CombatantTests" fullname="Game.Core.Tests.Combat.CombatantTests" classname="Game.Core.Tests.Combat.CombatantTests" runstate="Runnable" testcasecount="41" result="Passed" start-time="2026-10-08 22:17:54Z" end-time="2026-10-08 22:17:54Z" duration="0.012925" total="41" passed="41" failed="0" inconclusive="0" skipped="0" asserts="0">
                <properties />
                <test-case id="1570" name="Constructor_NegativeShield_Throws" fullname="Game.Core.Tests.Combat.CombatantTests.Constructor_NegativeShield_Throws" methodname="Constructor_NegativeShield_Throws" classname="Game.Core.Tests.Combat.CombatantTests" runstate="Runnable" seed="274433002" result="Passed" start-time="2026-10-08 22:17:54Z" end-time="2026-10-08 22:17:54Z" duration="0.000374" asserts="0">
                  <properties>
                    <property name="retryIteration" value="0" />
                    <property name="repeatIteration" value="0" />
                  </properties>
                </test-case>
                <test-suite type="ParameterizedMethod" id="1569" name="Constructor_NonPositiveMaxHealth_Throws" fullname="Game.Core.Tests.Combat.CombatantTests.Constructor_NonPositiveMaxHealth_Throws" classname="Game.Core.Tests.Combat.CombatantTests" runstate="Runnable" testcasecount="2" result="Passed" start-time="2026-10-08 22:17:54Z" end-time="2026-10-08 22:17:54Z" duration="0.000675" total="2" passed="2" failed="0" inconclusive="0" skipped="0" asserts="0">
                  <properties />
                  <test-case id="1567" name="Constructor_NonPositiveMaxHealth_Throws(0)" fullname="Game.Core.Tests.Combat.CombatantTests.Constructor_NonPositiveMaxHealth_Throws(0)" methodname="Constructor_NonPositiveMaxHealth_Throws" classname="Game.Core.Tests.Combat.CombatantTests" runstate="Runnable" seed="396293340" result="Passed" start-time="2026-10-08 22:17:54Z" end-time="2026-10-08 22:17:54Z" duration="0.000265" asserts="0">
                    <properties>
                      <property name="retryIteration" value="0" />
                      <property name="repeatIteration" value="0" />
                    </properties>
                  </test-case>
                  <test-case id="1568" name="Constructor_NonPositiveMaxHealth_Throws(-1)" fullname="Game.Core.Tests.Combat.CombatantTests.Constructor_NonPositiveMaxHealth_Throws(-1)" methodname="Constructor_NonPositiveMaxHealth_Throws" classname="Game.Core.Tests.Combat.CombatantTests" runstate="Runnable" seed="1257787936" result="Passed" start-time="2026-10-08 22:17:54Z" end-time="2026-10-08 22:17:54Z" duration="0.000076" asserts="0">
                    <properties>
                      <property name="retryIteration" value="0" />
                      <property name="repeatIteration" value="0" />
                    </properties>
                  </test-case>
                </test-suite>
                <test-case id="1566" name="Constructor_ValidValues_IsAlive" fullname="Game.Core.Tests.Combat.CombatantTests.Constructor_ValidValues_IsAlive" methodname="Constructor_ValidValues_IsAlive" classname="Game.Core.Tests.Combat.CombatantTests" runstate="Runnable" seed="1656102062" result="Passed" start-time="2026-10-08 22:17:54Z" end-time="2026-10-08 22:17:54Z" duration="0.000362" asserts="0">
                  <properties>
                    <property name="retryIteration" value="0" />
                    <property name="repeatIteration" value="0" />
                  </properties>
                </test-case>
                <test-case id="1564" name="Constructor_ValidValues_SetsMaxHealth" fullname="Game.Core.Tests.Combat.CombatantTests.Constructor_ValidValues_SetsMaxHealth" methodname="Constructor_ValidValues_SetsMaxHealth" classname="Game.Core.Tests.Combat.CombatantTests" runstate="Runnable" seed="387019849" result="Passed" start-time="2026-10-08 22:17:54Z" end-time="2026-10-08 22:17:54Z" duration="0.000203" asserts="0">
                  <properties>
                    <property name="retryIteration" value="0" />
                    <property name="repeatIteration" value="0" />
                  </properties>
                </test-case>
                <test-case id="1565" name="Constructor_ValidValues_SetsShield" fullname="Game.Core.Tests.Combat.CombatantTests.Constructor_ValidValues_SetsShield" methodname="Constructor_ValidValues_SetsShield" classname="Game.Core.Tests.Combat.CombatantTests" runstate="Runnable" seed="1051177823" result="Passed" start-time="2026-10-08 22:17:54Z" end-time="2026-10-08 22:17:54Z" duration="0.000140" asserts="0">
                  <properties>
                    <property name="retryIteration" value="0" />
                    <property name="repeatIteration" value="0" />
                  </properties>
                </test-case>
                <test-case id="1563" name="Constructor_ValidValues_StartsAtFullHealth" fullname="Game.Core.Tests.Combat.CombatantTests.Constructor_ValidValues_StartsAtFullHealth" methodname="Constructor_ValidValues_StartsAtFullHealth" classname="Game.Core.Tests.Combat.CombatantTests" runstate="Runnable" seed="1175437490" result="Passed" start-time="2026-10-08 22:17:54Z" end-time="2026-10-08 22:17:54Z" duration="0.000137" asserts="0">
                  <properties>
                    <property name="retryIteration" value="0" />
                    <property name="repeatIteration" value="0" />
                  </properties>
                </test-case>
                <test-case id="1599" name="GainShield_AboveMaxHealth_IsNotCapped" fullname="Game.Core.Tests.Combat.CombatantTests.GainShield_AboveMaxHealth_IsNotCapped" methodname="GainShield_AboveMaxHealth_IsNotCapped" classname="Game.Core.Tests.Combat.CombatantTests" runstate="Runnable" seed="1014907196" result="Passed" start-time="2026-10-08 22:17:54Z" end-time="2026-10-08 22:17:54Z" duration="0.000175" asserts="0">
                  <properties>
                    <property name="retryIteration" value="0" />
                    <property name="repeatIteration" value="0" />
                  </properties>
                </test-case>
                <test-case id="1602" name="GainShield_Negative_Throws" fullname="Game.Core.Tests.Combat.CombatantTests.GainShield_Negative_Throws" methodname="GainShield_Negative_Throws" classname="Game.Core.Tests.Combat.CombatantTests" runstate="Runnable" seed="1584273552" result="Passed" start-time="2026-10-08 22:17:54Z" end-time="2026-10-08 22:17:54Z" duration="0.000251" asserts="0">
                  <properties>
                    <property name="retryIteration" value="0" />
                    <property name="repeatIteration" value="0" />
                  </properties>
                </test-case>
                <test-case id="1604" name="GainShield_Overflow_Throws" fullname="Game.Core.Tests.Combat.CombatantTests.GainShield_Overflow_Throws" methodname="GainShield_Overflow_Throws" classname="Game.Core.Tests.Combat.CombatantTests" runstate="Runnable" seed="2099816861" result="Passed" start-time="2026-10-08 22:17:54Z" end-time="2026-10-08 22:17:54Z" duration="0.000334" asserts="0">
                  <properties>
                    <property name="retryIteration" value="0" />
                    <property name="repeatIteration" value="0" />
                  </properties>
                </test-case>
                <test-case id="1601" name="GainShield_Valid_LeavesHealthUnchanged" fullname="Game.Core.Tests.Combat.CombatantTests.GainShield_Valid_LeavesHealthUnchanged" methodname="GainShield_Valid_LeavesHealthUnchanged" classname="Game.Core.Tests.Combat.CombatantTests" runstate="Runnable" seed="2033321516" result="Passed" start-time="2026-10-08 22:17:54Z" end-time="2026-10-08 22:17:54Z" duration="0.000145" asserts="0">
                  <properties>
                    <property name="retryIteration" value="0" />
                    <property name="repeatIteration" value="0" />
                  </properties>
                </test-case>
                <test-case id="1600" name="GainShield_Valid_ReturnsAmount" fullname="Game.Core.Tests.Combat.CombatantTests.GainShield_Valid_ReturnsAmount" methodname="GainShield_Valid_ReturnsAmount" classname="Game.Core.Tests.Combat.CombatantTests" runstate="Runnable" seed="526599309" result="Passed" start-time="2026-10-08 22:17:54Z" end-time="2026-10-08 22:17:54Z" duration="0.000135" asserts="0">
                  <properties>
                    <property name="retryIteration" value="0" />
                    <property name="repeatIteration" value="0" />
                  </properties>
                </test-case>
                <test-case id="1603" name="GainShield_WhenDead_LeavesShieldAtZero" fullname="Game.Core.Tests.Combat.CombatantTests.GainShield_WhenDead_LeavesShieldAtZero" methodname="GainShield_WhenDead_LeavesShieldAtZero" classname="Game.Core.Tests.Combat.CombatantTests" runstate="Runnable" seed="1955667431" result="Passed" start-time="2026-10-08 22:17:54Z" end-time="2026-10-08 22:17:54Z" duration="0.000195" asserts="0">
                  <properties>
                    <property name="retryIteration" value="0" />
                    <property name="repeatIteration" value="0" />
                  </properties>
                </test-case>
                <test-case id="1598" name="GainShield_WithExistingShield_Stacks" fullname="Game.Core.Tests.Combat.CombatantTests.GainShield_WithExistingShield_Stacks" methodname="GainShield_WithExistingShield_Stacks" classname="Game.Core.Tests.Combat.CombatantTests" runstate="Runnable" seed="205052658" result="Passed" start-time="2026-10-08 22:17:54Z" end-time="2026-10-08 22:17:54Z" duration="0.000143" asserts="0">
                  <properties>
                    <property name="retryIteration" value="0" />
                    <property name="repeatIteration" value="0" />
                  </properties>
                </test-case>
                <test-case id="1593" name="Heal_AfterShieldLoss_DoesNotRestoreShield" fullname="Game.Core.Tests.Combat.CombatantTests.Heal_AfterShieldLoss_DoesNotRestoreShield" methodname="Heal_AfterShieldLoss_DoesNotRestoreShield" classname="Game.Core.Tests.Combat.CombatantTests" runstate="Runnable" seed="205963395" result="Passed" start-time="2026-10-08 22:17:54Z" end-time="2026-10-08 22:17:54Z" duration="0.000156" asserts="0">
                  <properties>
                    <property name="retryIteration" value="0" />
                    <property name="repeatIteration" value="0" />
                  </properties>
                </test-case>
                <test-case id="1592" name="Heal_AtFullHealth_ReturnsZero" fullname="Game.Core.Tests.Combat.CombatantTests.Heal_AtFullHealth_ReturnsZero" methodname="Heal_AtFullHealth_ReturnsZero" classname="Game.Core.Tests.Combat.CombatantTests" runstate="Runnable" seed="1699682953" result="Passed" start-time="2026-10-08 22:17:54Z" end-time="2026-10-08 22:17:54Z" duration="0.000135" asserts="0">
                  <properties>
                    <property name="retryIteration" value="0" />
                    <property name="repeatIteration" value="0" />
                  </properties>
                </test-case>
                <test-case id="1590" name="Heal_MoreThanMissingHealth_CapsAtMaxHealth" fullname="Game.Core.Tests.Combat.CombatantTests.Heal_MoreThanMissingHealth_CapsAtMaxHealth" methodname="Heal_MoreThanMissingHealth_CapsAtMaxHealth" classname="Game.Core.Tests.Combat.CombatantTests" runstate="Runnable" seed="188448555" result="Passed" start-time="2026-10-08 22:17:54Z" end-time="2026-10-08 22:17:54Z" duration="0.000158" asserts="0">
                  <properties>
                    <property name="retryIteration" value="0" />
                    <property name="repeatIteration" value="0" />
                  </properties>
                </test-case>
                <test-case id="1591" name="Heal_MoreThanMissingHealth_ReturnsHealthRestored" fullname="Game.Core.Tests.Combat.CombatantTests.Heal_MoreThanMissingHealth_ReturnsHealthRestored" methodname="Heal_MoreThanMissingHealth_ReturnsHealthRestored" classname="Game.Core.Tests.Combat.CombatantTests" runstate="Runnable" seed="1526231539" result="Passed" start-time="2026-10-08 22:17:54Z" end-time="2026-10-08 22:17:54Z" duration="0.000146" asserts="0">
                  <properties>
                    <property name="retryIteration" value="0" />
                    <property name="repeatIteration" value="0" />
                  </properties>
                </test-case>
                <test-case id="1595" name="Heal_Negative_Throws" fullname="Game.Core.Tests.Combat.CombatantTests.Heal_Negative_Throws" methodname="Heal_Negative_Throws" classname="Game.Core.Tests.Combat.CombatantTests" runstate="Runnable" seed="1801381997" result="Passed" start-time="2026-10-08 22:17:54Z" end-time="2026-10-08 22:17:54Z" duration="0.000230" asserts="0">
                  <properties>
                    <property name="retryIteration" value="0" />
                    <property name="repeatIteration" value="0" />
                  </properties>
                </test-case>
                <test-case id="1588" name="Heal_WhenDamaged_RestoresHealth" fullname="Game.Core.Tests.Combat.CombatantTests.Heal_WhenDamaged_RestoresHealth" methodname="Heal_WhenDamaged_RestoresHealth" classname="Game.Core.Tests.Combat.CombatantTests" runstate="Runnable" seed="1429452507" result="Passed" start-time="2026-10-08 22:17:54Z" end-time="2026-10-08 22:17:54Z" duration="0.000151" asserts="0">
                  <properties>
                    <property name="retryIteration" value="0" />
                    <property name="repeatIteration" value="0" />
                  </properties>
                </test-case>
                <test-case id="1589" name="Heal_WhenDamaged_ReturnsAmount" fullname="Game.Core.Tests.Combat.CombatantTests.Heal_WhenDamaged_ReturnsAmount" methodname="Heal_WhenDamaged_ReturnsAmount" classname="Game.Core.Tests.Combat.CombatantTests" runstate="Runnable" seed="163745208" result="Passed" start-time="2026-10-08 22:17:54Z" end-time="2026-10-08 22:17:54Z" duration="0.000160" asserts="0">
                  <properties>
                    <property name="retryIteration" value="0" />
                    <property name="repeatIteration" value="0" />
                  </properties>
                </test-case>
                <test-case id="1597" name="Heal_WhenDead_ReturnsZero" fullname="Game.Core.Tests.Combat.CombatantTests.Heal_WhenDead_ReturnsZero" methodname="Heal_WhenDead_ReturnsZero" classname="Game.Core.Tests.Combat.CombatantTests" runstate="Runnable" seed="1336542150" result="Passed" start-time="2026-10-08 22:17:54Z" end-time="2026-10-08 22:17:54Z" duration="0.000134" asserts="0">
                  <properties>
                    <property name="retryIteration" value="0" />
                    <property name="repeatIteration" value="0" />
                  </properties>
                </test-case>
                <test-case id="1596" name="Heal_WhenDead_StaysDead" fullname="Game.Core.Tests.Combat.CombatantTests.Heal_WhenDead_StaysDead" methodname="Heal_WhenDead_StaysDead" classname="Game.Core.Tests.Combat.CombatantTests" runstate="Runnable" seed="1184887985" result="Passed" start-time="2026-10-08 22:17:54Z" end-time="2026-10-08 22:17:54Z" duration="0.000182" asserts="0">
                  <properties>
                    <property name="retryIteration" value="0" />
                    <property name="repeatIteration" value="0" />
                  </properties>
                </test-case>
                <test-case id="1594" name="Heal_Zero_LeavesHealthUnchanged" fullname="Game.Core.Tests.Combat.CombatantTests.Heal_Zero_LeavesHealthUnchanged" methodname="Heal_Zero_LeavesHealthUnchanged" classname="Game.Core.Tests.Combat.CombatantTests" runstate="Runnable" seed="1292678804" result="Passed" start-time="2026-10-08 22:17:54Z" end-time="2026-10-08 22:17:54Z" duration="0.000150" asserts="0">
                  <properties>
                    <property name="retryIteration" value="0" />
                    <property name="repeatIteration" value="0" />
                  </properties>
                </test-case>
                <test-case id="1574" name="TakeDamage_ExactlyHealth_Dies" fullname="Game.Core.Tests.Combat.CombatantTests.TakeDamage_ExactlyHealth_Dies" methodname="TakeDamage_ExactlyHealth_Dies" classname="Game.Core.Tests.Combat.CombatantTests" runstate="Runnable" seed="1596467290" result="Passed" start-time="2026-10-08 22:17:54Z" end-time="2026-10-08 22:17:54Z" duration="0.000145" asserts="0">
                  <properties>
                    <property name="retryIteration" value="0" />
                    <property name="repeatIteration" value="0" />
                  </properties>
                </test-case>
                <test-case id="1583" name="TakeDamage_ExactlyShield_EmptiesShieldAndKeepsHealth" fullname="Game.Core.Tests.Combat.CombatantTests.TakeDamage_ExactlyShield_EmptiesShieldAndKeepsHealth" methodname="TakeDamage_ExactlyShield_EmptiesShieldAndKeepsHealth" classname="Game.Core.Tests.Combat.CombatantTests" runstate="Runnable" seed="1103373192" result="Passed" start-time="2026-10-08 22:17:54Z" end-time="2026-10-08 22:17:54Z" duration="0.000222" asserts="0">
                  <properties>
                    <property name="retryIteration" value="0" />
                    <property name="repeatIteration" value="0" />
                  </properties>
                </test-case>
                <test-case id="1571" name="TakeDamage_LessThanHealth_ReducesHealth" fullname="Game.Core.Tests.Combat.CombatantTests.TakeDamage_LessThanHealth_ReducesHealth" methodname="TakeDamage_LessThanHealth_ReducesHealth" classname="Game.Core.Tests.Combat.CombatantTests" runstate="Runnable" seed="21971495" result="Passed" start-time="2026-10-08 22:17:54Z" end-time="2026-10-08 22:17:54Z" duration="0.000149" asserts="0">
                  <properties>
                    <property name="retryIteration" value="0" />
                    <property name="repeatIteration" value="0" />
                  </properties>
                </test-case>
                <test-case id="1572" name="TakeDamage_LessThanHealth_ReportsHealthLost" fullname="Game.Core.Tests.Combat.CombatantTests.TakeDamage_LessThanHealth_ReportsHealthLost" methodname="TakeDamage_LessThanHealth_ReportsHealthLost" classname="Game.Core.Tests.Combat.CombatantTests" runstate="Runnable" seed="351635428" result="Passed" start-time="2026-10-08 22:17:54Z" end-time="2026-10-08 22:17:54Z" duration="0.000152" asserts="0">
                  <properties>
                    <property name="retryIteration" value="0" />
                    <property name="repeatIteration" value="0" />
                  </properties>
                </test-case>
                <test-case id="1573" name="TakeDamage_LessThanHealth_StaysAlive" fullname="Game.Core.Tests.Combat.CombatantTests.TakeDamage_LessThanHealth_StaysAlive" methodname="TakeDamage_LessThanHealth_StaysAlive" classname="Game.Core.Tests.Combat.CombatantTests" runstate="Runnable" seed="1979603709" result="Passed" start-time="2026-10-08 22:17:54Z" end-time="2026-10-08 22:17:54Z" duration="0.000137" asserts="0">
                  <properties>
                    <property name="retryIteration" value="0" />
                    <property name="repeatIteration" value="0" />
                  </properties>
                </test-case>
                <test-case id="1581" name="TakeDamage_LessThanShield_LeavesHealthUnchanged" fullname="Game.Core.Tests.Combat.CombatantTests.TakeDamage_LessThanShield_LeavesHealthUnchanged" methodname="TakeDamage_LessThanShield_LeavesHealthUnchanged" classname="Game.Core.Tests.Combat.CombatantTests" runstate="Runnable" seed="929200808" result="Passed" start-time="2026-10-08 22:17:54Z" end-time="2026-10-08 22:17:54Z" duration="0.000156" asserts="0">
                  <properties>
                    <property name="retryIteration" value="0" />
                    <property name="repeatIteration" value="0" />
                  </properties>
                </test-case>
                <test-case id="1580" name="TakeDamage_LessThanShield_ReducesShield" fullname="Game.Core.Tests.Combat.CombatantTests.TakeDamage_LessThanShield_ReducesShield" methodname="TakeDamage_LessThanShield_ReducesShield" classname="Game.Core.Tests.Combat.CombatantTests" runstate="Runnable" seed="56785564" result="Passed" start-time="2026-10-08 22:17:54Z" end-time="2026-10-08 22:17:54Z" duration="0.000146" asserts="0">
                  <properties>
                    <property name="retryIteration" value="0" />
                    <property name="repeatIteration" value="0" />
                  </properties>
                </test-case>
                <test-case id="1582" name="TakeDamage_LessThanShield_ReportsAllAbsorbed" fullname="Game.Core.Tests.Combat.CombatantTests.TakeDamage_LessThanShield_ReportsAllAbsorbed" methodname="TakeDamage_LessThanShield_ReportsAllAbsorbed" classname="Game.Core.Tests.Combat.CombatantTests" runstate="Runnable" seed="304341515" result="Passed" start-time="2026-10-08 22:17:54Z" end-time="2026-10-08 22:17:54Z" duration="0.000152" asserts="0">
                  <properties>
                    <property name="retryIteration" value="0" />
                    <property name="repeatIteration" value="0" />
                  </properties>
                </test-case>
                <test-case id="1575" name="TakeDamage_MoreThanHealth_ClampsHealthAtZero" fullname="Game.Core.Tests.Combat.CombatantTests.TakeDamage_MoreThanHealth_ClampsHealthAtZero" methodname="TakeDamage_MoreThanHealth_ClampsHealthAtZero" classname="Game.Core.Tests.Combat.CombatantTests" runstate="Runnable" seed="1678586440" result="Passed" start-time="2026-10-08 22:17:54Z" end-time="2026-10-08 22:17:54Z" duration="0.000148" asserts="0">
                  <properties>
                    <property name="retryIteration" value="0" />
                    <property name="repeatIteration" value="0" />
                  </properties>
                </test-case>
                <test-case id="1576" name="TakeDamage_MoreThanHealth_ReportsOnlyHealthRemoved" fullname="Game.Core.Tests.Combat.CombatantTests.TakeDamage_MoreThanHealth_ReportsOnlyHealthRemoved" methodname="TakeDamage_MoreThanHealth_ReportsOnlyHealthRemoved" classname="Game.Core.Tests.Combat.CombatantTests" runstate="Runnable" seed="1161456164" result="Passed" start-time="2026-10-08 22:17:54Z" end-time="2026-10-08 22:17:54Z" duration="0.000197" asserts="0">
                  <properties>
                    <property name="retryIteration" value="0" />
                    <property name="repeatIteration" value="0" />
                  </properties>
                </test-case>
                <test-case id="1584" name="TakeDamage_MoreThanShield_EmptiesShield" fullname="Game.Core.Tests.Combat.CombatantTests.TakeDamage_MoreThanShield_EmptiesShield" methodname="TakeDamage_MoreThanShield_EmptiesShield" classname="Game.Core.Tests.Combat.CombatantTests" runstate="Runnable" seed="799529416" result="Passed" start-time="2026-10-08 22:17:54Z" end-time="2026-10-08 22:17:54Z" duration="0.000153" asserts="0">
                  <properties>
                    <property name="retryIteration" value="0" />
                    <property name="repeatIteration" value="0" />
                  </properties>
                </test-case>
                <test-case id="1585" name="TakeDamage_MoreThanShield_RemainderReducesHealth" fullname="Game.Core.Tests.Combat.CombatantTests.TakeDamage_MoreThanShield_RemainderReducesHealth" methodname="TakeDamage_MoreThanShield_RemainderReducesHealth" classname="Game.Core.Tests.Combat.CombatantTests" runstate="Runnable" seed="1766060306" result="Passed" start-time="2026-10-08 22:17:54Z" end-time="2026-10-08 22:17:54Z" duration="0.000147" asserts="0">
                  <properties>
                    <property name="retryIteration" value="0" />
                    <property name="repeatIteration" value="0" />
                  </properties>
                </test-case>
                <test-case id="1586" name="TakeDamage_MoreThanShield_ReportsSplit" fullname="Game.Core.Tests.Combat.CombatantTests.TakeDamage_MoreThanShield_ReportsSplit" methodname="TakeDamage_MoreThanShield_ReportsSplit" classname="Game.Core.Tests.Combat.CombatantTests" runstate="Runnable" seed="1570741846" result="Passed" start-time="2026-10-08 22:17:54Z" end-time="2026-10-08 22:17:54Z" duration="0.000209" asserts="0">
                  <properties>
                    <property name="retryIteration" value="0" />
                    <property name="repeatIteration" value="0" />
                  </properties>
                </test-case>
                <test-case id="1587" name="TakeDamage_MoreThanShieldAndHealth_Dies" fullname="Game.Core.Tests.Combat.CombatantTests.TakeDamage_MoreThanShieldAndHealth_Dies" methodname="TakeDamage_MoreThanShieldAndHealth_Dies" classname="Game.Core.Tests.Combat.CombatantTests" runstate="Runnable" seed="218054009" result="Passed" start-time="2026-10-08 22:17:54Z" end-time="2026-10-08 22:17:54Z" duration="0.000146" asserts="0">
                  <properties>
                    <property name="retryIteration" value="0" />
                    <property name="repeatIteration" value="0" />
                  </properties>
                </test-case>
                <test-case id="1578" name="TakeDamage_Negative_Throws" fullname="Game.Core.Tests.Combat.CombatantTests.TakeDamage_Negative_Throws" methodname="TakeDamage_Negative_Throws" classname="Game.Core.Tests.Combat.CombatantTests" runstate="Runnable" seed="1873831243" result="Passed" start-time="2026-10-08 22:17:54Z" end-time="2026-10-08 22:17:54Z" duration="0.000253" asserts="0">
                  <properties>
                    <property name="retryIteration" value="0" />
                    <property name="repeatIteration" value="0" />
                  </properties>
                </test-case>
                <test-case id="1579" name="TakeDamage_WhenDead_ReportsNoDamage" fullname="Game.Core.Tests.Combat.CombatantTests.TakeDamage_WhenDead_ReportsNoDamage" methodname="TakeDamage_WhenDead_ReportsNoDamage" classname="Game.Core.Tests.Combat.CombatantTests" runstate="Runnable" seed="398390180" result="Passed" start-time="2026-10-08 22:17:54Z" end-time="2026-10-08 22:17:54Z" duration="0.000171" asserts="0">
                  <properties>
                    <property name="retryIteration" value="0" />
                    <property name="repeatIteration" value="0" />
                  </properties>
                </test-case>
                <test-case id="1577" name="TakeDamage_Zero_LeavesHealthUnchanged" fullname="Game.Core.Tests.Combat.CombatantTests.TakeDamage_Zero_LeavesHealthUnchanged" methodname="TakeDamage_Zero_LeavesHealthUnchanged" classname="Game.Core.Tests.Combat.CombatantTests" runstate="Runnable" seed="356360932" result="Passed" start-time="2026-10-08 22:17:54Z" end-time="2026-10-08 22:17:54Z" duration="0.000150" asserts="0">
                  <properties>
                    <property name="retryIteration" value="0" />
                    <property name="repeatIteration" value="0" />
                  </properties>
                </test-case>
              </test-suite>
              <test-suite type="TestFixture" id="1605" name="FightTests" fullname="Game.Core.Tests.Combat.FightTests" classname="Game.Core.Tests.Combat.FightTests" runstate="Runnable" testcasecount="37" result="Passed" start-time="2026-10-08 22:17:54Z" end-time="2026-10-08 22:17:54Z" duration="0.025489" total="37" passed="37" failed="0" inconclusive="0" skipped="0" asserts="0">
                <properties />
                <test-case id="1618" name="Constructor_DeadCombatant_Throws" fullname="Game.Core.Tests.Combat.FightTests.Constructor_DeadCombatant_Throws" methodname="Constructor_DeadCombatant_Throws" classname="Game.Core.Tests.Combat.FightTests" runstate="Runnable" seed="30159750" result="Passed" start-time="2026-10-08 22:17:54Z" end-time="2026-10-08 22:17:54Z" duration="0.000930" asserts="0">
                  <properties>
                    <property name="retryIteration" value="0" />
                    <property name="repeatIteration" value="0" />
                  </properties>
                </test-case>
                <test-case id="1617" name="Constructor_EnemyWithEmptySpellLine_Throws" fullname="Game.Core.Tests.Combat.FightTests.Constructor_EnemyWithEmptySpellLine_Throws" methodname="Constructor_EnemyWithEmptySpellLine_Throws" classname="Game.Core.Tests.Combat.FightTests" runstate="Runnable" seed="1856696102" result="Passed" start-time="2026-10-08 22:17:54Z" end-time="2026-10-08 22:17:54Z" duration="0.000355" asserts="0">
                  <properties>
                    <property name="retryIteration" value="0" />
                    <property name="repeatIteration" value="0" />
                  </properties>
                </test-case>
                <test-case id="1616" name="Constructor_HeroWithEmptySpellLine_Throws" fullname="Game.Core.Tests.Combat.FightTests.Constructor_HeroWithEmptySpellLine_Throws" methodname="Constructor_HeroWithEmptySpellLine_Throws" classname="Game.Core.Tests.Combat.FightTests" runstate="Runnable" seed="623013979" result="Passed" start-time="2026-10-08 22:17:54Z" end-time="2026-10-08 22:17:54Z" duration="0.000339" asserts="0">
                  <properties>
                    <property name="retryIteration" value="0" />
                    <property name="repeatIteration" value="0" />
                  </properties>
                </test-case>
                <test-case id="1610" name="Constructor_NoEnemies_Throws" fullname="Game.Core.Tests.Combat.FightTests.Constructor_NoEnemies_Throws" methodname="Constructor_NoEnemies_Throws" classname="Game.Core.Tests.Combat.FightTests" runstate="Runnable" seed="260837214" result="Passed" start-time="2026-10-08 22:17:54Z" end-time="2026-10-08 22:17:54Z" duration="0.000385" asserts="0">
                  <properties>
                    <property name="retryIteration" value="0" />
                    <property name="repeatIteration" value="0" />
                  </properties>
                </test-case>
                <test-suite type="ParameterizedMethod" id="1614" name="Constructor_NonPositiveMaxTicks_Throws" fullname="Game.Core.Tests.Combat.FightTests.Constructor_NonPositiveMaxTicks_Throws" classname="Game.Core.Tests.Combat.FightTests" runstate="Runnable" testcasecount="2" result="Passed" start-time="2026-10-08 22:17:54Z" end-time="2026-10-08 22:17:54Z" duration="0.000740" total="2" passed="2" failed="0" inconclusive="0" skipped="0" asserts="0">
                  <properties />
                  <test-case id="1612" name="Constructor_NonPositiveMaxTicks_Throws(0)" fullname="Game.Core.Tests.Combat.FightTests.Constructor_NonPositiveMaxTicks_Throws(0)" methodname="Constructor_NonPositiveMaxTicks_Throws" classname="Game.Core.Tests.Combat.FightTests" runstate="Runnable" seed="880268134" result="Passed" start-time="2026-10-08 22:17:54Z" end-time="2026-10-08 22:17:54Z" duration="0.000292" asserts="0">
                    <properties>
                      <property name="retryIteration" value="0" />
                      <property name="repeatIteration" value="0" />
                    </properties>
                  </test-case>
                  <test-case id="1613" name="Constructor_NonPositiveMaxTicks_Throws(-1)" fullname="Game.Core.Tests.Combat.FightTests.Constructor_NonPositiveMaxTicks_Throws(-1)" methodname="Constructor_NonPositiveMaxTicks_Throws" classname="Game.Core.Tests.Combat.FightTests" runstate="Runnable" seed="527049476" result="Passed" start-time="2026-10-08 22:17:54Z" end-time="2026-10-08 22:17:54Z" duration="0.000083" asserts="0">
                    <properties>
                      <property name="retryIteration" value="0" />
                      <property name="repeatIteration" value="0" />
                    </properties>
                  </test-case>
                </test-suite>
                <test-case id="1609" name="Constructor_NullEnemies_Throws" fullname="Game.Core.Tests.Combat.FightTests.Constructor_NullEnemies_Throws" methodname="Constructor_NullEnemies_Throws" classname="Game.Core.Tests.Combat.FightTests" runstate="Runnable" seed="827952426" result="Passed" start-time="2026-10-08 22:17:54Z" end-time="2026-10-08 22:17:54Z" duration="0.000310" asserts="0">
                  <properties>
                    <property name="retryIteration" value="0" />
                    <property name="repeatIteration" value="0" />
                  </properties>
                </test-case>
                <test-case id="1611" name="Constructor_NullEnemyItem_Throws" fullname="Game.Core.Tests.Combat.FightTests.Constructor_NullEnemyItem_Throws" methodname="Constructor_NullEnemyItem_Throws" classname="Game.Core.Tests.Combat.FightTests" runstate="Runnable" seed="1526858713" result="Passed" start-time="2026-10-08 22:17:54Z" end-time="2026-10-08 22:17:54Z" duration="0.000276" asserts="0">
                  <properties>
                    <property name="retryIteration" value="0" />
                    <property name="repeatIteration" value="0" />
                  </properties>
                </test-case>
                <test-case id="1608" name="Constructor_NullHero_Throws" fullname="Game.Core.Tests.Combat.FightTests.Constructor_NullHero_Throws" methodname="Constructor_NullHero_Throws" classname="Game.Core.Tests.Combat.FightTests" runstate="Runnable" seed="130230680" result="Passed" start-time="2026-10-08 22:17:54Z" end-time="2026-10-08 22:17:54Z" duration="0.000290" asserts="0">
                  <properties>
                    <property name="retryIteration" value="0" />
                    <property name="repeatIteration" value="0" />
                  </properties>
                </test-case>
                <test-case id="1615" name="Constructor_NullRandom_Throws" fullname="Game.Core.Tests.Combat.FightTests.Constructor_NullRandom_Throws" methodname="Constructor_NullRandom_Throws" classname="Game.Core.Tests.Combat.FightTests" runstate="Runnable" seed="568547533" result="Passed" start-time="2026-10-08 22:17:54Z" end-time="2026-10-08 22:17:54Z" duration="0.000272" asserts="0">
                  <properties>
                    <property name="retryIteration" value="0" />
                    <property name="repeatIteration" value="0" />
                  </properties>
                </test-case>
                <test-case id="1619" name="Constructor_SameCombatantTwice_Throws" fullname="Game.Core.Tests.Combat.FightTests.Constructor_SameCombatantTwice_Throws" methodname="Constructor_SameCombatantTwice_Throws" classname="Game.Core.Tests.Combat.FightTests" runstate="Runnable" seed="729496500" result="Passed" start-time="2026-10-08 22:17:54Z" end-time="2026-10-08 22:17:54Z" duration="0.000296" asserts="0">
                  <properties>
                    <property name="retryIteration" value="0" />
                    <property name="repeatIteration" value="0" />
                  </properties>
                </test-case>
                <test-case id="1620" name="Constructor_ValidInputs_ExposesInjectedRandom" fullname="Game.Core.Tests.Combat.FightTests.Constructor_ValidInputs_ExposesInjectedRandom" methodname="Constructor_ValidInputs_ExposesInjectedRandom" classname="Game.Core.Tests.Combat.FightTests" runstate="Runnable" seed="821400081" result="Passed" start-time="2026-10-08 22:17:54Z" end-time="2026-10-08 22:17:54Z" duration="0.000202" asserts="0">
                  <properties>
                    <property name="retryIteration" value="0" />
                    <property name="repeatIteration" value="0" />
                  </properties>
                </test-case>
                <test-case id="1606" name="FightParticipant_NullCombatant_Throws" fullname="Game.Core.Tests.Combat.FightTests.FightParticipant_NullCombatant_Throws" methodname="FightParticipant_NullCombatant_Throws" classname="Game.Core.Tests.Combat.FightTests" runstate="Runnable" seed="292545829" result="Passed" start-time="2026-10-08 22:17:54Z" end-time="2026-10-08 22:17:54Z" duration="0.000298" asserts="0">
                  <properties>
                    <property name="retryIteration" value="0" />
                    <property name="repeatIteration" value="0" />
                  </properties>
                </test-case>
                <test-case id="1607" name="FightParticipant_NullSpellLine_Throws" fullname="Game.Core.Tests.Combat.FightTests.FightParticipant_NullSpellLine_Throws" methodname="FightParticipant_NullSpellLine_Throws" classname="Game.Core.Tests.Combat.FightTests" runstate="Runnable" seed="1870953373" result="Passed" start-time="2026-10-08 22:17:54Z" end-time="2026-10-08 22:17:54Z" duration="0.000233" asserts="0">
                  <properties>
                    <property name="retryIteration" value="0" />
                    <property name="repeatIteration" value="0" />
                  </properties>
                </test-case>
                <test-case id="1630" name="Run_AllEnemiesDead_HeroWinsOnKillingTick" fullname="Game.Core.Tests.Combat.FightTests.Run_AllEnemiesDead_HeroWinsOnKillingTick" methodname="Run_AllEnemiesDead_HeroWinsOnKillingTick" classname="Game.Core.Tests.Combat.FightTests" runstate="Runnable" seed="330250039" result="Passed" start-time="2026-10-08 22:17:54Z" end-time="2026-10-08 22:17:54Z" duration="0.001742" asserts="0">
                  <properties>
                    <property name="retryIteration" value="0" />
                    <property name="repeatIteration" value="0" />
                  </properties>
                </test-case>
                <test-case id="1621" name="Run_CalledTwice_Throws" fullname="Game.Core.Tests.Combat.FightTests.Run_CalledTwice_Throws" methodname="Run_CalledTwice_Throws" classname="Game.Core.Tests.Combat.FightTests" runstate="Runnable" seed="826870232" result="Passed" start-time="2026-10-08 22:17:54Z" end-time="2026-10-08 22:17:54Z" duration="0.000344" asserts="0">
                  <properties>
                    <property name="retryIteration" value="0" />
                    <property name="repeatIteration" value="0" />
                  </properties>
                </test-case>
                <test-case id="1622" name="Run_CardWithCastTime_ResolvesWhenCastTimeHasElapsed" fullname="Game.Core.Tests.Combat.FightTests.Run_CardWithCastTime_ResolvesWhenCastTimeHasElapsed" methodname="Run_CardWithCastTime_ResolvesWhenCastTimeHasElapsed" classname="Game.Core.Tests.Combat.FightTests" runstate="Runnable" seed="2002510735" result="Passed" start-time="2026-10-08 22:17:54Z" end-time="2026-10-08 22:17:54Z" duration="0.001914" asserts="0">
                  <properties>
                    <property name="retryIteration" value="0" />
                    <property name="repeatIteration" value="0" />
                  </properties>
                </test-case>
                <test-case id="1627" name="Run_CastsCompletingOnSameTick_ResolveHeroFirstThenEnemiesInOrder" fullname="Game.Core.Tests.Combat.FightTests.Run_CastsCompletingOnSameTick_ResolveHeroFirstThenEnemiesInOrder" methodname="Run_CastsCompletingOnSameTick_ResolveHeroFirstThenEnemiesInOrder" classname="Game.Core.Tests.Combat.FightTests" runstate="Runnable" seed="1860138024" result="Passed" start-time="2026-10-08 22:17:54Z" end-time="2026-10-08 22:17:54Z" duration="0.000508" asserts="0">
                  <properties>
                    <property name="retryIteration" value="0" />
                    <property name="repeatIteration" value="0" />
                  </properties>
                </test-case>
                <test-case id="1623" name="Run_CastTimeOfOne_ResolvesEveryTick" fullname="Game.Core.Tests.Combat.FightTests.Run_CastTimeOfOne_ResolvesEveryTick" methodname="Run_CastTimeOfOne_ResolvesEveryTick" classname="Game.Core.Tests.Combat.FightTests" runstate="Runnable" seed="756015796" result="Passed" start-time="2026-10-08 22:17:54Z" end-time="2026-10-08 22:17:54Z" duration="0.000323" asserts="0">
                  <properties>
                    <property name="retryIteration" value="0" />
                    <property name="repeatIteration" value="0" />
                  </properties>
                </test-case>
                <test-case id="1629" name="Run_DeadEnemy_StopsCasting" fullname="Game.Core.Tests.Combat.FightTests.Run_DeadEnemy_StopsCasting" methodname="Run_DeadEnemy_StopsCasting" classname="Game.Core.Tests.Combat.FightTests" runstate="Runnable" seed="1714989275" result="Passed" start-time="2026-10-08 22:17:54Z" end-time="2026-10-08 22:17:54Z" duration="0.000504" asserts="0">
                  <properties>
                    <property name="retryIteration" value="0" />
                    <property name="repeatIteration" value="0" />
                  </properties>
                </test-case>
                <test-case id="1636" name="Run_EnemyCasts_DamageHero" fullname="Game.Core.Tests.Combat.FightTests.Run_EnemyCasts_DamageHero" methodname="Run_EnemyCasts_DamageHero" classname="Game.Core.Tests.Combat.FightTests" runstate="Runnable" seed="1619817468" result="Passed" start-time="2026-10-08 22:17:54Z" end-time="2026-10-08 22:17:54Z" duration="0.000382" asserts="0">
                  <properties>
                    <property name="retryIteration" value="0" />
                    <property name="repeatIteration" value="0" />
                  </properties>
                </test-case>
                <test-case id="1635" name="Run_EnemyCasts_TargetHero" fullname="Game.Core.Tests.Combat.FightTests.Run_EnemyCasts_TargetHero" methodname="Run_EnemyCasts_TargetHero" classname="Game.Core.Tests.Combat.FightTests" runstate="Runnable" seed="23114675" result="Passed" start-time="2026-10-08 22:17:54Z" end-time="2026-10-08 22:17:54Z" duration="0.001554" asserts="0">
                  <properties>
                    <property name="retryIteration" value="0" />
                    <property name="repeatIteration" value="0" />
                  </properties>
                </test-case>
                <test-case id="1634" name="Run_HeroCast_LeavesOtherEnemiesUntouched" fullname="Game.Core.Tests.Combat.FightTests.Run_HeroCast_LeavesOtherEnemiesUntouched" methodname="Run_HeroCast_LeavesOtherEnemiesUntouched" classname="Game.Core.Tests.Combat.FightTests" runstate="Runnable" seed="233201361" result="Passed" start-time="2026-10-08 22:17:54Z" end-time="2026-10-08 22:17:54Z" duration="0.000264" asserts="0">
                  <properties>
                    <property name="retryIteration" value="0" />
                    <property name="repeatIteration" value="0" />
                  </properties>
                </test-case>
                <test-case id="1633" name="Run_HeroCast_TargetsFirstLivingEnemy" fullname="Game.Core.Tests.Combat.FightTests.Run_HeroCast_TargetsFirstLivingEnemy" methodname="Run_HeroCast_TargetsFirstLivingEnemy" classname="Game.Core.Tests.Combat.FightTests" runstate="Runnable" seed="2020327764" result="Passed" start-time="2026-10-08 22:17:54Z" end-time="2026-10-08 22:17:54Z" duration="0.000371" asserts="0">
                  <properties>
                    <property name="retryIteration" value="0" />
                    <property name="repeatIteration" value="0" />
                  </properties>
                </test-case>
                <test-case id="1631" name="Run_HeroDead_EnemiesWinOnKillingTick" fullname="Game.Core.Tests.Combat.FightTests.Run_HeroDead_EnemiesWinOnKillingTick" methodname="Run_HeroDead_EnemiesWinOnKillingTick" classname="Game.Core.Tests.Combat.FightTests" runstate="Runnable" seed="50891482" result="Passed" start-time="2026-10-08 22:17:54Z" end-time="2026-10-08 22:17:54Z" duration="0.000658" asserts="0">
                  <properties>
                    <property name="retryIteration" value="0" />
                    <property name="repeatIteration" value="0" />
                  </properties>
                </test-case>
                <test-case id="1632" name="Run_HeroKilledMidTick_LaterEnemiesDoNotResolve" fullname="Game.Core.Tests.Combat.FightTests.Run_HeroKilledMidTick_LaterEnemiesDoNotResolve" methodname="Run_HeroKilledMidTick_LaterEnemiesDoNotResolve" classname="Game.Core.Tests.Combat.FightTests" runstate="Runnable" seed="423790709" result="Passed" start-time="2026-10-08 22:17:54Z" end-time="2026-10-08 22:17:54Z" duration="0.000355" asserts="0">
                  <properties>
                    <property name="retryIteration" value="0" />
                    <property name="repeatIteration" value="0" />
                  </properties>
                </test-case>
                <test-case id="1628" name="Run_HeroKillsEnemyOnSharedTick_EnemyDoesNotResolve" fullname="Game.Core.Tests.Combat.FightTests.Run_HeroKillsEnemyOnSharedTick_EnemyDoesNotResolve" methodname="Run_HeroKillsEnemyOnSharedTick_EnemyDoesNotResolve" classname="Game.Core.Tests.Combat.FightTests" runstate="Runnable" seed="130635847" result="Passed" start-time="2026-10-08 22:17:54Z" end-time="2026-10-08 22:17:54Z" duration="0.000807" asserts="0">
                  <properties>
                    <property name="retryIteration" value="0" />
                    <property name="repeatIteration" value="0" />
                  </properties>
                </test-case>
                <test-case id="1641" name="Run_NoSideCanWin_StopsCastingAfterMaxTicks" fullname="Game.Core.Tests.Combat.FightTests.Run_NoSideCanWin_StopsCastingAfterMaxTicks" methodname="Run_NoSideCanWin_StopsCastingAfterMaxTicks" classname="Game.Core.Tests.Combat.FightTests" runstate="Runnable" seed="937956522" result="Passed" start-time="2026-10-08 22:17:54Z" end-time="2026-10-08 22:17:54Z" duration="0.000316" asserts="0">
                  <properties>
                    <property name="retryIteration" value="0" />
                    <property name="repeatIteration" value="0" />
                  </properties>
                </test-case>
                <test-case id="1640" name="Run_NoSideCanWin_TimesOutAtMaxTicks" fullname="Game.Core.Tests.Combat.FightTests.Run_NoSideCanWin_TimesOutAtMaxTicks" methodname="Run_NoSideCanWin_TimesOutAtMaxTicks" classname="Game.Core.Tests.Combat.FightTests" runstate="Runnable" seed="1069824078" result="Passed" start-time="2026-10-08 22:17:54Z" end-time="2026-10-08 22:17:54Z" duration="0.000889" asserts="0">
                  <properties>
                    <property name="retryIteration" value="0" />
                    <property name="repeatIteration" value="0" />
                  </properties>
                </test-case>
                <test-case id="1625" name="Run_ResolvedCast_RecordsCard" fullname="Game.Core.Tests.Combat.FightTests.Run_ResolvedCast_RecordsCard" methodname="Run_ResolvedCast_RecordsCard" classname="Game.Core.Tests.Combat.FightTests" runstate="Runnable" seed="1941833009" result="Passed" start-time="2026-10-08 22:17:54Z" end-time="2026-10-08 22:17:54Z" duration="0.000253" asserts="0">
                  <properties>
                    <property name="retryIteration" value="0" />
                    <property name="repeatIteration" value="0" />
                  </properties>
                </test-case>
                <test-case id="1639" name="Run_ResolvedCast_RecordsEachEffectOutcome" fullname="Game.Core.Tests.Combat.FightTests.Run_ResolvedCast_RecordsEachEffectOutcome" methodname="Run_ResolvedCast_RecordsEachEffectOutcome" classname="Game.Core.Tests.Combat.FightTests" runstate="Runnable" seed="667782909" result="Passed" start-time="2026-10-08 22:17:54Z" end-time="2026-10-08 22:17:54Z" duration="0.000517" asserts="0">
                  <properties>
                    <property name="retryIteration" value="0" />
                    <property name="repeatIteration" value="0" />
                  </properties>
                </test-case>
                <test-case id="1638" name="Run_ResolvedCast_RecordsSummedOutcome" fullname="Game.Core.Tests.Combat.FightTests.Run_ResolvedCast_RecordsSummedOutcome" methodname="Run_ResolvedCast_RecordsSummedOutcome" classname="Game.Core.Tests.Combat.FightTests" runstate="Runnable" seed="1114899342" result="Passed" start-time="2026-10-08 22:17:54Z" end-time="2026-10-08 22:17:54Z" duration="0.000441" asserts="0">
                  <properties>
                    <property name="retryIteration" value="0" />
                    <property name="repeatIteration" value="0" />
                  </properties>
                </test-case>
                <test-case id="1643" name="Run_SameSeedAndInputs_IdenticalTrace" fullname="Game.Core.Tests.Combat.FightTests.Run_SameSeedAndInputs_IdenticalTrace" methodname="Run_SameSeedAndInputs_IdenticalTrace" classname="Game.Core.Tests.Combat.FightTests" runstate="Runnable" seed="1004540559" result="Passed" start-time="2026-10-08 22:17:54Z" end-time="2026-10-08 22:17:54Z" duration="0.001629" asserts="0">
                  <properties>
                    <property name="retryIteration" value="0" />
                    <property name="repeatIteration" value="0" />
                  </properties>
                </test-case>
                <test-case id="1637" name="Run_SelfEffects_ApplyToCaster" fullname="Game.Core.Tests.Combat.FightTests.Run_SelfEffects_ApplyToCaster" methodname="Run_SelfEffects_ApplyToCaster" classname="Game.Core.Tests.Combat.FightTests" runstate="Runnable" seed="1689961148" result="Passed" start-time="2026-10-08 22:17:54Z" end-time="2026-10-08 22:17:54Z" duration="0.000354" asserts="0">
                  <properties>
                    <property name="retryIteration" value="0" />
                    <property name="repeatIteration" value="0" />
                  </properties>
                </test-case>
                <test-case id="1624" name="Run_SeveralCards_CastsInOrderAndLoops" fullname="Game.Core.Tests.Combat.FightTests.Run_SeveralCards_CastsInOrderAndLoops" methodname="Run_SeveralCards_CastsInOrderAndLoops" classname="Game.Core.Tests.Combat.FightTests" runstate="Runnable" seed="810659029" result="Passed" start-time="2026-10-08 22:17:54Z" end-time="2026-10-08 22:17:54Z" duration="0.000511" asserts="0">
                  <properties>
                    <property name="retryIteration" value="0" />
                    <property name="repeatIteration" value="0" />
                  </properties>
                </test-case>
                <test-case id="1626" name="Run_SpellLineEditedAfterCreation_CastsOriginalLine" fullname="Game.Core.Tests.Combat.FightTests.Run_SpellLineEditedAfterCreation_CastsOriginalLine" methodname="Run_SpellLineEditedAfterCreation_CastsOriginalLine" classname="Game.Core.Tests.Combat.FightTests" runstate="Runnable" seed="52876173" result="Passed" start-time="2026-10-08 22:17:54Z" end-time="2026-10-08 22:17:54Z" duration="0.000352" asserts="0">
                  <properties>
                    <property name="retryIteration" value="0" />
                    <property name="repeatIteration" value="0" />
                  </properties>
                </test-case>
                <test-case id="1642" name="Run_WinOnLastAllowedTick_IsNotATimeout" fullname="Game.Core.Tests.Combat.FightTests.Run_WinOnLastAllowedTick_IsNotATimeout" methodname="Run_WinOnLastAllowedTick_IsNotATimeout" classname="Game.Core.Tests.Combat.FightTests" runstate="Runnable" seed="121077641" result="Passed" start-time="2026-10-08 22:17:54Z" end-time="2026-10-08 22:17:54Z" duration="0.000303" asserts="0">
                  <properties>
                    <property name="retryIteration" value="0" />
                    <property name="repeatIteration" value="0" />
                  </properties>
                </test-case>
              </test-suite>
              <test-suite type="TestFixture" id="1644" name="GoldenFightTests" fullname="Game.Core.Tests.Combat.GoldenFightTests" classname="Game.Core.Tests.Combat.GoldenFightTests" runstate="Runnable" testcasecount="4" result="Passed" start-time="2026-10-08 22:17:54Z" end-time="2026-10-08 22:17:54Z" duration="0.005700" total="4" passed="2" failed="0" inconclusive="0" skipped="2" asserts="0">
                <properties />
                <test-case id="1645" name="Run_GoldenFight_MatchesStoredTrace" fullname="Game.Core.Tests.Combat.GoldenFightTests.Run_GoldenFight_MatchesStoredTrace" methodname="Run_GoldenFight_MatchesStoredTrace" classname="Game.Core.Tests.Combat.GoldenFightTests" runstate="Runnable" seed="1253843750" result="Passed" start-time="2026-10-08 22:17:54Z" end-time="2026-10-08 22:17:54Z" duration="0.001674" asserts="0">
                  <properties>
                    <property name="retryIteration" value="0" />
                    <property name="repeatIteration" value="0" />
                  </properties>
                </test-case>
                <test-case id="1646" name="Run_GoldenFight_RegenerateStoredTrace" fullname="Game.Core.Tests.Combat.GoldenFightTests.Run_GoldenFight_RegenerateStoredTrace" methodname="Run_GoldenFight_RegenerateStoredTrace" classname="Game.Core.Tests.Combat.GoldenFightTests" runstate="Explicit" seed="1753483006" result="Skipped" label="Explicit" start-time="2026-10-08 22:17:54Z" end-time="2026-10-08 22:17:54Z" duration="0.000242" asserts="0">
                  <properties>
                    <property name="_SKIPREASON" value="Rewrites the golden file. Run it on purpose only, then review the diff." />
                  </properties>
                  <reason>
                    <message><![CDATA[Rewrites the golden file. Run it on purpose only, then review the diff.]]></message>
                  </reason>
                </test-case>
                <test-case id="1647" name="Run_NeighbourGoldenFight_MatchesStoredTrace" fullname="Game.Core.Tests.Combat.GoldenFightTests.Run_NeighbourGoldenFight_MatchesStoredTrace" methodname="Run_NeighbourGoldenFight_MatchesStoredTrace" classname="Game.Core.Tests.Combat.GoldenFightTests" runstate="Runnable" seed="704096932" result="Passed" start-time="2026-10-08 22:17:54Z" end-time="2026-10-08 22:17:54Z" duration="0.001830" asserts="0">
                  <properties>
                    <property name="retryIteration" value="0" />
                    <property name="repeatIteration" value="0" />
                  </properties>
                </test-case>
                <test-case id="1648" name="Run_NeighbourGoldenFight_RegenerateStoredTrace" fullname="Game.Core.Tests.Combat.GoldenFightTests.Run_NeighbourGoldenFight_RegenerateStoredTrace" methodname="Run_NeighbourGoldenFight_RegenerateStoredTrace" classname="Game.Core.Tests.Combat.GoldenFightTests" runstate="Explicit" seed="72654983" result="Skipped" label="Explicit" start-time="2026-10-08 22:17:54Z" end-time="2026-10-08 22:17:54Z" duration="0.000001" asserts="0">
                  <properties>
                    <property name="_SKIPREASON" value="Rewrites the golden file. Run it on purpose only, then review the diff." />
                  </properties>
                  <reason>
                    <message><![CDATA[Rewrites the golden file. Run it on purpose only, then review the diff.]]></message>
                  </reason>
                </test-case>
              </test-suite>
              <test-suite type="TestFixture" id="1649" name="LineEditingFightTests" fullname="Game.Core.Tests.Combat.LineEditingFightTests" classname="Game.Core.Tests.Combat.LineEditingFightTests" runstate="Runnable" testcasecount="31" result="Passed" start-time="2026-10-08 22:17:54Z" end-time="2026-10-08 22:17:54Z" duration="0.027007" total="31" passed="31" failed="0" inconclusive="0" skipped="0" asserts="0">
                <properties />
                <test-case id="1672" name="ApplyLineChange_AfterTheFight_Throws" fullname="Game.Core.Tests.Combat.LineEditingFightTests.ApplyLineChange_AfterTheFight_Throws" methodname="ApplyLineChange_AfterTheFight_Throws" classname="Game.Core.Tests.Combat.LineEditingFightTests" runstate="Runnable" seed="237223781" result="Passed" start-time="2026-10-08 22:17:54Z" end-time="2026-10-08 22:17:54Z" duration="0.000964" asserts="0">
                  <properties>
                    <property name="retryIteration" value="0" />
                    <property name="repeatIteration" value="0" />
                  </properties>
                </test-case>
                <test-case id="1651" name="ApplyLineChange_FixedLine_Throws" fullname="Game.Core.Tests.Combat.LineEditingFightTests.ApplyLineChange_FixedLine_Throws" methodname="ApplyLineChange_FixedLine_Throws" classname="Game.Core.Tests.Combat.LineEditingFightTests" runstate="Runnable" seed="556565555" result="Passed" start-time="2026-10-08 22:17:54Z" end-time="2026-10-08 22:17:54Z" duration="0.000390" asserts="0">
                  <properties>
                    <property name="retryIteration" value="0" />
                    <property name="repeatIteration" value="0" />
                  </properties>
                </test-case>
                <test-case id="1671" name="ApplyLineChange_NotStampedWithTheNextTick_Throws" fullname="Game.Core.Tests.Combat.LineEditingFightTests.ApplyLineChange_NotStampedWithTheNextTick_Throws" methodname="ApplyLineChange_NotStampedWithTheNextTick_Throws" classname="Game.Core.Tests.Combat.LineEditingFightTests" runstate="Runnable" seed="801520661" result="Passed" start-time="2026-10-08 22:17:54Z" end-time="2026-10-08 22:17:54Z" duration="0.000461" asserts="0">
                  <properties>
                    <property name="retryIteration" value="0" />
                    <property name="repeatIteration" value="0" />
                  </properties>
                </test-case>
                <test-case id="1670" name="Build_LineChangesOutOfOrderOrAfterTheLastTick_Throws" fullname="Game.Core.Tests.Combat.LineEditingFightTests.Build_LineChangesOutOfOrderOrAfterTheLastTick_Throws" methodname="Build_LineChangesOutOfOrderOrAfterTheLastTick_Throws" classname="Game.Core.Tests.Combat.LineEditingFightTests" runstate="Runnable" seed="76327877" result="Passed" start-time="2026-10-08 22:17:54Z" end-time="2026-10-08 22:17:54Z" duration="0.000864" asserts="0">
                  <properties>
                    <property name="retryIteration" value="0" />
                    <property name="repeatIteration" value="0" />
                  </properties>
                </test-case>
                <test-case id="1676" name="Constructor_NullReserveOrReserveCard_Throws" fullname="Game.Core.Tests.Combat.LineEditingFightTests.Constructor_NullReserveOrReserveCard_Throws" methodname="Constructor_NullReserveOrReserveCard_Throws" classname="Game.Core.Tests.Combat.LineEditingFightTests" runstate="Runnable" seed="1565184908" result="Passed" start-time="2026-10-08 22:17:54Z" end-time="2026-10-08 22:17:54Z" duration="0.000477" asserts="0">
                  <properties>
                    <property name="retryIteration" value="0" />
                    <property name="repeatIteration" value="0" />
                  </properties>
                </test-case>
                <test-case id="1650" name="Constructor_WithoutReserve_DoesNotAllowLineEdits" fullname="Game.Core.Tests.Combat.LineEditingFightTests.Constructor_WithoutReserve_DoesNotAllowLineEdits" methodname="Constructor_WithoutReserve_DoesNotAllowLineEdits" classname="Game.Core.Tests.Combat.LineEditingFightTests" runstate="Runnable" seed="411827696" result="Passed" start-time="2026-10-08 22:17:54Z" end-time="2026-10-08 22:17:54Z" duration="0.000260" asserts="0">
                  <properties>
                    <property name="retryIteration" value="0" />
                    <property name="repeatIteration" value="0" />
                  </properties>
                </test-case>
                <test-case id="1673" name="LineChange_InvalidTickOrIndex_Throws" fullname="Game.Core.Tests.Combat.LineEditingFightTests.LineChange_InvalidTickOrIndex_Throws" methodname="LineChange_InvalidTickOrIndex_Throws" classname="Game.Core.Tests.Combat.LineEditingFightTests" runstate="Runnable" seed="743465329" result="Passed" start-time="2026-10-08 22:17:54Z" end-time="2026-10-08 22:17:54Z" duration="0.000613" asserts="0">
                  <properties>
                    <property name="retryIteration" value="0" />
                    <property name="repeatIteration" value="0" />
                  </properties>
                </test-case>
                <test-case id="1654" name="Move_BeforeFirstTick_ChangesTheFirstCast" fullname="Game.Core.Tests.Combat.LineEditingFightTests.Move_BeforeFirstTick_ChangesTheFirstCast" methodname="Move_BeforeFirstTick_ChangesTheFirstCast" classname="Game.Core.Tests.Combat.LineEditingFightTests" runstate="Runnable" seed="1739185903" result="Passed" start-time="2026-10-08 22:17:54Z" end-time="2026-10-08 22:17:54Z" duration="0.002255" asserts="0">
                  <properties>
                    <property name="retryIteration" value="0" />
                    <property name="repeatIteration" value="0" />
                  </properties>
                </test-case>
                <test-case id="1657" name="Move_CardBeingCast_ResolvesAtItsNewPositionThenContinuesAfterIt" fullname="Game.Core.Tests.Combat.LineEditingFightTests.Move_CardBeingCast_ResolvesAtItsNewPositionThenContinuesAfterIt" methodname="Move_CardBeingCast_ResolvesAtItsNewPositionThenContinuesAfterIt" classname="Game.Core.Tests.Combat.LineEditingFightTests" runstate="Runnable" seed="416568291" result="Passed" start-time="2026-10-08 22:17:54Z" end-time="2026-10-08 22:17:54Z" duration="0.000515" asserts="0">
                  <properties>
                    <property name="retryIteration" value="0" />
                    <property name="repeatIteration" value="0" />
                  </properties>
                </test-case>
                <test-case id="1663" name="Move_OntoItsOwnPosition_IsIgnored" fullname="Game.Core.Tests.Combat.LineEditingFightTests.Move_OntoItsOwnPosition_IsIgnored" methodname="Move_OntoItsOwnPosition_IsIgnored" classname="Game.Core.Tests.Combat.LineEditingFightTests" runstate="Runnable" seed="928544800" result="Passed" start-time="2026-10-08 22:17:54Z" end-time="2026-10-08 22:17:54Z" duration="0.000674" asserts="0">
                  <properties>
                    <property name="retryIteration" value="0" />
                    <property name="repeatIteration" value="0" />
                  </properties>
                </test-case>
                <test-case id="1658" name="Move_OtherCardAcrossTheCardBeingCast_KeepsTheCastWithItsCard" fullname="Game.Core.Tests.Combat.LineEditingFightTests.Move_OtherCardAcrossTheCardBeingCast_KeepsTheCastWithItsCard" methodname="Move_OtherCardAcrossTheCardBeingCast_KeepsTheCastWithItsCard" classname="Game.Core.Tests.Combat.LineEditingFightTests" runstate="Runnable" seed="27983707" result="Passed" start-time="2026-10-08 22:17:54Z" end-time="2026-10-08 22:17:54Z" duration="0.000431" asserts="0">
                  <properties>
                    <property name="retryIteration" value="0" />
                    <property name="repeatIteration" value="0" />
                  </properties>
                </test-case>
                <test-case id="1659" name="PendingBonus_StaysAtItsPosition_AndGoesToTheCardNowThere" fullname="Game.Core.Tests.Combat.LineEditingFightTests.PendingBonus_StaysAtItsPosition_AndGoesToTheCardNowThere" methodname="PendingBonus_StaysAtItsPosition_AndGoesToTheCardNowThere" classname="Game.Core.Tests.Combat.LineEditingFightTests" runstate="Runnable" seed="843161608" result="Passed" start-time="2026-10-08 22:17:54Z" end-time="2026-10-08 22:17:54Z" duration="0.000765" asserts="0">
                  <properties>
                    <property name="retryIteration" value="0" />
                    <property name="repeatIteration" value="0" />
                  </properties>
                </test-case>
                <test-case id="1660" name="PendingBonus_TakenByTheCardBeingCast_StaysWithItWhenItLeaves" fullname="Game.Core.Tests.Combat.LineEditingFightTests.PendingBonus_TakenByTheCardBeingCast_StaysWithItWhenItLeaves" methodname="PendingBonus_TakenByTheCardBeingCast_StaysWithItWhenItLeaves" classname="Game.Core.Tests.Combat.LineEditingFightTests" runstate="Runnable" seed="1408524777" result="Passed" start-time="2026-10-08 22:17:54Z" end-time="2026-10-08 22:17:54Z" duration="0.000491" asserts="0">
                  <properties>
                    <property name="retryIteration" value="0" />
                    <property name="repeatIteration" value="0" />
                  </properties>
                </test-case>
                <test-case id="1680" name="Recap_LogWithLineChange_CountsTheIncomingCard" fullname="Game.Core.Tests.Combat.LineEditingFightTests.Recap_LogWithLineChange_CountsTheIncomingCard" methodname="Recap_LogWithLineChange_CountsTheIncomingCard" classname="Game.Core.Tests.Combat.LineEditingFightTests" runstate="Runnable" seed="1258770426" result="Passed" start-time="2026-10-08 22:17:54Z" end-time="2026-10-08 22:17:54Z" duration="0.003099" asserts="0">
                  <properties>
                    <property name="retryIteration" value="0" />
                    <property name="repeatIteration" value="0" />
                  </properties>
                </test-case>
                <test-case id="1679" name="Record_SameSeedAndChanges_SameLog" fullname="Game.Core.Tests.Combat.LineEditingFightTests.Record_SameSeedAndChanges_SameLog" methodname="Record_SameSeedAndChanges_SameLog" classname="Game.Core.Tests.Combat.LineEditingFightTests" runstate="Runnable" seed="690389680" result="Passed" start-time="2026-10-08 22:17:54Z" end-time="2026-10-08 22:17:54Z" duration="0.000562" asserts="0">
                  <properties>
                    <property name="retryIteration" value="0" />
                    <property name="repeatIteration" value="0" />
                  </properties>
                </test-case>
                <test-case id="1677" name="Record_WithLineChange_GoldenText" fullname="Game.Core.Tests.Combat.LineEditingFightTests.Record_WithLineChange_GoldenText" methodname="Record_WithLineChange_GoldenText" classname="Game.Core.Tests.Combat.LineEditingFightTests" runstate="Runnable" seed="413180821" result="Passed" start-time="2026-10-08 22:17:54Z" end-time="2026-10-08 22:17:54Z" duration="0.000252" asserts="0">
                  <properties>
                    <property name="retryIteration" value="0" />
                    <property name="repeatIteration" value="0" />
                  </properties>
                </test-case>
                <test-case id="1678" name="Record_WithLineChange_JsonHasTheChangeOnlyOnLineEvents" fullname="Game.Core.Tests.Combat.LineEditingFightTests.Record_WithLineChange_JsonHasTheChangeOnlyOnLineEvents" methodname="Record_WithLineChange_JsonHasTheChangeOnlyOnLineEvents" classname="Game.Core.Tests.Combat.LineEditingFightTests" runstate="Runnable" seed="1421452170" result="Passed" start-time="2026-10-08 22:17:54Z" end-time="2026-10-08 22:17:54Z" duration="0.000479" asserts="0">
                  <properties>
                    <property name="retryIteration" value="0" />
                    <property name="repeatIteration" value="0" />
                  </properties>
                </test-case>
                <test-case id="1666" name="Run_ChangeAfterTheFightEnds_IsNotApplied" fullname="Game.Core.Tests.Combat.LineEditingFightTests.Run_ChangeAfterTheFightEnds_IsNotApplied" methodname="Run_ChangeAfterTheFightEnds_IsNotApplied" classname="Game.Core.Tests.Combat.LineEditingFightTests" runstate="Runnable" seed="1996644605" result="Passed" start-time="2026-10-08 22:17:54Z" end-time="2026-10-08 22:17:54Z" duration="0.000559" asserts="0">
                  <properties>
                    <property name="retryIteration" value="0" />
                    <property name="repeatIteration" value="0" />
                  </properties>
                </test-case>
                <test-case id="1674" name="Run_ChangeOutsideTheLineOrReserve_ThrowsBeforeRunning" fullname="Game.Core.Tests.Combat.LineEditingFightTests.Run_ChangeOutsideTheLineOrReserve_ThrowsBeforeRunning" methodname="Run_ChangeOutsideTheLineOrReserve_ThrowsBeforeRunning" classname="Game.Core.Tests.Combat.LineEditingFightTests" runstate="Runnable" seed="1921933755" result="Passed" start-time="2026-10-08 22:17:54Z" end-time="2026-10-08 22:17:54Z" duration="0.000999" asserts="0">
                  <properties>
                    <property name="retryIteration" value="0" />
                    <property name="repeatIteration" value="0" />
                  </properties>
                </test-case>
                <test-case id="1675" name="Run_ChangesOutOfTickOrderOrAfterTheLastTick_Throws" fullname="Game.Core.Tests.Combat.LineEditingFightTests.Run_ChangesOutOfTickOrderOrAfterTheLastTick_Throws" methodname="Run_ChangesOutOfTickOrderOrAfterTheLastTick_Throws" classname="Game.Core.Tests.Combat.LineEditingFightTests" runstate="Runnable" seed="1632253595" result="Passed" start-time="2026-10-08 22:17:54Z" end-time="2026-10-08 22:17:54Z" duration="0.000665" asserts="0">
                  <properties>
                    <property name="retryIteration" value="0" />
                    <property name="repeatIteration" value="0" />
                  </properties>
                </test-case>
                <test-case id="1653" name="Run_EditableFightWithoutChanges_MatchesFixedFight" fullname="Game.Core.Tests.Combat.LineEditingFightTests.Run_EditableFightWithoutChanges_MatchesFixedFight" methodname="Run_EditableFightWithoutChanges_MatchesFixedFight" classname="Game.Core.Tests.Combat.LineEditingFightTests" runstate="Runnable" seed="1386243726" result="Passed" start-time="2026-10-08 22:17:54Z" end-time="2026-10-08 22:17:54Z" duration="0.000739" asserts="0">
                  <properties>
                    <property name="retryIteration" value="0" />
                    <property name="repeatIteration" value="0" />
                  </properties>
                </test-case>
                <test-case id="1652" name="Run_FixedLineWithChanges_Throws" fullname="Game.Core.Tests.Combat.LineEditingFightTests.Run_FixedLineWithChanges_Throws" methodname="Run_FixedLineWithChanges_Throws" classname="Game.Core.Tests.Combat.LineEditingFightTests" runstate="Runnable" seed="43682209" result="Passed" start-time="2026-10-08 22:17:54Z" end-time="2026-10-08 22:17:54Z" duration="0.000391" asserts="0">
                  <properties>
                    <property name="retryIteration" value="0" />
                    <property name="repeatIteration" value="0" />
                  </properties>
                </test-case>
                <test-case id="1669" name="Run_ScheduleWithATickAlreadyStepped_Throws" fullname="Game.Core.Tests.Combat.LineEditingFightTests.Run_ScheduleWithATickAlreadyStepped_Throws" methodname="Run_ScheduleWithATickAlreadyStepped_Throws" classname="Game.Core.Tests.Combat.LineEditingFightTests" runstate="Runnable" seed="649939323" result="Passed" start-time="2026-10-08 22:17:54Z" end-time="2026-10-08 22:17:54Z" duration="0.000423" asserts="0">
                  <properties>
                    <property name="retryIteration" value="0" />
                    <property name="repeatIteration" value="0" />
                  </properties>
                </test-case>
                <test-case id="1664" name="Run_SeveralEnemiesWithChanges_EnemiesKeepTheirLines" fullname="Game.Core.Tests.Combat.LineEditingFightTests.Run_SeveralEnemiesWithChanges_EnemiesKeepTheirLines" methodname="Run_SeveralEnemiesWithChanges_EnemiesKeepTheirLines" classname="Game.Core.Tests.Combat.LineEditingFightTests" runstate="Runnable" seed="1919693840" result="Passed" start-time="2026-10-08 22:17:54Z" end-time="2026-10-08 22:17:54Z" duration="0.001078" asserts="0">
                  <properties>
                    <property name="retryIteration" value="0" />
                    <property name="repeatIteration" value="0" />
                  </properties>
                </test-case>
                <test-case id="1665" name="SeveralChangesOnOneTick_ApplyInOrder" fullname="Game.Core.Tests.Combat.LineEditingFightTests.SeveralChangesOnOneTick_ApplyInOrder" methodname="SeveralChangesOnOneTick_ApplyInOrder" classname="Game.Core.Tests.Combat.LineEditingFightTests" runstate="Runnable" seed="1425730160" result="Passed" start-time="2026-10-08 22:17:54Z" end-time="2026-10-08 22:17:54Z" duration="0.000465" asserts="0">
                  <properties>
                    <property name="retryIteration" value="0" />
                    <property name="repeatIteration" value="0" />
                  </properties>
                </test-case>
                <test-case id="1667" name="StepWithChanges_GivesTheSameFightAsRunWithTheSchedule" fullname="Game.Core.Tests.Combat.LineEditingFightTests.StepWithChanges_GivesTheSameFightAsRunWithTheSchedule" methodname="StepWithChanges_GivesTheSameFightAsRunWithTheSchedule" classname="Game.Core.Tests.Combat.LineEditingFightTests" runstate="Runnable" seed="1844112942" result="Passed" start-time="2026-10-08 22:17:54Z" end-time="2026-10-08 22:17:54Z" duration="0.000906" asserts="0">
                  <properties>
                    <property name="retryIteration" value="0" />
                    <property name="repeatIteration" value="0" />
                  </properties>
                </test-case>
                <test-case id="1668" name="StepWithChanges_GivesTheSameLogAsRecordWithTheSchedule" fullname="Game.Core.Tests.Combat.LineEditingFightTests.StepWithChanges_GivesTheSameLogAsRecordWithTheSchedule" methodname="StepWithChanges_GivesTheSameLogAsRecordWithTheSchedule" classname="Game.Core.Tests.Combat.LineEditingFightTests" runstate="Runnable" seed="620824491" result="Passed" start-time="2026-10-08 22:17:54Z" end-time="2026-10-08 22:17:54Z" duration="0.000781" asserts="0">
                  <properties>
                    <property name="retryIteration" value="0" />
                    <property name="repeatIteration" value="0" />
                  </properties>
                </test-case>
                <test-case id="1655" name="SwapWithReserve_CardBeingCast_FinishesItsCast" fullname="Game.Core.Tests.Combat.LineEditingFightTests.SwapWithReserve_CardBeingCast_FinishesItsCast" methodname="SwapWithReserve_CardBeingCast_FinishesItsCast" classname="Game.Core.Tests.Combat.LineEditingFightTests" runstate="Runnable" seed="918739908" result="Passed" start-time="2026-10-08 22:17:54Z" end-time="2026-10-08 22:17:54Z" duration="0.000488" asserts="0">
                  <properties>
                    <property name="retryIteration" value="0" />
                    <property name="repeatIteration" value="0" />
                  </properties>
                </test-case>
                <test-case id="1661" name="SwapWithReserve_CardBeingCastLeft_AnchorStaysOnTheSlotWhenTheIncomingCardMoves" fullname="Game.Core.Tests.Combat.LineEditingFightTests.SwapWithReserve_CardBeingCastLeft_AnchorStaysOnTheSlotWhenTheIncomingCardMoves" methodname="SwapWithReserve_CardBeingCastLeft_AnchorStaysOnTheSlotWhenTheIncomingCardMoves" classname="Game.Core.Tests.Combat.LineEditingFightTests" runstate="Runnable" seed="1231826450" result="Passed" start-time="2026-10-08 22:17:54Z" end-time="2026-10-08 22:17:54Z" duration="0.000468" asserts="0">
                  <properties>
                    <property name="retryIteration" value="0" />
                    <property name="repeatIteration" value="0" />
                  </properties>
                </test-case>
                <test-case id="1656" name="SwapWithReserve_LineCardTakesTheReserveIndex" fullname="Game.Core.Tests.Combat.LineEditingFightTests.SwapWithReserve_LineCardTakesTheReserveIndex" methodname="SwapWithReserve_LineCardTakesTheReserveIndex" classname="Game.Core.Tests.Combat.LineEditingFightTests" runstate="Runnable" seed="759525927" result="Passed" start-time="2026-10-08 22:17:54Z" end-time="2026-10-08 22:17:54Z" duration="0.000679" asserts="0">
                  <properties>
                    <property name="retryIteration" value="0" />
                    <property name="repeatIteration" value="0" />
                  </properties>
                </test-case>
                <test-case id="1662" name="SwapWithReserve_SingleCardWithSelfBonusDuringItsCast_IncomingCardGetsTheBonus" fullname="Game.Core.Tests.Combat.LineEditingFightTests.SwapWithReserve_SingleCardWithSelfBonusDuringItsCast_IncomingCardGetsTheBonus" methodname="SwapWithReserve_SingleCardWithSelfBonusDuringItsCast_IncomingCardGetsTheBonus" classname="Game.Core.Tests.Combat.LineEditingFightTests" runstate="Runnable" seed="1530213124" result="Passed" start-time="2026-10-08 22:17:54Z" end-time="2026-10-08 22:17:54Z" duration="0.000409" asserts="0">
                  <properties>
                    <property name="retryIteration" value="0" />
                    <property name="repeatIteration" value="0" />
                  </properties>
                </test-case>
              </test-suite>
              <test-suite type="TestSuite" id="1868" name="Log" fullname="Game.Core.Tests.Combat.Log" runstate="Runnable" testcasecount="36" result="Passed" start-time="2026-10-08 22:17:54Z" end-time="2026-10-08 22:17:54Z" duration="0.037887" total="36" passed="35" failed="0" inconclusive="0" skipped="1" asserts="0">
                <properties />
                <test-suite type="TestFixture" id="1733" name="CombatLogTests" fullname="Game.Core.Tests.Combat.Log.CombatLogTests" classname="Game.Core.Tests.Combat.Log.CombatLogTests" runstate="Runnable" testcasecount="34" result="Passed" start-time="2026-10-08 22:17:54Z" end-time="2026-10-08 22:17:54Z" duration="0.034546" total="34" passed="34" failed="0" inconclusive="0" skipped="0" asserts="0">
                  <properties />
                  <test-case id="1766" name="Build_CastOnUnknownCombatant_Throws" fullname="Game.Core.Tests.Combat.Log.CombatLogTests.Build_CastOnUnknownCombatant_Throws" methodname="Build_CastOnUnknownCombatant_Throws" classname="Game.Core.Tests.Combat.Log.CombatLogTests" runstate="Runnable" seed="1156079625" result="Passed" start-time="2026-10-08 22:17:54Z" end-time="2026-10-08 22:17:54Z" duration="0.001200" asserts="0">
                    <properties>
                      <property name="retryIteration" value="0" />
                      <property name="repeatIteration" value="0" />
                    </properties>
                  </test-case>
                  <test-case id="1764" name="Build_NullArguments_Throw" fullname="Game.Core.Tests.Combat.Log.CombatLogTests.Build_NullArguments_Throw" methodname="Build_NullArguments_Throw" classname="Game.Core.Tests.Combat.Log.CombatLogTests" runstate="Runnable" seed="1213350942" result="Passed" start-time="2026-10-08 22:17:54Z" end-time="2026-10-08 22:17:54Z" duration="0.000620" asserts="0">
                    <properties>
                      <property name="retryIteration" value="0" />
                      <property name="repeatIteration" value="0" />
                    </properties>
                  </test-case>
                  <test-case id="1767" name="Build_OutcomeExceedsSnapshotHealth_Throws" fullname="Game.Core.Tests.Combat.Log.CombatLogTests.Build_OutcomeExceedsSnapshotHealth_Throws" methodname="Build_OutcomeExceedsSnapshotHealth_Throws" classname="Game.Core.Tests.Combat.Log.CombatLogTests" runstate="Runnable" seed="1365174766" result="Passed" start-time="2026-10-08 22:17:54Z" end-time="2026-10-08 22:17:54Z" duration="0.000516" asserts="0">
                    <properties>
                      <property name="retryIteration" value="0" />
                      <property name="repeatIteration" value="0" />
                    </properties>
                  </test-case>
                  <test-case id="1765" name="Build_SnapshotIndexDoesNotMatchPosition_Throws" fullname="Game.Core.Tests.Combat.Log.CombatLogTests.Build_SnapshotIndexDoesNotMatchPosition_Throws" methodname="Build_SnapshotIndexDoesNotMatchPosition_Throws" classname="Game.Core.Tests.Combat.Log.CombatLogTests" runstate="Runnable" seed="139759540" result="Passed" start-time="2026-10-08 22:17:54Z" end-time="2026-10-08 22:17:54Z" duration="0.000322" asserts="0">
                    <properties>
                      <property name="retryIteration" value="0" />
                      <property name="repeatIteration" value="0" />
                    </properties>
                  </test-case>
                  <test-case id="1749" name="CombatEvent_BonusOnEventOtherThanCast_Throws" fullname="Game.Core.Tests.Combat.Log.CombatLogTests.CombatEvent_BonusOnEventOtherThanCast_Throws" methodname="CombatEvent_BonusOnEventOtherThanCast_Throws" classname="Game.Core.Tests.Combat.Log.CombatLogTests" runstate="Runnable" seed="653180731" result="Passed" start-time="2026-10-08 22:17:54Z" end-time="2026-10-08 22:17:54Z" duration="0.000339" asserts="0">
                    <properties>
                      <property name="retryIteration" value="0" />
                      <property name="repeatIteration" value="0" />
                    </properties>
                  </test-case>
                  <test-case id="1748" name="CombatEvent_WastedBonusExceedsBonus_Throws" fullname="Game.Core.Tests.Combat.Log.CombatLogTests.CombatEvent_WastedBonusExceedsBonus_Throws" methodname="CombatEvent_WastedBonusExceedsBonus_Throws" classname="Game.Core.Tests.Combat.Log.CombatLogTests" runstate="Runnable" seed="2079490072" result="Passed" start-time="2026-10-08 22:17:54Z" end-time="2026-10-08 22:17:54Z" duration="0.000345" asserts="0">
                    <properties>
                      <property name="retryIteration" value="0" />
                      <property name="repeatIteration" value="0" />
                    </properties>
                  </test-case>
                  <test-case id="1762" name="KindName_EveryKind_IsDistinct" fullname="Game.Core.Tests.Combat.Log.CombatLogTests.KindName_EveryKind_IsDistinct" methodname="KindName_EveryKind_IsDistinct" classname="Game.Core.Tests.Combat.Log.CombatLogTests" runstate="Runnable" seed="627073630" result="Passed" start-time="2026-10-08 22:17:54Z" end-time="2026-10-08 22:17:54Z" duration="0.002154" asserts="0">
                    <properties>
                      <property name="retryIteration" value="0" />
                      <property name="repeatIteration" value="0" />
                    </properties>
                  </test-case>
                  <test-case id="1745" name="Record_BonusOfKindTheCardLacks_CastEventMarksItWasted" fullname="Game.Core.Tests.Combat.Log.CombatLogTests.Record_BonusOfKindTheCardLacks_CastEventMarksItWasted" methodname="Record_BonusOfKindTheCardLacks_CastEventMarksItWasted" classname="Game.Core.Tests.Combat.Log.CombatLogTests" runstate="Runnable" seed="537747464" result="Passed" start-time="2026-10-08 22:17:54Z" end-time="2026-10-08 22:17:54Z" duration="0.002871" asserts="0">
                    <properties>
                      <property name="retryIteration" value="0" />
                      <property name="repeatIteration" value="0" />
                    </properties>
                  </test-case>
                  <test-case id="1744" name="Record_BonusUsed_CastEventCarriesBonusWithNothingWasted" fullname="Game.Core.Tests.Combat.Log.CombatLogTests.Record_BonusUsed_CastEventCarriesBonusWithNothingWasted" methodname="Record_BonusUsed_CastEventCarriesBonusWithNothingWasted" classname="Game.Core.Tests.Combat.Log.CombatLogTests" runstate="Runnable" seed="180560118" result="Passed" start-time="2026-10-08 22:17:54Z" end-time="2026-10-08 22:17:54Z" duration="0.000560" asserts="0">
                    <properties>
                      <property name="retryIteration" value="0" />
                      <property name="repeatIteration" value="0" />
                    </properties>
                  </test-case>
                  <test-case id="1754" name="Record_Combatants_SnapshotStartingStatsAndLine" fullname="Game.Core.Tests.Combat.Log.CombatLogTests.Record_Combatants_SnapshotStartingStatsAndLine" methodname="Record_Combatants_SnapshotStartingStatsAndLine" classname="Game.Core.Tests.Combat.Log.CombatLogTests" runstate="Runnable" seed="117815881" result="Passed" start-time="2026-10-08 22:17:54Z" end-time="2026-10-08 22:17:54Z" duration="0.000761" asserts="0">
                    <properties>
                      <property name="retryIteration" value="0" />
                      <property name="repeatIteration" value="0" />
                    </properties>
                  </test-case>
                  <test-case id="1735" name="Record_DamageFullyAbsorbed_LogsDamageWithNoHealthLost" fullname="Game.Core.Tests.Combat.Log.CombatLogTests.Record_DamageFullyAbsorbed_LogsDamageWithNoHealthLost" methodname="Record_DamageFullyAbsorbed_LogsDamageWithNoHealthLost" classname="Game.Core.Tests.Combat.Log.CombatLogTests" runstate="Runnable" seed="13608038" result="Passed" start-time="2026-10-08 22:17:54Z" end-time="2026-10-08 22:17:54Z" duration="0.001136" asserts="0">
                    <properties>
                      <property name="retryIteration" value="0" />
                      <property name="repeatIteration" value="0" />
                    </properties>
                  </test-case>
                  <test-case id="1734" name="Record_DamageOnShield_SplitsAbsorbedAndHealthLost" fullname="Game.Core.Tests.Combat.Log.CombatLogTests.Record_DamageOnShield_SplitsAbsorbedAndHealthLost" methodname="Record_DamageOnShield_SplitsAbsorbedAndHealthLost" classname="Game.Core.Tests.Combat.Log.CombatLogTests" runstate="Runnable" seed="441089275" result="Passed" start-time="2026-10-08 22:17:54Z" end-time="2026-10-08 22:17:54Z" duration="0.000494" asserts="0">
                    <properties>
                      <property name="retryIteration" value="0" />
                      <property name="repeatIteration" value="0" />
                    </properties>
                  </test-case>
                  <test-case id="1763" name="Record_EffectChangesStatsWithoutReportingIt_Throws" fullname="Game.Core.Tests.Combat.Log.CombatLogTests.Record_EffectChangesStatsWithoutReportingIt_Throws" methodname="Record_EffectChangesStatsWithoutReportingIt_Throws" classname="Game.Core.Tests.Combat.Log.CombatLogTests" runstate="Runnable" seed="513656901" result="Passed" start-time="2026-10-08 22:17:54Z" end-time="2026-10-08 22:17:54Z" duration="0.000515" asserts="0">
                    <properties>
                      <property name="retryIteration" value="0" />
                      <property name="repeatIteration" value="0" />
                    </properties>
                  </test-case>
                  <test-case id="1751" name="Record_EffectEvents_CopyTickCardAndPositionOfTheirCast" fullname="Game.Core.Tests.Combat.Log.CombatLogTests.Record_EffectEvents_CopyTickCardAndPositionOfTheirCast" methodname="Record_EffectEvents_CopyTickCardAndPositionOfTheirCast" classname="Game.Core.Tests.Combat.Log.CombatLogTests" runstate="Runnable" seed="381379569" result="Passed" start-time="2026-10-08 22:17:54Z" end-time="2026-10-08 22:17:54Z" duration="0.001012" asserts="0">
                    <properties>
                      <property name="retryIteration" value="0" />
                      <property name="repeatIteration" value="0" />
                    </properties>
                  </test-case>
                  <test-case id="1743" name="Record_EffectlessCard_LogsCastOnly" fullname="Game.Core.Tests.Combat.Log.CombatLogTests.Record_EffectlessCard_LogsCastOnly" methodname="Record_EffectlessCard_LogsCastOnly" classname="Game.Core.Tests.Combat.Log.CombatLogTests" runstate="Runnable" seed="5177665" result="Passed" start-time="2026-10-08 22:17:54Z" end-time="2026-10-08 22:17:54Z" duration="0.002236" asserts="0">
                    <properties>
                      <property name="retryIteration" value="0" />
                      <property name="repeatIteration" value="0" />
                    </properties>
                  </test-case>
                  <test-case id="1753" name="Record_Events_SequenceIsTheirIndex" fullname="Game.Core.Tests.Combat.Log.CombatLogTests.Record_Events_SequenceIsTheirIndex" methodname="Record_Events_SequenceIsTheirIndex" classname="Game.Core.Tests.Combat.Log.CombatLogTests" runstate="Runnable" seed="2050305548" result="Passed" start-time="2026-10-08 22:17:54Z" end-time="2026-10-08 22:17:54Z" duration="0.002191" asserts="0">
                    <properties>
                      <property name="retryIteration" value="0" />
                      <property name="repeatIteration" value="0" />
                    </properties>
                  </test-case>
                  <test-case id="1747" name="Record_EventsOtherThanTheBoostedCast_HaveNoBonus" fullname="Game.Core.Tests.Combat.Log.CombatLogTests.Record_EventsOtherThanTheBoostedCast_HaveNoBonus" methodname="Record_EventsOtherThanTheBoostedCast_HaveNoBonus" classname="Game.Core.Tests.Combat.Log.CombatLogTests" runstate="Runnable" seed="1964244038" result="Passed" start-time="2026-10-08 22:17:54Z" end-time="2026-10-08 22:17:54Z" duration="0.002443" asserts="0">
                    <properties>
                      <property name="retryIteration" value="0" />
                      <property name="repeatIteration" value="0" />
                    </properties>
                  </test-case>
                  <test-case id="1736" name="Record_Heal_LogsHealthRestoredOnCaster" fullname="Game.Core.Tests.Combat.Log.CombatLogTests.Record_Heal_LogsHealthRestoredOnCaster" methodname="Record_Heal_LogsHealthRestoredOnCaster" classname="Game.Core.Tests.Combat.Log.CombatLogTests" runstate="Runnable" seed="1984618201" result="Passed" start-time="2026-10-08 22:17:54Z" end-time="2026-10-08 22:17:54Z" duration="0.000599" asserts="0">
                    <properties>
                      <property name="retryIteration" value="0" />
                      <property name="repeatIteration" value="0" />
                    </properties>
                  </test-case>
                  <test-case id="1738" name="Record_HealAtFullHealth_LogsNoHealEvent" fullname="Game.Core.Tests.Combat.Log.CombatLogTests.Record_HealAtFullHealth_LogsNoHealEvent" methodname="Record_HealAtFullHealth_LogsNoHealEvent" classname="Game.Core.Tests.Combat.Log.CombatLogTests" runstate="Runnable" seed="1800131136" result="Passed" start-time="2026-10-08 22:17:54Z" end-time="2026-10-08 22:17:54Z" duration="0.000357" asserts="0">
                    <properties>
                      <property name="retryIteration" value="0" />
                      <property name="repeatIteration" value="0" />
                    </properties>
                  </test-case>
                  <test-case id="1737" name="Record_HealCappedAtMaxHealth_LogsOnlyHealthActuallyRestored" fullname="Game.Core.Tests.Combat.Log.CombatLogTests.Record_HealCappedAtMaxHealth_LogsOnlyHealthActuallyRestored" methodname="Record_HealCappedAtMaxHealth_LogsOnlyHealthActuallyRestored" classname="Game.Core.Tests.Combat.Log.CombatLogTests" runstate="Runnable" seed="2038135161" result="Passed" start-time="2026-10-08 22:17:54Z" end-time="2026-10-08 22:17:54Z" duration="0.000499" asserts="0">
                    <properties>
                      <property name="retryIteration" value="0" />
                      <property name="repeatIteration" value="0" />
                    </properties>
                  </test-case>
                  <test-case id="1741" name="Record_LethalDamage_DamageAmountExcludesOverkill" fullname="Game.Core.Tests.Combat.Log.CombatLogTests.Record_LethalDamage_DamageAmountExcludesOverkill" methodname="Record_LethalDamage_DamageAmountExcludesOverkill" classname="Game.Core.Tests.Combat.Log.CombatLogTests" runstate="Runnable" seed="1142527475" result="Passed" start-time="2026-10-08 22:17:54Z" end-time="2026-10-08 22:17:54Z" duration="0.000461" asserts="0">
                    <properties>
                      <property name="retryIteration" value="0" />
                      <property name="repeatIteration" value="0" />
                    </properties>
                  </test-case>
                  <test-case id="1740" name="Record_LethalDamage_LogsDeathRightAfterDamage" fullname="Game.Core.Tests.Combat.Log.CombatLogTests.Record_LethalDamage_LogsDeathRightAfterDamage" methodname="Record_LethalDamage_LogsDeathRightAfterDamage" classname="Game.Core.Tests.Combat.Log.CombatLogTests" runstate="Runnable" seed="1705596663" result="Passed" start-time="2026-10-08 22:17:54Z" end-time="2026-10-08 22:17:54Z" duration="0.001171" asserts="0">
                    <properties>
                      <property name="retryIteration" value="0" />
                      <property name="repeatIteration" value="0" />
                    </properties>
                  </test-case>
                  <test-case id="1750" name="Record_LoopingLine_EventsCarryCardAndPosition" fullname="Game.Core.Tests.Combat.Log.CombatLogTests.Record_LoopingLine_EventsCarryCardAndPosition" methodname="Record_LoopingLine_EventsCarryCardAndPosition" classname="Game.Core.Tests.Combat.Log.CombatLogTests" runstate="Runnable" seed="1156798836" result="Passed" start-time="2026-10-08 22:17:54Z" end-time="2026-10-08 22:17:54Z" duration="0.002656" asserts="0">
                    <properties>
                      <property name="retryIteration" value="0" />
                      <property name="repeatIteration" value="0" />
                    </properties>
                  </test-case>
                  <test-case id="1752" name="Record_SameTick_HeroEventsComeBeforeEnemyEvents" fullname="Game.Core.Tests.Combat.Log.CombatLogTests.Record_SameTick_HeroEventsComeBeforeEnemyEvents" methodname="Record_SameTick_HeroEventsComeBeforeEnemyEvents" classname="Game.Core.Tests.Combat.Log.CombatLogTests" runstate="Runnable" seed="1902640185" result="Passed" start-time="2026-10-08 22:17:54Z" end-time="2026-10-08 22:17:54Z" duration="0.000454" asserts="0">
                    <properties>
                      <property name="retryIteration" value="0" />
                      <property name="repeatIteration" value="0" />
                    </properties>
                  </test-case>
                  <test-case id="1742" name="Record_SeveralEffects_LogsThemInCardOrder" fullname="Game.Core.Tests.Combat.Log.CombatLogTests.Record_SeveralEffects_LogsThemInCardOrder" methodname="Record_SeveralEffects_LogsThemInCardOrder" classname="Game.Core.Tests.Combat.Log.CombatLogTests" runstate="Runnable" seed="1519521526" result="Passed" start-time="2026-10-08 22:17:54Z" end-time="2026-10-08 22:17:54Z" duration="0.000378" asserts="0">
                    <properties>
                      <property name="retryIteration" value="0" />
                      <property name="repeatIteration" value="0" />
                    </properties>
                  </test-case>
                  <test-case id="1739" name="Record_ShieldGain_LogsShieldAddedToCaster" fullname="Game.Core.Tests.Combat.Log.CombatLogTests.Record_ShieldGain_LogsShieldAddedToCaster" methodname="Record_ShieldGain_LogsShieldAddedToCaster" classname="Game.Core.Tests.Combat.Log.CombatLogTests" runstate="Runnable" seed="469598828" result="Passed" start-time="2026-10-08 22:17:54Z" end-time="2026-10-08 22:17:54Z" duration="0.000483" asserts="0">
                    <properties>
                      <property name="retryIteration" value="0" />
                      <property name="repeatIteration" value="0" />
                    </properties>
                  </test-case>
                  <test-case id="1746" name="Record_StackedBonuses_CastEventCarriesTheirSum" fullname="Game.Core.Tests.Combat.Log.CombatLogTests.Record_StackedBonuses_CastEventCarriesTheirSum" methodname="Record_StackedBonuses_CastEventCarriesTheirSum" classname="Game.Core.Tests.Combat.Log.CombatLogTests" runstate="Runnable" seed="246566312" result="Passed" start-time="2026-10-08 22:17:54Z" end-time="2026-10-08 22:17:54Z" duration="0.000423" asserts="0">
                    <properties>
                      <property name="retryIteration" value="0" />
                      <property name="repeatIteration" value="0" />
                    </properties>
                  </test-case>
                  <test-case id="1755" name="Record_Timeout_HasNoWinnerAndMaxTicks" fullname="Game.Core.Tests.Combat.Log.CombatLogTests.Record_Timeout_HasNoWinnerAndMaxTicks" methodname="Record_Timeout_HasNoWinnerAndMaxTicks" classname="Game.Core.Tests.Combat.Log.CombatLogTests" runstate="Runnable" seed="432596966" result="Passed" start-time="2026-10-08 22:17:54Z" end-time="2026-10-08 22:17:54Z" duration="0.000455" asserts="0">
                    <properties>
                      <property name="retryIteration" value="0" />
                      <property name="repeatIteration" value="0" />
                    </properties>
                  </test-case>
                  <test-case id="1761" name="ToJson_CardIdWithSpecialCharacters_IsEscaped" fullname="Game.Core.Tests.Combat.Log.CombatLogTests.ToJson_CardIdWithSpecialCharacters_IsEscaped" methodname="ToJson_CardIdWithSpecialCharacters_IsEscaped" classname="Game.Core.Tests.Combat.Log.CombatLogTests" runstate="Runnable" seed="673276481" result="Passed" start-time="2026-10-08 22:17:54Z" end-time="2026-10-08 22:17:54Z" duration="0.000351" asserts="0">
                    <properties>
                      <property name="retryIteration" value="0" />
                      <property name="repeatIteration" value="0" />
                    </properties>
                  </test-case>
                  <test-case id="1759" name="ToJson_CastWithBonus_WritesReceivedAndWastedBonusOnThatCast" fullname="Game.Core.Tests.Combat.Log.CombatLogTests.ToJson_CastWithBonus_WritesReceivedAndWastedBonusOnThatCast" methodname="ToJson_CastWithBonus_WritesReceivedAndWastedBonusOnThatCast" classname="Game.Core.Tests.Combat.Log.CombatLogTests" runstate="Runnable" seed="133526951" result="Passed" start-time="2026-10-08 22:17:54Z" end-time="2026-10-08 22:17:54Z" duration="0.000308" asserts="0">
                    <properties>
                      <property name="retryIteration" value="0" />
                      <property name="repeatIteration" value="0" />
                    </properties>
                  </test-case>
                  <test-case id="1760" name="ToJson_NoEvents_WritesEmptyArray" fullname="Game.Core.Tests.Combat.Log.CombatLogTests.ToJson_NoEvents_WritesEmptyArray" methodname="ToJson_NoEvents_WritesEmptyArray" classname="Game.Core.Tests.Combat.Log.CombatLogTests" runstate="Runnable" seed="264960684" result="Passed" start-time="2026-10-08 22:17:54Z" end-time="2026-10-08 22:17:54Z" duration="0.000291" asserts="0">
                    <properties>
                      <property name="retryIteration" value="0" />
                      <property name="repeatIteration" value="0" />
                    </properties>
                  </test-case>
                  <test-case id="1757" name="ToJson_SmallFight_MatchesExpectedJson" fullname="Game.Core.Tests.Combat.Log.CombatLogTests.ToJson_SmallFight_MatchesExpectedJson" methodname="ToJson_SmallFight_MatchesExpectedJson" classname="Game.Core.Tests.Combat.Log.CombatLogTests" runstate="Runnable" seed="1474018606" result="Passed" start-time="2026-10-08 22:17:54Z" end-time="2026-10-08 22:17:54Z" duration="0.000326" asserts="0">
                    <properties>
                      <property name="retryIteration" value="0" />
                      <property name="repeatIteration" value="0" />
                    </properties>
                  </test-case>
                  <test-case id="1758" name="ToText_CastWithBonus_WritesReceivedAndWastedBonusOnCastLineOnly" fullname="Game.Core.Tests.Combat.Log.CombatLogTests.ToText_CastWithBonus_WritesReceivedAndWastedBonusOnCastLineOnly" methodname="ToText_CastWithBonus_WritesReceivedAndWastedBonusOnCastLineOnly" classname="Game.Core.Tests.Combat.Log.CombatLogTests" runstate="Runnable" seed="379053755" result="Passed" start-time="2026-10-08 22:17:54Z" end-time="2026-10-08 22:17:54Z" duration="0.000281" asserts="0">
                    <properties>
                      <property name="retryIteration" value="0" />
                      <property name="repeatIteration" value="0" />
                    </properties>
                  </test-case>
                  <test-case id="1756" name="ToText_SmallFight_MatchesExpectedText" fullname="Game.Core.Tests.Combat.Log.CombatLogTests.ToText_SmallFight_MatchesExpectedText" methodname="ToText_SmallFight_MatchesExpectedText" classname="Game.Core.Tests.Combat.Log.CombatLogTests" runstate="Runnable" seed="1590421852" result="Passed" start-time="2026-10-08 22:17:54Z" end-time="2026-10-08 22:17:54Z" duration="0.000296" asserts="0">
                    <properties>
                      <property name="retryIteration" value="0" />
                      <property name="repeatIteration" value="0" />
                    </properties>
                  </test-case>
                </test-suite>
                <test-suite type="TestFixture" id="1768" name="GoldenCombatLogTests" fullname="Game.Core.Tests.Combat.Log.GoldenCombatLogTests" classname="Game.Core.Tests.Combat.Log.GoldenCombatLogTests" runstate="Runnable" testcasecount="2" result="Passed" start-time="2026-10-08 22:17:54Z" end-time="2026-10-08 22:17:54Z" duration="0.002588" total="2" passed="1" failed="0" inconclusive="0" skipped="1" asserts="0">
                  <properties />
                  <test-case id="1769" name="Record_GoldenFight_MatchesStoredLog" fullname="Game.Core.Tests.Combat.Log.GoldenCombatLogTests.Record_GoldenFight_MatchesStoredLog" methodname="Record_GoldenFight_MatchesStoredLog" classname="Game.Core.Tests.Combat.Log.GoldenCombatLogTests" runstate="Runnable" seed="1566406816" result="Passed" start-time="2026-10-08 22:17:54Z" end-time="2026-10-08 22:17:54Z" duration="0.001891" asserts="0">
                    <properties>
                      <property name="retryIteration" value="0" />
                      <property name="repeatIteration" value="0" />
                    </properties>
                  </test-case>
                  <test-case id="1770" name="Record_GoldenFight_RegenerateStoredLog" fullname="Game.Core.Tests.Combat.Log.GoldenCombatLogTests.Record_GoldenFight_RegenerateStoredLog" methodname="Record_GoldenFight_RegenerateStoredLog" classname="Game.Core.Tests.Combat.Log.GoldenCombatLogTests" runstate="Explicit" seed="97355775" result="Skipped" label="Explicit" start-time="2026-10-08 22:17:54Z" end-time="2026-10-08 22:17:54Z" duration="0.000002" asserts="0">
                    <properties>
                      <property name="_SKIPREASON" value="Rewrites the golden file. Run it on purpose only, then review the diff." />
                    </properties>
                    <reason>
                      <message><![CDATA[Rewrites the golden file. Run it on purpose only, then review the diff.]]></message>
                    </reason>
                  </test-case>
                </test-suite>
              </test-suite>
              <test-suite type="TestFixture" id="1681" name="NeighbourModifierFightTests" fullname="Game.Core.Tests.Combat.NeighbourModifierFightTests" classname="Game.Core.Tests.Combat.NeighbourModifierFightTests" runstate="Runnable" testcasecount="24" result="Passed" start-time="2026-10-08 22:17:54Z" end-time="2026-10-08 22:17:54Z" duration="0.015026" total="24" passed="24" failed="0" inconclusive="0" skipped="0" asserts="0">
                <properties />
                <test-case id="1700" name="CastRecord_BonusOfKindTheCardLacks_IsWasted" fullname="Game.Core.Tests.Combat.NeighbourModifierFightTests.CastRecord_BonusOfKindTheCardLacks_IsWasted" methodname="CastRecord_BonusOfKindTheCardLacks_IsWasted" classname="Game.Core.Tests.Combat.NeighbourModifierFightTests" runstate="Runnable" seed="1980687846" result="Passed" start-time="2026-10-08 22:17:54Z" end-time="2026-10-08 22:17:54Z" duration="0.000977" asserts="0">
                  <properties>
                    <property name="retryIteration" value="0" />
                    <property name="repeatIteration" value="0" />
                  </properties>
                </test-case>
                <test-case id="1699" name="CastRecord_BonusUsed_CarriesBonusWithNothingWasted" fullname="Game.Core.Tests.Combat.NeighbourModifierFightTests.CastRecord_BonusUsed_CarriesBonusWithNothingWasted" methodname="CastRecord_BonusUsed_CarriesBonusWithNothingWasted" classname="Game.Core.Tests.Combat.NeighbourModifierFightTests" runstate="Runnable" seed="919674219" result="Passed" start-time="2026-10-08 22:17:54Z" end-time="2026-10-08 22:17:54Z" duration="0.000445" asserts="0">
                  <properties>
                    <property name="retryIteration" value="0" />
                    <property name="repeatIteration" value="0" />
                  </properties>
                </test-case>
                <test-case id="1704" name="CastRecord_ConstructorWithoutBonus_HasNoBonus" fullname="Game.Core.Tests.Combat.NeighbourModifierFightTests.CastRecord_ConstructorWithoutBonus_HasNoBonus" methodname="CastRecord_ConstructorWithoutBonus_HasNoBonus" classname="Game.Core.Tests.Combat.NeighbourModifierFightTests" runstate="Runnable" seed="826624693" result="Passed" start-time="2026-10-08 22:17:54Z" end-time="2026-10-08 22:17:54Z" duration="0.000304" asserts="0">
                  <properties>
                    <property name="retryIteration" value="0" />
                    <property name="repeatIteration" value="0" />
                  </properties>
                </test-case>
                <test-case id="1701" name="CastRecord_NoPendingBonus_CarriesNoBonus" fullname="Game.Core.Tests.Combat.NeighbourModifierFightTests.CastRecord_NoPendingBonus_CarriesNoBonus" methodname="CastRecord_NoPendingBonus_CarriesNoBonus" classname="Game.Core.Tests.Combat.NeighbourModifierFightTests" runstate="Runnable" seed="1461452407" result="Passed" start-time="2026-10-08 22:17:54Z" end-time="2026-10-08 22:17:54Z" duration="0.000383" asserts="0">
                  <properties>
                    <property name="retryIteration" value="0" />
                    <property name="repeatIteration" value="0" />
                  </properties>
                </test-case>
                <test-case id="1702" name="CastRecord_SingleCardLine_OnlyLaterCastsCarryTheSelfBonus" fullname="Game.Core.Tests.Combat.NeighbourModifierFightTests.CastRecord_SingleCardLine_OnlyLaterCastsCarryTheSelfBonus" methodname="CastRecord_SingleCardLine_OnlyLaterCastsCarryTheSelfBonus" classname="Game.Core.Tests.Combat.NeighbourModifierFightTests" runstate="Runnable" seed="30242292" result="Passed" start-time="2026-10-08 22:17:54Z" end-time="2026-10-08 22:17:54Z" duration="0.000900" asserts="0">
                  <properties>
                    <property name="retryIteration" value="0" />
                    <property name="repeatIteration" value="0" />
                  </properties>
                </test-case>
                <test-case id="1703" name="CastRecord_WastedBonusExceedsBonus_Throws" fullname="Game.Core.Tests.Combat.NeighbourModifierFightTests.CastRecord_WastedBonusExceedsBonus_Throws" methodname="CastRecord_WastedBonusExceedsBonus_Throws" classname="Game.Core.Tests.Combat.NeighbourModifierFightTests" runstate="Runnable" seed="1822062377" result="Passed" start-time="2026-10-08 22:17:54Z" end-time="2026-10-08 22:17:54Z" duration="0.000352" asserts="0">
                  <properties>
                    <property name="retryIteration" value="0" />
                    <property name="repeatIteration" value="0" />
                  </properties>
                </test-case>
                <test-case id="1705" name="Combatants_SameCardsInTwoLines_BonusesStayInTheirOwnLine" fullname="Game.Core.Tests.Combat.NeighbourModifierFightTests.Combatants_SameCardsInTwoLines_BonusesStayInTheirOwnLine" methodname="Combatants_SameCardsInTwoLines_BonusesStayInTheirOwnLine" classname="Game.Core.Tests.Combat.NeighbourModifierFightTests" runstate="Runnable" seed="423150954" result="Passed" start-time="2026-10-08 22:17:54Z" end-time="2026-10-08 22:17:54Z" duration="0.001419" asserts="0">
                  <properties>
                    <property name="retryIteration" value="0" />
                    <property name="repeatIteration" value="0" />
                  </properties>
                </test-case>
                <test-case id="1706" name="DeadCaster_PendingBonusNeverUsedAndDoesNotReachOtherCombatants" fullname="Game.Core.Tests.Combat.NeighbourModifierFightTests.DeadCaster_PendingBonusNeverUsedAndDoesNotReachOtherCombatants" methodname="DeadCaster_PendingBonusNeverUsedAndDoesNotReachOtherCombatants" classname="Game.Core.Tests.Combat.NeighbourModifierFightTests" runstate="Runnable" seed="1750688655" result="Passed" start-time="2026-10-08 22:17:54Z" end-time="2026-10-08 22:17:54Z" duration="0.001006" asserts="0">
                  <properties>
                    <property name="retryIteration" value="0" />
                    <property name="repeatIteration" value="0" />
                  </properties>
                </test-case>
                <test-case id="1698" name="Kind_CardWithTwoDamageEffects_BonusAddedOnceToFirst" fullname="Game.Core.Tests.Combat.NeighbourModifierFightTests.Kind_CardWithTwoDamageEffects_BonusAddedOnceToFirst" methodname="Kind_CardWithTwoDamageEffects_BonusAddedOnceToFirst" classname="Game.Core.Tests.Combat.NeighbourModifierFightTests" runstate="Runnable" seed="1916188656" result="Passed" start-time="2026-10-08 22:17:54Z" end-time="2026-10-08 22:17:54Z" duration="0.000446" asserts="0">
                  <properties>
                    <property name="retryIteration" value="0" />
                    <property name="repeatIteration" value="0" />
                  </properties>
                </test-case>
                <test-case id="1694" name="Kind_DamageBonusOnCardWithoutDamageEffect_DoesNothing" fullname="Game.Core.Tests.Combat.NeighbourModifierFightTests.Kind_DamageBonusOnCardWithoutDamageEffect_DoesNothing" methodname="Kind_DamageBonusOnCardWithoutDamageEffect_DoesNothing" classname="Game.Core.Tests.Combat.NeighbourModifierFightTests" runstate="Runnable" seed="1662765921" result="Passed" start-time="2026-10-08 22:17:54Z" end-time="2026-10-08 22:17:54Z" duration="0.000583" asserts="0">
                  <properties>
                    <property name="retryIteration" value="0" />
                    <property name="repeatIteration" value="0" />
                  </properties>
                </test-case>
                <test-case id="1695" name="Kind_HealBonus_AddsToHealing" fullname="Game.Core.Tests.Combat.NeighbourModifierFightTests.Kind_HealBonus_AddsToHealing" methodname="Kind_HealBonus_AddsToHealing" classname="Game.Core.Tests.Combat.NeighbourModifierFightTests" runstate="Runnable" seed="1793597974" result="Passed" start-time="2026-10-08 22:17:54Z" end-time="2026-10-08 22:17:54Z" duration="0.000335" asserts="0">
                  <properties>
                    <property name="retryIteration" value="0" />
                    <property name="repeatIteration" value="0" />
                  </properties>
                </test-case>
                <test-case id="1697" name="Kind_OnlyMatchingBonusApplies" fullname="Game.Core.Tests.Combat.NeighbourModifierFightTests.Kind_OnlyMatchingBonusApplies" methodname="Kind_OnlyMatchingBonusApplies" classname="Game.Core.Tests.Combat.NeighbourModifierFightTests" runstate="Runnable" seed="951606411" result="Passed" start-time="2026-10-08 22:17:54Z" end-time="2026-10-08 22:17:54Z" duration="0.000382" asserts="0">
                  <properties>
                    <property name="retryIteration" value="0" />
                    <property name="repeatIteration" value="0" />
                  </properties>
                </test-case>
                <test-case id="1696" name="Kind_ShieldBonus_AddsToShield" fullname="Game.Core.Tests.Combat.NeighbourModifierFightTests.Kind_ShieldBonus_AddsToShield" methodname="Kind_ShieldBonus_AddsToShield" classname="Game.Core.Tests.Combat.NeighbourModifierFightTests" runstate="Runnable" seed="777255443" result="Passed" start-time="2026-10-08 22:17:54Z" end-time="2026-10-08 22:17:54Z" duration="0.000293" asserts="0">
                  <properties>
                    <property name="retryIteration" value="0" />
                    <property name="repeatIteration" value="0" />
                  </properties>
                </test-case>
                <test-case id="1689" name="Looping_BonusUsedUpByOneCast_GrantedAgainEachLoopWithoutAccumulating" fullname="Game.Core.Tests.Combat.NeighbourModifierFightTests.Looping_BonusUsedUpByOneCast_GrantedAgainEachLoopWithoutAccumulating" methodname="Looping_BonusUsedUpByOneCast_GrantedAgainEachLoopWithoutAccumulating" classname="Game.Core.Tests.Combat.NeighbourModifierFightTests" runstate="Runnable" seed="1801106152" result="Passed" start-time="2026-10-08 22:17:54Z" end-time="2026-10-08 22:17:54Z" duration="0.000333" asserts="0">
                  <properties>
                    <property name="retryIteration" value="0" />
                    <property name="repeatIteration" value="0" />
                  </properties>
                </test-case>
                <test-case id="1690" name="Looping_SameCardAtTwoPositions_BonusTrackedPerPosition" fullname="Game.Core.Tests.Combat.NeighbourModifierFightTests.Looping_SameCardAtTwoPositions_BonusTrackedPerPosition" methodname="Looping_SameCardAtTwoPositions_BonusTrackedPerPosition" classname="Game.Core.Tests.Combat.NeighbourModifierFightTests" runstate="Runnable" seed="1287867374" result="Passed" start-time="2026-10-08 22:17:54Z" end-time="2026-10-08 22:17:54Z" duration="0.000335" asserts="0">
                  <properties>
                    <property name="retryIteration" value="0" />
                    <property name="repeatIteration" value="0" />
                  </properties>
                </test-case>
                <test-case id="1682" name="Next_ModifierOnCard_BoostsNextCardOnly" fullname="Game.Core.Tests.Combat.NeighbourModifierFightTests.Next_ModifierOnCard_BoostsNextCardOnly" methodname="Next_ModifierOnCard_BoostsNextCardOnly" classname="Game.Core.Tests.Combat.NeighbourModifierFightTests" runstate="Runnable" seed="1409704458" result="Passed" start-time="2026-10-08 22:17:54Z" end-time="2026-10-08 22:17:54Z" duration="0.000325" asserts="0">
                  <properties>
                    <property name="retryIteration" value="0" />
                    <property name="repeatIteration" value="0" />
                  </properties>
                </test-case>
                <test-case id="1684" name="Next_ModifierOnLastCard_BoostsFirstCard" fullname="Game.Core.Tests.Combat.NeighbourModifierFightTests.Next_ModifierOnLastCard_BoostsFirstCard" methodname="Next_ModifierOnLastCard_BoostsFirstCard" classname="Game.Core.Tests.Combat.NeighbourModifierFightTests" runstate="Runnable" seed="1638365014" result="Passed" start-time="2026-10-08 22:17:54Z" end-time="2026-10-08 22:17:54Z" duration="0.000329" asserts="0">
                  <properties>
                    <property name="retryIteration" value="0" />
                    <property name="repeatIteration" value="0" />
                  </properties>
                </test-case>
                <test-case id="1683" name="Previous_ModifierOnCard_BoostsPreviousCardOnNextLoop" fullname="Game.Core.Tests.Combat.NeighbourModifierFightTests.Previous_ModifierOnCard_BoostsPreviousCardOnNextLoop" methodname="Previous_ModifierOnCard_BoostsPreviousCardOnNextLoop" classname="Game.Core.Tests.Combat.NeighbourModifierFightTests" runstate="Runnable" seed="1605124388" result="Passed" start-time="2026-10-08 22:17:54Z" end-time="2026-10-08 22:17:54Z" duration="0.000364" asserts="0">
                  <properties>
                    <property name="retryIteration" value="0" />
                    <property name="repeatIteration" value="0" />
                  </properties>
                </test-case>
                <test-case id="1685" name="Previous_ModifierOnFirstCard_BoostsLastCard" fullname="Game.Core.Tests.Combat.NeighbourModifierFightTests.Previous_ModifierOnFirstCard_BoostsLastCard" methodname="Previous_ModifierOnFirstCard_BoostsLastCard" classname="Game.Core.Tests.Combat.NeighbourModifierFightTests" runstate="Runnable" seed="556484181" result="Passed" start-time="2026-10-08 22:17:54Z" end-time="2026-10-08 22:17:54Z" duration="0.000319" asserts="0">
                  <properties>
                    <property name="retryIteration" value="0" />
                    <property name="repeatIteration" value="0" />
                  </properties>
                </test-case>
                <test-suite type="ParameterizedMethod" id="1688" name="SingleCardLine_Modifier_BoostsItsOwnNextCast" fullname="Game.Core.Tests.Combat.NeighbourModifierFightTests.SingleCardLine_Modifier_BoostsItsOwnNextCast" classname="Game.Core.Tests.Combat.NeighbourModifierFightTests" runstate="Runnable" testcasecount="2" result="Passed" start-time="2026-10-08 22:17:54Z" end-time="2026-10-08 22:17:54Z" duration="0.000956" total="2" passed="2" failed="0" inconclusive="0" skipped="0" asserts="0">
                  <properties />
                  <test-case id="1686" name="SingleCardLine_Modifier_BoostsItsOwnNextCast(Next)" fullname="Game.Core.Tests.Combat.NeighbourModifierFightTests.SingleCardLine_Modifier_BoostsItsOwnNextCast(Next)" methodname="SingleCardLine_Modifier_BoostsItsOwnNextCast" classname="Game.Core.Tests.Combat.NeighbourModifierFightTests" runstate="Runnable" seed="908918686" result="Passed" start-time="2026-10-08 22:17:54Z" end-time="2026-10-08 22:17:54Z" duration="0.000270" asserts="0">
                    <properties>
                      <property name="retryIteration" value="0" />
                      <property name="repeatIteration" value="0" />
                    </properties>
                  </test-case>
                  <test-case id="1687" name="SingleCardLine_Modifier_BoostsItsOwnNextCast(Previous)" fullname="Game.Core.Tests.Combat.NeighbourModifierFightTests.SingleCardLine_Modifier_BoostsItsOwnNextCast(Previous)" methodname="SingleCardLine_Modifier_BoostsItsOwnNextCast" classname="Game.Core.Tests.Combat.NeighbourModifierFightTests" runstate="Runnable" seed="1866759561" result="Passed" start-time="2026-10-08 22:17:54Z" end-time="2026-10-08 22:17:54Z" duration="0.000113" asserts="0">
                    <properties>
                      <property name="retryIteration" value="0" />
                      <property name="repeatIteration" value="0" />
                    </properties>
                  </test-case>
                </test-suite>
                <test-case id="1692" name="Stacking_ModifiersFromBothNeighbours_AddUpOnSameCast" fullname="Game.Core.Tests.Combat.NeighbourModifierFightTests.Stacking_ModifiersFromBothNeighbours_AddUpOnSameCast" methodname="Stacking_ModifiersFromBothNeighbours_AddUpOnSameCast" classname="Game.Core.Tests.Combat.NeighbourModifierFightTests" runstate="Runnable" seed="1826615453" result="Passed" start-time="2026-10-08 22:17:54Z" end-time="2026-10-08 22:17:54Z" duration="0.000351" asserts="0">
                  <properties>
                    <property name="retryIteration" value="0" />
                    <property name="repeatIteration" value="0" />
                  </properties>
                </test-case>
                <test-case id="1691" name="Stacking_SeveralModifiersOnOneCard_AddUp" fullname="Game.Core.Tests.Combat.NeighbourModifierFightTests.Stacking_SeveralModifiersOnOneCard_AddUp" methodname="Stacking_SeveralModifiersOnOneCard_AddUp" classname="Game.Core.Tests.Combat.NeighbourModifierFightTests" runstate="Runnable" seed="814440927" result="Passed" start-time="2026-10-08 22:17:54Z" end-time="2026-10-08 22:17:54Z" duration="0.000289" asserts="0">
                  <properties>
                    <property name="retryIteration" value="0" />
                    <property name="repeatIteration" value="0" />
                  </properties>
                </test-case>
                <test-case id="1693" name="Stacking_TwoCardLineWithNextAndPrevious_BothReachTheOtherCard" fullname="Game.Core.Tests.Combat.NeighbourModifierFightTests.Stacking_TwoCardLineWithNextAndPrevious_BothReachTheOtherCard" methodname="Stacking_TwoCardLineWithNextAndPrevious_BothReachTheOtherCard" classname="Game.Core.Tests.Combat.NeighbourModifierFightTests" runstate="Runnable" seed="1931955346" result="Passed" start-time="2026-10-08 22:17:54Z" end-time="2026-10-08 22:17:54Z" duration="0.000301" asserts="0">
                  <properties>
                    <property name="retryIteration" value="0" />
                    <property name="repeatIteration" value="0" />
                  </properties>
                </test-case>
              </test-suite>
              <test-suite type="TestSuite" id="1867" name="Recap" fullname="Game.Core.Tests.Combat.Recap" runstate="Runnable" testcasecount="25" result="Passed" start-time="2026-10-08 22:17:54Z" end-time="2026-10-08 22:17:54Z" duration="0.034697" total="25" passed="25" failed="0" inconclusive="0" skipped="0" asserts="0">
                <properties />
                <test-suite type="TestFixture" id="1707" name="FightRecapBuilderTests" fullname="Game.Core.Tests.Combat.Recap.FightRecapBuilderTests" classname="Game.Core.Tests.Combat.Recap.FightRecapBuilderTests" runstate="Runnable" testcasecount="25" result="Passed" start-time="2026-10-08 22:17:54Z" end-time="2026-10-08 22:17:54Z" duration="0.034240" total="25" passed="25" failed="0" inconclusive="0" skipped="0" asserts="0">
                  <properties />
                  <test-case id="1714" name="Build_CardOnlyInLog_AddedAfterStartingLine" fullname="Game.Core.Tests.Combat.Recap.FightRecapBuilderTests.Build_CardOnlyInLog_AddedAfterStartingLine" methodname="Build_CardOnlyInLog_AddedAfterStartingLine" classname="Game.Core.Tests.Combat.Recap.FightRecapBuilderTests" runstate="Runnable" seed="181206448" result="Passed" start-time="2026-10-08 22:17:54Z" end-time="2026-10-08 22:17:54Z" duration="0.002833" asserts="0">
                    <properties>
                      <property name="retryIteration" value="0" />
                      <property name="repeatIteration" value="0" />
                    </properties>
                  </test-case>
                  <test-case id="1712" name="Build_CardTotals_CountCastsAndOutputByPosition" fullname="Game.Core.Tests.Combat.Recap.FightRecapBuilderTests.Build_CardTotals_CountCastsAndOutputByPosition" methodname="Build_CardTotals_CountCastsAndOutputByPosition" classname="Game.Core.Tests.Combat.Recap.FightRecapBuilderTests" runstate="Runnable" seed="1497301745" result="Passed" start-time="2026-10-08 22:17:54Z" end-time="2026-10-08 22:17:54Z" duration="0.002095" asserts="0">
                    <properties>
                      <property name="retryIteration" value="0" />
                      <property name="repeatIteration" value="0" />
                    </properties>
                  </test-case>
                  <test-case id="1713" name="Build_CombatantsInFightOrder_HeroFirst" fullname="Game.Core.Tests.Combat.Recap.FightRecapBuilderTests.Build_CombatantsInFightOrder_HeroFirst" methodname="Build_CombatantsInFightOrder_HeroFirst" classname="Game.Core.Tests.Combat.Recap.FightRecapBuilderTests" runstate="Runnable" seed="662961255" result="Passed" start-time="2026-10-08 22:17:54Z" end-time="2026-10-08 22:17:54Z" duration="0.001299" asserts="0">
                    <properties>
                      <property name="retryIteration" value="0" />
                      <property name="repeatIteration" value="0" />
                    </properties>
                  </test-case>
                  <test-case id="1721" name="Build_DeadEnemy_CountsWithZeroHealthAgainstItsMaxHealth" fullname="Game.Core.Tests.Combat.Recap.FightRecapBuilderTests.Build_DeadEnemy_CountsWithZeroHealthAgainstItsMaxHealth" methodname="Build_DeadEnemy_CountsWithZeroHealthAgainstItsMaxHealth" classname="Game.Core.Tests.Combat.Recap.FightRecapBuilderTests" runstate="Runnable" seed="1151601557" result="Passed" start-time="2026-10-08 22:17:54Z" end-time="2026-10-08 22:17:54Z" duration="0.002968" asserts="0">
                    <properties>
                      <property name="retryIteration" value="0" />
                      <property name="repeatIteration" value="0" />
                    </properties>
                  </test-case>
                  <test-case id="1718" name="Build_FallsBehindOnTick1AndStays_TurningPointIs1" fullname="Game.Core.Tests.Combat.Recap.FightRecapBuilderTests.Build_FallsBehindOnTick1AndStays_TurningPointIs1" methodname="Build_FallsBehindOnTick1AndStays_TurningPointIs1" classname="Game.Core.Tests.Combat.Recap.FightRecapBuilderTests" runstate="Runnable" seed="84739119" result="Passed" start-time="2026-10-08 22:17:54Z" end-time="2026-10-08 22:17:54Z" duration="0.000314" asserts="0">
                    <properties>
                      <property name="retryIteration" value="0" />
                      <property name="repeatIteration" value="0" />
                    </properties>
                  </test-case>
                  <test-case id="1725" name="Build_GoldenDefeatAgainstTwoEnemies_FullRecap" fullname="Game.Core.Tests.Combat.Recap.FightRecapBuilderTests.Build_GoldenDefeatAgainstTwoEnemies_FullRecap" methodname="Build_GoldenDefeatAgainstTwoEnemies_FullRecap" classname="Game.Core.Tests.Combat.Recap.FightRecapBuilderTests" runstate="Runnable" seed="1076842201" result="Passed" start-time="2026-10-08 22:17:54Z" end-time="2026-10-08 22:17:54Z" duration="0.008504" asserts="0">
                    <properties>
                      <property name="retryIteration" value="0" />
                      <property name="repeatIteration" value="0" />
                    </properties>
                  </test-case>
                  <test-case id="1717" name="Build_GoldenFight_CardTotalsMatchLogEvents" fullname="Game.Core.Tests.Combat.Recap.FightRecapBuilderTests.Build_GoldenFight_CardTotalsMatchLogEvents" methodname="Build_GoldenFight_CardTotalsMatchLogEvents" classname="Game.Core.Tests.Combat.Recap.FightRecapBuilderTests" runstate="Runnable" seed="1086242855" result="Passed" start-time="2026-10-08 22:17:54Z" end-time="2026-10-08 22:17:54Z" duration="0.002322" asserts="0">
                    <properties>
                      <property name="retryIteration" value="0" />
                      <property name="repeatIteration" value="0" />
                    </properties>
                  </test-case>
                  <test-case id="1719" name="Build_HeroAheadThenBehind_TurningPointIsWhenItFellBehind" fullname="Game.Core.Tests.Combat.Recap.FightRecapBuilderTests.Build_HeroAheadThenBehind_TurningPointIsWhenItFellBehind" methodname="Build_HeroAheadThenBehind_TurningPointIsWhenItFellBehind" classname="Game.Core.Tests.Combat.Recap.FightRecapBuilderTests" runstate="Runnable" seed="948908776" result="Passed" start-time="2026-10-08 22:17:54Z" end-time="2026-10-08 22:17:54Z" duration="0.000363" asserts="0">
                    <properties>
                      <property name="retryIteration" value="0" />
                      <property name="repeatIteration" value="0" />
                    </properties>
                  </test-case>
                  <test-case id="1727" name="Build_HeroRecoversThenFallsBehindAgain_TurningPointIsTheLastFall" fullname="Game.Core.Tests.Combat.Recap.FightRecapBuilderTests.Build_HeroRecoversThenFallsBehindAgain_TurningPointIsTheLastFall" methodname="Build_HeroRecoversThenFallsBehindAgain_TurningPointIsTheLastFall" classname="Game.Core.Tests.Combat.Recap.FightRecapBuilderTests" runstate="Runnable" seed="1242990086" result="Passed" start-time="2026-10-08 22:17:54Z" end-time="2026-10-08 22:17:54Z" duration="0.000421" asserts="0">
                    <properties>
                      <property name="retryIteration" value="0" />
                      <property name="repeatIteration" value="0" />
                    </properties>
                  </test-case>
                  <test-case id="1709" name="Build_HeroWins_VictoryWithoutDefeatAnalysis" fullname="Game.Core.Tests.Combat.Recap.FightRecapBuilderTests.Build_HeroWins_VictoryWithoutDefeatAnalysis" methodname="Build_HeroWins_VictoryWithoutDefeatAnalysis" classname="Game.Core.Tests.Combat.Recap.FightRecapBuilderTests" runstate="Runnable" seed="2145336437" result="Passed" start-time="2026-10-08 22:17:54Z" end-time="2026-10-08 22:17:54Z" duration="0.000376" asserts="0">
                    <properties>
                      <property name="retryIteration" value="0" />
                      <property name="repeatIteration" value="0" />
                    </properties>
                  </test-case>
                  <test-case id="1726" name="Build_HeroWoundedAtStart_TurningPointIsTick0" fullname="Game.Core.Tests.Combat.Recap.FightRecapBuilderTests.Build_HeroWoundedAtStart_TurningPointIsTick0" methodname="Build_HeroWoundedAtStart_TurningPointIsTick0" classname="Game.Core.Tests.Combat.Recap.FightRecapBuilderTests" runstate="Runnable" seed="939433453" result="Passed" start-time="2026-10-08 22:17:54Z" end-time="2026-10-08 22:17:54Z" duration="0.000360" asserts="0">
                    <properties>
                      <property name="retryIteration" value="0" />
                      <property name="repeatIteration" value="0" />
                    </properties>
                  </test-case>
                  <test-case id="1731" name="Build_LessThanTwoCombatants_Throws" fullname="Game.Core.Tests.Combat.Recap.FightRecapBuilderTests.Build_LessThanTwoCombatants_Throws" methodname="Build_LessThanTwoCombatants_Throws" classname="Game.Core.Tests.Combat.Recap.FightRecapBuilderTests" runstate="Runnable" seed="159096034" result="Passed" start-time="2026-10-08 22:17:54Z" end-time="2026-10-08 22:17:54Z" duration="0.000334" asserts="0">
                    <properties>
                      <property name="retryIteration" value="0" />
                      <property name="repeatIteration" value="0" />
                    </properties>
                  </test-case>
                  <test-case id="1730" name="Build_LogWithoutEvents_TimeLimitWithZeroCasts" fullname="Game.Core.Tests.Combat.Recap.FightRecapBuilderTests.Build_LogWithoutEvents_TimeLimitWithZeroCasts" methodname="Build_LogWithoutEvents_TimeLimitWithZeroCasts" classname="Game.Core.Tests.Combat.Recap.FightRecapBuilderTests" runstate="Runnable" seed="238474863" result="Passed" start-time="2026-10-08 22:17:54Z" end-time="2026-10-08 22:17:54Z" duration="0.000317" asserts="0">
                    <properties>
                      <property name="retryIteration" value="0" />
                      <property name="repeatIteration" value="0" />
                    </properties>
                  </test-case>
                  <test-case id="1722" name="Build_NoWasteNoShield_MainCauseIsWeakestCard" fullname="Game.Core.Tests.Combat.Recap.FightRecapBuilderTests.Build_NoWasteNoShield_MainCauseIsWeakestCard" methodname="Build_NoWasteNoShield_MainCauseIsWeakestCard" classname="Game.Core.Tests.Combat.Recap.FightRecapBuilderTests" runstate="Runnable" seed="966683766" result="Passed" start-time="2026-10-08 22:17:54Z" end-time="2026-10-08 22:17:54Z" duration="0.000540" asserts="0">
                    <properties>
                      <property name="retryIteration" value="0" />
                      <property name="repeatIteration" value="0" />
                    </properties>
                  </test-case>
                  <test-case id="1708" name="Build_NullLog_Throws" fullname="Game.Core.Tests.Combat.Recap.FightRecapBuilderTests.Build_NullLog_Throws" methodname="Build_NullLog_Throws" classname="Game.Core.Tests.Combat.Recap.FightRecapBuilderTests" runstate="Runnable" seed="471775916" result="Passed" start-time="2026-10-08 22:17:54Z" end-time="2026-10-08 22:17:54Z" duration="0.000244" asserts="0">
                    <properties>
                      <property name="retryIteration" value="0" />
                      <property name="repeatIteration" value="0" />
                    </properties>
                  </test-case>
                  <test-case id="1732" name="Build_SameLog_SameRecap" fullname="Game.Core.Tests.Combat.Recap.FightRecapBuilderTests.Build_SameLog_SameRecap" methodname="Build_SameLog_SameRecap" classname="Game.Core.Tests.Combat.Recap.FightRecapBuilderTests" runstate="Runnable" seed="1185274289" result="Passed" start-time="2026-10-08 22:17:54Z" end-time="2026-10-08 22:17:54Z" duration="0.002495" asserts="0">
                    <properties>
                      <property name="retryIteration" value="0" />
                      <property name="repeatIteration" value="0" />
                    </properties>
                  </test-case>
                  <test-case id="1723" name="Build_ShieldBrokenAtTurningPoint_MainCauseIsShieldBroken" fullname="Game.Core.Tests.Combat.Recap.FightRecapBuilderTests.Build_ShieldBrokenAtTurningPoint_MainCauseIsShieldBroken" methodname="Build_ShieldBrokenAtTurningPoint_MainCauseIsShieldBroken" classname="Game.Core.Tests.Combat.Recap.FightRecapBuilderTests" runstate="Runnable" seed="1292350365" result="Passed" start-time="2026-10-08 22:17:54Z" end-time="2026-10-08 22:17:54Z" duration="0.000438" asserts="0">
                    <properties>
                      <property name="retryIteration" value="0" />
                      <property name="repeatIteration" value="0" />
                    </properties>
                  </test-case>
                  <test-case id="1720" name="Build_StrongerEnemy_ComparesHealthSharesNotRawHealth" fullname="Game.Core.Tests.Combat.Recap.FightRecapBuilderTests.Build_StrongerEnemy_ComparesHealthSharesNotRawHealth" methodname="Build_StrongerEnemy_ComparesHealthSharesNotRawHealth" classname="Game.Core.Tests.Combat.Recap.FightRecapBuilderTests" runstate="Runnable" seed="833749536" result="Passed" start-time="2026-10-08 22:17:54Z" end-time="2026-10-08 22:17:54Z" duration="0.000308" asserts="0">
                    <properties>
                      <property name="retryIteration" value="0" />
                      <property name="repeatIteration" value="0" />
                    </properties>
                  </test-case>
                  <test-case id="1728" name="Build_TimeLimitAfterHeroCameBack_NoDefeatAnalysis" fullname="Game.Core.Tests.Combat.Recap.FightRecapBuilderTests.Build_TimeLimitAfterHeroCameBack_NoDefeatAnalysis" methodname="Build_TimeLimitAfterHeroCameBack_NoDefeatAnalysis" classname="Game.Core.Tests.Combat.Recap.FightRecapBuilderTests" runstate="Runnable" seed="503733557" result="Passed" start-time="2026-10-08 22:17:54Z" end-time="2026-10-08 22:17:54Z" duration="0.000221" asserts="0">
                    <properties>
                      <property name="retryIteration" value="0" />
                      <property name="repeatIteration" value="0" />
                    </properties>
                  </test-case>
                  <test-case id="1710" name="Build_TimeLimitWithHeroAhead_SaysOutOfTimeWithoutTurningPoint" fullname="Game.Core.Tests.Combat.Recap.FightRecapBuilderTests.Build_TimeLimitWithHeroAhead_SaysOutOfTimeWithoutTurningPoint" methodname="Build_TimeLimitWithHeroAhead_SaysOutOfTimeWithoutTurningPoint" classname="Game.Core.Tests.Combat.Recap.FightRecapBuilderTests" runstate="Runnable" seed="462533994" result="Passed" start-time="2026-10-08 22:17:54Z" end-time="2026-10-08 22:17:54Z" duration="0.000305" asserts="0">
                    <properties>
                      <property name="retryIteration" value="0" />
                      <property name="repeatIteration" value="0" />
                    </properties>
                  </test-case>
                  <test-case id="1711" name="Build_TimeLimitWithHeroBehind_HasDefeatAnalysis" fullname="Game.Core.Tests.Combat.Recap.FightRecapBuilderTests.Build_TimeLimitWithHeroBehind_HasDefeatAnalysis" methodname="Build_TimeLimitWithHeroBehind_HasDefeatAnalysis" classname="Game.Core.Tests.Combat.Recap.FightRecapBuilderTests" runstate="Runnable" seed="806931491" result="Passed" start-time="2026-10-08 22:17:54Z" end-time="2026-10-08 22:17:54Z" duration="0.000263" asserts="0">
                    <properties>
                      <property name="retryIteration" value="0" />
                      <property name="repeatIteration" value="0" />
                    </properties>
                  </test-case>
                  <test-case id="1715" name="Build_UsedBonus_CountedOnReceivingCard" fullname="Game.Core.Tests.Combat.Recap.FightRecapBuilderTests.Build_UsedBonus_CountedOnReceivingCard" methodname="Build_UsedBonus_CountedOnReceivingCard" classname="Game.Core.Tests.Combat.Recap.FightRecapBuilderTests" runstate="Runnable" seed="877679412" result="Passed" start-time="2026-10-08 22:17:54Z" end-time="2026-10-08 22:17:54Z" duration="0.000575" asserts="0">
                    <properties>
                      <property name="retryIteration" value="0" />
                      <property name="repeatIteration" value="0" />
                    </properties>
                  </test-case>
                  <test-case id="1716" name="Build_WastedBonus_ListedWithReason" fullname="Game.Core.Tests.Combat.Recap.FightRecapBuilderTests.Build_WastedBonus_ListedWithReason" methodname="Build_WastedBonus_ListedWithReason" classname="Game.Core.Tests.Combat.Recap.FightRecapBuilderTests" runstate="Runnable" seed="1822558454" result="Passed" start-time="2026-10-08 22:17:54Z" end-time="2026-10-08 22:17:54Z" duration="0.001648" asserts="0">
                    <properties>
                      <property name="retryIteration" value="0" />
                      <property name="repeatIteration" value="0" />
                    </properties>
                  </test-case>
                  <test-case id="1724" name="Build_WastedBonusInLoop_IsMainCause_ShieldBrokenAfterTurningPointIgnored" fullname="Game.Core.Tests.Combat.Recap.FightRecapBuilderTests.Build_WastedBonusInLoop_IsMainCause_ShieldBrokenAfterTurningPointIgnored" methodname="Build_WastedBonusInLoop_IsMainCause_ShieldBrokenAfterTurningPointIgnored" classname="Game.Core.Tests.Combat.Recap.FightRecapBuilderTests" runstate="Runnable" seed="1600326320" result="Passed" start-time="2026-10-08 22:17:54Z" end-time="2026-10-08 22:17:54Z" duration="0.000609" asserts="0">
                    <properties>
                      <property name="retryIteration" value="0" />
                      <property name="repeatIteration" value="0" />
                    </properties>
                  </test-case>
                  <test-case id="1729" name="Build_WeakestCardTie_LowestPositionWins" fullname="Game.Core.Tests.Combat.Recap.FightRecapBuilderTests.Build_WeakestCardTie_LowestPositionWins" methodname="Build_WeakestCardTie_LowestPositionWins" classname="Game.Core.Tests.Combat.Recap.FightRecapBuilderTests" runstate="Runnable" seed="746255697" result="Passed" start-time="2026-10-08 22:17:54Z" end-time="2026-10-08 22:17:54Z" duration="0.000404" asserts="0">
                    <properties>
                      <property name="retryIteration" value="0" />
                      <property name="repeatIteration" value="0" />
                    </properties>
                  </test-case>
                </test-suite>
              </test-suite>
            </test-suite>
            <test-suite type="TestSuite" id="1865" name="Effects" fullname="Game.Core.Tests.Effects" runstate="Runnable" testcasecount="67" result="Passed" start-time="2026-10-08 22:17:54Z" end-time="2026-10-08 22:17:54Z" duration="0.028496" total="67" passed="67" failed="0" inconclusive="0" skipped="0" asserts="0">
              <properties />
              <test-suite type="TestFixture" id="1456" name="AmountEffectTests" fullname="Game.Core.Tests.Effects.AmountEffectTests" classname="Game.Core.Tests.Effects.AmountEffectTests" runstate="Runnable" testcasecount="9" result="Passed" start-time="2026-10-08 22:17:54Z" end-time="2026-10-08 22:17:54Z" duration="0.003668" total="9" passed="9" failed="0" inconclusive="0" skipped="0" asserts="0">
                <properties />
                <test-suite type="ParameterizedMethod" id="1460" name="Kind_MatchesTheBonusTheEffectConsumes" fullname="Game.Core.Tests.Effects.AmountEffectTests.Kind_MatchesTheBonusTheEffectConsumes" classname="Game.Core.Tests.Effects.AmountEffectTests" runstate="Runnable" testcasecount="3" result="Passed" start-time="2026-10-08 22:17:54Z" end-time="2026-10-08 22:17:54Z" duration="0.001090" total="3" passed="3" failed="0" inconclusive="0" skipped="0" asserts="0">
                  <properties />
                  <test-case id="1457" name="Kind_MatchesTheBonusTheEffectConsumes(Damage)" fullname="Game.Core.Tests.Effects.AmountEffectTests.Kind_MatchesTheBonusTheEffectConsumes(Damage)" methodname="Kind_MatchesTheBonusTheEffectConsumes" classname="Game.Core.Tests.Effects.AmountEffectTests" runstate="Runnable" seed="1840191337" result="Passed" start-time="2026-10-08 22:17:54Z" end-time="2026-10-08 22:17:54Z" duration="0.000291" asserts="0">
                    <properties>
                      <property name="retryIteration" value="0" />
                      <property name="repeatIteration" value="0" />
                    </properties>
                  </test-case>
                  <test-case id="1458" name="Kind_MatchesTheBonusTheEffectConsumes(Heal)" fullname="Game.Core.Tests.Effects.AmountEffectTests.Kind_MatchesTheBonusTheEffectConsumes(Heal)" methodname="Kind_MatchesTheBonusTheEffectConsumes" classname="Game.Core.Tests.Effects.AmountEffectTests" runstate="Runnable" seed="453271396" result="Passed" start-time="2026-10-08 22:17:54Z" end-time="2026-10-08 22:17:54Z" duration="0.000121" asserts="0">
                    <properties>
                      <property name="retryIteration" value="0" />
                      <property name="repeatIteration" value="0" />
                    </properties>
                  </test-case>
                  <test-case id="1459" name="Kind_MatchesTheBonusTheEffectConsumes(Shield)" fullname="Game.Core.Tests.Effects.AmountEffectTests.Kind_MatchesTheBonusTheEffectConsumes(Shield)" methodname="Kind_MatchesTheBonusTheEffectConsumes" classname="Game.Core.Tests.Effects.AmountEffectTests" runstate="Runnable" seed="8690184" result="Passed" start-time="2026-10-08 22:17:54Z" end-time="2026-10-08 22:17:54Z" duration="0.000120" asserts="0">
                    <properties>
                      <property name="retryIteration" value="0" />
                      <property name="repeatIteration" value="0" />
                    </properties>
                  </test-case>
                </test-suite>
                <test-suite type="ParameterizedMethod" id="1468" name="WithAmount_Negative_Throws" fullname="Game.Core.Tests.Effects.AmountEffectTests.WithAmount_Negative_Throws" classname="Game.Core.Tests.Effects.AmountEffectTests" runstate="Runnable" testcasecount="3" result="Passed" start-time="2026-10-08 22:17:54Z" end-time="2026-10-08 22:17:54Z" duration="0.001096" total="3" passed="3" failed="0" inconclusive="0" skipped="0" asserts="0">
                  <properties />
                  <test-case id="1465" name="WithAmount_Negative_Throws(Damage)" fullname="Game.Core.Tests.Effects.AmountEffectTests.WithAmount_Negative_Throws(Damage)" methodname="WithAmount_Negative_Throws" classname="Game.Core.Tests.Effects.AmountEffectTests" runstate="Runnable" seed="518849815" result="Passed" start-time="2026-10-08 22:17:54Z" end-time="2026-10-08 22:17:54Z" duration="0.000323" asserts="0">
                    <properties>
                      <property name="retryIteration" value="0" />
                      <property name="repeatIteration" value="0" />
                    </properties>
                  </test-case>
                  <test-case id="1466" name="WithAmount_Negative_Throws(Heal)" fullname="Game.Core.Tests.Effects.AmountEffectTests.WithAmount_Negative_Throws(Heal)" methodname="WithAmount_Negative_Throws" classname="Game.Core.Tests.Effects.AmountEffectTests" runstate="Runnable" seed="278041924" result="Passed" start-time="2026-10-08 22:17:54Z" end-time="2026-10-08 22:17:54Z" duration="0.000160" asserts="0">
                    <properties>
                      <property name="retryIteration" value="0" />
                      <property name="repeatIteration" value="0" />
                    </properties>
                  </test-case>
                  <test-case id="1467" name="WithAmount_Negative_Throws(Shield)" fullname="Game.Core.Tests.Effects.AmountEffectTests.WithAmount_Negative_Throws(Shield)" methodname="WithAmount_Negative_Throws" classname="Game.Core.Tests.Effects.AmountEffectTests" runstate="Runnable" seed="2041292864" result="Passed" start-time="2026-10-08 22:17:54Z" end-time="2026-10-08 22:17:54Z" duration="0.000148" asserts="0">
                    <properties>
                      <property name="retryIteration" value="0" />
                      <property name="repeatIteration" value="0" />
                    </properties>
                  </test-case>
                </test-suite>
                <test-suite type="ParameterizedMethod" id="1464" name="WithAmount_ReturnsSameEffectTypeWithNewAmount" fullname="Game.Core.Tests.Effects.AmountEffectTests.WithAmount_ReturnsSameEffectTypeWithNewAmount" classname="Game.Core.Tests.Effects.AmountEffectTests" runstate="Runnable" testcasecount="3" result="Passed" start-time="2026-10-08 22:17:54Z" end-time="2026-10-08 22:17:54Z" duration="0.000917" total="3" passed="3" failed="0" inconclusive="0" skipped="0" asserts="0">
                  <properties />
                  <test-case id="1461" name="WithAmount_ReturnsSameEffectTypeWithNewAmount(Damage)" fullname="Game.Core.Tests.Effects.AmountEffectTests.WithAmount_ReturnsSameEffectTypeWithNewAmount(Damage)" methodname="WithAmount_ReturnsSameEffectTypeWithNewAmount" classname="Game.Core.Tests.Effects.AmountEffectTests" runstate="Runnable" seed="1476420767" result="Passed" start-time="2026-10-08 22:17:54Z" end-time="2026-10-08 22:17:54Z" duration="0.000204" asserts="0">
                    <properties>
                      <property name="retryIteration" value="0" />
                      <property name="repeatIteration" value="0" />
                    </properties>
                  </test-case>
                  <test-case id="1462" name="WithAmount_ReturnsSameEffectTypeWithNewAmount(Heal)" fullname="Game.Core.Tests.Effects.AmountEffectTests.WithAmount_ReturnsSameEffectTypeWithNewAmount(Heal)" methodname="WithAmount_ReturnsSameEffectTypeWithNewAmount" classname="Game.Core.Tests.Effects.AmountEffectTests" runstate="Runnable" seed="1365298883" result="Passed" start-time="2026-10-08 22:17:54Z" end-time="2026-10-08 22:17:54Z" duration="0.000125" asserts="0">
                    <properties>
                      <property name="retryIteration" value="0" />
                      <property name="repeatIteration" value="0" />
                    </properties>
                  </test-case>
                  <test-case id="1463" name="WithAmount_ReturnsSameEffectTypeWithNewAmount(Shield)" fullname="Game.Core.Tests.Effects.AmountEffectTests.WithAmount_ReturnsSameEffectTypeWithNewAmount(Shield)" methodname="WithAmount_ReturnsSameEffectTypeWithNewAmount" classname="Game.Core.Tests.Effects.AmountEffectTests" runstate="Runnable" seed="1811793091" result="Passed" start-time="2026-10-08 22:17:54Z" end-time="2026-10-08 22:17:54Z" duration="0.000129" asserts="0">
                    <properties>
                      <property name="retryIteration" value="0" />
                      <property name="repeatIteration" value="0" />
                    </properties>
                  </test-case>
                </test-suite>
              </test-suite>
              <test-suite type="TestFixture" id="1469" name="EffectBonusTests" fullname="Game.Core.Tests.Effects.EffectBonusTests" classname="Game.Core.Tests.Effects.EffectBonusTests" runstate="Runnable" testcasecount="23" result="Passed" start-time="2026-10-08 22:17:54Z" end-time="2026-10-08 22:17:54Z" duration="0.007872" total="23" passed="23" failed="0" inconclusive="0" skipped="0" asserts="0">
                <properties />
                <test-suite type="ParameterizedMethod" id="1474" name="Constructor_NegativeValue_Throws" fullname="Game.Core.Tests.Effects.EffectBonusTests.Constructor_NegativeValue_Throws" classname="Game.Core.Tests.Effects.EffectBonusTests" runstate="Runnable" testcasecount="3" result="Passed" start-time="2026-10-08 22:17:54Z" end-time="2026-10-08 22:17:54Z" duration="0.000989" total="3" passed="3" failed="0" inconclusive="0" skipped="0" asserts="0">
                  <properties />
                  <test-case id="1471" name="Constructor_NegativeValue_Throws(-1,0,0)" fullname="Game.Core.Tests.Effects.EffectBonusTests.Constructor_NegativeValue_Throws(-1,0,0)" methodname="Constructor_NegativeValue_Throws" classname="Game.Core.Tests.Effects.EffectBonusTests" runstate="Runnable" seed="30827142" result="Passed" start-time="2026-10-08 22:17:54Z" end-time="2026-10-08 22:17:54Z" duration="0.000386" asserts="0">
                    <properties>
                      <property name="retryIteration" value="0" />
                      <property name="repeatIteration" value="0" />
                    </properties>
                  </test-case>
                  <test-case id="1472" name="Constructor_NegativeValue_Throws(0,-1,0)" fullname="Game.Core.Tests.Effects.EffectBonusTests.Constructor_NegativeValue_Throws(0,-1,0)" methodname="Constructor_NegativeValue_Throws" classname="Game.Core.Tests.Effects.EffectBonusTests" runstate="Runnable" seed="1150015959" result="Passed" start-time="2026-10-08 22:17:54Z" end-time="2026-10-08 22:17:54Z" duration="0.000083" asserts="0">
                    <properties>
                      <property name="retryIteration" value="0" />
                      <property name="repeatIteration" value="0" />
                    </properties>
                  </test-case>
                  <test-case id="1473" name="Constructor_NegativeValue_Throws(0,0,-1)" fullname="Game.Core.Tests.Effects.EffectBonusTests.Constructor_NegativeValue_Throws(0,0,-1)" methodname="Constructor_NegativeValue_Throws" classname="Game.Core.Tests.Effects.EffectBonusTests" runstate="Runnable" seed="1925823102" result="Passed" start-time="2026-10-08 22:17:54Z" end-time="2026-10-08 22:17:54Z" duration="0.000078" asserts="0">
                    <properties>
                      <property name="retryIteration" value="0" />
                      <property name="repeatIteration" value="0" />
                    </properties>
                  </test-case>
                </test-suite>
                <test-case id="1470" name="Constructor_ValidValues_StoresEachValue" fullname="Game.Core.Tests.Effects.EffectBonusTests.Constructor_ValidValues_StoresEachValue" methodname="Constructor_ValidValues_StoresEachValue" classname="Game.Core.Tests.Effects.EffectBonusTests" runstate="Runnable" seed="1366798431" result="Passed" start-time="2026-10-08 22:17:54Z" end-time="2026-10-08 22:17:54Z" duration="0.000214" asserts="0">
                  <properties>
                    <property name="retryIteration" value="0" />
                    <property name="repeatIteration" value="0" />
                  </properties>
                </test-case>
                <test-suite type="ParameterizedMethod" id="1490" name="Get_Kind_ReturnsThatValue" fullname="Game.Core.Tests.Effects.EffectBonusTests.Get_Kind_ReturnsThatValue" classname="Game.Core.Tests.Effects.EffectBonusTests" runstate="Runnable" testcasecount="3" result="Passed" start-time="2026-10-08 22:17:54Z" end-time="2026-10-08 22:17:54Z" duration="0.000822" total="3" passed="3" failed="0" inconclusive="0" skipped="0" asserts="0">
                  <properties />
                  <test-case id="1487" name="Get_Kind_ReturnsThatValue(Damage,1)" fullname="Game.Core.Tests.Effects.EffectBonusTests.Get_Kind_ReturnsThatValue(Damage,1)" methodname="Get_Kind_ReturnsThatValue" classname="Game.Core.Tests.Effects.EffectBonusTests" runstate="Runnable" seed="745943622" result="Passed" start-time="2026-10-08 22:17:54Z" end-time="2026-10-08 22:17:54Z" duration="0.000174" asserts="0">
                    <properties>
                      <property name="retryIteration" value="0" />
                      <property name="repeatIteration" value="0" />
                    </properties>
                  </test-case>
                  <test-case id="1488" name="Get_Kind_ReturnsThatValue(Heal,2)" fullname="Game.Core.Tests.Effects.EffectBonusTests.Get_Kind_ReturnsThatValue(Heal,2)" methodname="Get_Kind_ReturnsThatValue" classname="Game.Core.Tests.Effects.EffectBonusTests" runstate="Runnable" seed="1830898815" result="Passed" start-time="2026-10-08 22:17:54Z" end-time="2026-10-08 22:17:54Z" duration="0.000077" asserts="0">
                    <properties>
                      <property name="retryIteration" value="0" />
                      <property name="repeatIteration" value="0" />
                    </properties>
                  </test-case>
                  <test-case id="1489" name="Get_Kind_ReturnsThatValue(Shield,3)" fullname="Game.Core.Tests.Effects.EffectBonusTests.Get_Kind_ReturnsThatValue(Shield,3)" methodname="Get_Kind_ReturnsThatValue" classname="Game.Core.Tests.Effects.EffectBonusTests" runstate="Runnable" seed="1900013440" result="Passed" start-time="2026-10-08 22:17:54Z" end-time="2026-10-08 22:17:54Z" duration="0.000114" asserts="0">
                    <properties>
                      <property name="retryIteration" value="0" />
                      <property name="repeatIteration" value="0" />
                    </properties>
                  </test-case>
                </test-suite>
                <test-case id="1491" name="Get_UnknownKind_Throws" fullname="Game.Core.Tests.Effects.EffectBonusTests.Get_UnknownKind_Throws" methodname="Get_UnknownKind_Throws" classname="Game.Core.Tests.Effects.EffectBonusTests" runstate="Runnable" seed="100289831" result="Passed" start-time="2026-10-08 22:17:54Z" end-time="2026-10-08 22:17:54Z" duration="0.000353" asserts="0">
                  <properties>
                    <property name="retryIteration" value="0" />
                    <property name="repeatIteration" value="0" />
                  </properties>
                </test-case>
                <test-case id="1476" name="IsNone_AllZero_IsTrue" fullname="Game.Core.Tests.Effects.EffectBonusTests.IsNone_AllZero_IsTrue" methodname="IsNone_AllZero_IsTrue" classname="Game.Core.Tests.Effects.EffectBonusTests" runstate="Runnable" seed="490899735" result="Passed" start-time="2026-10-08 22:17:54Z" end-time="2026-10-08 22:17:54Z" duration="0.000150" asserts="0">
                  <properties>
                    <property name="retryIteration" value="0" />
                    <property name="repeatIteration" value="0" />
                  </properties>
                </test-case>
                <test-suite type="ParameterizedMethod" id="1480" name="IsNone_AnyValueAboveZero_IsFalse" fullname="Game.Core.Tests.Effects.EffectBonusTests.IsNone_AnyValueAboveZero_IsFalse" classname="Game.Core.Tests.Effects.EffectBonusTests" runstate="Runnable" testcasecount="3" result="Passed" start-time="2026-10-08 22:17:54Z" end-time="2026-10-08 22:17:54Z" duration="0.000750" total="3" passed="3" failed="0" inconclusive="0" skipped="0" asserts="0">
                  <properties />
                  <test-case id="1477" name="IsNone_AnyValueAboveZero_IsFalse(1,0,0)" fullname="Game.Core.Tests.Effects.EffectBonusTests.IsNone_AnyValueAboveZero_IsFalse(1,0,0)" methodname="IsNone_AnyValueAboveZero_IsFalse" classname="Game.Core.Tests.Effects.EffectBonusTests" runstate="Runnable" seed="1867671797" result="Passed" start-time="2026-10-08 22:17:54Z" end-time="2026-10-08 22:17:54Z" duration="0.000147" asserts="0">
                    <properties>
                      <property name="retryIteration" value="0" />
                      <property name="repeatIteration" value="0" />
                    </properties>
                  </test-case>
                  <test-case id="1478" name="IsNone_AnyValueAboveZero_IsFalse(0,1,0)" fullname="Game.Core.Tests.Effects.EffectBonusTests.IsNone_AnyValueAboveZero_IsFalse(0,1,0)" methodname="IsNone_AnyValueAboveZero_IsFalse" classname="Game.Core.Tests.Effects.EffectBonusTests" runstate="Runnable" seed="314966516" result="Passed" start-time="2026-10-08 22:17:54Z" end-time="2026-10-08 22:17:54Z" duration="0.000063" asserts="0">
                    <properties>
                      <property name="retryIteration" value="0" />
                      <property name="repeatIteration" value="0" />
                    </properties>
                  </test-case>
                  <test-case id="1479" name="IsNone_AnyValueAboveZero_IsFalse(0,0,1)" fullname="Game.Core.Tests.Effects.EffectBonusTests.IsNone_AnyValueAboveZero_IsFalse(0,0,1)" methodname="IsNone_AnyValueAboveZero_IsFalse" classname="Game.Core.Tests.Effects.EffectBonusTests" runstate="Runnable" seed="753247190" result="Passed" start-time="2026-10-08 22:17:54Z" end-time="2026-10-08 22:17:54Z" duration="0.000056" asserts="0">
                    <properties>
                      <property name="retryIteration" value="0" />
                      <property name="repeatIteration" value="0" />
                    </properties>
                  </test-case>
                </test-suite>
                <test-case id="1475" name="None_IsAllZero" fullname="Game.Core.Tests.Effects.EffectBonusTests.None_IsAllZero" methodname="None_IsAllZero" classname="Game.Core.Tests.Effects.EffectBonusTests" runstate="Runnable" seed="842185134" result="Passed" start-time="2026-10-08 22:17:54Z" end-time="2026-10-08 22:17:54Z" duration="0.000167" asserts="0">
                  <properties>
                    <property name="retryIteration" value="0" />
                    <property name="repeatIteration" value="0" />
                  </properties>
                </test-case>
                <test-suite type="ParameterizedMethod" id="1484" name="Of_Kind_SetsOnlyThatValue" fullname="Game.Core.Tests.Effects.EffectBonusTests.Of_Kind_SetsOnlyThatValue" classname="Game.Core.Tests.Effects.EffectBonusTests" runstate="Runnable" testcasecount="3" result="Passed" start-time="2026-10-08 22:17:54Z" end-time="2026-10-08 22:17:54Z" duration="0.000825" total="3" passed="3" failed="0" inconclusive="0" skipped="0" asserts="0">
                  <properties />
                  <test-case id="1481" name="Of_Kind_SetsOnlyThatValue(Damage,4,0,0)" fullname="Game.Core.Tests.Effects.EffectBonusTests.Of_Kind_SetsOnlyThatValue(Damage,4,0,0)" methodname="Of_Kind_SetsOnlyThatValue" classname="Game.Core.Tests.Effects.EffectBonusTests" runstate="Runnable" seed="906599137" result="Passed" start-time="2026-10-08 22:17:54Z" end-time="2026-10-08 22:17:54Z" duration="0.000187" asserts="0">
                    <properties>
                      <property name="retryIteration" value="0" />
                      <property name="repeatIteration" value="0" />
                    </properties>
                  </test-case>
                  <test-case id="1482" name="Of_Kind_SetsOnlyThatValue(Heal,0,4,0)" fullname="Game.Core.Tests.Effects.EffectBonusTests.Of_Kind_SetsOnlyThatValue(Heal,0,4,0)" methodname="Of_Kind_SetsOnlyThatValue" classname="Game.Core.Tests.Effects.EffectBonusTests" runstate="Runnable" seed="1304856999" result="Passed" start-time="2026-10-08 22:17:54Z" end-time="2026-10-08 22:17:54Z" duration="0.000085" asserts="0">
                    <properties>
                      <property name="retryIteration" value="0" />
                      <property name="repeatIteration" value="0" />
                    </properties>
                  </test-case>
                  <test-case id="1483" name="Of_Kind_SetsOnlyThatValue(Shield,0,0,4)" fullname="Game.Core.Tests.Effects.EffectBonusTests.Of_Kind_SetsOnlyThatValue(Shield,0,0,4)" methodname="Of_Kind_SetsOnlyThatValue" classname="Game.Core.Tests.Effects.EffectBonusTests" runstate="Runnable" seed="418839471" result="Passed" start-time="2026-10-08 22:17:54Z" end-time="2026-10-08 22:17:54Z" duration="0.000081" asserts="0">
                    <properties>
                      <property name="retryIteration" value="0" />
                      <property name="repeatIteration" value="0" />
                    </properties>
                  </test-case>
                </test-suite>
                <test-case id="1486" name="Of_NegativeAmount_Throws" fullname="Game.Core.Tests.Effects.EffectBonusTests.Of_NegativeAmount_Throws" methodname="Of_NegativeAmount_Throws" classname="Game.Core.Tests.Effects.EffectBonusTests" runstate="Runnable" seed="1168536784" result="Passed" start-time="2026-10-08 22:17:54Z" end-time="2026-10-08 22:17:54Z" duration="0.000258" asserts="0">
                  <properties>
                    <property name="retryIteration" value="0" />
                    <property name="repeatIteration" value="0" />
                  </properties>
                </test-case>
                <test-case id="1485" name="Of_UnknownKind_Throws" fullname="Game.Core.Tests.Effects.EffectBonusTests.Of_UnknownKind_Throws" methodname="Of_UnknownKind_Throws" classname="Game.Core.Tests.Effects.EffectBonusTests" runstate="Runnable" seed="33515303" result="Passed" start-time="2026-10-08 22:17:54Z" end-time="2026-10-08 22:17:54Z" duration="0.000244" asserts="0">
                  <properties>
                    <property name="retryIteration" value="0" />
                    <property name="repeatIteration" value="0" />
                  </properties>
                </test-case>
                <test-case id="1497" name="Plus_Overflow_Throws" fullname="Game.Core.Tests.Effects.EffectBonusTests.Plus_Overflow_Throws" methodname="Plus_Overflow_Throws" classname="Game.Core.Tests.Effects.EffectBonusTests" runstate="Runnable" seed="1216034184" result="Passed" start-time="2026-10-08 22:17:54Z" end-time="2026-10-08 22:17:54Z" duration="0.000270" asserts="0">
                  <properties>
                    <property name="retryIteration" value="0" />
                    <property name="repeatIteration" value="0" />
                  </properties>
                </test-case>
                <test-case id="1496" name="Plus_SumsEachValue" fullname="Game.Core.Tests.Effects.EffectBonusTests.Plus_SumsEachValue" methodname="Plus_SumsEachValue" classname="Game.Core.Tests.Effects.EffectBonusTests" runstate="Runnable" seed="823138772" result="Passed" start-time="2026-10-08 22:17:54Z" end-time="2026-10-08 22:17:54Z" duration="0.000193" asserts="0">
                  <properties>
                    <property name="retryIteration" value="0" />
                    <property name="repeatIteration" value="0" />
                  </properties>
                </test-case>
                <test-suite type="ParameterizedMethod" id="1495" name="Without_Kind_ZeroesOnlyThatValue" fullname="Game.Core.Tests.Effects.EffectBonusTests.Without_Kind_ZeroesOnlyThatValue" classname="Game.Core.Tests.Effects.EffectBonusTests" runstate="Runnable" testcasecount="3" result="Passed" start-time="2026-10-08 22:17:54Z" end-time="2026-10-08 22:17:54Z" duration="0.000843" total="3" passed="3" failed="0" inconclusive="0" skipped="0" asserts="0">
                  <properties />
                  <test-case id="1492" name="Without_Kind_ZeroesOnlyThatValue(Damage,0,2,3)" fullname="Game.Core.Tests.Effects.EffectBonusTests.Without_Kind_ZeroesOnlyThatValue(Damage,0,2,3)" methodname="Without_Kind_ZeroesOnlyThatValue" classname="Game.Core.Tests.Effects.EffectBonusTests" runstate="Runnable" seed="162915025" result="Passed" start-time="2026-10-08 22:17:54Z" end-time="2026-10-08 22:17:54Z" duration="0.000200" asserts="0">
                    <properties>
                      <property name="retryIteration" value="0" />
                      <property name="repeatIteration" value="0" />
                    </properties>
                  </test-case>
                  <test-case id="1493" name="Without_Kind_ZeroesOnlyThatValue(Heal,1,0,3)" fullname="Game.Core.Tests.Effects.EffectBonusTests.Without_Kind_ZeroesOnlyThatValue(Heal,1,0,3)" methodname="Without_Kind_ZeroesOnlyThatValue" classname="Game.Core.Tests.Effects.EffectBonusTests" runstate="Runnable" seed="713704171" result="Passed" start-time="2026-10-08 22:17:54Z" end-time="2026-10-08 22:17:54Z" duration="0.000088" asserts="0">
                    <properties>
                      <property name="retryIteration" value="0" />
                      <property name="repeatIteration" value="0" />
                    </properties>
                  </test-case>
                  <test-case id="1494" name="Without_Kind_ZeroesOnlyThatValue(Shield,1,2,0)" fullname="Game.Core.Tests.Effects.EffectBonusTests.Without_Kind_ZeroesOnlyThatValue(Shield,1,2,0)" methodname="Without_Kind_ZeroesOnlyThatValue" classname="Game.Core.Tests.Effects.EffectBonusTests" runstate="Runnable" seed="755758983" result="Passed" start-time="2026-10-08 22:17:54Z" end-time="2026-10-08 22:17:54Z" duration="0.000084" asserts="0">
                    <properties>
                      <property name="retryIteration" value="0" />
                      <property name="repeatIteration" value="0" />
                    </properties>
                  </test-case>
                </test-suite>
              </test-suite>
              <test-suite type="TestFixture" id="1498" name="EffectTests" fullname="Game.Core.Tests.Effects.EffectTests" classname="Game.Core.Tests.Effects.EffectTests" runstate="Runnable" testcasecount="35" result="Passed" start-time="2026-10-08 22:17:54Z" end-time="2026-10-08 22:17:54Z" duration="0.016113" total="35" passed="35" failed="0" inconclusive="0" skipped="0" asserts="0">
                <properties />
                <test-case id="1503" name="DealDamageEffect_Apply_DamagesTarget" fullname="Game.Core.Tests.Effects.EffectTests.DealDamageEffect_Apply_DamagesTarget" methodname="DealDamageEffect_Apply_DamagesTarget" classname="Game.Core.Tests.Effects.EffectTests" runstate="Runnable" seed="2059282668" result="Passed" start-time="2026-10-08 22:17:54Z" end-time="2026-10-08 22:17:54Z" duration="0.001983" asserts="0">
                  <properties>
                    <property name="retryIteration" value="0" />
                    <property name="repeatIteration" value="0" />
                  </properties>
                </test-case>
                <test-case id="1504" name="DealDamageEffect_Apply_LeavesCasterUnchanged" fullname="Game.Core.Tests.Effects.EffectTests.DealDamageEffect_Apply_LeavesCasterUnchanged" methodname="DealDamageEffect_Apply_LeavesCasterUnchanged" classname="Game.Core.Tests.Effects.EffectTests" runstate="Runnable" seed="296473676" result="Passed" start-time="2026-10-08 22:17:54Z" end-time="2026-10-08 22:17:54Z" duration="0.000213" asserts="0">
                  <properties>
                    <property name="retryIteration" value="0" />
                    <property name="repeatIteration" value="0" />
                  </properties>
                </test-case>
                <test-case id="1506" name="DealDamageEffect_Apply_ReturnsDamageSplitBetweenShieldAndHealth" fullname="Game.Core.Tests.Effects.EffectTests.DealDamageEffect_Apply_ReturnsDamageSplitBetweenShieldAndHealth" methodname="DealDamageEffect_Apply_ReturnsDamageSplitBetweenShieldAndHealth" classname="Game.Core.Tests.Effects.EffectTests" runstate="Runnable" seed="1185118198" result="Passed" start-time="2026-10-08 22:17:54Z" end-time="2026-10-08 22:17:54Z" duration="0.000354" asserts="0">
                  <properties>
                    <property name="retryIteration" value="0" />
                    <property name="repeatIteration" value="0" />
                  </properties>
                </test-case>
                <test-case id="1525" name="DealDamageEffect_ApplyWithDamageBonus_AddsBonusToDamage" fullname="Game.Core.Tests.Effects.EffectTests.DealDamageEffect_ApplyWithDamageBonus_AddsBonusToDamage" methodname="DealDamageEffect_ApplyWithDamageBonus_AddsBonusToDamage" classname="Game.Core.Tests.Effects.EffectTests" runstate="Runnable" seed="1503550820" result="Passed" start-time="2026-10-08 22:17:54Z" end-time="2026-10-08 22:17:54Z" duration="0.000345" asserts="0">
                  <properties>
                    <property name="retryIteration" value="0" />
                    <property name="repeatIteration" value="0" />
                  </properties>
                </test-case>
                <test-case id="1527" name="DealDamageEffect_ApplyWithDamageBonus_KeepsAmount" fullname="Game.Core.Tests.Effects.EffectTests.DealDamageEffect_ApplyWithDamageBonus_KeepsAmount" methodname="DealDamageEffect_ApplyWithDamageBonus_KeepsAmount" classname="Game.Core.Tests.Effects.EffectTests" runstate="Runnable" seed="2024563889" result="Passed" start-time="2026-10-08 22:17:54Z" end-time="2026-10-08 22:17:54Z" duration="0.000206" asserts="0">
                  <properties>
                    <property name="retryIteration" value="0" />
                    <property name="repeatIteration" value="0" />
                  </properties>
                </test-case>
                <test-case id="1526" name="DealDamageEffect_ApplyWithOtherBonuses_IgnoresThem" fullname="Game.Core.Tests.Effects.EffectTests.DealDamageEffect_ApplyWithOtherBonuses_IgnoresThem" methodname="DealDamageEffect_ApplyWithOtherBonuses_IgnoresThem" classname="Game.Core.Tests.Effects.EffectTests" runstate="Runnable" seed="1114211811" result="Passed" start-time="2026-10-08 22:17:54Z" end-time="2026-10-08 22:17:54Z" duration="0.000231" asserts="0">
                  <properties>
                    <property name="retryIteration" value="0" />
                    <property name="repeatIteration" value="0" />
                  </properties>
                </test-case>
                <test-case id="1501" name="DealDamageEffect_Constructor_StoresAmount" fullname="Game.Core.Tests.Effects.EffectTests.DealDamageEffect_Constructor_StoresAmount" methodname="DealDamageEffect_Constructor_StoresAmount" classname="Game.Core.Tests.Effects.EffectTests" runstate="Runnable" seed="1335794161" result="Passed" start-time="2026-10-08 22:17:54Z" end-time="2026-10-08 22:17:54Z" duration="0.000170" asserts="0">
                  <properties>
                    <property name="retryIteration" value="0" />
                    <property name="repeatIteration" value="0" />
                  </properties>
                </test-case>
                <test-case id="1502" name="DealDamageEffect_NegativeAmount_Throws" fullname="Game.Core.Tests.Effects.EffectTests.DealDamageEffect_NegativeAmount_Throws" methodname="DealDamageEffect_NegativeAmount_Throws" classname="Game.Core.Tests.Effects.EffectTests" runstate="Runnable" seed="1545267158" result="Passed" start-time="2026-10-08 22:17:54Z" end-time="2026-10-08 22:17:54Z" duration="0.000380" asserts="0">
                  <properties>
                    <property name="retryIteration" value="0" />
                    <property name="repeatIteration" value="0" />
                  </properties>
                </test-case>
                <test-case id="1505" name="DealDamageEffect_NullContext_Throws" fullname="Game.Core.Tests.Effects.EffectTests.DealDamageEffect_NullContext_Throws" methodname="DealDamageEffect_NullContext_Throws" classname="Game.Core.Tests.Effects.EffectTests" runstate="Runnable" seed="2108693562" result="Passed" start-time="2026-10-08 22:17:54Z" end-time="2026-10-08 22:17:54Z" duration="0.000276" asserts="0">
                  <properties>
                    <property name="retryIteration" value="0" />
                    <property name="repeatIteration" value="0" />
                  </properties>
                </test-case>
                <test-case id="1522" name="EffectContext_ConsumeBonus_LeavesOtherKindsAndBonusUnchanged" fullname="Game.Core.Tests.Effects.EffectTests.EffectContext_ConsumeBonus_LeavesOtherKindsAndBonusUnchanged" methodname="EffectContext_ConsumeBonus_LeavesOtherKindsAndBonusUnchanged" classname="Game.Core.Tests.Effects.EffectTests" runstate="Runnable" seed="177744945" result="Passed" start-time="2026-10-08 22:17:54Z" end-time="2026-10-08 22:17:54Z" duration="0.000691" asserts="0">
                  <properties>
                    <property name="retryIteration" value="0" />
                    <property name="repeatIteration" value="0" />
                  </properties>
                </test-case>
                <test-case id="1524" name="EffectContext_ConsumeBonus_RemovesThatKindFromRemainingBonus" fullname="Game.Core.Tests.Effects.EffectTests.EffectContext_ConsumeBonus_RemovesThatKindFromRemainingBonus" methodname="EffectContext_ConsumeBonus_RemovesThatKindFromRemainingBonus" classname="Game.Core.Tests.Effects.EffectTests" runstate="Runnable" seed="1429171591" result="Passed" start-time="2026-10-08 22:17:54Z" end-time="2026-10-08 22:17:54Z" duration="0.000238" asserts="0">
                  <properties>
                    <property name="retryIteration" value="0" />
                    <property name="repeatIteration" value="0" />
                  </properties>
                </test-case>
                <test-case id="1520" name="EffectContext_ConsumeBonus_ReturnsBonusOfThatKind" fullname="Game.Core.Tests.Effects.EffectTests.EffectContext_ConsumeBonus_ReturnsBonusOfThatKind" methodname="EffectContext_ConsumeBonus_ReturnsBonusOfThatKind" classname="Game.Core.Tests.Effects.EffectTests" runstate="Runnable" seed="1572580409" result="Passed" start-time="2026-10-08 22:17:54Z" end-time="2026-10-08 22:17:54Z" duration="0.000174" asserts="0">
                  <properties>
                    <property name="retryIteration" value="0" />
                    <property name="repeatIteration" value="0" />
                  </properties>
                </test-case>
                <test-case id="1521" name="EffectContext_ConsumeBonusTwice_SecondCallReturnsZero" fullname="Game.Core.Tests.Effects.EffectTests.EffectContext_ConsumeBonusTwice_SecondCallReturnsZero" methodname="EffectContext_ConsumeBonusTwice_SecondCallReturnsZero" classname="Game.Core.Tests.Effects.EffectTests" runstate="Runnable" seed="648746892" result="Passed" start-time="2026-10-08 22:17:54Z" end-time="2026-10-08 22:17:54Z" duration="0.000181" asserts="0">
                  <properties>
                    <property name="retryIteration" value="0" />
                    <property name="repeatIteration" value="0" />
                  </properties>
                </test-case>
                <test-case id="1523" name="EffectContext_NothingConsumed_RemainingBonusIsWholeBonus" fullname="Game.Core.Tests.Effects.EffectTests.EffectContext_NothingConsumed_RemainingBonusIsWholeBonus" methodname="EffectContext_NothingConsumed_RemainingBonusIsWholeBonus" classname="Game.Core.Tests.Effects.EffectTests" runstate="Runnable" seed="950595153" result="Passed" start-time="2026-10-08 22:17:54Z" end-time="2026-10-08 22:17:54Z" duration="0.000213" asserts="0">
                  <properties>
                    <property name="retryIteration" value="0" />
                    <property name="repeatIteration" value="0" />
                  </properties>
                </test-case>
                <test-case id="1499" name="EffectContext_NullCaster_Throws" fullname="Game.Core.Tests.Effects.EffectTests.EffectContext_NullCaster_Throws" methodname="EffectContext_NullCaster_Throws" classname="Game.Core.Tests.Effects.EffectTests" runstate="Runnable" seed="1084390280" result="Passed" start-time="2026-10-08 22:17:54Z" end-time="2026-10-08 22:17:54Z" duration="0.000313" asserts="0">
                  <properties>
                    <property name="retryIteration" value="0" />
                    <property name="repeatIteration" value="0" />
                  </properties>
                </test-case>
                <test-case id="1500" name="EffectContext_NullTarget_Throws" fullname="Game.Core.Tests.Effects.EffectTests.EffectContext_NullTarget_Throws" methodname="EffectContext_NullTarget_Throws" classname="Game.Core.Tests.Effects.EffectTests" runstate="Runnable" seed="1359554685" result="Passed" start-time="2026-10-08 22:17:54Z" end-time="2026-10-08 22:17:54Z" duration="0.000264" asserts="0">
                  <properties>
                    <property name="retryIteration" value="0" />
                    <property name="repeatIteration" value="0" />
                  </properties>
                </test-case>
                <test-case id="1519" name="EffectContext_WithoutBonus_HasNoBonus" fullname="Game.Core.Tests.Effects.EffectTests.EffectContext_WithoutBonus_HasNoBonus" methodname="EffectContext_WithoutBonus_HasNoBonus" classname="Game.Core.Tests.Effects.EffectTests" runstate="Runnable" seed="1334742353" result="Passed" start-time="2026-10-08 22:17:54Z" end-time="2026-10-08 22:17:54Z" duration="0.000205" asserts="0">
                  <properties>
                    <property name="retryIteration" value="0" />
                    <property name="repeatIteration" value="0" />
                  </properties>
                </test-case>
                <test-case id="1532" name="EffectOutcome_None_IsAllZero" fullname="Game.Core.Tests.Effects.EffectTests.EffectOutcome_None_IsAllZero" methodname="EffectOutcome_None_IsAllZero" classname="Game.Core.Tests.Effects.EffectTests" runstate="Runnable" seed="452518444" result="Passed" start-time="2026-10-08 22:17:54Z" end-time="2026-10-08 22:17:54Z" duration="0.000219" asserts="0">
                  <properties>
                    <property name="retryIteration" value="0" />
                    <property name="repeatIteration" value="0" />
                  </properties>
                </test-case>
                <test-case id="1533" name="EffectOutcome_Plus_SumsEachField" fullname="Game.Core.Tests.Effects.EffectTests.EffectOutcome_Plus_SumsEachField" methodname="EffectOutcome_Plus_SumsEachField" classname="Game.Core.Tests.Effects.EffectTests" runstate="Runnable" seed="15350804" result="Passed" start-time="2026-10-08 22:17:54Z" end-time="2026-10-08 22:17:54Z" duration="0.000336" asserts="0">
                  <properties>
                    <property name="retryIteration" value="0" />
                    <property name="repeatIteration" value="0" />
                  </properties>
                </test-case>
                <test-case id="1516" name="GainShieldEffect_Apply_LeavesTargetUnchanged" fullname="Game.Core.Tests.Effects.EffectTests.GainShieldEffect_Apply_LeavesTargetUnchanged" methodname="GainShieldEffect_Apply_LeavesTargetUnchanged" classname="Game.Core.Tests.Effects.EffectTests" runstate="Runnable" seed="2141443598" result="Passed" start-time="2026-10-08 22:17:54Z" end-time="2026-10-08 22:17:54Z" duration="0.000214" asserts="0">
                  <properties>
                    <property name="retryIteration" value="0" />
                    <property name="repeatIteration" value="0" />
                  </properties>
                </test-case>
                <test-case id="1518" name="GainShieldEffect_Apply_ReturnsShieldGained" fullname="Game.Core.Tests.Effects.EffectTests.GainShieldEffect_Apply_ReturnsShieldGained" methodname="GainShieldEffect_Apply_ReturnsShieldGained" classname="Game.Core.Tests.Effects.EffectTests" runstate="Runnable" seed="968413355" result="Passed" start-time="2026-10-08 22:17:54Z" end-time="2026-10-08 22:17:54Z" duration="0.000237" asserts="0">
                  <properties>
                    <property name="retryIteration" value="0" />
                    <property name="repeatIteration" value="0" />
                  </properties>
                </test-case>
                <test-case id="1515" name="GainShieldEffect_Apply_ShieldsCaster" fullname="Game.Core.Tests.Effects.EffectTests.GainShieldEffect_Apply_ShieldsCaster" methodname="GainShieldEffect_Apply_ShieldsCaster" classname="Game.Core.Tests.Effects.EffectTests" runstate="Runnable" seed="1698063629" result="Passed" start-time="2026-10-08 22:17:54Z" end-time="2026-10-08 22:17:54Z" duration="0.000229" asserts="0">
                  <properties>
                    <property name="retryIteration" value="0" />
                    <property name="repeatIteration" value="0" />
                  </properties>
                </test-case>
                <test-case id="1531" name="GainShieldEffect_ApplyWithOtherBonuses_IgnoresThem" fullname="Game.Core.Tests.Effects.EffectTests.GainShieldEffect_ApplyWithOtherBonuses_IgnoresThem" methodname="GainShieldEffect_ApplyWithOtherBonuses_IgnoresThem" classname="Game.Core.Tests.Effects.EffectTests" runstate="Runnable" seed="1504190642" result="Passed" start-time="2026-10-08 22:17:54Z" end-time="2026-10-08 22:17:54Z" duration="0.000240" asserts="0">
                  <properties>
                    <property name="retryIteration" value="0" />
                    <property name="repeatIteration" value="0" />
                  </properties>
                </test-case>
                <test-case id="1530" name="GainShieldEffect_ApplyWithShieldBonus_AddsBonusToShield" fullname="Game.Core.Tests.Effects.EffectTests.GainShieldEffect_ApplyWithShieldBonus_AddsBonusToShield" methodname="GainShieldEffect_ApplyWithShieldBonus_AddsBonusToShield" classname="Game.Core.Tests.Effects.EffectTests" runstate="Runnable" seed="1173661467" result="Passed" start-time="2026-10-08 22:17:54Z" end-time="2026-10-08 22:17:54Z" duration="0.000272" asserts="0">
                  <properties>
                    <property name="retryIteration" value="0" />
                    <property name="repeatIteration" value="0" />
                  </properties>
                </test-case>
                <test-case id="1513" name="GainShieldEffect_Constructor_StoresAmount" fullname="Game.Core.Tests.Effects.EffectTests.GainShieldEffect_Constructor_StoresAmount" methodname="GainShieldEffect_Constructor_StoresAmount" classname="Game.Core.Tests.Effects.EffectTests" runstate="Runnable" seed="327397959" result="Passed" start-time="2026-10-08 22:17:54Z" end-time="2026-10-08 22:17:54Z" duration="0.000196" asserts="0">
                  <properties>
                    <property name="retryIteration" value="0" />
                    <property name="repeatIteration" value="0" />
                  </properties>
                </test-case>
                <test-case id="1514" name="GainShieldEffect_NegativeAmount_Throws" fullname="Game.Core.Tests.Effects.EffectTests.GainShieldEffect_NegativeAmount_Throws" methodname="GainShieldEffect_NegativeAmount_Throws" classname="Game.Core.Tests.Effects.EffectTests" runstate="Runnable" seed="467498383" result="Passed" start-time="2026-10-08 22:17:54Z" end-time="2026-10-08 22:17:54Z" duration="0.000299" asserts="0">
                  <properties>
                    <property name="retryIteration" value="0" />
                    <property name="repeatIteration" value="0" />
                  </properties>
                </test-case>
                <test-case id="1517" name="GainShieldEffect_NullContext_Throws" fullname="Game.Core.Tests.Effects.EffectTests.GainShieldEffect_NullContext_Throws" methodname="GainShieldEffect_NullContext_Throws" classname="Game.Core.Tests.Effects.EffectTests" runstate="Runnable" seed="1321575656" result="Passed" start-time="2026-10-08 22:17:54Z" end-time="2026-10-08 22:17:54Z" duration="0.000282" asserts="0">
                  <properties>
                    <property name="retryIteration" value="0" />
                    <property name="repeatIteration" value="0" />
                  </properties>
                </test-case>
                <test-case id="1509" name="HealEffect_Apply_HealsCaster" fullname="Game.Core.Tests.Effects.EffectTests.HealEffect_Apply_HealsCaster" methodname="HealEffect_Apply_HealsCaster" classname="Game.Core.Tests.Effects.EffectTests" runstate="Runnable" seed="495122438" result="Passed" start-time="2026-10-08 22:17:54Z" end-time="2026-10-08 22:17:54Z" duration="0.000211" asserts="0">
                  <properties>
                    <property name="retryIteration" value="0" />
                    <property name="repeatIteration" value="0" />
                  </properties>
                </test-case>
                <test-case id="1510" name="HealEffect_Apply_LeavesTargetUnchanged" fullname="Game.Core.Tests.Effects.EffectTests.HealEffect_Apply_LeavesTargetUnchanged" methodname="HealEffect_Apply_LeavesTargetUnchanged" classname="Game.Core.Tests.Effects.EffectTests" runstate="Runnable" seed="1757548488" result="Passed" start-time="2026-10-08 22:17:54Z" end-time="2026-10-08 22:17:54Z" duration="0.000197" asserts="0">
                  <properties>
                    <property name="retryIteration" value="0" />
                    <property name="repeatIteration" value="0" />
                  </properties>
                </test-case>
                <test-case id="1512" name="HealEffect_Apply_ReturnsHealthActuallyRestored" fullname="Game.Core.Tests.Effects.EffectTests.HealEffect_Apply_ReturnsHealthActuallyRestored" methodname="HealEffect_Apply_ReturnsHealthActuallyRestored" classname="Game.Core.Tests.Effects.EffectTests" runstate="Runnable" seed="554164889" result="Passed" start-time="2026-10-08 22:17:54Z" end-time="2026-10-08 22:17:54Z" duration="0.000243" asserts="0">
                  <properties>
                    <property name="retryIteration" value="0" />
                    <property name="repeatIteration" value="0" />
                  </properties>
                </test-case>
                <test-case id="1528" name="HealEffect_ApplyWithHealBonus_AddsBonusToHealing" fullname="Game.Core.Tests.Effects.EffectTests.HealEffect_ApplyWithHealBonus_AddsBonusToHealing" methodname="HealEffect_ApplyWithHealBonus_AddsBonusToHealing" classname="Game.Core.Tests.Effects.EffectTests" runstate="Runnable" seed="356679643" result="Passed" start-time="2026-10-08 22:17:54Z" end-time="2026-10-08 22:17:54Z" duration="0.000209" asserts="0">
                  <properties>
                    <property name="retryIteration" value="0" />
                    <property name="repeatIteration" value="0" />
                  </properties>
                </test-case>
                <test-case id="1529" name="HealEffect_ApplyWithOtherBonuses_IgnoresThem" fullname="Game.Core.Tests.Effects.EffectTests.HealEffect_ApplyWithOtherBonuses_IgnoresThem" methodname="HealEffect_ApplyWithOtherBonuses_IgnoresThem" classname="Game.Core.Tests.Effects.EffectTests" runstate="Runnable" seed="998510699" result="Passed" start-time="2026-10-08 22:17:54Z" end-time="2026-10-08 22:17:54Z" duration="0.000254" asserts="0">
                  <properties>
                    <property name="retryIteration" value="0" />
                    <property name="repeatIteration" value="0" />
                  </properties>
                </test-case>
                <test-case id="1507" name="HealEffect_Constructor_StoresAmount" fullname="Game.Core.Tests.Effects.EffectTests.HealEffect_Constructor_StoresAmount" methodname="HealEffect_Constructor_StoresAmount" classname="Game.Core.Tests.Effects.EffectTests" runstate="Runnable" seed="1611638038" result="Passed" start-time="2026-10-08 22:17:54Z" end-time="2026-10-08 22:17:54Z" duration="0.000175" asserts="0">
                  <properties>
                    <property name="retryIteration" value="0" />
                    <property name="repeatIteration" value="0" />
                  </properties>
                </test-case>
                <test-case id="1508" name="HealEffect_NegativeAmount_Throws" fullname="Game.Core.Tests.Effects.EffectTests.HealEffect_NegativeAmount_Throws" methodname="HealEffect_NegativeAmount_Throws" classname="Game.Core.Tests.Effects.EffectTests" runstate="Runnable" seed="1178093482" result="Passed" start-time="2026-10-08 22:17:54Z" end-time="2026-10-08 22:17:54Z" duration="0.000265" asserts="0">
                  <properties>
                    <property name="retryIteration" value="0" />
                    <property name="repeatIteration" value="0" />
                  </properties>
                </test-case>
                <test-case id="1511" name="HealEffect_NullContext_Throws" fullname="Game.Core.Tests.Effects.EffectTests.HealEffect_NullContext_Throws" methodname="HealEffect_NullContext_Throws" classname="Game.Core.Tests.Effects.EffectTests" runstate="Runnable" seed="1529299645" result="Passed" start-time="2026-10-08 22:17:54Z" end-time="2026-10-08 22:17:54Z" duration="0.000317" asserts="0">
                  <properties>
                    <property name="retryIteration" value="0" />
                    <property name="repeatIteration" value="0" />
                  </properties>
                </test-case>
              </test-suite>
            </test-suite>
            <test-suite type="TestSuite" id="1864" name="Enemies" fullname="Game.Core.Tests.Enemies" runstate="Runnable" testcasecount="12" result="Passed" start-time="2026-10-08 22:17:54Z" end-time="2026-10-08 22:17:54Z" duration="0.007544" total="12" passed="12" failed="0" inconclusive="0" skipped="0" asserts="0">
              <properties />
              <test-suite type="TestFixture" id="1442" name="EncounterDefinitionTests" fullname="Game.Core.Tests.Enemies.EncounterDefinitionTests" classname="Game.Core.Tests.Enemies.EncounterDefinitionTests" runstate="Runnable" testcasecount="12" result="Passed" start-time="2026-10-08 22:17:54Z" end-time="2026-10-08 22:17:54Z" duration="0.007161" total="12" passed="12" failed="0" inconclusive="0" skipped="0" asserts="0">
                <properties />
                <test-case id="1453" name="CreateParticipant_EachCall_GivesANewCombatant" fullname="Game.Core.Tests.Enemies.EncounterDefinitionTests.CreateParticipant_EachCall_GivesANewCombatant" methodname="CreateParticipant_EachCall_GivesANewCombatant" classname="Game.Core.Tests.Enemies.EncounterDefinitionTests" runstate="Runnable" seed="1712065224" result="Passed" start-time="2026-10-08 22:17:54Z" end-time="2026-10-08 22:17:54Z" duration="0.000888" asserts="0">
                  <properties>
                    <property name="retryIteration" value="0" />
                    <property name="repeatIteration" value="0" />
                  </properties>
                </test-case>
                <test-case id="1452" name="CreateParticipant_StartsAtFullHealthWithItsShieldAndLine" fullname="Game.Core.Tests.Enemies.EncounterDefinitionTests.CreateParticipant_StartsAtFullHealthWithItsShieldAndLine" methodname="CreateParticipant_StartsAtFullHealthWithItsShieldAndLine" classname="Game.Core.Tests.Enemies.EncounterDefinitionTests" runstate="Runnable" seed="233656115" result="Passed" start-time="2026-10-08 22:17:54Z" end-time="2026-10-08 22:17:54Z" duration="0.000273" asserts="0">
                  <properties>
                    <property name="retryIteration" value="0" />
                    <property name="repeatIteration" value="0" />
                  </properties>
                </test-case>
                <test-case id="1455" name="Encounter_InvalidData_Throws" fullname="Game.Core.Tests.Enemies.EncounterDefinitionTests.Encounter_InvalidData_Throws" methodname="Encounter_InvalidData_Throws" classname="Game.Core.Tests.Enemies.EncounterDefinitionTests" runstate="Runnable" seed="930532184" result="Passed" start-time="2026-10-08 22:17:54Z" end-time="2026-10-08 22:17:54Z" duration="0.001194" asserts="0">
                  <properties>
                    <property name="retryIteration" value="0" />
                    <property name="repeatIteration" value="0" />
                  </properties>
                </test-case>
                <test-case id="1454" name="Encounter_SameEnemyTwice_CreatesTwoCombatantsInOrder" fullname="Game.Core.Tests.Enemies.EncounterDefinitionTests.Encounter_SameEnemyTwice_CreatesTwoCombatantsInOrder" methodname="Encounter_SameEnemyTwice_CreatesTwoCombatantsInOrder" classname="Game.Core.Tests.Enemies.EncounterDefinitionTests" runstate="Runnable" seed="312420474" result="Passed" start-time="2026-10-08 22:17:54Z" end-time="2026-10-08 22:17:54Z" duration="0.000570" asserts="0">
                  <properties>
                    <property name="retryIteration" value="0" />
                    <property name="repeatIteration" value="0" />
                  </properties>
                </test-case>
                <test-suite type="ParameterizedMethod" id="1446" name="Enemy_BlankId_Throws" fullname="Game.Core.Tests.Enemies.EncounterDefinitionTests.Enemy_BlankId_Throws" classname="Game.Core.Tests.Enemies.EncounterDefinitionTests" runstate="Runnable" testcasecount="2" result="Passed" start-time="2026-10-08 22:17:54Z" end-time="2026-10-08 22:17:54Z" duration="0.000781" total="2" passed="2" failed="0" inconclusive="0" skipped="0" asserts="0">
                  <properties />
                  <test-case id="1444" name="Enemy_BlankId_Throws(null)" fullname="Game.Core.Tests.Enemies.EncounterDefinitionTests.Enemy_BlankId_Throws(null)" methodname="Enemy_BlankId_Throws" classname="Game.Core.Tests.Enemies.EncounterDefinitionTests" runstate="Runnable" seed="321023280" result="Passed" start-time="2026-10-08 22:17:54Z" end-time="2026-10-08 22:17:54Z" duration="0.000265" asserts="0">
                    <properties>
                      <property name="retryIteration" value="0" />
                      <property name="repeatIteration" value="0" />
                    </properties>
                  </test-case>
                  <test-case id="1445" name="Enemy_BlankId_Throws(&quot; &quot;)" fullname="Game.Core.Tests.Enemies.EncounterDefinitionTests.Enemy_BlankId_Throws(&quot; &quot;)" methodname="Enemy_BlankId_Throws" classname="Game.Core.Tests.Enemies.EncounterDefinitionTests" runstate="Runnable" seed="881062978" result="Passed" start-time="2026-10-08 22:17:54Z" end-time="2026-10-08 22:17:54Z" duration="0.000084" asserts="0">
                    <properties>
                      <property name="retryIteration" value="0" />
                      <property name="repeatIteration" value="0" />
                    </properties>
                  </test-case>
                </test-suite>
                <test-case id="1450" name="Enemy_EmptySpellLine_Throws" fullname="Game.Core.Tests.Enemies.EncounterDefinitionTests.Enemy_EmptySpellLine_Throws" methodname="Enemy_EmptySpellLine_Throws" classname="Game.Core.Tests.Enemies.EncounterDefinitionTests" runstate="Runnable" seed="687749773" result="Passed" start-time="2026-10-08 22:17:54Z" end-time="2026-10-08 22:17:54Z" duration="0.000248" asserts="0">
                  <properties>
                    <property name="retryIteration" value="0" />
                    <property name="repeatIteration" value="0" />
                  </properties>
                </test-case>
                <test-case id="1449" name="Enemy_NegativeXpReward_Throws" fullname="Game.Core.Tests.Enemies.EncounterDefinitionTests.Enemy_NegativeXpReward_Throws" methodname="Enemy_NegativeXpReward_Throws" classname="Game.Core.Tests.Enemies.EncounterDefinitionTests" runstate="Runnable" seed="1409672628" result="Passed" start-time="2026-10-08 22:17:54Z" end-time="2026-10-08 22:17:54Z" duration="0.000246" asserts="0">
                  <properties>
                    <property name="retryIteration" value="0" />
                    <property name="repeatIteration" value="0" />
                  </properties>
                </test-case>
                <test-case id="1451" name="Enemy_NullCard_Throws" fullname="Game.Core.Tests.Enemies.EncounterDefinitionTests.Enemy_NullCard_Throws" methodname="Enemy_NullCard_Throws" classname="Game.Core.Tests.Enemies.EncounterDefinitionTests" runstate="Runnable" seed="1873073279" result="Passed" start-time="2026-10-08 22:17:54Z" end-time="2026-10-08 22:17:54Z" duration="0.000347" asserts="0">
                  <properties>
                    <property name="retryIteration" value="0" />
                    <property name="repeatIteration" value="0" />
                  </properties>
                </test-case>
                <test-case id="1447" name="Enemy_StatsOutOfRange_Throw" fullname="Game.Core.Tests.Enemies.EncounterDefinitionTests.Enemy_StatsOutOfRange_Throw" methodname="Enemy_StatsOutOfRange_Throw" classname="Game.Core.Tests.Enemies.EncounterDefinitionTests" runstate="Runnable" seed="2133314897" result="Passed" start-time="2026-10-08 22:17:54Z" end-time="2026-10-08 22:17:54Z" duration="0.000339" asserts="0">
                  <properties>
                    <property name="retryIteration" value="0" />
                    <property name="repeatIteration" value="0" />
                  </properties>
                </test-case>
                <test-case id="1443" name="Enemy_ValidData_KeepsValues" fullname="Game.Core.Tests.Enemies.EncounterDefinitionTests.Enemy_ValidData_KeepsValues" methodname="Enemy_ValidData_KeepsValues" classname="Game.Core.Tests.Enemies.EncounterDefinitionTests" runstate="Runnable" seed="1738296556" result="Passed" start-time="2026-10-08 22:17:54Z" end-time="2026-10-08 22:17:54Z" duration="0.000257" asserts="0">
                  <properties>
                    <property name="retryIteration" value="0" />
                    <property name="repeatIteration" value="0" />
                  </properties>
                </test-case>
                <test-case id="1448" name="Enemy_XpReward_DefaultsToZeroAndKeepsTheGivenValue" fullname="Game.Core.Tests.Enemies.EncounterDefinitionTests.Enemy_XpReward_DefaultsToZeroAndKeepsTheGivenValue" methodname="Enemy_XpReward_DefaultsToZeroAndKeepsTheGivenValue" classname="Game.Core.Tests.Enemies.EncounterDefinitionTests" runstate="Runnable" seed="1134252071" result="Passed" start-time="2026-10-08 22:17:54Z" end-time="2026-10-08 22:17:54Z" duration="0.000185" asserts="0">
                  <properties>
                    <property name="retryIteration" value="0" />
                    <property name="repeatIteration" value="0" />
                  </properties>
                </test-case>
              </test-suite>
            </test-suite>
            <test-suite type="TestFixture" id="1001" name="GameInfoTests" fullname="Game.Core.Tests.GameInfoTests" classname="Game.Core.Tests.GameInfoTests" runstate="Runnable" testcasecount="1" result="Passed" start-time="2026-10-08 22:17:54Z" end-time="2026-10-08 22:17:54Z" duration="0.000613" total="1" passed="1" failed="0" inconclusive="0" skipped="0" asserts="0">
              <properties />
              <test-case id="1002" name="Name_IsWorkingTitle" fullname="Game.Core.Tests.GameInfoTests.Name_IsWorkingTitle" methodname="Name_IsWorkingTitle" classname="Game.Core.Tests.GameInfoTests" runstate="Runnable" seed="224992064" result="Passed" start-time="2026-10-08 22:17:54Z" end-time="2026-10-08 22:17:54Z" duration="0.000123" asserts="0">
                <properties>
                  <property name="retryIteration" value="0" />
                  <property name="repeatIteration" value="0" />
                </properties>
              </test-case>
            </test-suite>
            <test-suite type="TestSuite" id="1863" name="Meta" fullname="Game.Core.Tests.Meta" runstate="Runnable" testcasecount="57" result="Passed" start-time="2026-10-08 22:17:54Z" end-time="2026-10-08 22:17:54Z" duration="0.038984" total="57" passed="57" failed="0" inconclusive="0" skipped="0" asserts="0">
              <properties />
              <test-suite type="TestFixture" id="1381" name="BestiaryJsonTests" fullname="Game.Core.Tests.Meta.BestiaryJsonTests" classname="Game.Core.Tests.Meta.BestiaryJsonTests" runstate="Runnable" testcasecount="34" result="Passed" start-time="2026-10-08 22:17:54Z" end-time="2026-10-08 22:17:54Z" duration="0.025235" total="34" passed="34" failed="0" inconclusive="0" skipped="0" asserts="0">
                <properties />
                <test-case id="1385" name="Deserialize_AcceptsWhitespaceAndFieldOrder" fullname="Game.Core.Tests.Meta.BestiaryJsonTests.Deserialize_AcceptsWhitespaceAndFieldOrder" methodname="Deserialize_AcceptsWhitespaceAndFieldOrder" classname="Game.Core.Tests.Meta.BestiaryJsonTests" runstate="Runnable" seed="1862971725" result="Passed" start-time="2026-10-08 22:17:54Z" end-time="2026-10-08 22:17:54Z" duration="0.009520" asserts="0">
                  <properties>
                    <property name="retryIteration" value="0" />
                    <property name="repeatIteration" value="0" />
                  </properties>
                </test-case>
                <test-case id="1386" name="Deserialize_EscapedId_IsRead" fullname="Game.Core.Tests.Meta.BestiaryJsonTests.Deserialize_EscapedId_IsRead" methodname="Deserialize_EscapedId_IsRead" classname="Game.Core.Tests.Meta.BestiaryJsonTests" runstate="Runnable" seed="2093366243" result="Passed" start-time="2026-10-08 22:17:54Z" end-time="2026-10-08 22:17:54Z" duration="0.000817" asserts="0">
                  <properties>
                    <property name="retryIteration" value="0" />
                    <property name="repeatIteration" value="0" />
                  </properties>
                </test-case>
                <test-case id="1390" name="Deserialize_EscapedSurrogatePair_IsRead" fullname="Game.Core.Tests.Meta.BestiaryJsonTests.Deserialize_EscapedSurrogatePair_IsRead" methodname="Deserialize_EscapedSurrogatePair_IsRead" classname="Game.Core.Tests.Meta.BestiaryJsonTests" runstate="Runnable" seed="1558541799" result="Passed" start-time="2026-10-08 22:17:54Z" end-time="2026-10-08 22:17:54Z" duration="0.000226" asserts="0">
                  <properties>
                    <property name="retryIteration" value="0" />
                    <property name="repeatIteration" value="0" />
                  </properties>
                </test-case>
                <test-suite type="ParameterizedMethod" id="1414" name="Deserialize_InvalidSave_ThrowsFormatException" fullname="Game.Core.Tests.Meta.BestiaryJsonTests.Deserialize_InvalidSave_ThrowsFormatException" classname="Game.Core.Tests.Meta.BestiaryJsonTests" runstate="Runnable" testcasecount="22" result="Passed" start-time="2026-10-08 22:17:54Z" end-time="2026-10-08 22:17:54Z" duration="0.005563" total="22" passed="22" failed="0" inconclusive="0" skipped="0" asserts="0">
                  <properties />
                  <test-case id="1392" name="Deserialize_InvalidSave_ThrowsFormatException(&quot;&quot;)" fullname="Game.Core.Tests.Meta.BestiaryJsonTests.Deserialize_InvalidSave_ThrowsFormatException(&quot;&quot;)" methodname="Deserialize_InvalidSave_ThrowsFormatException" classname="Game.Core.Tests.Meta.BestiaryJsonTests" runstate="Runnable" seed="1137187030" result="Passed" start-time="2026-10-08 22:17:54Z" end-time="2026-10-08 22:17:54Z" duration="0.000472" asserts="0">
                    <properties>
                      <property name="retryIteration" value="0" />
                      <property name="repeatIteration" value="0" />
                    </properties>
                  </test-case>
                  <test-case id="1393" name="Deserialize_InvalidSave_ThrowsFormatException(&quot;not json&quot;)" fullname="Game.Core.Tests.Meta.BestiaryJsonTests.Deserialize_InvalidSave_ThrowsFormatException(&quot;not json&quot;)" methodname="Deserialize_InvalidSave_ThrowsFormatException" classname="Game.Core.Tests.Meta.BestiaryJsonTests" runstate="Runnable" seed="2076078501" result="Passed" start-time="2026-10-08 22:17:54Z" end-time="2026-10-08 22:17:54Z" duration="0.000118" asserts="0">
                    <properties>
                      <property name="retryIteration" value="0" />
                      <property name="repeatIteration" value="0" />
                    </properties>
                  </test-case>
                  <test-case id="1394" name="Deserialize_InvalidSave_ThrowsFormatException(&quot;[]&quot;)" fullname="Game.Core.Tests.Meta.BestiaryJsonTests.Deserialize_InvalidSave_ThrowsFormatException(&quot;[]&quot;)" methodname="Deserialize_InvalidSave_ThrowsFormatException" classname="Game.Core.Tests.Meta.BestiaryJsonTests" runstate="Runnable" seed="1845533389" result="Passed" start-time="2026-10-08 22:17:54Z" end-time="2026-10-08 22:17:54Z" duration="0.000099" asserts="0">
                    <properties>
                      <property name="retryIteration" value="0" />
                      <property name="repeatIteration" value="0" />
                    </properties>
                  </test-case>
                  <test-case id="1395" name="Deserialize_InvalidSave_ThrowsFormatException(&quot;{\&quot;version\&quot;:1,\&quot;professors\&quot;:[]} trailing&quot;)" fullname="Game.Core.Tests.Meta.BestiaryJsonTests.Deserialize_InvalidSave_ThrowsFormatException(&quot;{\&quot;version\&quot;:1,\&quot;professors\&quot;:[]} trailing&quot;)" methodname="Deserialize_InvalidSave_ThrowsFormatException" classname="Game.Core.Tests.Meta.BestiaryJsonTests" runstate="Runnable" seed="1078816550" result="Passed" start-time="2026-10-08 22:17:54Z" end-time="2026-10-08 22:17:54Z" duration="0.000096" asserts="0">
                    <properties>
                      <property name="retryIteration" value="0" />
                      <property name="repeatIteration" value="0" />
                    </properties>
                  </test-case>
                  <test-case id="1396" name="Deserialize_InvalidSave_ThrowsFormatException(&quot;{\&quot;professors\&quot;:[]}&quot;)" fullname="Game.Core.Tests.Meta.BestiaryJsonTests.Deserialize_InvalidSave_ThrowsFormatException(&quot;{\&quot;professors\&quot;:[]}&quot;)" methodname="Deserialize_InvalidSave_ThrowsFormatException" classname="Game.Core.Tests.Meta.BestiaryJsonTests" runstate="Runnable" seed="1964637842" result="Passed" start-time="2026-10-08 22:17:54Z" end-time="2026-10-08 22:17:54Z" duration="0.000103" asserts="0">
                    <properties>
                      <property name="retryIteration" value="0" />
                      <property name="repeatIteration" value="0" />
                    </properties>
                  </test-case>
                  <test-case id="1397" name="Deserialize_InvalidSave_ThrowsFormatException(&quot;{\&quot;version\&quot;:\&quot;1\&quot;,\&quot;professors\&quot;:[]}&quot;)" fullname="Game.Core.Tests.Meta.BestiaryJsonTests.Deserialize_InvalidSave_ThrowsFormatException(&quot;{\&quot;version\&quot;:\&quot;1\&quot;,\&quot;professors\&quot;:[]}&quot;)" methodname="Deserialize_InvalidSave_ThrowsFormatException" classname="Game.Core.Tests.Meta.BestiaryJsonTests" runstate="Runnable" seed="958020991" result="Passed" start-time="2026-10-08 22:17:54Z" end-time="2026-10-08 22:17:54Z" duration="0.000103" asserts="0">
                    <properties>
                      <property name="retryIteration" value="0" />
                      <property name="repeatIteration" value="0" />
                    </properties>
                  </test-case>
                  <test-case id="1398" name="Deserialize_InvalidSave_ThrowsFormatException(&quot;{\&quot;version\&quot;:1}&quot;)" fullname="Game.Core.Tests.Meta.BestiaryJsonTests.Deserialize_InvalidSave_ThrowsFormatException(&quot;{\&quot;version\&quot;:1}&quot;)" methodname="Deserialize_InvalidSave_ThrowsFormatException" classname="Game.Core.Tests.Meta.BestiaryJsonTests" runstate="Runnable" seed="1076883559" result="Passed" start-time="2026-10-08 22:17:54Z" end-time="2026-10-08 22:17:54Z" duration="0.000095" asserts="0">
                    <properties>
                      <property name="retryIteration" value="0" />
                      <property name="repeatIteration" value="0" />
                    </properties>
                  </test-case>
                  <test-case id="1399" name="Deserialize_InvalidSave_ThrowsFormatException(&quot;{\&quot;version\&quot;:1,\&quot;professors\&quot;:[{\&quot;id\&quot;:\&quot;A\&quot;,\&quot;healthKnown\&quot;:true,\&quot;shieldKnown\&quot;:false}]}&quot;)" fullname="Game.Core.Tests.Meta.BestiaryJsonTests.Deserialize_InvalidSave_ThrowsFormatException(&quot;{\&quot;version\&quot;:1,\&quot;professors\&quot;:[{\&quot;id\&quot;:\&quot;A\&quot;,\&quot;healthKnown\&quot;:true,\&quot;shieldKnown\&quot;:false}]}&quot;)" methodname="Deserialize_InvalidSave_ThrowsFormatException" classname="Game.Core.Tests.Meta.BestiaryJsonTests" runstate="Runnable" seed="1579580096" result="Passed" start-time="2026-10-08 22:17:54Z" end-time="2026-10-08 22:17:54Z" duration="0.000112" asserts="0">
                    <properties>
                      <property name="retryIteration" value="0" />
                      <property name="repeatIteration" value="0" />
                    </properties>
                  </test-case>
                  <test-case id="1400" name="Deserialize_InvalidSave_ThrowsFormatException(&quot;{\&quot;version\&quot;:1,\&quot;professors\&quot;:[{\&quot;id\&quot;:\&quot;\&quot;,\&quot;healthKnown\&quot;:true,\&quot;shieldKnown\&quot;:false,\&quot;cards\&quot;:[]}]}&quot;)" fullname="Game.Core.Tests.Meta.BestiaryJsonTests.Deserialize_InvalidSave_ThrowsFormatException(&quot;{\&quot;version\&quot;:1,\&quot;professors\&quot;:[{\&quot;id\&quot;:\&quot;\&quot;,\&quot;healthKnown\&quot;:true,\&quot;shieldKnown\&quot;:false,\&quot;cards\&quot;:[]}]}&quot;)" methodname="Deserialize_InvalidSave_ThrowsFormatException" classname="Game.Core.Tests.Meta.BestiaryJsonTests" runstate="Runnable" seed="1406319685" result="Passed" start-time="2026-10-08 22:17:54Z" end-time="2026-10-08 22:17:54Z" duration="0.000107" asserts="0">
                    <properties>
                      <property name="retryIteration" value="0" />
                      <property name="repeatIteration" value="0" />
                    </properties>
                  </test-case>
                  <test-case id="1401" name="Deserialize_InvalidSave_ThrowsFormatException(&quot;{\&quot;version\&quot;:1,\&quot;professors\&quot;:[{\&quot;id\&quot;:\&quot;A\&quot;,\&quot;healthKnown\&quot;:1,\&quot;shieldKnown\&quot;:false,\&quot;cards\&quot;:[]}]}&quot;)" fullname="Game.Core.Tests.Meta.BestiaryJsonTests.Deserialize_InvalidSave_ThrowsFormatException(&quot;{\&quot;version\&quot;:1,\&quot;professors\&quot;:[{\&quot;id\&quot;:\&quot;A\&quot;,\&quot;healthKnown\&quot;:1,\&quot;shieldKnown\&quot;:false,\&quot;cards\&quot;:[]}]}&quot;)" methodname="Deserialize_InvalidSave_ThrowsFormatException" classname="Game.Core.Tests.Meta.BestiaryJsonTests" runstate="Runnable" seed="1795181129" result="Passed" start-time="2026-10-08 22:17:54Z" end-time="2026-10-08 22:17:54Z" duration="0.000109" asserts="0">
                    <properties>
                      <property name="retryIteration" value="0" />
                      <property name="repeatIteration" value="0" />
                    </properties>
                  </test-case>
                  <test-case id="1402" name="Deserialize_InvalidSave_ThrowsFormatException(&quot;{\&quot;version\&quot;:1,\&quot;professors\&quot;:[{\&quot;id\&quot;:\&quot;A\&quot;,\&quot;healthKnown\&quot;:true,\&quot;shieldKnown\&quot;:false,\&quot;cards\&quot;:[{\&quot;position\&quot;:-1,\&quot;cardId\&quot;:\&quot;C\&quot;}]}]}&quot;)" fullname="Game.Core.Tests.Meta.BestiaryJsonTests.Deserialize_InvalidSave_ThrowsFormatException(&quot;{\&quot;version\&quot;:1,\&quot;professors\&quot;:[{\&quot;id\&quot;:\&quot;A\&quot;,\&quot;healthKnown\&quot;:true,\&quot;shieldKnown\&quot;:false,\&quot;cards\&quot;:[{\&quot;position\&quot;:-1,\&quot;cardId\&quot;:\&quot;C\&quot;}]}]}&quot;)" methodname="Deserialize_InvalidSave_ThrowsFormatException" classname="Game.Core.Tests.Meta.BestiaryJsonTests" runstate="Runnable" seed="809870283" result="Passed" start-time="2026-10-08 22:17:54Z" end-time="2026-10-08 22:17:54Z" duration="0.000107" asserts="0">
                    <properties>
                      <property name="retryIteration" value="0" />
                      <property name="repeatIteration" value="0" />
                    </properties>
                  </test-case>
                  <test-case id="1403" name="Deserialize_InvalidSave_ThrowsFormatException(&quot;{\&quot;version\&quot;:1,\&quot;professors\&quot;:[{\&quot;id\&quot;:\&quot;A\&quot;,\&quot;healthKnown\&quot;:true,\&quot;shieldKnown\&quot;:false,\&quot;cards\&quot;:[{\&quot;position\&quot;:1.5,\&quot;cardId\&quot;:\&quot;C\&quot;}]}]}&quot;)" fullname="Game.Core.Tests.Meta.BestiaryJsonTests.Deserialize_InvalidSave_ThrowsFormatException(&quot;{\&quot;version\&quot;:1,\&quot;professors\&quot;:[{\&quot;id\&quot;:\&quot;A\&quot;,\&quot;healthKnown\&quot;:true,\&quot;shieldKnown\&quot;:false,\&quot;cards\&quot;:[{\&quot;position\&quot;:1.5,\&quot;cardId\&quot;:\&quot;C\&quot;}]}]}&quot;)" methodname="Deserialize_InvalidSave_ThrowsFormatException" classname="Game.Core.Tests.Meta.BestiaryJsonTests" runstate="Runnable" seed="655987243" result="Passed" start-time="2026-10-08 22:17:54Z" end-time="2026-10-08 22:17:54Z" duration="0.000124" asserts="0">
                    <properties>
                      <property name="retryIteration" value="0" />
                      <property name="repeatIteration" value="0" />
                    </properties>
                  </test-case>
                  <test-case id="1404" name="Deserialize_InvalidSave_ThrowsFormatException(&quot;{\&quot;version\&quot;:1,\&quot;version\&quot;:1,\&quot;professors\&quot;:[]}&quot;)" fullname="Game.Core.Tests.Meta.BestiaryJsonTests.Deserialize_InvalidSave_ThrowsFormatException(&quot;{\&quot;version\&quot;:1,\&quot;version\&quot;:1,\&quot;professors\&quot;:[]}&quot;)" methodname="Deserialize_InvalidSave_ThrowsFormatException" classname="Game.Core.Tests.Meta.BestiaryJsonTests" runstate="Runnable" seed="1772392754" result="Passed" start-time="2026-10-08 22:17:54Z" end-time="2026-10-08 22:17:54Z" duration="0.000101" asserts="0">
                    <properties>
                      <property name="retryIteration" value="0" />
                      <property name="repeatIteration" value="0" />
                    </properties>
                  </test-case>
                  <test-case id="1405" name="Deserialize_InvalidSave_ThrowsFormatException(&quot;{\&quot;version\&quot;:1,\&quot;professors\&quot;:[&quot;)" fullname="Game.Core.Tests.Meta.BestiaryJsonTests.Deserialize_InvalidSave_ThrowsFormatException(&quot;{\&quot;version\&quot;:1,\&quot;professors\&quot;:[&quot;)" methodname="Deserialize_InvalidSave_ThrowsFormatException" classname="Game.Core.Tests.Meta.BestiaryJsonTests" runstate="Runnable" seed="469054329" result="Passed" start-time="2026-10-08 22:17:54Z" end-time="2026-10-08 22:17:54Z" duration="0.000100" asserts="0">
                    <properties>
                      <property name="retryIteration" value="0" />
                      <property name="repeatIteration" value="0" />
                    </properties>
                  </test-case>
                  <test-case id="1406" name="Deserialize_InvalidSave_ThrowsFormatException(&quot;{\&quot;version\&quot;:01,\&quot;professors\&quot;:[]}&quot;)" fullname="Game.Core.Tests.Meta.BestiaryJsonTests.Deserialize_InvalidSave_ThrowsFormatException(&quot;{\&quot;version\&quot;:01,\&quot;professors\&quot;:[]}&quot;)" methodname="Deserialize_InvalidSave_ThrowsFormatException" classname="Game.Core.Tests.Meta.BestiaryJsonTests" runstate="Runnable" seed="1583344799" result="Passed" start-time="2026-10-08 22:17:54Z" end-time="2026-10-08 22:17:54Z" duration="0.000101" asserts="0">
                    <properties>
                      <property name="retryIteration" value="0" />
                      <property name="repeatIteration" value="0" />
                    </properties>
                  </test-case>
                  <test-case id="1407" name="Deserialize_InvalidSave_ThrowsFormatException(&quot;{\&quot;version\&quot;:-,\&quot;professors\&quot;:[]}&quot;)" fullname="Game.Core.Tests.Meta.BestiaryJsonTests.Deserialize_InvalidSave_ThrowsFormatException(&quot;{\&quot;version\&quot;:-,\&quot;professors\&quot;:[]}&quot;)" methodname="Deserialize_InvalidSave_ThrowsFormatException" classname="Game.Core.Tests.Meta.BestiaryJsonTests" runstate="Runnable" seed="584972914" result="Passed" start-time="2026-10-08 22:17:54Z" end-time="2026-10-08 22:17:54Z" duration="0.000098" asserts="0">
                    <properties>
                      <property name="retryIteration" value="0" />
                      <property name="repeatIteration" value="0" />
                    </properties>
                  </test-case>
                  <test-case id="1408" name="Deserialize_InvalidSave_ThrowsFormatException(&quot;{\&quot;version\&quot;:1,\&quot;professors\&quot;:[{\&quot;id\&quot;:\&quot;A\&quot;,\&quot;healthKnown\&quot;:true,\&quot;shieldKnown\&quot;:false,\&quot;cards\&quot;:[{\&quot;position\&quot;:3000000000,\&quot;cardId\&quot;:\&quot;C\&quot;}]}]}&quot;)" fullname="Game.Core.Tests.Meta.BestiaryJsonTests.Deserialize_InvalidSave_ThrowsFormatException(&quot;{\&quot;version\&quot;:1,\&quot;professors\&quot;:[{\&quot;id\&quot;:\&quot;A\&quot;,\&quot;healthKnown\&quot;:true,\&quot;shieldKnown\&quot;:false,\&quot;cards\&quot;:[{\&quot;position\&quot;:3000000000,\&quot;cardId\&quot;:\&quot;C\&quot;}]}]}&quot;)" methodname="Deserialize_InvalidSave_ThrowsFormatException" classname="Game.Core.Tests.Meta.BestiaryJsonTests" runstate="Runnable" seed="1330725861" result="Passed" start-time="2026-10-08 22:17:54Z" end-time="2026-10-08 22:17:54Z" duration="0.000107" asserts="0">
                    <properties>
                      <property name="retryIteration" value="0" />
                      <property name="repeatIteration" value="0" />
                    </properties>
                  </test-case>
                  <test-case id="1409" name="Deserialize_InvalidSave_ThrowsFormatException(&quot;{\&quot;version\&quot;:1,\&quot;professors\&quot;:[{\&quot;id\&quot;:\&quot;A\\u12G4\&quot;,\&quot;healthKnown\&quot;:true,\&quot;shieldKnown\&quot;:false,\&quot;cards\&quot;:[]}]}&quot;)" fullname="Game.Core.Tests.Meta.BestiaryJsonTests.Deserialize_InvalidSave_ThrowsFormatException(&quot;{\&quot;version\&quot;:1,\&quot;professors\&quot;:[{\&quot;id\&quot;:\&quot;A\\u12G4\&quot;,\&quot;healthKnown\&quot;:true,\&quot;shieldKnown\&quot;:false,\&quot;cards\&quot;:[]}]}&quot;)" methodname="Deserialize_InvalidSave_ThrowsFormatException" classname="Game.Core.Tests.Meta.BestiaryJsonTests" runstate="Runnable" seed="287349111" result="Passed" start-time="2026-10-08 22:17:54Z" end-time="2026-10-08 22:17:54Z" duration="0.000109" asserts="0">
                    <properties>
                      <property name="retryIteration" value="0" />
                      <property name="repeatIteration" value="0" />
                    </properties>
                  </test-case>
                  <test-case id="1410" name="Deserialize_InvalidSave_ThrowsFormatException(&quot;{\&quot;version\&quot;:1,\&quot;professors\&quot;:[{\&quot;id\&quot;:\&quot;A\\u12&quot;)" fullname="Game.Core.Tests.Meta.BestiaryJsonTests.Deserialize_InvalidSave_ThrowsFormatException(&quot;{\&quot;version\&quot;:1,\&quot;professors\&quot;:[{\&quot;id\&quot;:\&quot;A\\u12&quot;)" methodname="Deserialize_InvalidSave_ThrowsFormatException" classname="Game.Core.Tests.Meta.BestiaryJsonTests" runstate="Runnable" seed="247859471" result="Passed" start-time="2026-10-08 22:17:54Z" end-time="2026-10-08 22:17:54Z" duration="0.000106" asserts="0">
                    <properties>
                      <property name="retryIteration" value="0" />
                      <property name="repeatIteration" value="0" />
                    </properties>
                  </test-case>
                  <test-case id="1411" name="Deserialize_InvalidSave_ThrowsFormatException(&quot;{\&quot;version\&quot;:1,\&quot;professors\&quot;:[{\&quot;id\&quot;:\&quot;A\\uD800\&quot;,\&quot;healthKnown\&quot;:true,\&quot;shieldKnown\&quot;:false,\&quot;cards\&quot;:[]}]}&quot;)" fullname="Game.Core.Tests.Meta.BestiaryJsonTests.Deserialize_InvalidSave_ThrowsFormatException(&quot;{\&quot;version\&quot;:1,\&quot;professors\&quot;:[{\&quot;id\&quot;:\&quot;A\\uD800\&quot;,\&quot;healthKnown\&quot;:true,\&quot;shieldKnown\&quot;:false,\&quot;cards\&quot;:[]}]}&quot;)" methodname="Deserialize_InvalidSave_ThrowsFormatException" classname="Game.Core.Tests.Meta.BestiaryJsonTests" runstate="Runnable" seed="1805447111" result="Passed" start-time="2026-10-08 22:17:54Z" end-time="2026-10-08 22:17:54Z" duration="0.000111" asserts="0">
                    <properties>
                      <property name="retryIteration" value="0" />
                      <property name="repeatIteration" value="0" />
                    </properties>
                  </test-case>
                  <test-case id="1412" name="Deserialize_InvalidSave_ThrowsFormatException(&quot;{\&quot;version\&quot;:1,\&quot;professors\&quot;:[{\&quot;id\&quot;:\&quot;A\\uDC00B\&quot;,\&quot;healthKnown\&quot;:true,\&quot;shieldKnown\&quot;:false,\&quot;cards\&quot;:[]}]}&quot;)" fullname="Game.Core.Tests.Meta.BestiaryJsonTests.Deserialize_InvalidSave_ThrowsFormatException(&quot;{\&quot;version\&quot;:1,\&quot;professors\&quot;:[{\&quot;id\&quot;:\&quot;A\\uDC00B\&quot;,\&quot;healthKnown\&quot;:true,\&quot;shieldKnown\&quot;:false,\&quot;cards\&quot;:[]}]}&quot;)" methodname="Deserialize_InvalidSave_ThrowsFormatException" classname="Game.Core.Tests.Meta.BestiaryJsonTests" runstate="Runnable" seed="1288796080" result="Passed" start-time="2026-10-08 22:17:54Z" end-time="2026-10-08 22:17:54Z" duration="0.000107" asserts="0">
                    <properties>
                      <property name="retryIteration" value="0" />
                      <property name="repeatIteration" value="0" />
                    </properties>
                  </test-case>
                  <test-case id="1413" name="Deserialize_InvalidSave_ThrowsFormatException(&quot;{\&quot;version\&quot;:1,\&quot;professors\&quot;:[[[[[[[[[[[[[[[[[[[[[[[[[[[[[[[[[[[[[[[[[]]]]]]]]]]]]]]]]]]]]]]]]]]]]]]]]]]]]]]]]]}&quot;)" fullname="Game.Core.Tests.Meta.BestiaryJsonTests.Deserialize_InvalidSave_ThrowsFormatException(&quot;{\&quot;version\&quot;:1,\&quot;professors\&quot;:[[[[[[[[[[[[[[[[[[[[[[[[[[[[[[[[[[[[[[[[[]]]]]]]]]]]]]]]]]]]]]]]]]]]]]]]]]]]]]]]]]}&quot;)" methodname="Deserialize_InvalidSave_ThrowsFormatException" classname="Game.Core.Tests.Meta.BestiaryJsonTests" runstate="Runnable" seed="669024322" result="Passed" start-time="2026-10-08 22:17:54Z" end-time="2026-10-08 22:17:54Z" duration="0.000251" asserts="0">
                    <properties>
                      <property name="retryIteration" value="0" />
                      <property name="repeatIteration" value="0" />
                    </properties>
                  </test-case>
                </test-suite>
                <test-case id="1415" name="Deserialize_Null_ThrowsFormatException" fullname="Game.Core.Tests.Meta.BestiaryJsonTests.Deserialize_Null_ThrowsFormatException" methodname="Deserialize_Null_ThrowsFormatException" classname="Game.Core.Tests.Meta.BestiaryJsonTests" runstate="Runnable" seed="1490651771" result="Passed" start-time="2026-10-08 22:17:54Z" end-time="2026-10-08 22:17:54Z" duration="0.000497" asserts="0">
                  <properties>
                    <property name="retryIteration" value="0" />
                    <property name="repeatIteration" value="0" />
                  </properties>
                </test-case>
                <test-case id="1388" name="Deserialize_SameProfessorTwice_Throws" fullname="Game.Core.Tests.Meta.BestiaryJsonTests.Deserialize_SameProfessorTwice_Throws" methodname="Deserialize_SameProfessorTwice_Throws" classname="Game.Core.Tests.Meta.BestiaryJsonTests" runstate="Runnable" seed="780507893" result="Passed" start-time="2026-10-08 22:17:54Z" end-time="2026-10-08 22:17:54Z" duration="0.000609" asserts="0">
                  <properties>
                    <property name="retryIteration" value="0" />
                    <property name="repeatIteration" value="0" />
                  </properties>
                </test-case>
                <test-case id="1389" name="Deserialize_TwoCardsAtTheSamePosition_Throws" fullname="Game.Core.Tests.Meta.BestiaryJsonTests.Deserialize_TwoCardsAtTheSamePosition_Throws" methodname="Deserialize_TwoCardsAtTheSamePosition_Throws" classname="Game.Core.Tests.Meta.BestiaryJsonTests" runstate="Runnable" seed="1580122456" result="Passed" start-time="2026-10-08 22:17:54Z" end-time="2026-10-08 22:17:54Z" duration="0.000360" asserts="0">
                  <properties>
                    <property name="retryIteration" value="0" />
                    <property name="repeatIteration" value="0" />
                  </properties>
                </test-case>
                <test-case id="1387" name="Deserialize_UnknownVersion_Throws" fullname="Game.Core.Tests.Meta.BestiaryJsonTests.Deserialize_UnknownVersion_Throws" methodname="Deserialize_UnknownVersion_Throws" classname="Game.Core.Tests.Meta.BestiaryJsonTests" runstate="Runnable" seed="2035143302" result="Passed" start-time="2026-10-08 22:17:54Z" end-time="2026-10-08 22:17:54Z" duration="0.000270" asserts="0">
                  <properties>
                    <property name="retryIteration" value="0" />
                    <property name="repeatIteration" value="0" />
                  </properties>
                </test-case>
                <test-case id="1391" name="Deserialize_ZeroPosition_IsRead" fullname="Game.Core.Tests.Meta.BestiaryJsonTests.Deserialize_ZeroPosition_IsRead" methodname="Deserialize_ZeroPosition_IsRead" classname="Game.Core.Tests.Meta.BestiaryJsonTests" runstate="Runnable" seed="1129897735" result="Passed" start-time="2026-10-08 22:17:54Z" end-time="2026-10-08 22:17:54Z" duration="0.000414" asserts="0">
                  <properties>
                    <property name="retryIteration" value="0" />
                    <property name="repeatIteration" value="0" />
                  </properties>
                </test-case>
                <test-case id="1384" name="RoundTrip_KeepsEverything" fullname="Game.Core.Tests.Meta.BestiaryJsonTests.RoundTrip_KeepsEverything" methodname="RoundTrip_KeepsEverything" classname="Game.Core.Tests.Meta.BestiaryJsonTests" runstate="Runnable" seed="15134977" result="Passed" start-time="2026-10-08 22:17:54Z" end-time="2026-10-08 22:17:54Z" duration="0.004013" asserts="0">
                  <properties>
                    <property name="retryIteration" value="0" />
                    <property name="repeatIteration" value="0" />
                  </properties>
                </test-case>
                <test-case id="1383" name="Serialize_Empty_GivesAnEmptyList" fullname="Game.Core.Tests.Meta.BestiaryJsonTests.Serialize_Empty_GivesAnEmptyList" methodname="Serialize_Empty_GivesAnEmptyList" classname="Game.Core.Tests.Meta.BestiaryJsonTests" runstate="Runnable" seed="248212467" result="Passed" start-time="2026-10-08 22:17:54Z" end-time="2026-10-08 22:17:54Z" duration="0.000197" asserts="0">
                  <properties>
                    <property name="retryIteration" value="0" />
                    <property name="repeatIteration" value="0" />
                  </properties>
                </test-case>
                <test-case id="1382" name="Serialize_GivesTheVersionedFormat" fullname="Game.Core.Tests.Meta.BestiaryJsonTests.Serialize_GivesTheVersionedFormat" methodname="Serialize_GivesTheVersionedFormat" classname="Game.Core.Tests.Meta.BestiaryJsonTests" runstate="Runnable" seed="1347890762" result="Passed" start-time="2026-10-08 22:17:54Z" end-time="2026-10-08 22:17:54Z" duration="0.000223" asserts="0">
                  <properties>
                    <property name="retryIteration" value="0" />
                    <property name="repeatIteration" value="0" />
                  </properties>
                </test-case>
                <test-case id="1416" name="Serialize_Null_Throws" fullname="Game.Core.Tests.Meta.BestiaryJsonTests.Serialize_Null_Throws" methodname="Serialize_Null_Throws" classname="Game.Core.Tests.Meta.BestiaryJsonTests" runstate="Runnable" seed="1987322620" result="Passed" start-time="2026-10-08 22:17:54Z" end-time="2026-10-08 22:17:54Z" duration="0.000261" asserts="0">
                  <properties>
                    <property name="retryIteration" value="0" />
                    <property name="repeatIteration" value="0" />
                  </properties>
                </test-case>
              </test-suite>
              <test-suite type="TestFixture" id="1417" name="BestiaryStorageTests" fullname="Game.Core.Tests.Meta.BestiaryStorageTests" classname="Game.Core.Tests.Meta.BestiaryStorageTests" runstate="Runnable" testcasecount="7" result="Passed" start-time="2026-10-08 22:17:54Z" end-time="2026-10-08 22:17:54Z" duration="0.004600" total="7" passed="7" failed="0" inconclusive="0" skipped="0" asserts="0">
                <properties />
                <test-case id="1420" name="Load_CorruptSave_IsUnreadableAndEmpty" fullname="Game.Core.Tests.Meta.BestiaryStorageTests.Load_CorruptSave_IsUnreadableAndEmpty" methodname="Load_CorruptSave_IsUnreadableAndEmpty" classname="Game.Core.Tests.Meta.BestiaryStorageTests" runstate="Runnable" seed="118824887" result="Passed" start-time="2026-10-08 22:17:54Z" end-time="2026-10-08 22:17:54Z" duration="0.000903" asserts="0">
                  <properties>
                    <property name="retryIteration" value="0" />
                    <property name="repeatIteration" value="0" />
                  </properties>
                </test-case>
                <test-case id="1418" name="Load_NothingSaved_IsMissingAndEmpty" fullname="Game.Core.Tests.Meta.BestiaryStorageTests.Load_NothingSaved_IsMissingAndEmpty" methodname="Load_NothingSaved_IsMissingAndEmpty" classname="Game.Core.Tests.Meta.BestiaryStorageTests" runstate="Runnable" seed="1761024729" result="Passed" start-time="2026-10-08 22:17:54Z" end-time="2026-10-08 22:17:54Z" duration="0.000209" asserts="0">
                  <properties>
                    <property name="retryIteration" value="0" />
                    <property name="repeatIteration" value="0" />
                  </properties>
                </test-case>
                <test-case id="1422" name="Load_ReadFailure_IsUnreadableWithTheReason" fullname="Game.Core.Tests.Meta.BestiaryStorageTests.Load_ReadFailure_IsUnreadableWithTheReason" methodname="Load_ReadFailure_IsUnreadableWithTheReason" classname="Game.Core.Tests.Meta.BestiaryStorageTests" runstate="Runnable" seed="1787525781" result="Passed" start-time="2026-10-08 22:17:54Z" end-time="2026-10-08 22:17:54Z" duration="0.000441" asserts="0">
                  <properties>
                    <property name="retryIteration" value="0" />
                    <property name="repeatIteration" value="0" />
                  </properties>
                </test-case>
                <test-case id="1421" name="Load_UnknownVersion_IsUnreadable" fullname="Game.Core.Tests.Meta.BestiaryStorageTests.Load_UnknownVersion_IsUnreadable" methodname="Load_UnknownVersion_IsUnreadable" classname="Game.Core.Tests.Meta.BestiaryStorageTests" runstate="Runnable" seed="1068738437" result="Passed" start-time="2026-10-08 22:17:54Z" end-time="2026-10-08 22:17:54Z" duration="0.000206" asserts="0">
                  <properties>
                    <property name="retryIteration" value="0" />
                    <property name="repeatIteration" value="0" />
                  </properties>
                </test-case>
                <test-case id="1424" name="NullArguments_Throw" fullname="Game.Core.Tests.Meta.BestiaryStorageTests.NullArguments_Throw" methodname="NullArguments_Throw" classname="Game.Core.Tests.Meta.BestiaryStorageTests" runstate="Runnable" seed="468547789" result="Passed" start-time="2026-10-08 22:17:54Z" end-time="2026-10-08 22:17:54Z" duration="0.000593" asserts="0">
                  <properties>
                    <property name="retryIteration" value="0" />
                    <property name="repeatIteration" value="0" />
                  </properties>
                </test-case>
                <test-case id="1423" name="Save_StoreFailure_Propagates" fullname="Game.Core.Tests.Meta.BestiaryStorageTests.Save_StoreFailure_Propagates" methodname="Save_StoreFailure_Propagates" classname="Game.Core.Tests.Meta.BestiaryStorageTests" runstate="Runnable" seed="84002278" result="Passed" start-time="2026-10-08 22:17:54Z" end-time="2026-10-08 22:17:54Z" duration="0.000292" asserts="0">
                  <properties>
                    <property name="retryIteration" value="0" />
                    <property name="repeatIteration" value="0" />
                  </properties>
                </test-case>
                <test-case id="1419" name="SaveThenLoad_KeepsTheKnowledge" fullname="Game.Core.Tests.Meta.BestiaryStorageTests.SaveThenLoad_KeepsTheKnowledge" methodname="SaveThenLoad_KeepsTheKnowledge" classname="Game.Core.Tests.Meta.BestiaryStorageTests" runstate="Runnable" seed="726770776" result="Passed" start-time="2026-10-08 22:17:54Z" end-time="2026-10-08 22:17:54Z" duration="0.000448" asserts="0">
                  <properties>
                    <property name="retryIteration" value="0" />
                    <property name="repeatIteration" value="0" />
                  </properties>
                </test-case>
              </test-suite>
              <test-suite type="TestFixture" id="1425" name="BestiaryTests" fullname="Game.Core.Tests.Meta.BestiaryTests" classname="Game.Core.Tests.Meta.BestiaryTests" runstate="Runnable" testcasecount="16" result="Passed" start-time="2026-10-08 22:17:54Z" end-time="2026-10-08 22:17:54Z" duration="0.008516" total="16" passed="16" failed="0" inconclusive="0" skipped="0" asserts="0">
                <properties />
                <test-case id="1440" name="Entries_AreSortedByProfessorId" fullname="Game.Core.Tests.Meta.BestiaryTests.Entries_AreSortedByProfessorId" methodname="Entries_AreSortedByProfessorId" classname="Game.Core.Tests.Meta.BestiaryTests" runstate="Runnable" seed="316662915" result="Passed" start-time="2026-10-08 22:17:54Z" end-time="2026-10-08 22:17:54Z" duration="0.000466" asserts="0">
                  <properties>
                    <property name="retryIteration" value="0" />
                    <property name="repeatIteration" value="0" />
                  </properties>
                </test-case>
                <test-case id="1427" name="Find_UnknownProfessor_ReturnsNull" fullname="Game.Core.Tests.Meta.BestiaryTests.Find_UnknownProfessor_ReturnsNull" methodname="Find_UnknownProfessor_ReturnsNull" classname="Game.Core.Tests.Meta.BestiaryTests" runstate="Runnable" seed="1956934508" result="Passed" start-time="2026-10-08 22:17:54Z" end-time="2026-10-08 22:17:54Z" duration="0.000134" asserts="0">
                  <properties>
                    <property name="retryIteration" value="0" />
                    <property name="repeatIteration" value="0" />
                  </properties>
                </test-case>
                <test-case id="1437" name="GetKnowledge_CardChangedSinceTheReveal_IsUnknown" fullname="Game.Core.Tests.Meta.BestiaryTests.GetKnowledge_CardChangedSinceTheReveal_IsUnknown" methodname="GetKnowledge_CardChangedSinceTheReveal_IsUnknown" classname="Game.Core.Tests.Meta.BestiaryTests" runstate="Runnable" seed="258946901" result="Passed" start-time="2026-10-08 22:17:54Z" end-time="2026-10-08 22:17:54Z" duration="0.000247" asserts="0">
                  <properties>
                    <property name="retryIteration" value="0" />
                    <property name="repeatIteration" value="0" />
                  </properties>
                </test-case>
                <test-case id="1438" name="GetKnowledge_LineShortenedSinceTheReveal_IgnoresTheMissingPosition" fullname="Game.Core.Tests.Meta.BestiaryTests.GetKnowledge_LineShortenedSinceTheReveal_IgnoresTheMissingPosition" methodname="GetKnowledge_LineShortenedSinceTheReveal_IgnoresTheMissingPosition" classname="Game.Core.Tests.Meta.BestiaryTests" runstate="Runnable" seed="251999616" result="Passed" start-time="2026-10-08 22:17:54Z" end-time="2026-10-08 22:17:54Z" duration="0.000230" asserts="0">
                  <properties>
                    <property name="retryIteration" value="0" />
                    <property name="repeatIteration" value="0" />
                  </properties>
                </test-case>
                <test-case id="1426" name="GetKnowledge_UnknownProfessor_HidesEverythingButTheLineLength" fullname="Game.Core.Tests.Meta.BestiaryTests.GetKnowledge_UnknownProfessor_HidesEverythingButTheLineLength" methodname="GetKnowledge_UnknownProfessor_HidesEverythingButTheLineLength" classname="Game.Core.Tests.Meta.BestiaryTests" runstate="Runnable" seed="320772872" result="Passed" start-time="2026-10-08 22:17:54Z" end-time="2026-10-08 22:17:54Z" duration="0.000664" asserts="0">
                  <properties>
                    <property name="retryIteration" value="0" />
                    <property name="repeatIteration" value="0" />
                  </properties>
                </test-case>
                <test-case id="1441" name="Knowledge_IsKeptPerProfessor" fullname="Game.Core.Tests.Meta.BestiaryTests.Knowledge_IsKeptPerProfessor" methodname="Knowledge_IsKeptPerProfessor" classname="Game.Core.Tests.Meta.BestiaryTests" runstate="Runnable" seed="2058912515" result="Passed" start-time="2026-10-08 22:17:54Z" end-time="2026-10-08 22:17:54Z" duration="0.000254" asserts="0">
                  <properties>
                    <property name="retryIteration" value="0" />
                    <property name="repeatIteration" value="0" />
                  </properties>
                </test-case>
                <test-case id="1430" name="Reveal_AddsToEarlierRevelations" fullname="Game.Core.Tests.Meta.BestiaryTests.Reveal_AddsToEarlierRevelations" methodname="Reveal_AddsToEarlierRevelations" classname="Game.Core.Tests.Meta.BestiaryTests" runstate="Runnable" seed="2096728307" result="Passed" start-time="2026-10-08 22:17:54Z" end-time="2026-10-08 22:17:54Z" duration="0.000531" asserts="0">
                  <properties>
                    <property name="retryIteration" value="0" />
                    <property name="repeatIteration" value="0" />
                  </properties>
                </test-case>
                <test-case id="1439" name="Reveal_AfterTheDataChanged_ReplacesTheOldCard" fullname="Game.Core.Tests.Meta.BestiaryTests.Reveal_AfterTheDataChanged_ReplacesTheOldCard" methodname="Reveal_AfterTheDataChanged_ReplacesTheOldCard" classname="Game.Core.Tests.Meta.BestiaryTests" runstate="Runnable" seed="157713199" result="Passed" start-time="2026-10-08 22:17:54Z" end-time="2026-10-08 22:17:54Z" duration="0.000554" asserts="0">
                  <properties>
                    <property name="retryIteration" value="0" />
                    <property name="repeatIteration" value="0" />
                  </properties>
                </test-case>
                <test-case id="1428" name="Reveal_HealthShieldAndCards_AreKnown" fullname="Game.Core.Tests.Meta.BestiaryTests.Reveal_HealthShieldAndCards_AreKnown" methodname="Reveal_HealthShieldAndCards_AreKnown" classname="Game.Core.Tests.Meta.BestiaryTests" runstate="Runnable" seed="427198582" result="Passed" start-time="2026-10-08 22:17:54Z" end-time="2026-10-08 22:17:54Z" duration="0.000430" asserts="0">
                  <properties>
                    <property name="retryIteration" value="0" />
                    <property name="repeatIteration" value="0" />
                  </properties>
                </test-case>
                <test-case id="1432" name="Reveal_NothingRevealed_RecordsNothing" fullname="Game.Core.Tests.Meta.BestiaryTests.Reveal_NothingRevealed_RecordsNothing" methodname="Reveal_NothingRevealed_RecordsNothing" classname="Game.Core.Tests.Meta.BestiaryTests" runstate="Runnable" seed="936804106" result="Passed" start-time="2026-10-08 22:17:54Z" end-time="2026-10-08 22:17:54Z" duration="0.000294" asserts="0">
                  <properties>
                    <property name="retryIteration" value="0" />
                    <property name="repeatIteration" value="0" />
                  </properties>
                </test-case>
                <test-case id="1434" name="Reveal_NullArguments_Throw" fullname="Game.Core.Tests.Meta.BestiaryTests.Reveal_NullArguments_Throw" methodname="Reveal_NullArguments_Throw" classname="Game.Core.Tests.Meta.BestiaryTests" runstate="Runnable" seed="549351431" result="Passed" start-time="2026-10-08 22:17:54Z" end-time="2026-10-08 22:17:54Z" duration="0.000580" asserts="0">
                  <properties>
                    <property name="retryIteration" value="0" />
                    <property name="repeatIteration" value="0" />
                  </properties>
                </test-case>
                <test-case id="1433" name="Reveal_PositionOutsideTheLine_Throws" fullname="Game.Core.Tests.Meta.BestiaryTests.Reveal_PositionOutsideTheLine_Throws" methodname="Reveal_PositionOutsideTheLine_Throws" classname="Game.Core.Tests.Meta.BestiaryTests" runstate="Runnable" seed="845068580" result="Passed" start-time="2026-10-08 22:17:54Z" end-time="2026-10-08 22:17:54Z" duration="0.000380" asserts="0">
                  <properties>
                    <property name="retryIteration" value="0" />
                    <property name="repeatIteration" value="0" />
                  </properties>
                </test-case>
                <test-case id="1429" name="Reveal_SameRevelationTwice_IsIdempotent" fullname="Game.Core.Tests.Meta.BestiaryTests.Reveal_SameRevelationTwice_IsIdempotent" methodname="Reveal_SameRevelationTwice_IsIdempotent" classname="Game.Core.Tests.Meta.BestiaryTests" runstate="Runnable" seed="1330965989" result="Passed" start-time="2026-10-08 22:17:54Z" end-time="2026-10-08 22:17:54Z" duration="0.000266" asserts="0">
                  <properties>
                    <property name="retryIteration" value="0" />
                    <property name="repeatIteration" value="0" />
                  </properties>
                </test-case>
                <test-case id="1431" name="Reveal_TwoCopiesOfACard_AreTrackedByPosition" fullname="Game.Core.Tests.Meta.BestiaryTests.Reveal_TwoCopiesOfACard_AreTrackedByPosition" methodname="Reveal_TwoCopiesOfACard_AreTrackedByPosition" classname="Game.Core.Tests.Meta.BestiaryTests" runstate="Runnable" seed="412149010" result="Passed" start-time="2026-10-08 22:17:54Z" end-time="2026-10-08 22:17:54Z" duration="0.000233" asserts="0">
                  <properties>
                    <property name="retryIteration" value="0" />
                    <property name="repeatIteration" value="0" />
                  </properties>
                </test-case>
                <test-case id="1435" name="Revelation_NegativePosition_Throws" fullname="Game.Core.Tests.Meta.BestiaryTests.Revelation_NegativePosition_Throws" methodname="Revelation_NegativePosition_Throws" classname="Game.Core.Tests.Meta.BestiaryTests" runstate="Runnable" seed="1088932726" result="Passed" start-time="2026-10-08 22:17:54Z" end-time="2026-10-08 22:17:54Z" duration="0.000281" asserts="0">
                  <properties>
                    <property name="retryIteration" value="0" />
                    <property name="repeatIteration" value="0" />
                  </properties>
                </test-case>
                <test-case id="1436" name="Revelation_Positions_AreDistinctAndSorted" fullname="Game.Core.Tests.Meta.BestiaryTests.Revelation_Positions_AreDistinctAndSorted" methodname="Revelation_Positions_AreDistinctAndSorted" classname="Game.Core.Tests.Meta.BestiaryTests" runstate="Runnable" seed="1142583531" result="Passed" start-time="2026-10-08 22:17:54Z" end-time="2026-10-08 22:17:54Z" duration="0.000203" asserts="0">
                  <properties>
                    <property name="retryIteration" value="0" />
                    <property name="repeatIteration" value="0" />
                  </properties>
                </test-case>
              </test-suite>
            </test-suite>
            <test-suite type="TestSuite" id="1862" name="Randomness" fullname="Game.Core.Tests.Randomness" runstate="Runnable" testcasecount="9" result="Passed" start-time="2026-10-08 22:17:54Z" end-time="2026-10-08 22:17:54Z" duration="0.005989" total="9" passed="9" failed="0" inconclusive="0" skipped="0" asserts="0">
              <properties />
              <test-suite type="TestFixture" id="1370" name="Pcg32RandomTests" fullname="Game.Core.Tests.Randomness.Pcg32RandomTests" classname="Game.Core.Tests.Randomness.Pcg32RandomTests" runstate="Runnable" testcasecount="9" result="Passed" start-time="2026-10-08 22:17:54Z" end-time="2026-10-08 22:17:54Z" duration="0.005622" total="9" passed="9" failed="0" inconclusive="0" skipped="0" asserts="0">
                <properties />
                <test-case id="1371" name="Clone_GivesTheSameNumbersAndStaysIndependent" fullname="Game.Core.Tests.Randomness.Pcg32RandomTests.Clone_GivesTheSameNumbersAndStaysIndependent" methodname="Clone_GivesTheSameNumbersAndStaysIndependent" classname="Game.Core.Tests.Randomness.Pcg32RandomTests" runstate="Runnable" seed="61576853" result="Passed" start-time="2026-10-08 22:17:54Z" end-time="2026-10-08 22:17:54Z" duration="0.000864" asserts="0">
                  <properties>
                    <property name="retryIteration" value="0" />
                    <property name="repeatIteration" value="0" />
                  </properties>
                </test-case>
                <test-suite type="ParameterizedMethod" id="1380" name="NextInt_EmptyRange_Throws" fullname="Game.Core.Tests.Randomness.Pcg32RandomTests.NextInt_EmptyRange_Throws" classname="Game.Core.Tests.Randomness.Pcg32RandomTests" runstate="Runnable" testcasecount="2" result="Passed" start-time="2026-10-08 22:17:54Z" end-time="2026-10-08 22:17:54Z" duration="0.000782" total="2" passed="2" failed="0" inconclusive="0" skipped="0" asserts="0">
                  <properties />
                  <test-case id="1378" name="NextInt_EmptyRange_Throws(5,5)" fullname="Game.Core.Tests.Randomness.Pcg32RandomTests.NextInt_EmptyRange_Throws(5,5)" methodname="NextInt_EmptyRange_Throws" classname="Game.Core.Tests.Randomness.Pcg32RandomTests" runstate="Runnable" seed="352313195" result="Passed" start-time="2026-10-08 22:17:54Z" end-time="2026-10-08 22:17:54Z" duration="0.000366" asserts="0">
                    <properties>
                      <property name="retryIteration" value="0" />
                      <property name="repeatIteration" value="0" />
                    </properties>
                  </test-case>
                  <test-case id="1379" name="NextInt_EmptyRange_Throws(5,4)" fullname="Game.Core.Tests.Randomness.Pcg32RandomTests.NextInt_EmptyRange_Throws(5,4)" methodname="NextInt_EmptyRange_Throws" classname="Game.Core.Tests.Randomness.Pcg32RandomTests" runstate="Runnable" seed="500570864" result="Passed" start-time="2026-10-08 22:17:54Z" end-time="2026-10-08 22:17:54Z" duration="0.000081" asserts="0">
                    <properties>
                      <property name="retryIteration" value="0" />
                      <property name="repeatIteration" value="0" />
                    </properties>
                  </test-case>
                </test-suite>
                <test-case id="1377" name="NextInt_FullIntRange_DoesNotThrow" fullname="Game.Core.Tests.Randomness.Pcg32RandomTests.NextInt_FullIntRange_DoesNotThrow" methodname="NextInt_FullIntRange_DoesNotThrow" classname="Game.Core.Tests.Randomness.Pcg32RandomTests" runstate="Runnable" seed="407818944" result="Passed" start-time="2026-10-08 22:17:54Z" end-time="2026-10-08 22:17:54Z" duration="0.000299" asserts="0">
                  <properties>
                    <property name="retryIteration" value="0" />
                    <property name="repeatIteration" value="0" />
                  </properties>
                </test-case>
                <test-case id="1375" name="NextInt_Range_StaysWithinBounds" fullname="Game.Core.Tests.Randomness.Pcg32RandomTests.NextInt_Range_StaysWithinBounds" methodname="NextInt_Range_StaysWithinBounds" classname="Game.Core.Tests.Randomness.Pcg32RandomTests" runstate="Runnable" seed="2111112384" result="Passed" start-time="2026-10-08 22:17:54Z" end-time="2026-10-08 22:17:54Z" duration="0.001491" asserts="0">
                  <properties>
                    <property name="retryIteration" value="0" />
                    <property name="repeatIteration" value="0" />
                  </properties>
                </test-case>
                <test-case id="1376" name="NextInt_SingleValueRange_ReturnsIt" fullname="Game.Core.Tests.Randomness.Pcg32RandomTests.NextInt_SingleValueRange_ReturnsIt" methodname="NextInt_SingleValueRange_ReturnsIt" classname="Game.Core.Tests.Randomness.Pcg32RandomTests" runstate="Runnable" seed="453315262" result="Passed" start-time="2026-10-08 22:17:54Z" end-time="2026-10-08 22:17:54Z" duration="0.000148" asserts="0">
                  <properties>
                    <property name="retryIteration" value="0" />
                    <property name="repeatIteration" value="0" />
                  </properties>
                </test-case>
                <test-case id="1374" name="NextUInt_DifferentSeeds_DifferentSequences" fullname="Game.Core.Tests.Randomness.Pcg32RandomTests.NextUInt_DifferentSeeds_DifferentSequences" methodname="NextUInt_DifferentSeeds_DifferentSequences" classname="Game.Core.Tests.Randomness.Pcg32RandomTests" runstate="Runnable" seed="2071808274" result="Passed" start-time="2026-10-08 22:17:54Z" end-time="2026-10-08 22:17:54Z" duration="0.000172" asserts="0">
                  <properties>
                    <property name="retryIteration" value="0" />
                    <property name="repeatIteration" value="0" />
                  </properties>
                </test-case>
                <test-case id="1372" name="NextUInt_ReferenceSeed_MatchesPublishedPcg32Output" fullname="Game.Core.Tests.Randomness.Pcg32RandomTests.NextUInt_ReferenceSeed_MatchesPublishedPcg32Output" methodname="NextUInt_ReferenceSeed_MatchesPublishedPcg32Output" classname="Game.Core.Tests.Randomness.Pcg32RandomTests" runstate="Runnable" seed="482204640" result="Passed" start-time="2026-10-08 22:17:54Z" end-time="2026-10-08 22:17:54Z" duration="0.000287" asserts="0">
                  <properties>
                    <property name="retryIteration" value="0" />
                    <property name="repeatIteration" value="0" />
                  </properties>
                </test-case>
                <test-case id="1373" name="NextUInt_SameSeed_SameSequence" fullname="Game.Core.Tests.Randomness.Pcg32RandomTests.NextUInt_SameSeed_SameSequence" methodname="NextUInt_SameSeed_SameSequence" classname="Game.Core.Tests.Randomness.Pcg32RandomTests" runstate="Runnable" seed="499517117" result="Passed" start-time="2026-10-08 22:17:54Z" end-time="2026-10-08 22:17:54Z" duration="0.000308" asserts="0">
                  <properties>
                    <property name="retryIteration" value="0" />
                    <property name="repeatIteration" value="0" />
                  </properties>
                </test-case>
              </test-suite>
            </test-suite>
            <test-suite type="TestSuite" id="1861" name="Runs" fullname="Game.Core.Tests.Runs" runstate="Runnable" testcasecount="231" result="Passed" start-time="2026-10-08 22:17:54Z" end-time="2026-10-08 22:17:55Z" duration="0.169486" total="231" passed="231" failed="0" inconclusive="0" skipped="0" asserts="0">
              <properties />
              <test-suite type="TestFixture" id="1129" name="BossPreparationTests" fullname="Game.Core.Tests.Runs.BossPreparationTests" classname="Game.Core.Tests.Runs.BossPreparationTests" runstate="Runnable" testcasecount="21" result="Passed" start-time="2026-10-08 22:17:54Z" end-time="2026-10-08 22:17:54Z" duration="0.026359" total="21" passed="21" failed="0" inconclusive="0" skipped="0" asserts="0">
                <properties />
                <test-case id="1143" name="AfterStart_EditsAndASecondStartThrow" fullname="Game.Core.Tests.Runs.BossPreparationTests.AfterStart_EditsAndASecondStartThrow" methodname="AfterStart_EditsAndASecondStartThrow" classname="Game.Core.Tests.Runs.BossPreparationTests" runstate="Runnable" seed="1088217435" result="Passed" start-time="2026-10-08 22:17:54Z" end-time="2026-10-08 22:17:54Z" duration="0.012228" asserts="0">
                  <properties>
                    <property name="retryIteration" value="0" />
                    <property name="repeatIteration" value="0" />
                  </properties>
                </test-case>
                <test-case id="1134" name="BeginPreparation_ARunThatIsOver_Throws" fullname="Game.Core.Tests.Runs.BossPreparationTests.BeginPreparation_ARunThatIsOver_Throws" methodname="BeginPreparation_ARunThatIsOver_Throws" classname="Game.Core.Tests.Runs.BossPreparationTests" runstate="Runnable" seed="650926797" result="Passed" start-time="2026-10-08 22:17:54Z" end-time="2026-10-08 22:17:54Z" duration="0.001074" asserts="0">
                  <properties>
                    <property name="retryIteration" value="0" />
                    <property name="repeatIteration" value="0" />
                  </properties>
                </test-case>
                <test-case id="1136" name="BeginPreparation_ChangesNothingByItself" fullname="Game.Core.Tests.Runs.BossPreparationTests.BeginPreparation_ChangesNothingByItself" methodname="BeginPreparation_ChangesNothingByItself" classname="Game.Core.Tests.Runs.BossPreparationTests" runstate="Runnable" seed="1911666368" result="Passed" start-time="2026-10-08 22:17:54Z" end-time="2026-10-08 22:17:54Z" duration="0.000751" asserts="0">
                  <properties>
                    <property name="retryIteration" value="0" />
                    <property name="repeatIteration" value="0" />
                  </properties>
                </test-case>
                <test-case id="1131" name="BeginPreparation_NullStep_Throws" fullname="Game.Core.Tests.Runs.BossPreparationTests.BeginPreparation_NullStep_Throws" methodname="BeginPreparation_NullStep_Throws" classname="Game.Core.Tests.Runs.BossPreparationTests" runstate="Runnable" seed="42095921" result="Passed" start-time="2026-10-08 22:17:54Z" end-time="2026-10-08 22:17:54Z" duration="0.000312" asserts="0">
                  <properties>
                    <property name="retryIteration" value="0" />
                    <property name="repeatIteration" value="0" />
                  </properties>
                </test-case>
                <test-case id="1132" name="BeginPreparation_ProfessorNotAvailableYet_Throws" fullname="Game.Core.Tests.Runs.BossPreparationTests.BeginPreparation_ProfessorNotAvailableYet_Throws" methodname="BeginPreparation_ProfessorNotAvailableYet_Throws" classname="Game.Core.Tests.Runs.BossPreparationTests" runstate="Runnable" seed="1845632012" result="Passed" start-time="2026-10-08 22:17:54Z" end-time="2026-10-08 22:17:54Z" duration="0.000449" asserts="0">
                  <properties>
                    <property name="retryIteration" value="0" />
                    <property name="repeatIteration" value="0" />
                  </properties>
                </test-case>
                <test-case id="1130" name="BeginPreparation_RegularFight_Throws" fullname="Game.Core.Tests.Runs.BossPreparationTests.BeginPreparation_RegularFight_Throws" methodname="BeginPreparation_RegularFight_Throws" classname="Game.Core.Tests.Runs.BossPreparationTests" runstate="Runnable" seed="1434458147" result="Passed" start-time="2026-10-08 22:17:54Z" end-time="2026-10-08 22:17:54Z" duration="0.000312" asserts="0">
                  <properties>
                    <property name="retryIteration" value="0" />
                    <property name="repeatIteration" value="0" />
                  </properties>
                </test-case>
                <test-case id="1133" name="BeginPreparation_SecretRoomStillLocked_Throws" fullname="Game.Core.Tests.Runs.BossPreparationTests.BeginPreparation_SecretRoomStillLocked_Throws" methodname="BeginPreparation_SecretRoomStillLocked_Throws" classname="Game.Core.Tests.Runs.BossPreparationTests" runstate="Runnable" seed="2005145361" result="Passed" start-time="2026-10-08 22:17:54Z" end-time="2026-10-08 22:17:54Z" duration="0.000382" asserts="0">
                  <properties>
                    <property name="retryIteration" value="0" />
                    <property name="repeatIteration" value="0" />
                  </properties>
                </test-case>
                <test-case id="1135" name="BeginPreparation_WhileAFightSessionIsOpen_Throws" fullname="Game.Core.Tests.Runs.BossPreparationTests.BeginPreparation_WhileAFightSessionIsOpen_Throws" methodname="BeginPreparation_WhileAFightSessionIsOpen_Throws" classname="Game.Core.Tests.Runs.BossPreparationTests" runstate="Runnable" seed="1302147792" result="Passed" start-time="2026-10-08 22:17:54Z" end-time="2026-10-08 22:17:54Z" duration="0.000336" asserts="0">
                  <properties>
                    <property name="retryIteration" value="0" />
                    <property name="repeatIteration" value="0" />
                  </properties>
                </test-case>
                <test-case id="1145" name="Defeat_EndsTheRunSoThereIsNoSecondPreparation" fullname="Game.Core.Tests.Runs.BossPreparationTests.Defeat_EndsTheRunSoThereIsNoSecondPreparation" methodname="Defeat_EndsTheRunSoThereIsNoSecondPreparation" classname="Game.Core.Tests.Runs.BossPreparationTests" runstate="Runnable" seed="134309517" result="Passed" start-time="2026-10-08 22:17:54Z" end-time="2026-10-08 22:17:54Z" duration="0.000687" asserts="0">
                  <properties>
                    <property name="retryIteration" value="0" />
                    <property name="repeatIteration" value="0" />
                  </properties>
                </test-case>
                <test-case id="1140" name="Edits_InvalidIndexes_Throw" fullname="Game.Core.Tests.Runs.BossPreparationTests.Edits_InvalidIndexes_Throw" methodname="Edits_InvalidIndexes_Throw" classname="Game.Core.Tests.Runs.BossPreparationTests" runstate="Runnable" seed="136319859" result="Passed" start-time="2026-10-08 22:17:54Z" end-time="2026-10-08 22:17:54Z" duration="0.000433" asserts="0">
                  <properties>
                    <property name="retryIteration" value="0" />
                    <property name="repeatIteration" value="0" />
                  </properties>
                </test-case>
                <test-case id="1137" name="Edits_RearrangeTheLine" fullname="Game.Core.Tests.Runs.BossPreparationTests.Edits_RearrangeTheLine" methodname="Edits_RearrangeTheLine" classname="Game.Core.Tests.Runs.BossPreparationTests" runstate="Runnable" seed="849252575" result="Passed" start-time="2026-10-08 22:17:54Z" end-time="2026-10-08 22:17:54Z" duration="0.000902" asserts="0">
                  <properties>
                    <property name="retryIteration" value="0" />
                    <property name="repeatIteration" value="0" />
                  </properties>
                </test-case>
                <test-case id="1138" name="Edits_SwapWithReserve_ExchangesCards" fullname="Game.Core.Tests.Runs.BossPreparationTests.Edits_SwapWithReserve_ExchangesCards" methodname="Edits_SwapWithReserve_ExchangesCards" classname="Game.Core.Tests.Runs.BossPreparationTests" runstate="Runnable" seed="166195474" result="Passed" start-time="2026-10-08 22:17:54Z" end-time="2026-10-08 22:17:54Z" duration="0.000419" asserts="0">
                  <properties>
                    <property name="retryIteration" value="0" />
                    <property name="repeatIteration" value="0" />
                  </properties>
                </test-case>
                <test-case id="1139" name="Edits_TheReserveHasNoSizeLimit" fullname="Game.Core.Tests.Runs.BossPreparationTests.Edits_TheReserveHasNoSizeLimit" methodname="Edits_TheReserveHasNoSizeLimit" classname="Game.Core.Tests.Runs.BossPreparationTests" runstate="Runnable" seed="1032759346" result="Passed" start-time="2026-10-08 22:17:54Z" end-time="2026-10-08 22:17:54Z" duration="0.000302" asserts="0">
                  <properties>
                    <property name="retryIteration" value="0" />
                    <property name="repeatIteration" value="0" />
                  </properties>
                </test-case>
                <test-case id="1146" name="ProfessorKnowledge_EmptyBestiary_HidesEverythingButTheLineLength" fullname="Game.Core.Tests.Runs.BossPreparationTests.ProfessorKnowledge_EmptyBestiary_HidesEverythingButTheLineLength" methodname="ProfessorKnowledge_EmptyBestiary_HidesEverythingButTheLineLength" classname="Game.Core.Tests.Runs.BossPreparationTests" runstate="Runnable" seed="1050784684" result="Passed" start-time="2026-10-08 22:17:54Z" end-time="2026-10-08 22:17:54Z" duration="0.000335" asserts="0">
                  <properties>
                    <property name="retryIteration" value="0" />
                    <property name="repeatIteration" value="0" />
                  </properties>
                </test-case>
                <test-case id="1147" name="ProfessorKnowledge_NoBestiary_IsTheSameAsAnEmptyOne" fullname="Game.Core.Tests.Runs.BossPreparationTests.ProfessorKnowledge_NoBestiary_IsTheSameAsAnEmptyOne" methodname="ProfessorKnowledge_NoBestiary_IsTheSameAsAnEmptyOne" classname="Game.Core.Tests.Runs.BossPreparationTests" runstate="Runnable" seed="2090394875" result="Passed" start-time="2026-10-08 22:17:54Z" end-time="2026-10-08 22:17:54Z" duration="0.000232" asserts="0">
                  <properties>
                    <property name="retryIteration" value="0" />
                    <property name="repeatIteration" value="0" />
                  </properties>
                </test-case>
                <test-case id="1149" name="ProfessorKnowledge_ShieldRevealedAlone_ShowsTheShield" fullname="Game.Core.Tests.Runs.BossPreparationTests.ProfessorKnowledge_ShieldRevealedAlone_ShowsTheShield" methodname="ProfessorKnowledge_ShieldRevealedAlone_ShowsTheShield" classname="Game.Core.Tests.Runs.BossPreparationTests" runstate="Runnable" seed="1843573169" result="Passed" start-time="2026-10-08 22:17:54Z" end-time="2026-10-08 22:17:54Z" duration="0.000348" asserts="0">
                  <properties>
                    <property name="retryIteration" value="0" />
                    <property name="repeatIteration" value="0" />
                  </properties>
                </test-case>
                <test-case id="1148" name="ProfessorKnowledge_ShowsOnlyWhatTheBestiaryRevealed" fullname="Game.Core.Tests.Runs.BossPreparationTests.ProfessorKnowledge_ShowsOnlyWhatTheBestiaryRevealed" methodname="ProfessorKnowledge_ShowsOnlyWhatTheBestiaryRevealed" classname="Game.Core.Tests.Runs.BossPreparationTests" runstate="Runnable" seed="1252779889" result="Passed" start-time="2026-10-08 22:17:54Z" end-time="2026-10-08 22:17:54Z" duration="0.000380" asserts="0">
                  <properties>
                    <property name="retryIteration" value="0" />
                    <property name="repeatIteration" value="0" />
                  </properties>
                </test-case>
                <test-case id="1141" name="Start_OpensAFightWhoseLineIsFixed" fullname="Game.Core.Tests.Runs.BossPreparationTests.Start_OpensAFightWhoseLineIsFixed" methodname="Start_OpensAFightWhoseLineIsFixed" classname="Game.Core.Tests.Runs.BossPreparationTests" runstate="Runnable" seed="1570832530" result="Passed" start-time="2026-10-08 22:17:54Z" end-time="2026-10-08 22:17:54Z" duration="0.000615" asserts="0">
                  <properties>
                    <property name="retryIteration" value="0" />
                    <property name="repeatIteration" value="0" />
                  </properties>
                </test-case>
                <test-case id="1144" name="Start_TheArrangementIsWhatTheFightPlays" fullname="Game.Core.Tests.Runs.BossPreparationTests.Start_TheArrangementIsWhatTheFightPlays" methodname="Start_TheArrangementIsWhatTheFightPlays" classname="Game.Core.Tests.Runs.BossPreparationTests" runstate="Runnable" seed="30602583" result="Passed" start-time="2026-10-08 22:17:54Z" end-time="2026-10-08 22:17:54Z" duration="0.000331" asserts="0">
                  <properties>
                    <property name="retryIteration" value="0" />
                    <property name="repeatIteration" value="0" />
                  </properties>
                </test-case>
                <test-case id="1142" name="Start_TheSessionRefusesLineChanges" fullname="Game.Core.Tests.Runs.BossPreparationTests.Start_TheSessionRefusesLineChanges" methodname="Start_TheSessionRefusesLineChanges" classname="Game.Core.Tests.Runs.BossPreparationTests" runstate="Runnable" seed="819553998" result="Passed" start-time="2026-10-08 22:17:54Z" end-time="2026-10-08 22:17:54Z" duration="0.000943" asserts="0">
                  <properties>
                    <property name="retryIteration" value="0" />
                    <property name="repeatIteration" value="0" />
                  </properties>
                </test-case>
                <test-case id="1150" name="Steps_ProfessorHidesTheEncounter_MiniBossHasNoKnowledge" fullname="Game.Core.Tests.Runs.BossPreparationTests.Steps_ProfessorHidesTheEncounter_MiniBossHasNoKnowledge" methodname="Steps_ProfessorHidesTheEncounter_MiniBossHasNoKnowledge" classname="Game.Core.Tests.Runs.BossPreparationTests" runstate="Runnable" seed="658508154" result="Passed" start-time="2026-10-08 22:17:54Z" end-time="2026-10-08 22:17:54Z" duration="0.000352" asserts="0">
                  <properties>
                    <property name="retryIteration" value="0" />
                    <property name="repeatIteration" value="0" />
                  </properties>
                </test-case>
              </test-suite>
              <test-suite type="TestFixture" id="1151" name="LevelCurveTests" fullname="Game.Core.Tests.Runs.LevelCurveTests" classname="Game.Core.Tests.Runs.LevelCurveTests" runstate="Runnable" testcasecount="16" result="Passed" start-time="2026-10-08 22:17:54Z" end-time="2026-10-08 22:17:54Z" duration="0.008668" total="16" passed="16" failed="0" inconclusive="0" skipped="0" asserts="0">
                <properties />
                <test-case id="1153" name="Constructor_CopiesTheCosts" fullname="Game.Core.Tests.Runs.LevelCurveTests.Constructor_CopiesTheCosts" methodname="Constructor_CopiesTheCosts" classname="Game.Core.Tests.Runs.LevelCurveTests" runstate="Runnable" seed="1449509444" result="Passed" start-time="2026-10-08 22:17:54Z" end-time="2026-10-08 22:17:54Z" duration="0.000193" asserts="0">
                  <properties>
                    <property name="retryIteration" value="0" />
                    <property name="repeatIteration" value="0" />
                  </properties>
                </test-case>
                <test-case id="1154" name="Constructor_InvalidData_Throws" fullname="Game.Core.Tests.Runs.LevelCurveTests.Constructor_InvalidData_Throws" methodname="Constructor_InvalidData_Throws" classname="Game.Core.Tests.Runs.LevelCurveTests" runstate="Runnable" seed="942357938" result="Passed" start-time="2026-10-08 22:17:54Z" end-time="2026-10-08 22:17:54Z" duration="0.001052" asserts="0">
                  <properties>
                    <property name="retryIteration" value="0" />
                    <property name="repeatIteration" value="0" />
                  </properties>
                </test-case>
                <test-case id="1152" name="Constructor_ValidData_KeepsValues" fullname="Game.Core.Tests.Runs.LevelCurveTests.Constructor_ValidData_KeepsValues" methodname="Constructor_ValidData_KeepsValues" classname="Game.Core.Tests.Runs.LevelCurveTests" runstate="Runnable" seed="1547857694" result="Passed" start-time="2026-10-08 22:17:54Z" end-time="2026-10-08 22:17:54Z" duration="0.000251" asserts="0">
                  <properties>
                    <property name="retryIteration" value="0" />
                    <property name="repeatIteration" value="0" />
                  </properties>
                </test-case>
                <test-case id="1157" name="CostToLevelUpFrom_EveryLevelCostsMoreThanThePrevious" fullname="Game.Core.Tests.Runs.LevelCurveTests.CostToLevelUpFrom_EveryLevelCostsMoreThanThePrevious" methodname="CostToLevelUpFrom_EveryLevelCostsMoreThanThePrevious" classname="Game.Core.Tests.Runs.LevelCurveTests" runstate="Runnable" seed="1730577825" result="Passed" start-time="2026-10-08 22:17:54Z" end-time="2026-10-08 22:17:54Z" duration="0.002439" asserts="0">
                  <properties>
                    <property name="retryIteration" value="0" />
                    <property name="repeatIteration" value="0" />
                  </properties>
                </test-case>
                <test-case id="1155" name="CostToLevelUpFrom_InTheList_ReturnsTheListedCost" fullname="Game.Core.Tests.Runs.LevelCurveTests.CostToLevelUpFrom_InTheList_ReturnsTheListedCost" methodname="CostToLevelUpFrom_InTheList_ReturnsTheListedCost" classname="Game.Core.Tests.Runs.LevelCurveTests" runstate="Runnable" seed="954576324" result="Passed" start-time="2026-10-08 22:17:54Z" end-time="2026-10-08 22:17:54Z" duration="0.000363" asserts="0">
                  <properties>
                    <property name="retryIteration" value="0" />
                    <property name="repeatIteration" value="0" />
                  </properties>
                </test-case>
                <test-case id="1158" name="CostToLevelUpFrom_LevelBelowOne_Throws" fullname="Game.Core.Tests.Runs.LevelCurveTests.CostToLevelUpFrom_LevelBelowOne_Throws" methodname="CostToLevelUpFrom_LevelBelowOne_Throws" classname="Game.Core.Tests.Runs.LevelCurveTests" runstate="Runnable" seed="457442118" result="Passed" start-time="2026-10-08 22:17:54Z" end-time="2026-10-08 22:17:54Z" duration="0.000245" asserts="0">
                  <properties>
                    <property name="retryIteration" value="0" />
                    <property name="repeatIteration" value="0" />
                  </properties>
                </test-case>
                <test-case id="1156" name="CostToLevelUpFrom_PastTheList_AddsTheIncreasePerLevel" fullname="Game.Core.Tests.Runs.LevelCurveTests.CostToLevelUpFrom_PastTheList_AddsTheIncreasePerLevel" methodname="CostToLevelUpFrom_PastTheList_AddsTheIncreasePerLevel" classname="Game.Core.Tests.Runs.LevelCurveTests" runstate="Runnable" seed="555285715" result="Passed" start-time="2026-10-08 22:17:54Z" end-time="2026-10-08 22:17:54Z" duration="0.000182" asserts="0">
                  <properties>
                    <property name="retryIteration" value="0" />
                    <property name="repeatIteration" value="0" />
                  </properties>
                </test-case>
                <test-case id="1167" name="LevelForTotalXp_LongFarming_KeepsLevellingMoreAndMoreSlowly" fullname="Game.Core.Tests.Runs.LevelCurveTests.LevelForTotalXp_LongFarming_KeepsLevellingMoreAndMoreSlowly" methodname="LevelForTotalXp_LongFarming_KeepsLevellingMoreAndMoreSlowly" classname="Game.Core.Tests.Runs.LevelCurveTests" runstate="Runnable" seed="2034289486" result="Passed" start-time="2026-10-08 22:17:54Z" end-time="2026-10-08 22:17:54Z" duration="0.000370" asserts="0">
                  <properties>
                    <property name="retryIteration" value="0" />
                    <property name="repeatIteration" value="0" />
                  </properties>
                </test-case>
                <test-case id="1168" name="LevelForTotalXp_NegativeXp_Throws" fullname="Game.Core.Tests.Runs.LevelCurveTests.LevelForTotalXp_NegativeXp_Throws" methodname="LevelForTotalXp_NegativeXp_Throws" classname="Game.Core.Tests.Runs.LevelCurveTests" runstate="Runnable" seed="726670900" result="Passed" start-time="2026-10-08 22:17:54Z" end-time="2026-10-08 22:17:54Z" duration="0.000247" asserts="0">
                  <properties>
                    <property name="retryIteration" value="0" />
                    <property name="repeatIteration" value="0" />
                  </properties>
                </test-case>
                <test-suite type="ParameterizedMethod" id="1166" name="LevelForTotalXp_ReturnsTheLevelReached" fullname="Game.Core.Tests.Runs.LevelCurveTests.LevelForTotalXp_ReturnsTheLevelReached" classname="Game.Core.Tests.Runs.LevelCurveTests" runstate="Runnable" testcasecount="7" result="Passed" start-time="2026-10-08 22:17:54Z" end-time="2026-10-08 22:17:54Z" duration="0.001623" total="7" passed="7" failed="0" inconclusive="0" skipped="0" asserts="0">
                  <properties />
                  <test-case id="1159" name="LevelForTotalXp_ReturnsTheLevelReached(0,1)" fullname="Game.Core.Tests.Runs.LevelCurveTests.LevelForTotalXp_ReturnsTheLevelReached(0,1)" methodname="LevelForTotalXp_ReturnsTheLevelReached" classname="Game.Core.Tests.Runs.LevelCurveTests" runstate="Runnable" seed="1461447621" result="Passed" start-time="2026-10-08 22:17:54Z" end-time="2026-10-08 22:17:54Z" duration="0.000325" asserts="0">
                    <properties>
                      <property name="retryIteration" value="0" />
                      <property name="repeatIteration" value="0" />
                    </properties>
                  </test-case>
                  <test-case id="1160" name="LevelForTotalXp_ReturnsTheLevelReached(9,1)" fullname="Game.Core.Tests.Runs.LevelCurveTests.LevelForTotalXp_ReturnsTheLevelReached(9,1)" methodname="LevelForTotalXp_ReturnsTheLevelReached" classname="Game.Core.Tests.Runs.LevelCurveTests" runstate="Runnable" seed="1749778794" result="Passed" start-time="2026-10-08 22:17:54Z" end-time="2026-10-08 22:17:54Z" duration="0.000073" asserts="0">
                    <properties>
                      <property name="retryIteration" value="0" />
                      <property name="repeatIteration" value="0" />
                    </properties>
                  </test-case>
                  <test-case id="1161" name="LevelForTotalXp_ReturnsTheLevelReached(10,2)" fullname="Game.Core.Tests.Runs.LevelCurveTests.LevelForTotalXp_ReturnsTheLevelReached(10,2)" methodname="LevelForTotalXp_ReturnsTheLevelReached" classname="Game.Core.Tests.Runs.LevelCurveTests" runstate="Runnable" seed="1619278761" result="Passed" start-time="2026-10-08 22:17:54Z" end-time="2026-10-08 22:17:54Z" duration="0.000064" asserts="0">
                    <properties>
                      <property name="retryIteration" value="0" />
                      <property name="repeatIteration" value="0" />
                    </properties>
                  </test-case>
                  <test-case id="1162" name="LevelForTotalXp_ReturnsTheLevelReached(29,2)" fullname="Game.Core.Tests.Runs.LevelCurveTests.LevelForTotalXp_ReturnsTheLevelReached(29,2)" methodname="LevelForTotalXp_ReturnsTheLevelReached" classname="Game.Core.Tests.Runs.LevelCurveTests" runstate="Runnable" seed="121908578" result="Passed" start-time="2026-10-08 22:17:54Z" end-time="2026-10-08 22:17:54Z" duration="0.000066" asserts="0">
                    <properties>
                      <property name="retryIteration" value="0" />
                      <property name="repeatIteration" value="0" />
                    </properties>
                  </test-case>
                  <test-case id="1163" name="LevelForTotalXp_ReturnsTheLevelReached(30,3)" fullname="Game.Core.Tests.Runs.LevelCurveTests.LevelForTotalXp_ReturnsTheLevelReached(30,3)" methodname="LevelForTotalXp_ReturnsTheLevelReached" classname="Game.Core.Tests.Runs.LevelCurveTests" runstate="Runnable" seed="293051762" result="Passed" start-time="2026-10-08 22:17:54Z" end-time="2026-10-08 22:17:54Z" duration="0.000065" asserts="0">
                    <properties>
                      <property name="retryIteration" value="0" />
                      <property name="repeatIteration" value="0" />
                    </properties>
                  </test-case>
                  <test-case id="1164" name="LevelForTotalXp_ReturnsTheLevelReached(54,3)" fullname="Game.Core.Tests.Runs.LevelCurveTests.LevelForTotalXp_ReturnsTheLevelReached(54,3)" methodname="LevelForTotalXp_ReturnsTheLevelReached" classname="Game.Core.Tests.Runs.LevelCurveTests" runstate="Runnable" seed="1642702491" result="Passed" start-time="2026-10-08 22:17:54Z" end-time="2026-10-08 22:17:54Z" duration="0.000067" asserts="0">
                    <properties>
                      <property name="retryIteration" value="0" />
                      <property name="repeatIteration" value="0" />
                    </properties>
                  </test-case>
                  <test-case id="1165" name="LevelForTotalXp_ReturnsTheLevelReached(55,4)" fullname="Game.Core.Tests.Runs.LevelCurveTests.LevelForTotalXp_ReturnsTheLevelReached(55,4)" methodname="LevelForTotalXp_ReturnsTheLevelReached" classname="Game.Core.Tests.Runs.LevelCurveTests" runstate="Runnable" seed="1498785368" result="Passed" start-time="2026-10-08 22:17:54Z" end-time="2026-10-08 22:17:54Z" duration="0.000067" asserts="0">
                    <properties>
                      <property name="retryIteration" value="0" />
                      <property name="repeatIteration" value="0" />
                    </properties>
                  </test-case>
                </test-suite>
              </test-suite>
              <test-suite type="TestFixture" id="1169" name="LevelUpOfferTests" fullname="Game.Core.Tests.Runs.LevelUpOfferTests" classname="Game.Core.Tests.Runs.LevelUpOfferTests" runstate="Runnable" testcasecount="30" result="Passed" start-time="2026-10-08 22:17:54Z" end-time="2026-10-08 22:17:54Z" duration="0.021890" total="30" passed="30" failed="0" inconclusive="0" skipped="0" asserts="0">
                <properties />
                <test-case id="1176" name="Generate_BadArguments_Throw" fullname="Game.Core.Tests.Runs.LevelUpOfferTests.Generate_BadArguments_Throw" methodname="Generate_BadArguments_Throw" classname="Game.Core.Tests.Runs.LevelUpOfferTests" runstate="Runnable" seed="2015715399" result="Passed" start-time="2026-10-08 22:17:54Z" end-time="2026-10-08 22:17:54Z" duration="0.001068" asserts="0">
                  <properties>
                    <property name="retryIteration" value="0" />
                    <property name="repeatIteration" value="0" />
                  </properties>
                </test-case>
                <test-case id="1172" name="Generate_DifferentSeeds_GiveDifferentOffersSomewhere" fullname="Game.Core.Tests.Runs.LevelUpOfferTests.Generate_DifferentSeeds_GiveDifferentOffersSomewhere" methodname="Generate_DifferentSeeds_GiveDifferentOffersSomewhere" classname="Game.Core.Tests.Runs.LevelUpOfferTests" runstate="Runnable" seed="976090625" result="Passed" start-time="2026-10-08 22:17:54Z" end-time="2026-10-08 22:17:54Z" duration="0.001208" asserts="0">
                  <properties>
                    <property name="retryIteration" value="0" />
                    <property name="repeatIteration" value="0" />
                  </properties>
                </test-case>
                <test-case id="1175" name="Generate_EmptyPool_Throws" fullname="Game.Core.Tests.Runs.LevelUpOfferTests.Generate_EmptyPool_Throws" methodname="Generate_EmptyPool_Throws" classname="Game.Core.Tests.Runs.LevelUpOfferTests" runstate="Runnable" seed="894968411" result="Passed" start-time="2026-10-08 22:17:54Z" end-time="2026-10-08 22:17:54Z" duration="0.000353" asserts="0">
                  <properties>
                    <property name="retryIteration" value="0" />
                    <property name="repeatIteration" value="0" />
                  </properties>
                </test-case>
                <test-case id="1174" name="Generate_EveryPoolEntryCanBeOffered" fullname="Game.Core.Tests.Runs.LevelUpOfferTests.Generate_EveryPoolEntryCanBeOffered" methodname="Generate_EveryPoolEntryCanBeOffered" classname="Game.Core.Tests.Runs.LevelUpOfferTests" runstate="Runnable" seed="1424368650" result="Passed" start-time="2026-10-08 22:17:54Z" end-time="2026-10-08 22:17:54Z" duration="0.000545" asserts="0">
                  <properties>
                    <property name="retryIteration" value="0" />
                    <property name="repeatIteration" value="0" />
                  </properties>
                </test-case>
                <test-case id="1170" name="Generate_OffersThreePackagesFromThePools" fullname="Game.Core.Tests.Runs.LevelUpOfferTests.Generate_OffersThreePackagesFromThePools" methodname="Generate_OffersThreePackagesFromThePools" classname="Game.Core.Tests.Runs.LevelUpOfferTests" runstate="Runnable" seed="437765186" result="Passed" start-time="2026-10-08 22:17:54Z" end-time="2026-10-08 22:17:54Z" duration="0.001010" asserts="0">
                  <properties>
                    <property name="retryIteration" value="0" />
                    <property name="repeatIteration" value="0" />
                  </properties>
                </test-case>
                <test-case id="1171" name="Generate_SameSeed_GivesTheSameOffers" fullname="Game.Core.Tests.Runs.LevelUpOfferTests.Generate_SameSeed_GivesTheSameOffers" methodname="Generate_SameSeed_GivesTheSameOffers" classname="Game.Core.Tests.Runs.LevelUpOfferTests" runstate="Runnable" seed="1410761907" result="Passed" start-time="2026-10-08 22:17:54Z" end-time="2026-10-08 22:17:54Z" duration="0.000210" asserts="0">
                  <properties>
                    <property name="retryIteration" value="0" />
                    <property name="repeatIteration" value="0" />
                  </properties>
                </test-case>
                <test-case id="1173" name="Generate_SingleCardPool_OffersDuplicates" fullname="Game.Core.Tests.Runs.LevelUpOfferTests.Generate_SingleCardPool_OffersDuplicates" methodname="Generate_SingleCardPool_OffersDuplicates" classname="Game.Core.Tests.Runs.LevelUpOfferTests" runstate="Runnable" seed="941858188" result="Passed" start-time="2026-10-08 22:17:54Z" end-time="2026-10-08 22:17:54Z" duration="0.000246" asserts="0">
                  <properties>
                    <property name="retryIteration" value="0" />
                    <property name="repeatIteration" value="0" />
                  </properties>
                </test-case>
                <test-case id="1181" name="GetLevelUpOffer_AskedAgain_GivesTheSameOffer" fullname="Game.Core.Tests.Runs.LevelUpOfferTests.GetLevelUpOffer_AskedAgain_GivesTheSameOffer" methodname="GetLevelUpOffer_AskedAgain_GivesTheSameOffer" classname="Game.Core.Tests.Runs.LevelUpOfferTests" runstate="Runnable" seed="508350985" result="Passed" start-time="2026-10-08 22:17:54Z" end-time="2026-10-08 22:17:54Z" duration="0.000679" asserts="0">
                  <properties>
                    <property name="retryIteration" value="0" />
                    <property name="repeatIteration" value="0" />
                  </properties>
                </test-case>
                <test-case id="1186" name="GetLevelUpOffer_EmptyClassPool_Throws" fullname="Game.Core.Tests.Runs.LevelUpOfferTests.GetLevelUpOffer_EmptyClassPool_Throws" methodname="GetLevelUpOffer_EmptyClassPool_Throws" classname="Game.Core.Tests.Runs.LevelUpOfferTests" runstate="Runnable" seed="1411641743" result="Passed" start-time="2026-10-08 22:17:54Z" end-time="2026-10-08 22:17:54Z" duration="0.000325" asserts="0">
                  <properties>
                    <property name="retryIteration" value="0" />
                    <property name="repeatIteration" value="0" />
                  </properties>
                </test-case>
                <test-case id="1183" name="GetLevelUpOffer_NextLevelUp_DrawsANewOffer" fullname="Game.Core.Tests.Runs.LevelUpOfferTests.GetLevelUpOffer_NextLevelUp_DrawsANewOffer" methodname="GetLevelUpOffer_NextLevelUp_DrawsANewOffer" classname="Game.Core.Tests.Runs.LevelUpOfferTests" runstate="Runnable" seed="775518044" result="Passed" start-time="2026-10-08 22:17:54Z" end-time="2026-10-08 22:17:54Z" duration="0.002420" asserts="0">
                  <properties>
                    <property name="retryIteration" value="0" />
                    <property name="repeatIteration" value="0" />
                  </properties>
                </test-case>
                <test-case id="1185" name="GetLevelUpOffer_NoPendingLevelUp_Throws" fullname="Game.Core.Tests.Runs.LevelUpOfferTests.GetLevelUpOffer_NoPendingLevelUp_Throws" methodname="GetLevelUpOffer_NoPendingLevelUp_Throws" classname="Game.Core.Tests.Runs.LevelUpOfferTests" runstate="Runnable" seed="139396494" result="Passed" start-time="2026-10-08 22:17:54Z" end-time="2026-10-08 22:17:54Z" duration="0.000266" asserts="0">
                  <properties>
                    <property name="retryIteration" value="0" />
                    <property name="repeatIteration" value="0" />
                  </properties>
                </test-case>
                <test-case id="1187" name="GetLevelUpOffer_NullPool_Throws" fullname="Game.Core.Tests.Runs.LevelUpOfferTests.GetLevelUpOffer_NullPool_Throws" methodname="GetLevelUpOffer_NullPool_Throws" classname="Game.Core.Tests.Runs.LevelUpOfferTests" runstate="Runnable" seed="652418183" result="Passed" start-time="2026-10-08 22:17:54Z" end-time="2026-10-08 22:17:54Z" duration="0.000284" asserts="0">
                  <properties>
                    <property name="retryIteration" value="0" />
                    <property name="repeatIteration" value="0" />
                  </properties>
                </test-case>
                <test-case id="1182" name="GetLevelUpOffer_SameSeedAndChoices_GiveTheSameOffers" fullname="Game.Core.Tests.Runs.LevelUpOfferTests.GetLevelUpOffer_SameSeedAndChoices_GiveTheSameOffers" methodname="GetLevelUpOffer_SameSeedAndChoices_GiveTheSameOffers" classname="Game.Core.Tests.Runs.LevelUpOfferTests" runstate="Runnable" seed="220557901" result="Passed" start-time="2026-10-08 22:17:54Z" end-time="2026-10-08 22:17:54Z" duration="0.000349" asserts="0">
                  <properties>
                    <property name="retryIteration" value="0" />
                    <property name="repeatIteration" value="0" />
                  </properties>
                </test-case>
                <test-case id="1184" name="GetLevelUpOffer_UsesOnlyTheOfferSequence" fullname="Game.Core.Tests.Runs.LevelUpOfferTests.GetLevelUpOffer_UsesOnlyTheOfferSequence" methodname="GetLevelUpOffer_UsesOnlyTheOfferSequence" classname="Game.Core.Tests.Runs.LevelUpOfferTests" runstate="Runnable" seed="215801533" result="Passed" start-time="2026-10-08 22:17:54Z" end-time="2026-10-08 22:17:54Z" duration="0.000251" asserts="0">
                  <properties>
                    <property name="retryIteration" value="0" />
                    <property name="repeatIteration" value="0" />
                  </properties>
                </test-case>
                <test-case id="1180" name="GetLevelUpOffer_UsesTheClassPoolAndThePassivePool" fullname="Game.Core.Tests.Runs.LevelUpOfferTests.GetLevelUpOffer_UsesTheClassPoolAndThePassivePool" methodname="GetLevelUpOffer_UsesTheClassPoolAndThePassivePool" classname="Game.Core.Tests.Runs.LevelUpOfferTests" runstate="Runnable" seed="724447987" result="Passed" start-time="2026-10-08 22:17:54Z" end-time="2026-10-08 22:17:54Z" duration="0.000427" asserts="0">
                  <properties>
                    <property name="retryIteration" value="0" />
                    <property name="repeatIteration" value="0" />
                  </properties>
                </test-case>
                <test-case id="1178" name="HasPendingChoice_FollowsPendingLevelUps" fullname="Game.Core.Tests.Runs.LevelUpOfferTests.HasPendingChoice_FollowsPendingLevelUps" methodname="HasPendingChoice_FollowsPendingLevelUps" classname="Game.Core.Tests.Runs.LevelUpOfferTests" runstate="Runnable" seed="170467369" result="Passed" start-time="2026-10-08 22:17:54Z" end-time="2026-10-08 22:17:54Z" duration="0.000290" asserts="0">
                  <properties>
                    <property name="retryIteration" value="0" />
                    <property name="repeatIteration" value="0" />
                  </properties>
                </test-case>
                <test-case id="1177" name="LevelUpOffer_Constructor_RejectsEmptyAndNull" fullname="Game.Core.Tests.Runs.LevelUpOfferTests.LevelUpOffer_Constructor_RejectsEmptyAndNull" methodname="LevelUpOffer_Constructor_RejectsEmptyAndNull" classname="Game.Core.Tests.Runs.LevelUpOfferTests" runstate="Runnable" seed="241897234" result="Passed" start-time="2026-10-08 22:17:54Z" end-time="2026-10-08 22:17:54Z" duration="0.000826" asserts="0">
                  <properties>
                    <property name="retryIteration" value="0" />
                    <property name="repeatIteration" value="0" />
                  </properties>
                </test-case>
                <test-case id="1179" name="Play_WithPendingLevelUp_StillStartsAFight" fullname="Game.Core.Tests.Runs.LevelUpOfferTests.Play_WithPendingLevelUp_StillStartsAFight" methodname="Play_WithPendingLevelUp_StillStartsAFight" classname="Game.Core.Tests.Runs.LevelUpOfferTests" runstate="Runnable" seed="728165041" result="Passed" start-time="2026-10-08 22:17:54Z" end-time="2026-10-08 22:17:54Z" duration="0.000297" asserts="0">
                  <properties>
                    <property name="retryIteration" value="0" />
                    <property name="repeatIteration" value="0" />
                  </properties>
                </test-case>
                <test-case id="1194" name="TakeLevelUpPackage_BadIndex_ChangesNothing" fullname="Game.Core.Tests.Runs.LevelUpOfferTests.TakeLevelUpPackage_BadIndex_ChangesNothing" methodname="TakeLevelUpPackage_BadIndex_ChangesNothing" classname="Game.Core.Tests.Runs.LevelUpOfferTests" runstate="Runnable" seed="1121134967" result="Passed" start-time="2026-10-08 22:17:54Z" end-time="2026-10-08 22:17:54Z" duration="0.000596" asserts="0">
                  <properties>
                    <property name="retryIteration" value="0" />
                    <property name="repeatIteration" value="0" />
                  </properties>
                </test-case>
                <test-case id="1195" name="TakeLevelUpPackage_BadReplacePosition_ChangesNothing" fullname="Game.Core.Tests.Runs.LevelUpOfferTests.TakeLevelUpPackage_BadReplacePosition_ChangesNothing" methodname="TakeLevelUpPackage_BadReplacePosition_ChangesNothing" classname="Game.Core.Tests.Runs.LevelUpOfferTests" runstate="Runnable" seed="1879048321" result="Passed" start-time="2026-10-08 22:17:54Z" end-time="2026-10-08 22:17:54Z" duration="0.000575" asserts="0">
                  <properties>
                    <property name="retryIteration" value="0" />
                    <property name="repeatIteration" value="0" />
                  </properties>
                </test-case>
                <test-case id="1199" name="TakeLevelUpPackage_FightSessionOpen_ThrowsAndChangesNothing" fullname="Game.Core.Tests.Runs.LevelUpOfferTests.TakeLevelUpPackage_FightSessionOpen_ThrowsAndChangesNothing" methodname="TakeLevelUpPackage_FightSessionOpen_ThrowsAndChangesNothing" classname="Game.Core.Tests.Runs.LevelUpOfferTests" runstate="Runnable" seed="58016536" result="Passed" start-time="2026-10-08 22:17:54Z" end-time="2026-10-08 22:17:54Z" duration="0.000453" asserts="0">
                  <properties>
                    <property name="retryIteration" value="0" />
                    <property name="repeatIteration" value="0" />
                  </properties>
                </test-case>
                <test-case id="1189" name="TakeLevelUpPackage_LineFull_AddsCardToTheReserve" fullname="Game.Core.Tests.Runs.LevelUpOfferTests.TakeLevelUpPackage_LineFull_AddsCardToTheReserve" methodname="TakeLevelUpPackage_LineFull_AddsCardToTheReserve" classname="Game.Core.Tests.Runs.LevelUpOfferTests" runstate="Runnable" seed="1100146854" result="Passed" start-time="2026-10-08 22:17:54Z" end-time="2026-10-08 22:17:54Z" duration="0.000631" asserts="0">
                  <properties>
                    <property name="retryIteration" value="0" />
                    <property name="repeatIteration" value="0" />
                  </properties>
                </test-case>
                <test-case id="1188" name="TakeLevelUpPackage_LineHasRoom_AddsCardAtTheEndAndPassiveAndConsumesOneLevelUp" fullname="Game.Core.Tests.Runs.LevelUpOfferTests.TakeLevelUpPackage_LineHasRoom_AddsCardAtTheEndAndPassiveAndConsumesOneLevelUp" methodname="TakeLevelUpPackage_LineHasRoom_AddsCardAtTheEndAndPassiveAndConsumesOneLevelUp" classname="Game.Core.Tests.Runs.LevelUpOfferTests" runstate="Runnable" seed="2045089751" result="Passed" start-time="2026-10-08 22:17:54Z" end-time="2026-10-08 22:17:54Z" duration="0.000420" asserts="0">
                  <properties>
                    <property name="retryIteration" value="0" />
                    <property name="repeatIteration" value="0" />
                  </properties>
                </test-case>
                <test-case id="1191" name="TakeLevelUpPackage_NewInstanceIsDistinctFromOwnedCopies" fullname="Game.Core.Tests.Runs.LevelUpOfferTests.TakeLevelUpPackage_NewInstanceIsDistinctFromOwnedCopies" methodname="TakeLevelUpPackage_NewInstanceIsDistinctFromOwnedCopies" classname="Game.Core.Tests.Runs.LevelUpOfferTests" runstate="Runnable" seed="803997127" result="Passed" start-time="2026-10-08 22:17:54Z" end-time="2026-10-08 22:17:54Z" duration="0.000418" asserts="0">
                  <properties>
                    <property name="retryIteration" value="0" />
                    <property name="repeatIteration" value="0" />
                  </properties>
                </test-case>
                <test-case id="1192" name="TakeLevelUpPackage_PassiveAppliesToLaterFights" fullname="Game.Core.Tests.Runs.LevelUpOfferTests.TakeLevelUpPackage_PassiveAppliesToLaterFights" methodname="TakeLevelUpPackage_PassiveAppliesToLaterFights" classname="Game.Core.Tests.Runs.LevelUpOfferTests" runstate="Runnable" seed="1304296976" result="Passed" start-time="2026-10-08 22:17:54Z" end-time="2026-10-08 22:17:54Z" duration="0.000302" asserts="0">
                  <properties>
                    <property name="retryIteration" value="0" />
                    <property name="repeatIteration" value="0" />
                  </properties>
                </test-case>
                <test-case id="1190" name="TakeLevelUpPackage_ReplacingALineCard_SendsItToTheReserve" fullname="Game.Core.Tests.Runs.LevelUpOfferTests.TakeLevelUpPackage_ReplacingALineCard_SendsItToTheReserve" methodname="TakeLevelUpPackage_ReplacingALineCard_SendsItToTheReserve" classname="Game.Core.Tests.Runs.LevelUpOfferTests" runstate="Runnable" seed="1003456624" result="Passed" start-time="2026-10-08 22:17:54Z" end-time="2026-10-08 22:17:54Z" duration="0.000537" asserts="0">
                  <properties>
                    <property name="retryIteration" value="0" />
                    <property name="repeatIteration" value="0" />
                  </properties>
                </test-case>
                <test-case id="1196" name="TakeLevelUpPackage_ReplacingWhileTheLineHasRoom_ChangesNothing" fullname="Game.Core.Tests.Runs.LevelUpOfferTests.TakeLevelUpPackage_ReplacingWhileTheLineHasRoom_ChangesNothing" methodname="TakeLevelUpPackage_ReplacingWhileTheLineHasRoom_ChangesNothing" classname="Game.Core.Tests.Runs.LevelUpOfferTests" runstate="Runnable" seed="1387647981" result="Passed" start-time="2026-10-08 22:17:54Z" end-time="2026-10-08 22:17:54Z" duration="0.000354" asserts="0">
                  <properties>
                    <property name="retryIteration" value="0" />
                    <property name="repeatIteration" value="0" />
                  </properties>
                </test-case>
                <test-case id="1193" name="TakeLevelUpPackage_TakingAllPendingLevelUps_ClearsTheChoice" fullname="Game.Core.Tests.Runs.LevelUpOfferTests.TakeLevelUpPackage_TakingAllPendingLevelUps_ClearsTheChoice" methodname="TakeLevelUpPackage_TakingAllPendingLevelUps_ClearsTheChoice" classname="Game.Core.Tests.Runs.LevelUpOfferTests" runstate="Runnable" seed="1222525213" result="Passed" start-time="2026-10-08 22:17:54Z" end-time="2026-10-08 22:17:54Z" duration="0.000451" asserts="0">
                  <properties>
                    <property name="retryIteration" value="0" />
                    <property name="repeatIteration" value="0" />
                  </properties>
                </test-case>
                <test-case id="1197" name="TakeLevelUpPackage_UpgradeOverflow_ChangesNothing" fullname="Game.Core.Tests.Runs.LevelUpOfferTests.TakeLevelUpPackage_UpgradeOverflow_ChangesNothing" methodname="TakeLevelUpPackage_UpgradeOverflow_ChangesNothing" classname="Game.Core.Tests.Runs.LevelUpOfferTests" runstate="Runnable" seed="306408295" result="Passed" start-time="2026-10-08 22:17:54Z" end-time="2026-10-08 22:17:54Z" duration="0.000593" asserts="0">
                  <properties>
                    <property name="retryIteration" value="0" />
                    <property name="repeatIteration" value="0" />
                  </properties>
                </test-case>
                <test-case id="1198" name="TakeLevelUpPackage_WithoutOffer_Throws" fullname="Game.Core.Tests.Runs.LevelUpOfferTests.TakeLevelUpPackage_WithoutOffer_Throws" methodname="TakeLevelUpPackage_WithoutOffer_Throws" classname="Game.Core.Tests.Runs.LevelUpOfferTests" runstate="Runnable" seed="1448753279" result="Passed" start-time="2026-10-08 22:17:54Z" end-time="2026-10-08 22:17:54Z" duration="0.000340" asserts="0">
                  <properties>
                    <property name="retryIteration" value="0" />
                    <property name="repeatIteration" value="0" />
                  </properties>
                </test-case>
              </test-suite>
              <test-suite type="TestFixture" id="1200" name="RunDefinitionTests" fullname="Game.Core.Tests.Runs.RunDefinitionTests" classname="Game.Core.Tests.Runs.RunDefinitionTests" runstate="Runnable" testcasecount="9" result="Passed" start-time="2026-10-08 22:17:54Z" end-time="2026-10-08 22:17:54Z" duration="0.005258" total="9" passed="9" failed="0" inconclusive="0" skipped="0" asserts="0">
                <properties />
                <test-case id="1202" name="Biome_InvalidData_Throws" fullname="Game.Core.Tests.Runs.RunDefinitionTests.Biome_InvalidData_Throws" methodname="Biome_InvalidData_Throws" classname="Game.Core.Tests.Runs.RunDefinitionTests" runstate="Runnable" seed="1006281297" result="Passed" start-time="2026-10-08 22:17:54Z" end-time="2026-10-08 22:17:54Z" duration="0.001161" asserts="0">
                  <properties>
                    <property name="retryIteration" value="0" />
                    <property name="repeatIteration" value="0" />
                  </properties>
                </test-case>
                <test-case id="1201" name="Biome_ValidData_KeepsValues" fullname="Game.Core.Tests.Runs.RunDefinitionTests.Biome_ValidData_KeepsValues" methodname="Biome_ValidData_KeepsValues" classname="Game.Core.Tests.Runs.RunDefinitionTests" runstate="Runnable" seed="842800027" result="Passed" start-time="2026-10-08 22:17:54Z" end-time="2026-10-08 22:17:54Z" duration="0.000288" asserts="0">
                  <properties>
                    <property name="retryIteration" value="0" />
                    <property name="repeatIteration" value="0" />
                  </properties>
                </test-case>
                <test-case id="1209" name="CardInstance_InvalidArguments_Throw" fullname="Game.Core.Tests.Runs.RunDefinitionTests.CardInstance_InvalidArguments_Throw" methodname="CardInstance_InvalidArguments_Throw" classname="Game.Core.Tests.Runs.RunDefinitionTests" runstate="Runnable" seed="1092359259" result="Passed" start-time="2026-10-08 22:17:54Z" end-time="2026-10-08 22:17:54Z" duration="0.000399" asserts="0">
                  <properties>
                    <property name="retryIteration" value="0" />
                    <property name="repeatIteration" value="0" />
                  </properties>
                </test-case>
                <test-case id="1205" name="Rules_NullLevelCurve_Throws" fullname="Game.Core.Tests.Runs.RunDefinitionTests.Rules_NullLevelCurve_Throws" methodname="Rules_NullLevelCurve_Throws" classname="Game.Core.Tests.Runs.RunDefinitionTests" runstate="Runnable" seed="1127016051" result="Passed" start-time="2026-10-08 22:17:54Z" end-time="2026-10-08 22:17:54Z" duration="0.000283" asserts="0">
                  <properties>
                    <property name="retryIteration" value="0" />
                    <property name="repeatIteration" value="0" />
                  </properties>
                </test-case>
                <test-case id="1204" name="Rules_TimeLimitBelowOne_Throws" fullname="Game.Core.Tests.Runs.RunDefinitionTests.Rules_TimeLimitBelowOne_Throws" methodname="Rules_TimeLimitBelowOne_Throws" classname="Game.Core.Tests.Runs.RunDefinitionTests" runstate="Runnable" seed="1444544741" result="Passed" start-time="2026-10-08 22:17:54Z" end-time="2026-10-08 22:17:54Z" duration="0.000232" asserts="0">
                  <properties>
                    <property name="retryIteration" value="0" />
                    <property name="repeatIteration" value="0" />
                  </properties>
                </test-case>
                <test-case id="1203" name="Rules_ValidData_KeepsValues" fullname="Game.Core.Tests.Runs.RunDefinitionTests.Rules_ValidData_KeepsValues" methodname="Rules_ValidData_KeepsValues" classname="Game.Core.Tests.Runs.RunDefinitionTests" runstate="Runnable" seed="257742649" result="Passed" start-time="2026-10-08 22:17:54Z" end-time="2026-10-08 22:17:54Z" duration="0.000176" asserts="0">
                  <properties>
                    <property name="retryIteration" value="0" />
                    <property name="repeatIteration" value="0" />
                  </properties>
                </test-case>
                <test-case id="1208" name="Step_BlankRoomId_Throws" fullname="Game.Core.Tests.Runs.RunDefinitionTests.Step_BlankRoomId_Throws" methodname="Step_BlankRoomId_Throws" classname="Game.Core.Tests.Runs.RunDefinitionTests" runstate="Runnable" seed="131396653" result="Passed" start-time="2026-10-08 22:17:54Z" end-time="2026-10-08 22:17:54Z" duration="0.000254" asserts="0">
                  <properties>
                    <property name="retryIteration" value="0" />
                    <property name="repeatIteration" value="0" />
                  </properties>
                </test-case>
                <test-case id="1206" name="Step_EqualKindAndRoom_AreEqual" fullname="Game.Core.Tests.Runs.RunDefinitionTests.Step_EqualKindAndRoom_AreEqual" methodname="Step_EqualKindAndRoom_AreEqual" classname="Game.Core.Tests.Runs.RunDefinitionTests" runstate="Runnable" seed="976107337" result="Passed" start-time="2026-10-08 22:17:54Z" end-time="2026-10-08 22:17:54Z" duration="0.000469" asserts="0">
                  <properties>
                    <property name="retryIteration" value="0" />
                    <property name="repeatIteration" value="0" />
                  </properties>
                </test-case>
                <test-case id="1207" name="Step_OnlyMiniBossAndProfessorFights_RequirePreparation" fullname="Game.Core.Tests.Runs.RunDefinitionTests.Step_OnlyMiniBossAndProfessorFights_RequirePreparation" methodname="Step_OnlyMiniBossAndProfessorFights_RequirePreparation" classname="Game.Core.Tests.Runs.RunDefinitionTests" runstate="Runnable" seed="945179118" result="Passed" start-time="2026-10-08 22:17:54Z" end-time="2026-10-08 22:17:54Z" duration="0.000172" asserts="0">
                  <properties>
                    <property name="retryIteration" value="0" />
                    <property name="repeatIteration" value="0" />
                  </properties>
                </test-case>
              </test-suite>
              <test-suite type="TestFixture" id="1210" name="RunEvolutionTests" fullname="Game.Core.Tests.Runs.RunEvolutionTests" classname="Game.Core.Tests.Runs.RunEvolutionTests" runstate="Runnable" testcasecount="14" result="Passed" start-time="2026-10-08 22:17:54Z" end-time="2026-10-08 22:17:55Z" duration="0.011628" total="14" passed="14" failed="0" inconclusive="0" skipped="0" asserts="0">
                <properties />
                <test-case id="1224" name="BeginFight_CardsEvolvedInEarlierFights_StartAtTheirStageWithPassivesApplied" fullname="Game.Core.Tests.Runs.RunEvolutionTests.BeginFight_CardsEvolvedInEarlierFights_StartAtTheirStageWithPassivesApplied" methodname="BeginFight_CardsEvolvedInEarlierFights_StartAtTheirStageWithPassivesApplied" classname="Game.Core.Tests.Runs.RunEvolutionTests" runstate="Runnable" seed="1379879998" result="Passed" start-time="2026-10-08 22:17:54Z" end-time="2026-10-08 22:17:54Z" duration="0.001727" asserts="0">
                  <properties>
                    <property name="retryIteration" value="0" />
                    <property name="repeatIteration" value="0" />
                  </properties>
                </test-case>
                <test-case id="1211" name="NewInstance_HasNoCastsAndIsAtStageZero" fullname="Game.Core.Tests.Runs.RunEvolutionTests.NewInstance_HasNoCastsAndIsAtStageZero" methodname="NewInstance_HasNoCastsAndIsAtStageZero" classname="Game.Core.Tests.Runs.RunEvolutionTests" runstate="Runnable" seed="1528280464" result="Passed" start-time="2026-10-08 22:17:54Z" end-time="2026-10-08 22:17:54Z" duration="0.000367" asserts="0">
                  <properties>
                    <property name="retryIteration" value="0" />
                    <property name="repeatIteration" value="0" />
                  </properties>
                </test-case>
                <test-case id="1217" name="Play_CardWithoutEvolutions_JustCounts" fullname="Game.Core.Tests.Runs.RunEvolutionTests.Play_CardWithoutEvolutions_JustCounts" methodname="Play_CardWithoutEvolutions_JustCounts" classname="Game.Core.Tests.Runs.RunEvolutionTests" runstate="Runnable" seed="1309824197" result="Passed" start-time="2026-10-08 22:17:54Z" end-time="2026-10-08 22:17:55Z" duration="0.000382" asserts="0">
                  <properties>
                    <property name="retryIteration" value="0" />
                    <property name="repeatIteration" value="0" />
                  </properties>
                </test-case>
                <test-case id="1213" name="Play_CastsAddUpAcrossFights_AndTheStageFollows" fullname="Game.Core.Tests.Runs.RunEvolutionTests.Play_CastsAddUpAcrossFights_AndTheStageFollows" methodname="Play_CastsAddUpAcrossFights_AndTheStageFollows" classname="Game.Core.Tests.Runs.RunEvolutionTests" runstate="Runnable" seed="57098289" result="Passed" start-time="2026-10-08 22:17:55Z" end-time="2026-10-08 22:17:55Z" duration="0.000750" asserts="0">
                  <properties>
                    <property name="retryIteration" value="0" />
                    <property name="repeatIteration" value="0" />
                  </properties>
                </test-case>
                <test-case id="1212" name="Play_CountsTheCastsOfEveryCardCopyOfTheLine" fullname="Game.Core.Tests.Runs.RunEvolutionTests.Play_CountsTheCastsOfEveryCardCopyOfTheLine" methodname="Play_CountsTheCastsOfEveryCardCopyOfTheLine" classname="Game.Core.Tests.Runs.RunEvolutionTests" runstate="Runnable" seed="1501041940" result="Passed" start-time="2026-10-08 22:17:55Z" end-time="2026-10-08 22:17:55Z" duration="0.000284" asserts="0">
                  <properties>
                    <property name="retryIteration" value="0" />
                    <property name="repeatIteration" value="0" />
                  </properties>
                </test-case>
                <test-case id="1223" name="Play_IsTheSameAsASessionPlayedToTheEnd" fullname="Game.Core.Tests.Runs.RunEvolutionTests.Play_IsTheSameAsASessionPlayedToTheEnd" methodname="Play_IsTheSameAsASessionPlayedToTheEnd" classname="Game.Core.Tests.Runs.RunEvolutionTests" runstate="Runnable" seed="741811261" result="Passed" start-time="2026-10-08 22:17:55Z" end-time="2026-10-08 22:17:55Z" duration="0.001562" asserts="0">
                  <properties>
                    <property name="retryIteration" value="0" />
                    <property name="repeatIteration" value="0" />
                  </properties>
                </test-case>
                <test-case id="1214" name="Play_NextFight_StartsWithTheEvolvedCard" fullname="Game.Core.Tests.Runs.RunEvolutionTests.Play_NextFight_StartsWithTheEvolvedCard" methodname="Play_NextFight_StartsWithTheEvolvedCard" classname="Game.Core.Tests.Runs.RunEvolutionTests" runstate="Runnable" seed="2047127484" result="Passed" start-time="2026-10-08 22:17:55Z" end-time="2026-10-08 22:17:55Z" duration="0.000343" asserts="0">
                  <properties>
                    <property name="retryIteration" value="0" />
                    <property name="repeatIteration" value="0" />
                  </properties>
                </test-case>
                <test-case id="1218" name="Play_SameSeedAndSteps_GiveTheSameRun" fullname="Game.Core.Tests.Runs.RunEvolutionTests.Play_SameSeedAndSteps_GiveTheSameRun" methodname="Play_SameSeedAndSteps_GiveTheSameRun" classname="Game.Core.Tests.Runs.RunEvolutionTests" runstate="Runnable" seed="471344152" result="Passed" start-time="2026-10-08 22:17:55Z" end-time="2026-10-08 22:17:55Z" duration="0.000610" asserts="0">
                  <properties>
                    <property name="retryIteration" value="0" />
                    <property name="repeatIteration" value="0" />
                  </properties>
                </test-case>
                <test-case id="1215" name="Play_TwoCopiesOfTheSameCard_CountAndEvolveSeparately" fullname="Game.Core.Tests.Runs.RunEvolutionTests.Play_TwoCopiesOfTheSameCard_CountAndEvolveSeparately" methodname="Play_TwoCopiesOfTheSameCard_CountAndEvolveSeparately" classname="Game.Core.Tests.Runs.RunEvolutionTests" runstate="Runnable" seed="2121869483" result="Passed" start-time="2026-10-08 22:17:55Z" end-time="2026-10-08 22:17:55Z" duration="0.000482" asserts="0">
                  <properties>
                    <property name="retryIteration" value="0" />
                    <property name="repeatIteration" value="0" />
                  </properties>
                </test-case>
                <test-case id="1216" name="Reserve_KeepsTheCastsAndTheStageOfACard" fullname="Game.Core.Tests.Runs.RunEvolutionTests.Reserve_KeepsTheCastsAndTheStageOfACard" methodname="Reserve_KeepsTheCastsAndTheStageOfACard" classname="Game.Core.Tests.Runs.RunEvolutionTests" runstate="Runnable" seed="1138176165" result="Passed" start-time="2026-10-08 22:17:55Z" end-time="2026-10-08 22:17:55Z" duration="0.000482" asserts="0">
                  <properties>
                    <property name="retryIteration" value="0" />
                    <property name="repeatIteration" value="0" />
                  </properties>
                </test-case>
                <test-case id="1222" name="Session_Cancel_KeepsTheLineChangesButNotTheCasts" fullname="Game.Core.Tests.Runs.RunEvolutionTests.Session_Cancel_KeepsTheLineChangesButNotTheCasts" methodname="Session_Cancel_KeepsTheLineChangesButNotTheCasts" classname="Game.Core.Tests.Runs.RunEvolutionTests" runstate="Runnable" seed="1455503069" result="Passed" start-time="2026-10-08 22:17:55Z" end-time="2026-10-08 22:17:55Z" duration="0.000667" asserts="0">
                  <properties>
                    <property name="retryIteration" value="0" />
                    <property name="repeatIteration" value="0" />
                  </properties>
                </test-case>
                <test-case id="1221" name="Session_CardSwappedToTheReserveWhileCasting_KeepsItsCastAndEvolvesThere" fullname="Game.Core.Tests.Runs.RunEvolutionTests.Session_CardSwappedToTheReserveWhileCasting_KeepsItsCastAndEvolvesThere" methodname="Session_CardSwappedToTheReserveWhileCasting_KeepsItsCastAndEvolvesThere" classname="Game.Core.Tests.Runs.RunEvolutionTests" runstate="Runnable" seed="1535897444" result="Passed" start-time="2026-10-08 22:17:55Z" end-time="2026-10-08 22:17:55Z" duration="0.000445" asserts="0">
                  <properties>
                    <property name="retryIteration" value="0" />
                    <property name="repeatIteration" value="0" />
                  </properties>
                </test-case>
                <test-case id="1220" name="Session_ReserveCardSwappedIn_EvolvesAndKeepsItsCountOnItsInstance" fullname="Game.Core.Tests.Runs.RunEvolutionTests.Session_ReserveCardSwappedIn_EvolvesAndKeepsItsCountOnItsInstance" methodname="Session_ReserveCardSwappedIn_EvolvesAndKeepsItsCountOnItsInstance" classname="Game.Core.Tests.Runs.RunEvolutionTests" runstate="Runnable" seed="1853634516" result="Passed" start-time="2026-10-08 22:17:55Z" end-time="2026-10-08 22:17:55Z" duration="0.000407" asserts="0">
                  <properties>
                    <property name="retryIteration" value="0" />
                    <property name="repeatIteration" value="0" />
                  </properties>
                </test-case>
                <test-case id="1219" name="Session_StepByStep_EvolvesTheCardInTheFightAndCommitsItsCasts" fullname="Game.Core.Tests.Runs.RunEvolutionTests.Session_StepByStep_EvolvesTheCardInTheFightAndCommitsItsCasts" methodname="Session_StepByStep_EvolvesTheCardInTheFightAndCommitsItsCasts" classname="Game.Core.Tests.Runs.RunEvolutionTests" runstate="Runnable" seed="215073738" result="Passed" start-time="2026-10-08 22:17:55Z" end-time="2026-10-08 22:17:55Z" duration="0.000559" asserts="0">
                  <properties>
                    <property name="retryIteration" value="0" />
                    <property name="repeatIteration" value="0" />
                  </properties>
                </test-case>
              </test-suite>
              <test-suite type="TestFixture" id="1225" name="RunFightSessionTests" fullname="Game.Core.Tests.Runs.RunFightSessionTests" classname="Game.Core.Tests.Runs.RunFightSessionTests" runstate="Runnable" testcasecount="39" result="Passed" start-time="2026-10-08 22:17:55Z" end-time="2026-10-08 22:17:55Z" duration="0.028191" total="39" passed="39" failed="0" inconclusive="0" skipped="0" asserts="0">
                <properties />
                <test-case id="1262" name="Advance_AfterTheFightIsOver_Throws" fullname="Game.Core.Tests.Runs.RunFightSessionTests.Advance_AfterTheFightIsOver_Throws" methodname="Advance_AfterTheFightIsOver_Throws" classname="Game.Core.Tests.Runs.RunFightSessionTests" runstate="Runnable" seed="2027593758" result="Passed" start-time="2026-10-08 22:17:55Z" end-time="2026-10-08 22:17:55Z" duration="0.000606" asserts="0">
                  <properties>
                    <property name="retryIteration" value="0" />
                    <property name="repeatIteration" value="0" />
                  </properties>
                </test-case>
                <test-case id="1263" name="AvailableSteps_WhileASessionIsOpen_AreStillListed_ButNoneCanBeBegun" fullname="Game.Core.Tests.Runs.RunFightSessionTests.AvailableSteps_WhileASessionIsOpen_AreStillListed_ButNoneCanBeBegun" methodname="AvailableSteps_WhileASessionIsOpen_AreStillListed_ButNoneCanBeBegun" classname="Game.Core.Tests.Runs.RunFightSessionTests" runstate="Runnable" seed="1886424094" result="Passed" start-time="2026-10-08 22:17:55Z" end-time="2026-10-08 22:17:55Z" duration="0.000506" asserts="0">
                  <properties>
                    <property name="retryIteration" value="0" />
                    <property name="repeatIteration" value="0" />
                  </properties>
                </test-case>
                <test-case id="1252" name="BeginFight_NullStep_Throws" fullname="Game.Core.Tests.Runs.RunFightSessionTests.BeginFight_NullStep_Throws" methodname="BeginFight_NullStep_Throws" classname="Game.Core.Tests.Runs.RunFightSessionTests" runstate="Runnable" seed="1379560896" result="Passed" start-time="2026-10-08 22:17:55Z" end-time="2026-10-08 22:17:55Z" duration="0.000359" asserts="0">
                  <properties>
                    <property name="retryIteration" value="0" />
                    <property name="repeatIteration" value="0" />
                  </properties>
                </test-case>
                <test-case id="1234" name="BeginFight_RegularFight_AllowsLineEdits" fullname="Game.Core.Tests.Runs.RunFightSessionTests.BeginFight_RegularFight_AllowsLineEdits" methodname="BeginFight_RegularFight_AllowsLineEdits" classname="Game.Core.Tests.Runs.RunFightSessionTests" runstate="Runnable" seed="1148252788" result="Passed" start-time="2026-10-08 22:17:55Z" end-time="2026-10-08 22:17:55Z" duration="0.000278" asserts="0">
                  <properties>
                    <property name="retryIteration" value="0" />
                    <property name="repeatIteration" value="0" />
                  </properties>
                </test-case>
                <test-case id="1235" name="BeginFight_SecretRoomAndProfessor_RefuseLineEdits" fullname="Game.Core.Tests.Runs.RunFightSessionTests.BeginFight_SecretRoomAndProfessor_RefuseLineEdits" methodname="BeginFight_SecretRoomAndProfessor_RefuseLineEdits" classname="Game.Core.Tests.Runs.RunFightSessionTests" runstate="Runnable" seed="540987063" result="Passed" start-time="2026-10-08 22:17:55Z" end-time="2026-10-08 22:17:55Z" duration="0.001456" asserts="0">
                  <properties>
                    <property name="retryIteration" value="0" />
                    <property name="repeatIteration" value="0" />
                  </properties>
                </test-case>
                <test-case id="1253" name="BeginFight_UnavailableStep_Throws" fullname="Game.Core.Tests.Runs.RunFightSessionTests.BeginFight_UnavailableStep_Throws" methodname="BeginFight_UnavailableStep_Throws" classname="Game.Core.Tests.Runs.RunFightSessionTests" runstate="Runnable" seed="1960436749" result="Passed" start-time="2026-10-08 22:17:55Z" end-time="2026-10-08 22:17:55Z" duration="0.000350" asserts="0">
                  <properties>
                    <property name="retryIteration" value="0" />
                    <property name="repeatIteration" value="0" />
                  </properties>
                </test-case>
                <test-case id="1250" name="Cancel_FreesTheRun_KeepsTheLineChangesAndDoesNotCountTheFight" fullname="Game.Core.Tests.Runs.RunFightSessionTests.Cancel_FreesTheRun_KeepsTheLineChangesAndDoesNotCountTheFight" methodname="Cancel_FreesTheRun_KeepsTheLineChangesAndDoesNotCountTheFight" classname="Game.Core.Tests.Runs.RunFightSessionTests" runstate="Runnable" seed="786015072" result="Passed" start-time="2026-10-08 22:17:55Z" end-time="2026-10-08 22:17:55Z" duration="0.000943" asserts="0">
                  <properties>
                    <property name="retryIteration" value="0" />
                    <property name="repeatIteration" value="0" />
                  </properties>
                </test-case>
                <test-case id="1261" name="Cancel_OfAnOldSession_DoesNotFreeANewOne" fullname="Game.Core.Tests.Runs.RunFightSessionTests.Cancel_OfAnOldSession_DoesNotFreeANewOne" methodname="Cancel_OfAnOldSession_DoesNotFreeANewOne" classname="Game.Core.Tests.Runs.RunFightSessionTests" runstate="Runnable" seed="608772736" result="Passed" start-time="2026-10-08 22:17:55Z" end-time="2026-10-08 22:17:55Z" duration="0.000414" asserts="0">
                  <properties>
                    <property name="retryIteration" value="0" />
                    <property name="repeatIteration" value="0" />
                  </properties>
                </test-case>
                <test-case id="1248" name="ClosedSession_RefusesFurtherUse" fullname="Game.Core.Tests.Runs.RunFightSessionTests.ClosedSession_RefusesFurtherUse" methodname="ClosedSession_RefusesFurtherUse" classname="Game.Core.Tests.Runs.RunFightSessionTests" runstate="Runnable" seed="452543830" result="Passed" start-time="2026-10-08 22:17:55Z" end-time="2026-10-08 22:17:55Z" duration="0.000676" asserts="0">
                  <properties>
                    <property name="retryIteration" value="0" />
                    <property name="repeatIteration" value="0" />
                  </properties>
                </test-case>
                <test-case id="1240" name="Complete_AfterLineChanges_ReportsTheLineWhenTheFightStarted" fullname="Game.Core.Tests.Runs.RunFightSessionTests.Complete_AfterLineChanges_ReportsTheLineWhenTheFightStarted" methodname="Complete_AfterLineChanges_ReportsTheLineWhenTheFightStarted" classname="Game.Core.Tests.Runs.RunFightSessionTests" runstate="Runnable" seed="193197101" result="Passed" start-time="2026-10-08 22:17:55Z" end-time="2026-10-08 22:17:55Z" duration="0.000622" asserts="0">
                  <properties>
                    <property name="retryIteration" value="0" />
                    <property name="repeatIteration" value="0" />
                  </properties>
                </test-case>
                <test-case id="1247" name="Complete_BeforeTheFightIsOver_Throws" fullname="Game.Core.Tests.Runs.RunFightSessionTests.Complete_BeforeTheFightIsOver_Throws" methodname="Complete_BeforeTheFightIsOver_Throws" classname="Game.Core.Tests.Runs.RunFightSessionTests" runstate="Runnable" seed="1902898419" result="Passed" start-time="2026-10-08 22:17:55Z" end-time="2026-10-08 22:17:55Z" duration="0.000323" asserts="0">
                  <properties>
                    <property name="retryIteration" value="0" />
                    <property name="repeatIteration" value="0" />
                  </properties>
                </test-case>
                <test-case id="1245" name="Complete_Defeat_EndsTheRun" fullname="Game.Core.Tests.Runs.RunFightSessionTests.Complete_Defeat_EndsTheRun" methodname="Complete_Defeat_EndsTheRun" classname="Game.Core.Tests.Runs.RunFightSessionTests" runstate="Runnable" seed="356533394" result="Passed" start-time="2026-10-08 22:17:55Z" end-time="2026-10-08 22:17:55Z" duration="0.000280" asserts="0">
                  <properties>
                    <property name="retryIteration" value="0" />
                    <property name="repeatIteration" value="0" />
                  </properties>
                </test-case>
                <test-case id="1246" name="Complete_ProfessorVictory_WinsTheRun" fullname="Game.Core.Tests.Runs.RunFightSessionTests.Complete_ProfessorVictory_WinsTheRun" methodname="Complete_ProfessorVictory_WinsTheRun" classname="Game.Core.Tests.Runs.RunFightSessionTests" runstate="Runnable" seed="1588563080" result="Passed" start-time="2026-10-08 22:17:55Z" end-time="2026-10-08 22:17:55Z" duration="0.000233" asserts="0">
                  <properties>
                    <property name="retryIteration" value="0" />
                    <property name="repeatIteration" value="0" />
                  </properties>
                </test-case>
                <test-case id="1260" name="Complete_ThatFails_LeavesTheSessionCancellableAndTheRunUnchanged" fullname="Game.Core.Tests.Runs.RunFightSessionTests.Complete_ThatFails_LeavesTheSessionCancellableAndTheRunUnchanged" methodname="Complete_ThatFails_LeavesTheSessionCancellableAndTheRunUnchanged" classname="Game.Core.Tests.Runs.RunFightSessionTests" runstate="Runnable" seed="347622656" result="Passed" start-time="2026-10-08 22:17:55Z" end-time="2026-10-08 22:17:55Z" duration="0.000495" asserts="0">
                  <properties>
                    <property name="retryIteration" value="0" />
                    <property name="repeatIteration" value="0" />
                  </properties>
                </test-case>
                <test-case id="1244" name="Complete_Victory_GivesTheXpAndCountsTheFight" fullname="Game.Core.Tests.Runs.RunFightSessionTests.Complete_Victory_GivesTheXpAndCountsTheFight" methodname="Complete_Victory_GivesTheXpAndCountsTheFight" classname="Game.Core.Tests.Runs.RunFightSessionTests" runstate="Runnable" seed="1465923753" result="Passed" start-time="2026-10-08 22:17:55Z" end-time="2026-10-08 22:17:55Z" duration="0.000356" asserts="0">
                  <properties>
                    <property name="retryIteration" value="0" />
                    <property name="repeatIteration" value="0" />
                  </properties>
                </test-case>
                <test-case id="1264" name="ConsumePendingLevelUp_WhileASessionIsOpen_IsAllowed" fullname="Game.Core.Tests.Runs.RunFightSessionTests.ConsumePendingLevelUp_WhileASessionIsOpen_IsAllowed" methodname="ConsumePendingLevelUp_WhileASessionIsOpen_IsAllowed" classname="Game.Core.Tests.Runs.RunFightSessionTests" runstate="Runnable" seed="1119539270" result="Passed" start-time="2026-10-08 22:17:55Z" end-time="2026-10-08 22:17:55Z" duration="0.000445" asserts="0">
                  <properties>
                    <property name="retryIteration" value="0" />
                    <property name="repeatIteration" value="0" />
                  </properties>
                </test-case>
                <test-case id="1239" name="LineChanges_AreVisibleOnTheRunAsTheyHappen" fullname="Game.Core.Tests.Runs.RunFightSessionTests.LineChanges_AreVisibleOnTheRunAsTheyHappen" methodname="LineChanges_AreVisibleOnTheRunAsTheyHappen" classname="Game.Core.Tests.Runs.RunFightSessionTests" runstate="Runnable" seed="335022460" result="Passed" start-time="2026-10-08 22:17:55Z" end-time="2026-10-08 22:17:55Z" duration="0.000371" asserts="0">
                  <properties>
                    <property name="retryIteration" value="0" />
                    <property name="repeatIteration" value="0" />
                  </properties>
                </test-case>
                <test-case id="1237" name="LineChanges_DuringARegularFight_UpdateTheRunsLineAndReserve" fullname="Game.Core.Tests.Runs.RunFightSessionTests.LineChanges_DuringARegularFight_UpdateTheRunsLineAndReserve" methodname="LineChanges_DuringARegularFight_UpdateTheRunsLineAndReserve" classname="Game.Core.Tests.Runs.RunFightSessionTests" runstate="Runnable" seed="1346769659" result="Passed" start-time="2026-10-08 22:17:55Z" end-time="2026-10-08 22:17:55Z" duration="0.000615" asserts="0">
                  <properties>
                    <property name="retryIteration" value="0" />
                    <property name="repeatIteration" value="0" />
                  </properties>
                </test-case>
                <test-case id="1241" name="LineChanges_SameSeedAndSameChanges_GiveTheSameRun" fullname="Game.Core.Tests.Runs.RunFightSessionTests.LineChanges_SameSeedAndSameChanges_GiveTheSameRun" methodname="LineChanges_SameSeedAndSameChanges_GiveTheSameRun" classname="Game.Core.Tests.Runs.RunFightSessionTests" runstate="Runnable" seed="484973263" result="Passed" start-time="2026-10-08 22:17:55Z" end-time="2026-10-08 22:17:55Z" duration="0.000665" asserts="0">
                  <properties>
                    <property name="retryIteration" value="0" />
                    <property name="repeatIteration" value="0" />
                  </properties>
                </test-case>
                <test-case id="1238" name="LineChanges_TheFightsLineAndTheRunsLineAgree" fullname="Game.Core.Tests.Runs.RunFightSessionTests.LineChanges_TheFightsLineAndTheRunsLineAgree" methodname="LineChanges_TheFightsLineAndTheRunsLineAgree" classname="Game.Core.Tests.Runs.RunFightSessionTests" runstate="Runnable" seed="1429705275" result="Passed" start-time="2026-10-08 22:17:55Z" end-time="2026-10-08 22:17:55Z" duration="0.000512" asserts="0">
                  <properties>
                    <property name="retryIteration" value="0" />
                    <property name="repeatIteration" value="0" />
                  </properties>
                </test-case>
                <test-case id="1242" name="LineChanges_ThroughTheSessionOrTickByTick_GiveTheSameFight" fullname="Game.Core.Tests.Runs.RunFightSessionTests.LineChanges_ThroughTheSessionOrTickByTick_GiveTheSameFight" methodname="LineChanges_ThroughTheSessionOrTickByTick_GiveTheSameFight" classname="Game.Core.Tests.Runs.RunFightSessionTests" runstate="Runnable" seed="900061866" result="Passed" start-time="2026-10-08 22:17:55Z" end-time="2026-10-08 22:17:55Z" duration="0.000466" asserts="0">
                  <properties>
                    <property name="retryIteration" value="0" />
                    <property name="repeatIteration" value="0" />
                  </properties>
                </test-case>
                <test-case id="1249" name="OpenSession_BlocksEveryOtherChangeOfTheRun" fullname="Game.Core.Tests.Runs.RunFightSessionTests.OpenSession_BlocksEveryOtherChangeOfTheRun" methodname="OpenSession_BlocksEveryOtherChangeOfTheRun" classname="Game.Core.Tests.Runs.RunFightSessionTests" runstate="Runnable" seed="2140527040" result="Passed" start-time="2026-10-08 22:17:55Z" end-time="2026-10-08 22:17:55Z" duration="0.001273" asserts="0">
                  <properties>
                    <property name="retryIteration" value="0" />
                    <property name="repeatIteration" value="0" />
                  </properties>
                </test-case>
                <test-case id="1243" name="Play_AndASessionSteppedWithoutChanges_GiveTheSameFightAndTheSameRun" fullname="Game.Core.Tests.Runs.RunFightSessionTests.Play_AndASessionSteppedWithoutChanges_GiveTheSameFightAndTheSameRun" methodname="Play_AndASessionSteppedWithoutChanges_GiveTheSameFightAndTheSameRun" classname="Game.Core.Tests.Runs.RunFightSessionTests" runstate="Runnable" seed="562234770" result="Passed" start-time="2026-10-08 22:17:55Z" end-time="2026-10-08 22:17:55Z" duration="0.000657" asserts="0">
                  <properties>
                    <property name="retryIteration" value="0" />
                    <property name="repeatIteration" value="0" />
                  </properties>
                </test-case>
                <test-case id="1258" name="Play_GivesTheSameFightAsTheCoreFightWithTheSameSeedAndParticipants" fullname="Game.Core.Tests.Runs.RunFightSessionTests.Play_GivesTheSameFightAsTheCoreFightWithTheSameSeedAndParticipants" methodname="Play_GivesTheSameFightAsTheCoreFightWithTheSameSeedAndParticipants" classname="Game.Core.Tests.Runs.RunFightSessionTests" runstate="Runnable" seed="1753615801" result="Passed" start-time="2026-10-08 22:17:55Z" end-time="2026-10-08 22:17:55Z" duration="0.000915" asserts="0">
                  <properties>
                    <property name="retryIteration" value="0" />
                    <property name="repeatIteration" value="0" />
                  </properties>
                </test-case>
                <test-case id="1259" name="Play_ThatThrows_FreesTheRun" fullname="Game.Core.Tests.Runs.RunFightSessionTests.Play_ThatThrows_FreesTheRun" methodname="Play_ThatThrows_FreesTheRun" classname="Game.Core.Tests.Runs.RunFightSessionTests" runstate="Runnable" seed="283299393" result="Passed" start-time="2026-10-08 22:17:55Z" end-time="2026-10-08 22:17:55Z" duration="0.000527" asserts="0">
                  <properties>
                    <property name="retryIteration" value="0" />
                    <property name="repeatIteration" value="0" />
                  </properties>
                </test-case>
                <test-case id="1230" name="Play_WithoutUpgrades_LeavesTheHeroAsTheClassDefinesIt" fullname="Game.Core.Tests.Runs.RunFightSessionTests.Play_WithoutUpgrades_LeavesTheHeroAsTheClassDefinesIt" methodname="Play_WithoutUpgrades_LeavesTheHeroAsTheClassDefinesIt" classname="Game.Core.Tests.Runs.RunFightSessionTests" runstate="Runnable" seed="2070963775" result="Passed" start-time="2026-10-08 22:17:55Z" end-time="2026-10-08 22:17:55Z" duration="0.000476" asserts="0">
                  <properties>
                    <property name="retryIteration" value="0" />
                    <property name="repeatIteration" value="0" />
                  </properties>
                </test-case>
                <test-case id="1236" name="RunStep_AllowsLineEditing_OnlyForRegularFights" fullname="Game.Core.Tests.Runs.RunFightSessionTests.RunStep_AllowsLineEditing_OnlyForRegularFights" methodname="RunStep_AllowsLineEditing_OnlyForRegularFights" classname="Game.Core.Tests.Runs.RunFightSessionTests" runstate="Runnable" seed="213325301" result="Passed" start-time="2026-10-08 22:17:55Z" end-time="2026-10-08 22:17:55Z" duration="0.000190" asserts="0">
                  <properties>
                    <property name="retryIteration" value="0" />
                    <property name="repeatIteration" value="0" />
                  </properties>
                </test-case>
                <test-case id="1251" name="RunToEnd_ChangesOutOfOrder_Throws" fullname="Game.Core.Tests.Runs.RunFightSessionTests.RunToEnd_ChangesOutOfOrder_Throws" methodname="RunToEnd_ChangesOutOfOrder_Throws" classname="Game.Core.Tests.Runs.RunFightSessionTests" runstate="Runnable" seed="1018614973" result="Passed" start-time="2026-10-08 22:17:55Z" end-time="2026-10-08 22:17:55Z" duration="0.000320" asserts="0">
                  <properties>
                    <property name="retryIteration" value="0" />
                    <property name="repeatIteration" value="0" />
                  </properties>
                </test-case>
                <test-case id="1256" name="RunToEnd_InvalidSchedule_ChangesNeitherTheRunNorTheFight" fullname="Game.Core.Tests.Runs.RunFightSessionTests.RunToEnd_InvalidSchedule_ChangesNeitherTheRunNorTheFight" methodname="RunToEnd_InvalidSchedule_ChangesNeitherTheRunNorTheFight" classname="Game.Core.Tests.Runs.RunFightSessionTests" runstate="Runnable" seed="106425147" result="Passed" start-time="2026-10-08 22:17:55Z" end-time="2026-10-08 22:17:55Z" duration="0.001919" asserts="0">
                  <properties>
                    <property name="retryIteration" value="0" />
                    <property name="repeatIteration" value="0" />
                  </properties>
                </test-case>
                <test-case id="1257" name="RunToEnd_ScheduleWithAFixedLine_ChangesNothing" fullname="Game.Core.Tests.Runs.RunFightSessionTests.RunToEnd_ScheduleWithAFixedLine_ChangesNothing" methodname="RunToEnd_ScheduleWithAFixedLine_ChangesNothing" classname="Game.Core.Tests.Runs.RunFightSessionTests" runstate="Runnable" seed="548123537" result="Passed" start-time="2026-10-08 22:17:55Z" end-time="2026-10-08 22:17:55Z" duration="0.000519" asserts="0">
                  <properties>
                    <property name="retryIteration" value="0" />
                    <property name="repeatIteration" value="0" />
                  </properties>
                </test-case>
                <test-case id="1254" name="Session_ExposesTheStateTheScreenNeeds" fullname="Game.Core.Tests.Runs.RunFightSessionTests.Session_ExposesTheStateTheScreenNeeds" methodname="Session_ExposesTheStateTheScreenNeeds" classname="Game.Core.Tests.Runs.RunFightSessionTests" runstate="Runnable" seed="1158119764" result="Passed" start-time="2026-10-08 22:17:55Z" end-time="2026-10-08 22:17:55Z" duration="0.001609" asserts="0">
                  <properties>
                    <property name="retryIteration" value="0" />
                    <property name="repeatIteration" value="0" />
                  </properties>
                </test-case>
                <test-case id="1255" name="Session_Winner_IsEnemiesWhenTheHeroDiesAndNoneOnTimeout" fullname="Game.Core.Tests.Runs.RunFightSessionTests.Session_Winner_IsEnemiesWhenTheHeroDiesAndNoneOnTimeout" methodname="Session_Winner_IsEnemiesWhenTheHeroDiesAndNoneOnTimeout" classname="Game.Core.Tests.Runs.RunFightSessionTests" runstate="Runnable" seed="1958110712" result="Passed" start-time="2026-10-08 22:17:55Z" end-time="2026-10-08 22:17:55Z" duration="0.000552" asserts="0">
                  <properties>
                    <property name="retryIteration" value="0" />
                    <property name="repeatIteration" value="0" />
                  </properties>
                </test-case>
                <test-case id="1233" name="TakeUpgrade_AfterTheRunEnds_Throws" fullname="Game.Core.Tests.Runs.RunFightSessionTests.TakeUpgrade_AfterTheRunEnds_Throws" methodname="TakeUpgrade_AfterTheRunEnds_Throws" classname="Game.Core.Tests.Runs.RunFightSessionTests" runstate="Runnable" seed="1797822519" result="Passed" start-time="2026-10-08 22:17:55Z" end-time="2026-10-08 22:17:55Z" duration="0.000357" asserts="0">
                  <properties>
                    <property name="retryIteration" value="0" />
                    <property name="repeatIteration" value="0" />
                  </properties>
                </test-case>
                <test-case id="1231" name="TakeUpgrade_AppliesToACardSwappedInFromTheReserve" fullname="Game.Core.Tests.Runs.RunFightSessionTests.TakeUpgrade_AppliesToACardSwappedInFromTheReserve" methodname="TakeUpgrade_AppliesToACardSwappedInFromTheReserve" classname="Game.Core.Tests.Runs.RunFightSessionTests" runstate="Runnable" seed="1544002180" result="Passed" start-time="2026-10-08 22:17:55Z" end-time="2026-10-08 22:17:55Z" duration="0.000282" asserts="0">
                  <properties>
                    <property name="retryIteration" value="0" />
                    <property name="repeatIteration" value="0" />
                  </properties>
                </test-case>
                <test-case id="1228" name="TakeUpgrade_EffectAmount_RaisesTheEffectsOfTheLine" fullname="Game.Core.Tests.Runs.RunFightSessionTests.TakeUpgrade_EffectAmount_RaisesTheEffectsOfTheLine" methodname="TakeUpgrade_EffectAmount_RaisesTheEffectsOfTheLine" classname="Game.Core.Tests.Runs.RunFightSessionTests" runstate="Runnable" seed="2096685799" result="Passed" start-time="2026-10-08 22:17:55Z" end-time="2026-10-08 22:17:55Z" duration="0.000272" asserts="0">
                  <properties>
                    <property name="retryIteration" value="0" />
                    <property name="repeatIteration" value="0" />
                  </properties>
                </test-case>
                <test-case id="1226" name="TakeUpgrade_MaxHealth_RaisesTheHeroOfEveryFight" fullname="Game.Core.Tests.Runs.RunFightSessionTests.TakeUpgrade_MaxHealth_RaisesTheHeroOfEveryFight" methodname="TakeUpgrade_MaxHealth_RaisesTheHeroOfEveryFight" classname="Game.Core.Tests.Runs.RunFightSessionTests" runstate="Runnable" seed="598647480" result="Passed" start-time="2026-10-08 22:17:55Z" end-time="2026-10-08 22:17:55Z" duration="0.000419" asserts="0">
                  <properties>
                    <property name="retryIteration" value="0" />
                    <property name="repeatIteration" value="0" />
                  </properties>
                </test-case>
                <test-case id="1232" name="TakeUpgrade_NullUpgrade_Throws" fullname="Game.Core.Tests.Runs.RunFightSessionTests.TakeUpgrade_NullUpgrade_Throws" methodname="TakeUpgrade_NullUpgrade_Throws" classname="Game.Core.Tests.Runs.RunFightSessionTests" runstate="Runnable" seed="1280777436" result="Passed" start-time="2026-10-08 22:17:55Z" end-time="2026-10-08 22:17:55Z" duration="0.000311" asserts="0">
                  <properties>
                    <property name="retryIteration" value="0" />
                    <property name="repeatIteration" value="0" />
                  </properties>
                </test-case>
                <test-case id="1227" name="TakeUpgrade_StartingShield_RaisesTheShieldOfEveryFight" fullname="Game.Core.Tests.Runs.RunFightSessionTests.TakeUpgrade_StartingShield_RaisesTheShieldOfEveryFight" methodname="TakeUpgrade_StartingShield_RaisesTheShieldOfEveryFight" classname="Game.Core.Tests.Runs.RunFightSessionTests" runstate="Runnable" seed="779402510" result="Passed" start-time="2026-10-08 22:17:55Z" end-time="2026-10-08 22:17:55Z" duration="0.000371" asserts="0">
                  <properties>
                    <property name="retryIteration" value="0" />
                    <property name="repeatIteration" value="0" />
                  </properties>
                </test-case>
                <test-case id="1229" name="TakeUpgrade_TakenTwice_Stacks" fullname="Game.Core.Tests.Runs.RunFightSessionTests.TakeUpgrade_TakenTwice_Stacks" methodname="TakeUpgrade_TakenTwice_Stacks" classname="Game.Core.Tests.Runs.RunFightSessionTests" runstate="Runnable" seed="1680502354" result="Passed" start-time="2026-10-08 22:17:55Z" end-time="2026-10-08 22:17:55Z" duration="0.000323" asserts="0">
                  <properties>
                    <property name="retryIteration" value="0" />
                    <property name="repeatIteration" value="0" />
                  </properties>
                </test-case>
              </test-suite>
              <test-suite type="TestFixture" id="1265" name="RunTests" fullname="Game.Core.Tests.Runs.RunTests" classname="Game.Core.Tests.Runs.RunTests" runstate="Runnable" testcasecount="41" result="Passed" start-time="2026-10-08 22:17:55Z" end-time="2026-10-08 22:17:55Z" duration="0.023087" total="41" passed="41" failed="0" inconclusive="0" skipped="0" asserts="0">
                <properties />
                <test-case id="1296" name="AddCard_FreeSlot_GoesToTheEndOfTheLine" fullname="Game.Core.Tests.Runs.RunTests.AddCard_FreeSlot_GoesToTheEndOfTheLine" methodname="AddCard_FreeSlot_GoesToTheEndOfTheLine" classname="Game.Core.Tests.Runs.RunTests" runstate="Runnable" seed="1258890414" result="Passed" start-time="2026-10-08 22:17:55Z" end-time="2026-10-08 22:17:55Z" duration="0.000511" asserts="0">
                  <properties>
                    <property name="retryIteration" value="0" />
                    <property name="repeatIteration" value="0" />
                  </properties>
                </test-case>
                <test-case id="1297" name="AddCard_LineFull_GoesToTheReserve" fullname="Game.Core.Tests.Runs.RunTests.AddCard_LineFull_GoesToTheReserve" methodname="AddCard_LineFull_GoesToTheReserve" classname="Game.Core.Tests.Runs.RunTests" runstate="Runnable" seed="453915872" result="Passed" start-time="2026-10-08 22:17:55Z" end-time="2026-10-08 22:17:55Z" duration="0.000324" asserts="0">
                  <properties>
                    <property name="retryIteration" value="0" />
                    <property name="repeatIteration" value="0" />
                  </properties>
                </test-case>
                <test-case id="1269" name="Constructor_NullArgument_Throws" fullname="Game.Core.Tests.Runs.RunTests.Constructor_NullArgument_Throws" methodname="Constructor_NullArgument_Throws" classname="Game.Core.Tests.Runs.RunTests" runstate="Runnable" seed="1945695992" result="Passed" start-time="2026-10-08 22:17:55Z" end-time="2026-10-08 22:17:55Z" duration="0.000544" asserts="0">
                  <properties>
                    <property name="retryIteration" value="0" />
                    <property name="repeatIteration" value="0" />
                  </properties>
                </test-case>
                <test-case id="1279" name="Edits_AfterADefeat_Throw" fullname="Game.Core.Tests.Runs.RunTests.Edits_AfterADefeat_Throw" methodname="Edits_AfterADefeat_Throw" classname="Game.Core.Tests.Runs.RunTests" runstate="Runnable" seed="138180315" result="Passed" start-time="2026-10-08 22:17:55Z" end-time="2026-10-08 22:17:55Z" duration="0.001144" asserts="0">
                  <properties>
                    <property name="retryIteration" value="0" />
                    <property name="repeatIteration" value="0" />
                  </properties>
                </test-case>
                <test-case id="1280" name="Edits_AfterAVictory_Throw" fullname="Game.Core.Tests.Runs.RunTests.Edits_AfterAVictory_Throw" methodname="Edits_AfterAVictory_Throw" classname="Game.Core.Tests.Runs.RunTests" runstate="Runnable" seed="427862000" result="Passed" start-time="2026-10-08 22:17:55Z" end-time="2026-10-08 22:17:55Z" duration="0.000354" asserts="0">
                  <properties>
                    <property name="retryIteration" value="0" />
                    <property name="repeatIteration" value="0" />
                  </properties>
                </test-case>
                <test-case id="1298" name="IncreaseLineCapacity_AddsSlotsAndKeepsTheLine" fullname="Game.Core.Tests.Runs.RunTests.IncreaseLineCapacity_AddsSlotsAndKeepsTheLine" methodname="IncreaseLineCapacity_AddsSlotsAndKeepsTheLine" classname="Game.Core.Tests.Runs.RunTests" runstate="Runnable" seed="1720879636" result="Passed" start-time="2026-10-08 22:17:55Z" end-time="2026-10-08 22:17:55Z" duration="0.000458" asserts="0">
                  <properties>
                    <property name="retryIteration" value="0" />
                    <property name="repeatIteration" value="0" />
                  </properties>
                </test-case>
                <test-case id="1300" name="IncreaseLineCapacity_BelowOne_Throws" fullname="Game.Core.Tests.Runs.RunTests.IncreaseLineCapacity_BelowOne_Throws" methodname="IncreaseLineCapacity_BelowOne_Throws" classname="Game.Core.Tests.Runs.RunTests" runstate="Runnable" seed="1134479958" result="Passed" start-time="2026-10-08 22:17:55Z" end-time="2026-10-08 22:17:55Z" duration="0.000357" asserts="0">
                  <properties>
                    <property name="retryIteration" value="0" />
                    <property name="repeatIteration" value="0" />
                  </properties>
                </test-case>
                <test-case id="1299" name="IncreaseLineCapacity_LineViewCapturedBefore_SeesCardsAddedAfter" fullname="Game.Core.Tests.Runs.RunTests.IncreaseLineCapacity_LineViewCapturedBefore_SeesCardsAddedAfter" methodname="IncreaseLineCapacity_LineViewCapturedBefore_SeesCardsAddedAfter" classname="Game.Core.Tests.Runs.RunTests" runstate="Runnable" seed="91101138" result="Passed" start-time="2026-10-08 22:17:55Z" end-time="2026-10-08 22:17:55Z" duration="0.000221" asserts="0">
                  <properties>
                    <property name="retryIteration" value="0" />
                    <property name="repeatIteration" value="0" />
                  </properties>
                </test-case>
                <test-case id="1301" name="MoveFromReserve_LineFull_Throws" fullname="Game.Core.Tests.Runs.RunTests.MoveFromReserve_LineFull_Throws" methodname="MoveFromReserve_LineFull_Throws" classname="Game.Core.Tests.Runs.RunTests" runstate="Runnable" seed="361536011" result="Passed" start-time="2026-10-08 22:17:55Z" end-time="2026-10-08 22:17:55Z" duration="0.000265" asserts="0">
                  <properties>
                    <property name="retryIteration" value="0" />
                    <property name="repeatIteration" value="0" />
                  </properties>
                </test-case>
                <test-case id="1306" name="MoveInLine_ReordersTheLine" fullname="Game.Core.Tests.Runs.RunTests.MoveInLine_ReordersTheLine" methodname="MoveInLine_ReordersTheLine" classname="Game.Core.Tests.Runs.RunTests" runstate="Runnable" seed="1358071752" result="Passed" start-time="2026-10-08 22:17:55Z" end-time="2026-10-08 22:17:55Z" duration="0.000242" asserts="0">
                  <properties>
                    <property name="retryIteration" value="0" />
                    <property name="repeatIteration" value="0" />
                  </properties>
                </test-case>
                <test-case id="1305" name="MoveToReserve_LastCardOfTheLine_Throws" fullname="Game.Core.Tests.Runs.RunTests.MoveToReserve_LastCardOfTheLine_Throws" methodname="MoveToReserve_LastCardOfTheLine_Throws" classname="Game.Core.Tests.Runs.RunTests" runstate="Runnable" seed="1374832548" result="Passed" start-time="2026-10-08 22:17:55Z" end-time="2026-10-08 22:17:55Z" duration="0.000248" asserts="0">
                  <properties>
                    <property name="retryIteration" value="0" />
                    <property name="repeatIteration" value="0" />
                  </properties>
                </test-case>
                <test-case id="1304" name="MoveToReserve_MovesTheCard" fullname="Game.Core.Tests.Runs.RunTests.MoveToReserve_MovesTheCard" methodname="MoveToReserve_MovesTheCard" classname="Game.Core.Tests.Runs.RunTests" runstate="Runnable" seed="6855860" result="Passed" start-time="2026-10-08 22:17:55Z" end-time="2026-10-08 22:17:55Z" duration="0.000248" asserts="0">
                  <properties>
                    <property name="retryIteration" value="0" />
                    <property name="repeatIteration" value="0" />
                  </properties>
                </test-case>
                <test-case id="1267" name="NewRun_IsInProgressWithOnlyTheRegularFight" fullname="Game.Core.Tests.Runs.RunTests.NewRun_IsInProgressWithOnlyTheRegularFight" methodname="NewRun_IsInProgressWithOnlyTheRegularFight" classname="Game.Core.Tests.Runs.RunTests" runstate="Runnable" seed="487567441" result="Passed" start-time="2026-10-08 22:17:55Z" end-time="2026-10-08 22:17:55Z" duration="0.000314" asserts="0">
                  <properties>
                    <property name="retryIteration" value="0" />
                    <property name="repeatIteration" value="0" />
                  </properties>
                </test-case>
                <test-case id="1266" name="NewRun_LineHoldsTheStartingDeckAsDistinctInstances" fullname="Game.Core.Tests.Runs.RunTests.NewRun_LineHoldsTheStartingDeckAsDistinctInstances" methodname="NewRun_LineHoldsTheStartingDeckAsDistinctInstances" classname="Game.Core.Tests.Runs.RunTests" runstate="Runnable" seed="1744226649" result="Passed" start-time="2026-10-08 22:17:55Z" end-time="2026-10-08 22:17:55Z" duration="0.000477" asserts="0">
                  <properties>
                    <property name="retryIteration" value="0" />
                    <property name="repeatIteration" value="0" />
                  </properties>
                </test-case>
                <test-case id="1268" name="NewRun_NoMinimumFights_ProfessorIsAvailable" fullname="Game.Core.Tests.Runs.RunTests.NewRun_NoMinimumFights_ProfessorIsAvailable" methodname="NewRun_NoMinimumFights_ProfessorIsAvailable" classname="Game.Core.Tests.Runs.RunTests" runstate="Runnable" seed="1952749654" result="Passed" start-time="2026-10-08 22:17:55Z" end-time="2026-10-08 22:17:55Z" duration="0.000211" asserts="0">
                  <properties>
                    <property name="retryIteration" value="0" />
                    <property name="repeatIteration" value="0" />
                  </properties>
                </test-case>
                <test-case id="1287" name="Play_DifferentSeeds_DrawDifferentEncounters" fullname="Game.Core.Tests.Runs.RunTests.Play_DifferentSeeds_DrawDifferentEncounters" methodname="Play_DifferentSeeds_DrawDifferentEncounters" classname="Game.Core.Tests.Runs.RunTests" runstate="Runnable" seed="1224626794" result="Passed" start-time="2026-10-08 22:17:55Z" end-time="2026-10-08 22:17:55Z" duration="0.001315" asserts="0">
                  <properties>
                    <property name="retryIteration" value="0" />
                    <property name="repeatIteration" value="0" />
                  </properties>
                </test-case>
                <test-case id="1282" name="Play_EveryFightStartsAtMaxHealth" fullname="Game.Core.Tests.Runs.RunTests.Play_EveryFightStartsAtMaxHealth" methodname="Play_EveryFightStartsAtMaxHealth" classname="Game.Core.Tests.Runs.RunTests" runstate="Runnable" seed="2039997016" result="Passed" start-time="2026-10-08 22:17:55Z" end-time="2026-10-08 22:17:55Z" duration="0.000426" asserts="0">
                  <properties>
                    <property name="retryIteration" value="0" />
                    <property name="repeatIteration" value="0" />
                  </properties>
                </test-case>
                <test-case id="1283" name="Play_EveryFightStartsWithTheStartingShield" fullname="Game.Core.Tests.Runs.RunTests.Play_EveryFightStartsWithTheStartingShield" methodname="Play_EveryFightStartsWithTheStartingShield" classname="Game.Core.Tests.Runs.RunTests" runstate="Runnable" seed="2139846296" result="Passed" start-time="2026-10-08 22:17:55Z" end-time="2026-10-08 22:17:55Z" duration="0.000424" asserts="0">
                  <properties>
                    <property name="retryIteration" value="0" />
                    <property name="repeatIteration" value="0" />
                  </properties>
                </test-case>
                <test-case id="1273" name="Play_FarmingAfterTheProfessorOpens_IsAllowed" fullname="Game.Core.Tests.Runs.RunTests.Play_FarmingAfterTheProfessorOpens_IsAllowed" methodname="Play_FarmingAfterTheProfessorOpens_IsAllowed" classname="Game.Core.Tests.Runs.RunTests" runstate="Runnable" seed="1007726807" result="Passed" start-time="2026-10-08 22:17:55Z" end-time="2026-10-08 22:17:55Z" duration="0.000253" asserts="0">
                  <properties>
                    <property name="retryIteration" value="0" />
                    <property name="repeatIteration" value="0" />
                  </properties>
                </test-case>
                <test-case id="1277" name="Play_FightReachesTheTimeLimit_IsADefeat" fullname="Game.Core.Tests.Runs.RunTests.Play_FightReachesTheTimeLimit_IsADefeat" methodname="Play_FightReachesTheTimeLimit_IsADefeat" classname="Game.Core.Tests.Runs.RunTests" runstate="Runnable" seed="1131202376" result="Passed" start-time="2026-10-08 22:17:55Z" end-time="2026-10-08 22:17:55Z" duration="0.000407" asserts="0">
                  <properties>
                    <property name="retryIteration" value="0" />
                    <property name="repeatIteration" value="0" />
                  </properties>
                </test-case>
                <test-case id="1288" name="Play_FightThatThrows_LeavesTheRunUnchanged" fullname="Game.Core.Tests.Runs.RunTests.Play_FightThatThrows_LeavesTheRunUnchanged" methodname="Play_FightThatThrows_LeavesTheRunUnchanged" classname="Game.Core.Tests.Runs.RunTests" runstate="Runnable" seed="868151532" result="Passed" start-time="2026-10-08 22:17:55Z" end-time="2026-10-08 22:17:55Z" duration="0.000661" asserts="0">
                  <properties>
                    <property name="retryIteration" value="0" />
                    <property name="repeatIteration" value="0" />
                  </properties>
                </test-case>
                <test-case id="1294" name="Play_LockedSecretRoom_Throws" fullname="Game.Core.Tests.Runs.RunTests.Play_LockedSecretRoom_Throws" methodname="Play_LockedSecretRoom_Throws" classname="Game.Core.Tests.Runs.RunTests" runstate="Runnable" seed="1600135830" result="Passed" start-time="2026-10-08 22:17:55Z" end-time="2026-10-08 22:17:55Z" duration="0.000275" asserts="0">
                  <properties>
                    <property name="retryIteration" value="0" />
                    <property name="repeatIteration" value="0" />
                  </properties>
                </test-case>
                <test-case id="1271" name="Play_MinimumRegularFightsWon_OpensTheProfessor" fullname="Game.Core.Tests.Runs.RunTests.Play_MinimumRegularFightsWon_OpensTheProfessor" methodname="Play_MinimumRegularFightsWon_OpensTheProfessor" classname="Game.Core.Tests.Runs.RunTests" runstate="Runnable" seed="1545483873" result="Passed" start-time="2026-10-08 22:17:55Z" end-time="2026-10-08 22:17:55Z" duration="0.000345" asserts="0">
                  <properties>
                    <property name="retryIteration" value="0" />
                    <property name="repeatIteration" value="0" />
                  </properties>
                </test-case>
                <test-case id="1281" name="Play_NullStep_Throws" fullname="Game.Core.Tests.Runs.RunTests.Play_NullStep_Throws" methodname="Play_NullStep_Throws" classname="Game.Core.Tests.Runs.RunTests" runstate="Runnable" seed="231773085" result="Passed" start-time="2026-10-08 22:17:55Z" end-time="2026-10-08 22:17:55Z" duration="0.000264" asserts="0">
                  <properties>
                    <property name="retryIteration" value="0" />
                    <property name="repeatIteration" value="0" />
                  </properties>
                </test-case>
                <test-case id="1272" name="Play_ProfessorBeforeTheMinimum_Throws" fullname="Game.Core.Tests.Runs.RunTests.Play_ProfessorBeforeTheMinimum_Throws" methodname="Play_ProfessorBeforeTheMinimum_Throws" classname="Game.Core.Tests.Runs.RunTests" runstate="Runnable" seed="1311210444" result="Passed" start-time="2026-10-08 22:17:55Z" end-time="2026-10-08 22:17:55Z" duration="0.000287" asserts="0">
                  <properties>
                    <property name="retryIteration" value="0" />
                    <property name="repeatIteration" value="0" />
                  </properties>
                </test-case>
                <test-case id="1274" name="Play_ProfessorDefeated_WinsTheRun" fullname="Game.Core.Tests.Runs.RunTests.Play_ProfessorDefeated_WinsTheRun" methodname="Play_ProfessorDefeated_WinsTheRun" classname="Game.Core.Tests.Runs.RunTests" runstate="Runnable" seed="479360033" result="Passed" start-time="2026-10-08 22:17:55Z" end-time="2026-10-08 22:17:55Z" duration="0.000292" asserts="0">
                  <properties>
                    <property name="retryIteration" value="0" />
                    <property name="repeatIteration" value="0" />
                  </properties>
                </test-case>
                <test-case id="1276" name="Play_ProfessorLost_EndsTheRun" fullname="Game.Core.Tests.Runs.RunTests.Play_ProfessorLost_EndsTheRun" methodname="Play_ProfessorLost_EndsTheRun" classname="Game.Core.Tests.Runs.RunTests" runstate="Runnable" seed="133577934" result="Passed" start-time="2026-10-08 22:17:55Z" end-time="2026-10-08 22:17:55Z" duration="0.000197" asserts="0">
                  <properties>
                    <property name="retryIteration" value="0" />
                    <property name="repeatIteration" value="0" />
                  </properties>
                </test-case>
                <test-case id="1275" name="Play_RegularFightLost_EndsTheRun" fullname="Game.Core.Tests.Runs.RunTests.Play_RegularFightLost_EndsTheRun" methodname="Play_RegularFightLost_EndsTheRun" classname="Game.Core.Tests.Runs.RunTests" runstate="Runnable" seed="334359663" result="Passed" start-time="2026-10-08 22:17:55Z" end-time="2026-10-08 22:17:55Z" duration="0.000289" asserts="0">
                  <properties>
                    <property name="retryIteration" value="0" />
                    <property name="repeatIteration" value="0" />
                  </properties>
                </test-case>
                <test-case id="1289" name="Play_RegularFights_DrawEveryEncounterOfThePool" fullname="Game.Core.Tests.Runs.RunTests.Play_RegularFights_DrawEveryEncounterOfThePool" methodname="Play_RegularFights_DrawEveryEncounterOfThePool" classname="Game.Core.Tests.Runs.RunTests" runstate="Runnable" seed="275183050" result="Passed" start-time="2026-10-08 22:17:55Z" end-time="2026-10-08 22:17:55Z" duration="0.000618" asserts="0">
                  <properties>
                    <property name="retryIteration" value="0" />
                    <property name="repeatIteration" value="0" />
                  </properties>
                </test-case>
                <test-case id="1270" name="Play_RegularFightWon_CountsItAndKeepsTheRunGoing" fullname="Game.Core.Tests.Runs.RunTests.Play_RegularFightWon_CountsItAndKeepsTheRunGoing" methodname="Play_RegularFightWon_CountsItAndKeepsTheRunGoing" classname="Game.Core.Tests.Runs.RunTests" runstate="Runnable" seed="1910213227" result="Passed" start-time="2026-10-08 22:17:55Z" end-time="2026-10-08 22:17:55Z" duration="0.000320" asserts="0">
                  <properties>
                    <property name="retryIteration" value="0" />
                    <property name="repeatIteration" value="0" />
                  </properties>
                </test-case>
                <test-case id="1284" name="Play_ReportsTheHeroLineAtTheStartOfTheFight" fullname="Game.Core.Tests.Runs.RunTests.Play_ReportsTheHeroLineAtTheStartOfTheFight" methodname="Play_ReportsTheHeroLineAtTheStartOfTheFight" classname="Game.Core.Tests.Runs.RunTests" runstate="Runnable" seed="145970250" result="Passed" start-time="2026-10-08 22:17:55Z" end-time="2026-10-08 22:17:55Z" duration="0.000285" asserts="0">
                  <properties>
                    <property name="retryIteration" value="0" />
                    <property name="repeatIteration" value="0" />
                  </properties>
                </test-case>
                <test-case id="1286" name="Play_SameSeedAndChoices_GiveTheSameRun" fullname="Game.Core.Tests.Runs.RunTests.Play_SameSeedAndChoices_GiveTheSameRun" methodname="Play_SameSeedAndChoices_GiveTheSameRun" classname="Game.Core.Tests.Runs.RunTests" runstate="Runnable" seed="1060419264" result="Passed" start-time="2026-10-08 22:17:55Z" end-time="2026-10-08 22:17:55Z" duration="0.001313" asserts="0">
                  <properties>
                    <property name="retryIteration" value="0" />
                    <property name="repeatIteration" value="0" />
                  </properties>
                </test-case>
                <test-case id="1293" name="Play_SecretRoom_FightsItsEncounterWithoutCountingAsRegular" fullname="Game.Core.Tests.Runs.RunTests.Play_SecretRoom_FightsItsEncounterWithoutCountingAsRegular" methodname="Play_SecretRoom_FightsItsEncounterWithoutCountingAsRegular" classname="Game.Core.Tests.Runs.RunTests" runstate="Runnable" seed="1965912129" result="Passed" start-time="2026-10-08 22:17:55Z" end-time="2026-10-08 22:17:55Z" duration="0.000497" asserts="0">
                  <properties>
                    <property name="retryIteration" value="0" />
                    <property name="repeatIteration" value="0" />
                  </properties>
                </test-case>
                <test-case id="1278" name="Play_SecretRoomLost_EndsTheRun" fullname="Game.Core.Tests.Runs.RunTests.Play_SecretRoomLost_EndsTheRun" methodname="Play_SecretRoomLost_EndsTheRun" classname="Game.Core.Tests.Runs.RunTests" runstate="Runnable" seed="112834278" result="Passed" start-time="2026-10-08 22:17:55Z" end-time="2026-10-08 22:17:55Z" duration="0.000210" asserts="0">
                  <properties>
                    <property name="retryIteration" value="0" />
                    <property name="repeatIteration" value="0" />
                  </properties>
                </test-case>
                <test-case id="1285" name="Play_UsesTheCurrentSpellLine" fullname="Game.Core.Tests.Runs.RunTests.Play_UsesTheCurrentSpellLine" methodname="Play_UsesTheCurrentSpellLine" classname="Game.Core.Tests.Runs.RunTests" runstate="Runnable" seed="1226146967" result="Passed" start-time="2026-10-08 22:17:55Z" end-time="2026-10-08 22:17:55Z" duration="0.000288" asserts="0">
                  <properties>
                    <property name="retryIteration" value="0" />
                    <property name="repeatIteration" value="0" />
                  </properties>
                </test-case>
                <test-case id="1302" name="SwapWithReserve_ExchangesThePlaces" fullname="Game.Core.Tests.Runs.RunTests.SwapWithReserve_ExchangesThePlaces" methodname="SwapWithReserve_ExchangesThePlaces" classname="Game.Core.Tests.Runs.RunTests" runstate="Runnable" seed="1937471049" result="Passed" start-time="2026-10-08 22:17:55Z" end-time="2026-10-08 22:17:55Z" duration="0.000302" asserts="0">
                  <properties>
                    <property name="retryIteration" value="0" />
                    <property name="repeatIteration" value="0" />
                  </properties>
                </test-case>
                <test-case id="1303" name="SwapWithReserve_InvalidIndex_ThrowsAndChangesNothing" fullname="Game.Core.Tests.Runs.RunTests.SwapWithReserve_InvalidIndex_ThrowsAndChangesNothing" methodname="SwapWithReserve_InvalidIndex_ThrowsAndChangesNothing" classname="Game.Core.Tests.Runs.RunTests" runstate="Runnable" seed="511590535" result="Passed" start-time="2026-10-08 22:17:55Z" end-time="2026-10-08 22:17:55Z" duration="0.000373" asserts="0">
                  <properties>
                    <property name="retryIteration" value="0" />
                    <property name="repeatIteration" value="0" />
                  </properties>
                </test-case>
                <test-case id="1290" name="UnlockSecretRoom_AddsItsStepBeforeTheProfessor" fullname="Game.Core.Tests.Runs.RunTests.UnlockSecretRoom_AddsItsStepBeforeTheProfessor" methodname="UnlockSecretRoom_AddsItsStepBeforeTheProfessor" classname="Game.Core.Tests.Runs.RunTests" runstate="Runnable" seed="190118979" result="Passed" start-time="2026-10-08 22:17:55Z" end-time="2026-10-08 22:17:55Z" duration="0.000232" asserts="0">
                  <properties>
                    <property name="retryIteration" value="0" />
                    <property name="repeatIteration" value="0" />
                  </properties>
                </test-case>
                <test-case id="1292" name="UnlockSecretRoom_AgainWithAnotherEncounter_ThrowsAndKeepsTheFirst" fullname="Game.Core.Tests.Runs.RunTests.UnlockSecretRoom_AgainWithAnotherEncounter_ThrowsAndKeepsTheFirst" methodname="UnlockSecretRoom_AgainWithAnotherEncounter_ThrowsAndKeepsTheFirst" classname="Game.Core.Tests.Runs.RunTests" runstate="Runnable" seed="1475232174" result="Passed" start-time="2026-10-08 22:17:55Z" end-time="2026-10-08 22:17:55Z" duration="0.000432" asserts="0">
                  <properties>
                    <property name="retryIteration" value="0" />
                    <property name="repeatIteration" value="0" />
                  </properties>
                </test-case>
                <test-case id="1295" name="UnlockSecretRoom_InvalidArguments_Throw" fullname="Game.Core.Tests.Runs.RunTests.UnlockSecretRoom_InvalidArguments_Throw" methodname="UnlockSecretRoom_InvalidArguments_Throw" classname="Game.Core.Tests.Runs.RunTests" runstate="Runnable" seed="24875441" result="Passed" start-time="2026-10-08 22:17:55Z" end-time="2026-10-08 22:17:55Z" duration="0.000408" asserts="0">
                  <properties>
                    <property name="retryIteration" value="0" />
                    <property name="repeatIteration" value="0" />
                  </properties>
                </test-case>
                <test-case id="1291" name="UnlockSecretRoom_TwiceWithTheSameEncounter_KeepsOneStep" fullname="Game.Core.Tests.Runs.RunTests.UnlockSecretRoom_TwiceWithTheSameEncounter_KeepsOneStep" methodname="UnlockSecretRoom_TwiceWithTheSameEncounter_KeepsOneStep" classname="Game.Core.Tests.Runs.RunTests" runstate="Runnable" seed="1439589564" result="Passed" start-time="2026-10-08 22:17:55Z" end-time="2026-10-08 22:17:55Z" duration="0.000262" asserts="0">
                  <properties>
                    <property name="retryIteration" value="0" />
                    <property name="repeatIteration" value="0" />
                  </properties>
                </test-case>
              </test-suite>
              <test-suite type="TestFixture" id="1307" name="RunXpTests" fullname="Game.Core.Tests.Runs.RunXpTests" classname="Game.Core.Tests.Runs.RunXpTests" runstate="Runnable" testcasecount="12" result="Passed" start-time="2026-10-08 22:17:55Z" end-time="2026-10-08 22:17:55Z" duration="0.009027" total="12" passed="12" failed="0" inconclusive="0" skipped="0" asserts="0">
                <properties />
                <test-case id="1319" name="ConsumePendingLevelUp_NonePending_Throws" fullname="Game.Core.Tests.Runs.RunXpTests.ConsumePendingLevelUp_NonePending_Throws" methodname="ConsumePendingLevelUp_NonePending_Throws" classname="Game.Core.Tests.Runs.RunXpTests" runstate="Runnable" seed="1270977751" result="Passed" start-time="2026-10-08 22:17:55Z" end-time="2026-10-08 22:17:55Z" duration="0.000583" asserts="0">
                  <properties>
                    <property name="retryIteration" value="0" />
                    <property name="repeatIteration" value="0" />
                  </properties>
                </test-case>
                <test-case id="1318" name="ConsumePendingLevelUp_RemovesOne" fullname="Game.Core.Tests.Runs.RunXpTests.ConsumePendingLevelUp_RemovesOne" methodname="ConsumePendingLevelUp_RemovesOne" classname="Game.Core.Tests.Runs.RunXpTests" runstate="Runnable" seed="194613360" result="Passed" start-time="2026-10-08 22:17:55Z" end-time="2026-10-08 22:17:55Z" duration="0.000444" asserts="0">
                  <properties>
                    <property name="retryIteration" value="0" />
                    <property name="repeatIteration" value="0" />
                  </properties>
                </test-case>
                <test-case id="1308" name="NewRun_StartsAtLevelOneWithoutXp" fullname="Game.Core.Tests.Runs.RunXpTests.NewRun_StartsAtLevelOneWithoutXp" methodname="NewRun_StartsAtLevelOneWithoutXp" classname="Game.Core.Tests.Runs.RunXpTests" runstate="Runnable" seed="1035460917" result="Passed" start-time="2026-10-08 22:17:55Z" end-time="2026-10-08 22:17:55Z" duration="0.000244" asserts="0">
                  <properties>
                    <property name="retryIteration" value="0" />
                    <property name="repeatIteration" value="0" />
                  </properties>
                </test-case>
                <test-case id="1313" name="Play_Defeat_GivesNoXp" fullname="Game.Core.Tests.Runs.RunXpTests.Play_Defeat_GivesNoXp" methodname="Play_Defeat_GivesNoXp" classname="Game.Core.Tests.Runs.RunXpTests" runstate="Runnable" seed="2040333006" result="Passed" start-time="2026-10-08 22:17:55Z" end-time="2026-10-08 22:17:55Z" duration="0.000352" asserts="0">
                  <properties>
                    <property name="retryIteration" value="0" />
                    <property name="repeatIteration" value="0" />
                  </properties>
                </test-case>
                <test-case id="1311" name="Play_EnoughXpForSeveralLevels_ReportsThemAllAtOnce" fullname="Game.Core.Tests.Runs.RunXpTests.Play_EnoughXpForSeveralLevels_ReportsThemAllAtOnce" methodname="Play_EnoughXpForSeveralLevels_ReportsThemAllAtOnce" classname="Game.Core.Tests.Runs.RunXpTests" runstate="Runnable" seed="1275261653" result="Passed" start-time="2026-10-08 22:17:55Z" end-time="2026-10-08 22:17:55Z" duration="0.000259" asserts="0">
                  <properties>
                    <property name="retryIteration" value="0" />
                    <property name="repeatIteration" value="0" />
                  </properties>
                </test-case>
                <test-case id="1314" name="Play_FightReachesTheTimeLimit_GivesNoXp" fullname="Game.Core.Tests.Runs.RunXpTests.Play_FightReachesTheTimeLimit_GivesNoXp" methodname="Play_FightReachesTheTimeLimit_GivesNoXp" classname="Game.Core.Tests.Runs.RunXpTests" runstate="Runnable" seed="934217537" result="Passed" start-time="2026-10-08 22:17:55Z" end-time="2026-10-08 22:17:55Z" duration="0.000516" asserts="0">
                  <properties>
                    <property name="retryIteration" value="0" />
                    <property name="repeatIteration" value="0" />
                  </properties>
                </test-case>
                <test-case id="1312" name="Play_LongFarming_FollowsTheCurve" fullname="Game.Core.Tests.Runs.RunXpTests.Play_LongFarming_FollowsTheCurve" methodname="Play_LongFarming_FollowsTheCurve" classname="Game.Core.Tests.Runs.RunXpTests" runstate="Runnable" seed="926077041" result="Passed" start-time="2026-10-08 22:17:55Z" end-time="2026-10-08 22:17:55Z" duration="0.000424" asserts="0">
                  <properties>
                    <property name="retryIteration" value="0" />
                    <property name="repeatIteration" value="0" />
                  </properties>
                </test-case>
                <test-case id="1317" name="Play_ProfessorVictory_GivesXp" fullname="Game.Core.Tests.Runs.RunXpTests.Play_ProfessorVictory_GivesXp" methodname="Play_ProfessorVictory_GivesXp" classname="Game.Core.Tests.Runs.RunXpTests" runstate="Runnable" seed="1457166554" result="Passed" start-time="2026-10-08 22:17:55Z" end-time="2026-10-08 22:17:55Z" duration="0.000303" asserts="0">
                  <properties>
                    <property name="retryIteration" value="0" />
                    <property name="repeatIteration" value="0" />
                  </properties>
                </test-case>
                <test-case id="1316" name="Play_SecretRoomFoughtAgain_GivesXpEachTime" fullname="Game.Core.Tests.Runs.RunXpTests.Play_SecretRoomFoughtAgain_GivesXpEachTime" methodname="Play_SecretRoomFoughtAgain_GivesXpEachTime" classname="Game.Core.Tests.Runs.RunXpTests" runstate="Runnable" seed="1176900017" result="Passed" start-time="2026-10-08 22:17:55Z" end-time="2026-10-08 22:17:55Z" duration="0.000283" asserts="0">
                  <properties>
                    <property name="retryIteration" value="0" />
                    <property name="repeatIteration" value="0" />
                  </properties>
                </test-case>
                <test-case id="1309" name="Play_Victory_GivesTheXpOfEveryEnemyOfTheEncounter" fullname="Game.Core.Tests.Runs.RunXpTests.Play_Victory_GivesTheXpOfEveryEnemyOfTheEncounter" methodname="Play_Victory_GivesTheXpOfEveryEnemyOfTheEncounter" classname="Game.Core.Tests.Runs.RunXpTests" runstate="Runnable" seed="1065841206" result="Passed" start-time="2026-10-08 22:17:55Z" end-time="2026-10-08 22:17:55Z" duration="0.000323" asserts="0">
                  <properties>
                    <property name="retryIteration" value="0" />
                    <property name="repeatIteration" value="0" />
                  </properties>
                </test-case>
                <test-case id="1315" name="Play_XpBeyondIntMaxValue_KeepsCounting" fullname="Game.Core.Tests.Runs.RunXpTests.Play_XpBeyondIntMaxValue_KeepsCounting" methodname="Play_XpBeyondIntMaxValue_KeepsCounting" classname="Game.Core.Tests.Runs.RunXpTests" runstate="Runnable" seed="18584130" result="Passed" start-time="2026-10-08 22:17:55Z" end-time="2026-10-08 22:17:55Z" duration="0.002612" asserts="0">
                  <properties>
                    <property name="retryIteration" value="0" />
                    <property name="repeatIteration" value="0" />
                  </properties>
                </test-case>
                <test-case id="1310" name="Play_XpReachesTheNextLevel_ReportsOneLevelUp" fullname="Game.Core.Tests.Runs.RunXpTests.Play_XpReachesTheNextLevel_ReportsOneLevelUp" methodname="Play_XpReachesTheNextLevel_ReportsOneLevelUp" classname="Game.Core.Tests.Runs.RunXpTests" runstate="Runnable" seed="929453550" result="Passed" start-time="2026-10-08 22:17:55Z" end-time="2026-10-08 22:17:55Z" duration="0.000325" asserts="0">
                  <properties>
                    <property name="retryIteration" value="0" />
                    <property name="repeatIteration" value="0" />
                  </properties>
                </test-case>
              </test-suite>
              <test-suite type="TestFixture" id="1320" name="SecretRoomTests" fullname="Game.Core.Tests.Runs.SecretRoomTests" classname="Game.Core.Tests.Runs.SecretRoomTests" runstate="Runnable" testcasecount="49" result="Passed" start-time="2026-10-08 22:17:55Z" end-time="2026-10-08 22:17:55Z" duration="0.032610" total="49" passed="49" failed="0" inconclusive="0" skipped="0" asserts="0">
                <properties />
                <test-case id="1352" name="BeginFight_CancelledRegularFight_DoesNotCountTheObjectiveThatWouldHaveBeenReached" fullname="Game.Core.Tests.Runs.SecretRoomTests.BeginFight_CancelledRegularFight_DoesNotCountTheObjectiveThatWouldHaveBeenReached" methodname="BeginFight_CancelledRegularFight_DoesNotCountTheObjectiveThatWouldHaveBeenReached" classname="Game.Core.Tests.Runs.SecretRoomTests" runstate="Runnable" seed="1885635919" result="Passed" start-time="2026-10-08 22:17:55Z" end-time="2026-10-08 22:17:55Z" duration="0.001752" asserts="0">
                  <properties>
                    <property name="retryIteration" value="0" />
                    <property name="repeatIteration" value="0" />
                  </properties>
                </test-case>
                <test-case id="1346" name="BeginFight_CancelledSession_GivesNoRewardAndTheRoomIsNotCleared" fullname="Game.Core.Tests.Runs.SecretRoomTests.BeginFight_CancelledSession_GivesNoRewardAndTheRoomIsNotCleared" methodname="BeginFight_CancelledSession_GivesNoRewardAndTheRoomIsNotCleared" classname="Game.Core.Tests.Runs.SecretRoomTests" runstate="Runnable" seed="1047843217" result="Passed" start-time="2026-10-08 22:17:55Z" end-time="2026-10-08 22:17:55Z" duration="0.000626" asserts="0">
                  <properties>
                    <property name="retryIteration" value="0" />
                    <property name="repeatIteration" value="0" />
                  </properties>
                </test-case>
                <test-case id="1345" name="BeginFight_CompletedSession_GivesTheSameRewardsAsPlay" fullname="Game.Core.Tests.Runs.SecretRoomTests.BeginFight_CompletedSession_GivesTheSameRewardsAsPlay" methodname="BeginFight_CompletedSession_GivesTheSameRewardsAsPlay" classname="Game.Core.Tests.Runs.SecretRoomTests" runstate="Runnable" seed="1433161759" result="Passed" start-time="2026-10-08 22:17:55Z" end-time="2026-10-08 22:17:55Z" duration="0.000320" asserts="0">
                  <properties>
                    <property name="retryIteration" value="0" />
                    <property name="repeatIteration" value="0" />
                  </properties>
                </test-case>
                <test-case id="1360" name="BiomeDefinition_NullProfessor_Throws" fullname="Game.Core.Tests.Runs.SecretRoomTests.BiomeDefinition_NullProfessor_Throws" methodname="BiomeDefinition_NullProfessor_Throws" classname="Game.Core.Tests.Runs.SecretRoomTests" runstate="Runnable" seed="1030031541" result="Passed" start-time="2026-10-08 22:17:55Z" end-time="2026-10-08 22:17:55Z" duration="0.000408" asserts="0">
                  <properties>
                    <property name="retryIteration" value="0" />
                    <property name="repeatIteration" value="0" />
                  </properties>
                </test-case>
                <test-case id="1363" name="BiomeDefinition_NullSecretRoom_Throws" fullname="Game.Core.Tests.Runs.SecretRoomTests.BiomeDefinition_NullSecretRoom_Throws" methodname="BiomeDefinition_NullSecretRoom_Throws" classname="Game.Core.Tests.Runs.SecretRoomTests" runstate="Runnable" seed="1922205592" result="Passed" start-time="2026-10-08 22:17:55Z" end-time="2026-10-08 22:17:55Z" duration="0.000263" asserts="0">
                  <properties>
                    <property name="retryIteration" value="0" />
                    <property name="repeatIteration" value="0" />
                  </properties>
                </test-case>
                <test-case id="1365" name="BiomeDefinition_ObjectiveEnemyInNoRegularEncounter_Throws" fullname="Game.Core.Tests.Runs.SecretRoomTests.BiomeDefinition_ObjectiveEnemyInNoRegularEncounter_Throws" methodname="BiomeDefinition_ObjectiveEnemyInNoRegularEncounter_Throws" classname="Game.Core.Tests.Runs.SecretRoomTests" runstate="Runnable" seed="189519884" result="Passed" start-time="2026-10-08 22:17:55Z" end-time="2026-10-08 22:17:55Z" duration="0.000717" asserts="0">
                  <properties>
                    <property name="retryIteration" value="0" />
                    <property name="repeatIteration" value="0" />
                  </properties>
                </test-case>
                <test-case id="1357" name="BiomeDefinition_Professor_IsTheEnemyTheDataNames" fullname="Game.Core.Tests.Runs.SecretRoomTests.BiomeDefinition_Professor_IsTheEnemyTheDataNames" methodname="BiomeDefinition_Professor_IsTheEnemyTheDataNames" classname="Game.Core.Tests.Runs.SecretRoomTests" runstate="Runnable" seed="93617024" result="Passed" start-time="2026-10-08 22:17:55Z" end-time="2026-10-08 22:17:55Z" duration="0.000305" asserts="0">
                  <properties>
                    <property name="retryIteration" value="0" />
                    <property name="repeatIteration" value="0" />
                  </properties>
                </test-case>
                <test-case id="1358" name="BiomeDefinition_ProfessorGivenAsAnEquivalentInstance_IsMatchedById" fullname="Game.Core.Tests.Runs.SecretRoomTests.BiomeDefinition_ProfessorGivenAsAnEquivalentInstance_IsMatchedById" methodname="BiomeDefinition_ProfessorGivenAsAnEquivalentInstance_IsMatchedById" classname="Game.Core.Tests.Runs.SecretRoomTests" runstate="Runnable" seed="1999642895" result="Passed" start-time="2026-10-08 22:17:55Z" end-time="2026-10-08 22:17:55Z" duration="0.000195" asserts="0">
                  <properties>
                    <property name="retryIteration" value="0" />
                    <property name="repeatIteration" value="0" />
                  </properties>
                </test-case>
                <test-case id="1359" name="BiomeDefinition_ProfessorNotInTheProfessorEncounter_ThrowsNamingTheBiome" fullname="Game.Core.Tests.Runs.SecretRoomTests.BiomeDefinition_ProfessorNotInTheProfessorEncounter_ThrowsNamingTheBiome" methodname="BiomeDefinition_ProfessorNotInTheProfessorEncounter_ThrowsNamingTheBiome" classname="Game.Core.Tests.Runs.SecretRoomTests" runstate="Runnable" seed="1177258079" result="Passed" start-time="2026-10-08 22:17:55Z" end-time="2026-10-08 22:17:55Z" duration="0.000320" asserts="0">
                  <properties>
                    <property name="retryIteration" value="0" />
                    <property name="repeatIteration" value="0" />
                  </properties>
                </test-case>
                <test-case id="1366" name="BiomeDefinition_RevelationBeyondTheProfessorsLine_Throws" fullname="Game.Core.Tests.Runs.SecretRoomTests.BiomeDefinition_RevelationBeyondTheProfessorsLine_Throws" methodname="BiomeDefinition_RevelationBeyondTheProfessorsLine_Throws" classname="Game.Core.Tests.Runs.SecretRoomTests" runstate="Runnable" seed="1860290035" result="Passed" start-time="2026-10-08 22:17:55Z" end-time="2026-10-08 22:17:55Z" duration="0.000301" asserts="0">
                  <properties>
                    <property name="retryIteration" value="0" />
                    <property name="repeatIteration" value="0" />
                  </properties>
                </test-case>
                <test-case id="1361" name="BiomeDefinition_SecretRoomErrors_NameTheBiome" fullname="Game.Core.Tests.Runs.SecretRoomTests.BiomeDefinition_SecretRoomErrors_NameTheBiome" methodname="BiomeDefinition_SecretRoomErrors_NameTheBiome" classname="Game.Core.Tests.Runs.SecretRoomTests" runstate="Runnable" seed="1046368899" result="Passed" start-time="2026-10-08 22:17:55Z" end-time="2026-10-08 22:17:55Z" duration="0.000807" asserts="0">
                  <properties>
                    <property name="retryIteration" value="0" />
                    <property name="repeatIteration" value="0" />
                  </properties>
                </test-case>
                <test-case id="1362" name="BiomeDefinition_SecretRooms_KeepTheirOrder" fullname="Game.Core.Tests.Runs.SecretRoomTests.BiomeDefinition_SecretRooms_KeepTheirOrder" methodname="BiomeDefinition_SecretRooms_KeepTheirOrder" classname="Game.Core.Tests.Runs.SecretRoomTests" runstate="Runnable" seed="121624931" result="Passed" start-time="2026-10-08 22:17:55Z" end-time="2026-10-08 22:17:55Z" duration="0.000563" asserts="0">
                  <properties>
                    <property name="retryIteration" value="0" />
                    <property name="repeatIteration" value="0" />
                  </properties>
                </test-case>
                <test-case id="1364" name="BiomeDefinition_TwoRoomsWithTheSameId_Throws" fullname="Game.Core.Tests.Runs.SecretRoomTests.BiomeDefinition_TwoRoomsWithTheSameId_Throws" methodname="BiomeDefinition_TwoRoomsWithTheSameId_Throws" classname="Game.Core.Tests.Runs.SecretRoomTests" runstate="Runnable" seed="67076402" result="Passed" start-time="2026-10-08 22:17:55Z" end-time="2026-10-08 22:17:55Z" duration="0.000285" asserts="0">
                  <properties>
                    <property name="retryIteration" value="0" />
                    <property name="repeatIteration" value="0" />
                  </properties>
                </test-case>
                <test-case id="1321" name="NewRun_SecretRoomsAreLockedWithNoProgress" fullname="Game.Core.Tests.Runs.SecretRoomTests.NewRun_SecretRoomsAreLockedWithNoProgress" methodname="NewRun_SecretRoomsAreLockedWithNoProgress" classname="Game.Core.Tests.Runs.SecretRoomTests" runstate="Runnable" seed="654620679" result="Passed" start-time="2026-10-08 22:17:55Z" end-time="2026-10-08 22:17:55Z" duration="0.000260" asserts="0">
                  <properties>
                    <property name="retryIteration" value="0" />
                    <property name="repeatIteration" value="0" />
                  </properties>
                </test-case>
                <test-case id="1368" name="ObjectiveDefinition_InvalidArguments_Throw" fullname="Game.Core.Tests.Runs.SecretRoomTests.ObjectiveDefinition_InvalidArguments_Throw" methodname="ObjectiveDefinition_InvalidArguments_Throw" classname="Game.Core.Tests.Runs.SecretRoomTests" runstate="Runnable" seed="636235460" result="Passed" start-time="2026-10-08 22:17:55Z" end-time="2026-10-08 22:17:55Z" duration="0.000459" asserts="0">
                  <properties>
                    <property name="retryIteration" value="0" />
                    <property name="repeatIteration" value="0" />
                  </properties>
                </test-case>
                <test-case id="1324" name="Play_AnUnlockedRoomIsReportedOnlyByTheFightThatOpenedIt" fullname="Game.Core.Tests.Runs.SecretRoomTests.Play_AnUnlockedRoomIsReportedOnlyByTheFightThatOpenedIt" methodname="Play_AnUnlockedRoomIsReportedOnlyByTheFightThatOpenedIt" classname="Game.Core.Tests.Runs.SecretRoomTests" runstate="Runnable" seed="658706940" result="Passed" start-time="2026-10-08 22:17:55Z" end-time="2026-10-08 22:17:55Z" duration="0.000510" asserts="0">
                  <properties>
                    <property name="retryIteration" value="0" />
                    <property name="repeatIteration" value="0" />
                  </properties>
                </test-case>
                <test-case id="1337" name="Play_ARoomOpenedByHandIsNotOpenedAgainByItsObjective" fullname="Game.Core.Tests.Runs.SecretRoomTests.Play_ARoomOpenedByHandIsNotOpenedAgainByItsObjective" methodname="Play_ARoomOpenedByHandIsNotOpenedAgainByItsObjective" classname="Game.Core.Tests.Runs.SecretRoomTests" runstate="Runnable" seed="480212636" result="Passed" start-time="2026-10-08 22:17:55Z" end-time="2026-10-08 22:17:55Z" duration="0.000342" asserts="0">
                  <properties>
                    <property name="retryIteration" value="0" />
                    <property name="repeatIteration" value="0" />
                  </properties>
                </test-case>
                <test-case id="1343" name="Play_DefeatInASecretRoom_EndsTheRunWithNoRewards" fullname="Game.Core.Tests.Runs.SecretRoomTests.Play_DefeatInASecretRoom_EndsTheRunWithNoRewards" methodname="Play_DefeatInASecretRoom_EndsTheRunWithNoRewards" classname="Game.Core.Tests.Runs.SecretRoomTests" runstate="Runnable" seed="679838919" result="Passed" start-time="2026-10-08 22:17:55Z" end-time="2026-10-08 22:17:55Z" duration="0.000352" asserts="0">
                  <properties>
                    <property name="retryIteration" value="0" />
                    <property name="repeatIteration" value="0" />
                  </properties>
                </test-case>
                <test-case id="1325" name="Play_EncounterWithSeveralObjectiveEnemies_CountsEachOfThem" fullname="Game.Core.Tests.Runs.SecretRoomTests.Play_EncounterWithSeveralObjectiveEnemies_CountsEachOfThem" methodname="Play_EncounterWithSeveralObjectiveEnemies_CountsEachOfThem" classname="Game.Core.Tests.Runs.SecretRoomTests" runstate="Runnable" seed="2026505923" result="Passed" start-time="2026-10-08 22:17:55Z" end-time="2026-10-08 22:17:55Z" duration="0.000336" asserts="0">
                  <properties>
                    <property name="retryIteration" value="0" />
                    <property name="repeatIteration" value="0" />
                  </properties>
                </test-case>
                <test-case id="1341" name="Play_FirstVictory_AlsoGivesTheMiniBossXp" fullname="Game.Core.Tests.Runs.SecretRoomTests.Play_FirstVictory_AlsoGivesTheMiniBossXp" methodname="Play_FirstVictory_AlsoGivesTheMiniBossXp" classname="Game.Core.Tests.Runs.SecretRoomTests" runstate="Runnable" seed="573492433" result="Passed" start-time="2026-10-08 22:17:55Z" end-time="2026-10-08 22:17:55Z" duration="0.000264" asserts="0">
                  <properties>
                    <property name="retryIteration" value="0" />
                    <property name="repeatIteration" value="0" />
                  </properties>
                </test-case>
                <test-case id="1339" name="Play_FirstVictory_TheUniqueCardTakesTheNewSlotSoTheReserveStaysEmpty" fullname="Game.Core.Tests.Runs.SecretRoomTests.Play_FirstVictory_TheUniqueCardTakesTheNewSlotSoTheReserveStaysEmpty" methodname="Play_FirstVictory_TheUniqueCardTakesTheNewSlotSoTheReserveStaysEmpty" classname="Game.Core.Tests.Runs.SecretRoomTests" runstate="Runnable" seed="83076974" result="Passed" start-time="2026-10-08 22:17:55Z" end-time="2026-10-08 22:17:55Z" duration="0.000326" asserts="0">
                  <properties>
                    <property name="retryIteration" value="0" />
                    <property name="repeatIteration" value="0" />
                  </properties>
                </test-case>
                <test-case id="1338" name="Play_FirstVictoryOverTheMiniBoss_GivesSlotAndUniqueCard" fullname="Game.Core.Tests.Runs.SecretRoomTests.Play_FirstVictoryOverTheMiniBoss_GivesSlotAndUniqueCard" methodname="Play_FirstVictoryOverTheMiniBoss_GivesSlotAndUniqueCard" classname="Game.Core.Tests.Runs.SecretRoomTests" runstate="Runnable" seed="1891893847" result="Passed" start-time="2026-10-08 22:17:55Z" end-time="2026-10-08 22:17:55Z" duration="0.000454" asserts="0">
                  <properties>
                    <property name="retryIteration" value="0" />
                    <property name="repeatIteration" value="0" />
                  </properties>
                </test-case>
                <test-case id="1340" name="Play_FirstVictoryWithNoBonusSlot_SendsTheUniqueCardToTheReserveWhenTheLineIsFull" fullname="Game.Core.Tests.Runs.SecretRoomTests.Play_FirstVictoryWithNoBonusSlot_SendsTheUniqueCardToTheReserveWhenTheLineIsFull" methodname="Play_FirstVictoryWithNoBonusSlot_SendsTheUniqueCardToTheReserveWhenTheLineIsFull" classname="Game.Core.Tests.Runs.SecretRoomTests" runstate="Runnable" seed="1824397215" result="Passed" start-time="2026-10-08 22:17:55Z" end-time="2026-10-08 22:17:55Z" duration="0.000399" asserts="0">
                  <properties>
                    <property name="retryIteration" value="0" />
                    <property name="repeatIteration" value="0" />
                  </properties>
                </test-case>
                <test-case id="1330" name="Play_LostRegularFight_DoesNotCount" fullname="Game.Core.Tests.Runs.SecretRoomTests.Play_LostRegularFight_DoesNotCount" methodname="Play_LostRegularFight_DoesNotCount" classname="Game.Core.Tests.Runs.SecretRoomTests" runstate="Runnable" seed="37603001" result="Passed" start-time="2026-10-08 22:17:55Z" end-time="2026-10-08 22:17:55Z" duration="0.000304" asserts="0">
                  <properties>
                    <property name="retryIteration" value="0" />
                    <property name="repeatIteration" value="0" />
                  </properties>
                </test-case>
                <test-case id="1323" name="Play_ObjectiveCompleted_UnlocksTheRoomAndReportsIt" fullname="Game.Core.Tests.Runs.SecretRoomTests.Play_ObjectiveCompleted_UnlocksTheRoomAndReportsIt" methodname="Play_ObjectiveCompleted_UnlocksTheRoomAndReportsIt" classname="Game.Core.Tests.Runs.SecretRoomTests" runstate="Runnable" seed="307510345" result="Passed" start-time="2026-10-08 22:17:55Z" end-time="2026-10-08 22:17:55Z" duration="0.000504" asserts="0">
                  <properties>
                    <property name="retryIteration" value="0" />
                    <property name="repeatIteration" value="0" />
                  </properties>
                </test-case>
                <test-case id="1329" name="Play_OnlyRegularFightsCount" fullname="Game.Core.Tests.Runs.SecretRoomTests.Play_OnlyRegularFightsCount" methodname="Play_OnlyRegularFightsCount" classname="Game.Core.Tests.Runs.SecretRoomTests" runstate="Runnable" seed="816250003" result="Passed" start-time="2026-10-08 22:17:55Z" end-time="2026-10-08 22:17:55Z" duration="0.000308" asserts="0">
                  <properties>
                    <property name="retryIteration" value="0" />
                    <property name="repeatIteration" value="0" />
                  </properties>
                </test-case>
                <test-case id="1327" name="Play_OtherEnemiesOfTheEncounter_DoNotCount" fullname="Game.Core.Tests.Runs.SecretRoomTests.Play_OtherEnemiesOfTheEncounter_DoNotCount" methodname="Play_OtherEnemiesOfTheEncounter_DoNotCount" classname="Game.Core.Tests.Runs.SecretRoomTests" runstate="Runnable" seed="1885393219" result="Passed" start-time="2026-10-08 22:17:55Z" end-time="2026-10-08 22:17:55Z" duration="0.000298" asserts="0">
                  <properties>
                    <property name="retryIteration" value="0" />
                    <property name="repeatIteration" value="0" />
                  </properties>
                </test-case>
                <test-case id="1326" name="Play_ProgressNeverExceedsTheObjectiveCount" fullname="Game.Core.Tests.Runs.SecretRoomTests.Play_ProgressNeverExceedsTheObjectiveCount" methodname="Play_ProgressNeverExceedsTheObjectiveCount" classname="Game.Core.Tests.Runs.SecretRoomTests" runstate="Runnable" seed="737712063" result="Passed" start-time="2026-10-08 22:17:55Z" end-time="2026-10-08 22:17:55Z" duration="0.000295" asserts="0">
                  <properties>
                    <property name="retryIteration" value="0" />
                    <property name="repeatIteration" value="0" />
                  </properties>
                </test-case>
                <test-case id="1344" name="Play_RegularFightsAndTheProfessor_NeverHaveSecretRoomRewards" fullname="Game.Core.Tests.Runs.SecretRoomTests.Play_RegularFightsAndTheProfessor_NeverHaveSecretRoomRewards" methodname="Play_RegularFightsAndTheProfessor_NeverHaveSecretRoomRewards" classname="Game.Core.Tests.Runs.SecretRoomTests" runstate="Runnable" seed="1028588009" result="Passed" start-time="2026-10-08 22:17:55Z" end-time="2026-10-08 22:17:55Z" duration="0.000281" asserts="0">
                  <properties>
                    <property name="retryIteration" value="0" />
                    <property name="repeatIteration" value="0" />
                  </properties>
                </test-case>
                <test-case id="1322" name="Play_RegularFightWon_CountsTheObjectiveEnemy" fullname="Game.Core.Tests.Runs.SecretRoomTests.Play_RegularFightWon_CountsTheObjectiveEnemy" methodname="Play_RegularFightWon_CountsTheObjectiveEnemy" classname="Game.Core.Tests.Runs.SecretRoomTests" runstate="Runnable" seed="882239420" result="Passed" start-time="2026-10-08 22:17:55Z" end-time="2026-10-08 22:17:55Z" duration="0.000241" asserts="0">
                  <properties>
                    <property name="retryIteration" value="0" />
                    <property name="repeatIteration" value="0" />
                  </properties>
                </test-case>
                <test-case id="1342" name="Play_RepeatVictory_GivesXpOnly" fullname="Game.Core.Tests.Runs.SecretRoomTests.Play_RepeatVictory_GivesXpOnly" methodname="Play_RepeatVictory_GivesXpOnly" classname="Game.Core.Tests.Runs.SecretRoomTests" runstate="Runnable" seed="2129999318" result="Passed" start-time="2026-10-08 22:17:55Z" end-time="2026-10-08 22:17:55Z" duration="0.000398" asserts="0">
                  <properties>
                    <property name="retryIteration" value="0" />
                    <property name="repeatIteration" value="0" />
                  </properties>
                </test-case>
                <test-case id="1355" name="Play_RewardsThatFail_LeaveTheRunUnchanged" fullname="Game.Core.Tests.Runs.SecretRoomTests.Play_RewardsThatFail_LeaveTheRunUnchanged" methodname="Play_RewardsThatFail_LeaveTheRunUnchanged" classname="Game.Core.Tests.Runs.SecretRoomTests" runstate="Runnable" seed="160445261" result="Passed" start-time="2026-10-08 22:17:55Z" end-time="2026-10-08 22:17:55Z" duration="0.000774" asserts="0">
                  <properties>
                    <property name="retryIteration" value="0" />
                    <property name="repeatIteration" value="0" />
                  </properties>
                </test-case>
                <test-case id="1328" name="Play_SeveralObjectives_AreCountedTogetherAndOpenInListingOrder" fullname="Game.Core.Tests.Runs.SecretRoomTests.Play_SeveralObjectives_AreCountedTogetherAndOpenInListingOrder" methodname="Play_SeveralObjectives_AreCountedTogetherAndOpenInListingOrder" classname="Game.Core.Tests.Runs.SecretRoomTests" runstate="Runnable" seed="1552502227" result="Passed" start-time="2026-10-08 22:17:55Z" end-time="2026-10-08 22:17:55Z" duration="0.000381" asserts="0">
                  <properties>
                    <property name="retryIteration" value="0" />
                    <property name="repeatIteration" value="0" />
                  </properties>
                </test-case>
                <test-case id="1353" name="Play_TheUniqueCardIsANewInstanceWithNoCastsThatCountsLikeAnyOther" fullname="Game.Core.Tests.Runs.SecretRoomTests.Play_TheUniqueCardIsANewInstanceWithNoCastsThatCountsLikeAnyOther" methodname="Play_TheUniqueCardIsANewInstanceWithNoCastsThatCountsLikeAnyOther" classname="Game.Core.Tests.Runs.SecretRoomTests" runstate="Runnable" seed="1854304907" result="Passed" start-time="2026-10-08 22:17:55Z" end-time="2026-10-08 22:17:55Z" duration="0.002990" asserts="0">
                  <properties>
                    <property name="retryIteration" value="0" />
                    <property name="repeatIteration" value="0" />
                  </properties>
                </test-case>
                <test-case id="1354" name="Play_TwoRoomsClearedWithTheSameUniqueCard_GiveTwoDistinctInstances" fullname="Game.Core.Tests.Runs.SecretRoomTests.Play_TwoRoomsClearedWithTheSameUniqueCard_GiveTwoDistinctInstances" methodname="Play_TwoRoomsClearedWithTheSameUniqueCard_GiveTwoDistinctInstances" classname="Game.Core.Tests.Runs.SecretRoomTests" runstate="Runnable" seed="1140967462" result="Passed" start-time="2026-10-08 22:17:55Z" end-time="2026-10-08 22:17:55Z" duration="0.000507" asserts="0">
                  <properties>
                    <property name="retryIteration" value="0" />
                    <property name="repeatIteration" value="0" />
                  </properties>
                </test-case>
                <test-case id="1351" name="Play_TwoThresholdsReachedByTheSameFight_UnlockBothRoomsInListingOrder" fullname="Game.Core.Tests.Runs.SecretRoomTests.Play_TwoThresholdsReachedByTheSameFight_UnlockBothRoomsInListingOrder" methodname="Play_TwoThresholdsReachedByTheSameFight_UnlockBothRoomsInListingOrder" classname="Game.Core.Tests.Runs.SecretRoomTests" runstate="Runnable" seed="2032364168" result="Passed" start-time="2026-10-08 22:17:55Z" end-time="2026-10-08 22:17:55Z" duration="0.000369" asserts="0">
                  <properties>
                    <property name="retryIteration" value="0" />
                    <property name="repeatIteration" value="0" />
                  </properties>
                </test-case>
                <test-case id="1348" name="RevealTo_CalledAgainOrKnownAlready_LearnsNothingNew" fullname="Game.Core.Tests.Runs.SecretRoomTests.RevealTo_CalledAgainOrKnownAlready_LearnsNothingNew" methodname="RevealTo_CalledAgainOrKnownAlready_LearnsNothingNew" classname="Game.Core.Tests.Runs.SecretRoomTests" runstate="Runnable" seed="1677574036" result="Passed" start-time="2026-10-08 22:17:55Z" end-time="2026-10-08 22:17:55Z" duration="0.000336" asserts="0">
                  <properties>
                    <property name="retryIteration" value="0" />
                    <property name="repeatIteration" value="0" />
                  </properties>
                </test-case>
                <test-case id="1347" name="RevealTo_FirstVictory_TeachesWhatTheRoomRevealsAboutTheProfessor" fullname="Game.Core.Tests.Runs.SecretRoomTests.RevealTo_FirstVictory_TeachesWhatTheRoomRevealsAboutTheProfessor" methodname="RevealTo_FirstVictory_TeachesWhatTheRoomRevealsAboutTheProfessor" classname="Game.Core.Tests.Runs.SecretRoomTests" runstate="Runnable" seed="300220378" result="Passed" start-time="2026-10-08 22:17:55Z" end-time="2026-10-08 22:17:55Z" duration="0.000805" asserts="0">
                  <properties>
                    <property name="retryIteration" value="0" />
                    <property name="repeatIteration" value="0" />
                  </properties>
                </test-case>
                <test-case id="1349" name="RevealTo_NullBestiary_Throws" fullname="Game.Core.Tests.Runs.SecretRoomTests.RevealTo_NullBestiary_Throws" methodname="RevealTo_NullBestiary_Throws" classname="Game.Core.Tests.Runs.SecretRoomTests" runstate="Runnable" seed="2107272040" result="Passed" start-time="2026-10-08 22:17:55Z" end-time="2026-10-08 22:17:55Z" duration="0.000345" asserts="0">
                  <properties>
                    <property name="retryIteration" value="0" />
                    <property name="repeatIteration" value="0" />
                  </properties>
                </test-case>
                <test-case id="1350" name="Rewards_ConcernTheBiomesProfessor" fullname="Game.Core.Tests.Runs.SecretRoomTests.Rewards_ConcernTheBiomesProfessor" methodname="Rewards_ConcernTheBiomesProfessor" classname="Game.Core.Tests.Runs.SecretRoomTests" runstate="Runnable" seed="614562064" result="Passed" start-time="2026-10-08 22:17:55Z" end-time="2026-10-08 22:17:55Z" duration="0.000271" asserts="0">
                  <properties>
                    <property name="retryIteration" value="0" />
                    <property name="repeatIteration" value="0" />
                  </properties>
                </test-case>
                <test-case id="1356" name="Run_SameSeedAndSameChoices_GivesTheSameRun" fullname="Game.Core.Tests.Runs.SecretRoomTests.Run_SameSeedAndSameChoices_GivesTheSameRun" methodname="Run_SameSeedAndSameChoices_GivesTheSameRun" classname="Game.Core.Tests.Runs.SecretRoomTests" runstate="Runnable" seed="1117374947" result="Passed" start-time="2026-10-08 22:17:55Z" end-time="2026-10-08 22:17:55Z" duration="0.002098" asserts="0">
                  <properties>
                    <property name="retryIteration" value="0" />
                    <property name="repeatIteration" value="0" />
                  </properties>
                </test-case>
                <test-case id="1369" name="RunFightReport_NullUnlockedRoomId_Throws" fullname="Game.Core.Tests.Runs.SecretRoomTests.RunFightReport_NullUnlockedRoomId_Throws" methodname="RunFightReport_NullUnlockedRoomId_Throws" classname="Game.Core.Tests.Runs.SecretRoomTests" runstate="Runnable" seed="391643182" result="Passed" start-time="2026-10-08 22:17:55Z" end-time="2026-10-08 22:17:55Z" duration="0.000380" asserts="0">
                  <properties>
                    <property name="retryIteration" value="0" />
                    <property name="repeatIteration" value="0" />
                  </properties>
                </test-case>
                <test-case id="1367" name="SecretRoomDefinition_InvalidArguments_Throw" fullname="Game.Core.Tests.Runs.SecretRoomTests.SecretRoomDefinition_InvalidArguments_Throw" methodname="SecretRoomDefinition_InvalidArguments_Throw" classname="Game.Core.Tests.Runs.SecretRoomTests" runstate="Runnable" seed="1780869613" result="Passed" start-time="2026-10-08 22:17:55Z" end-time="2026-10-08 22:17:55Z" duration="0.000818" asserts="0">
                  <properties>
                    <property name="retryIteration" value="0" />
                    <property name="repeatIteration" value="0" />
                  </properties>
                </test-case>
                <test-case id="1331" name="SecretRooms_ABiomeWithoutRooms_IsEmpty" fullname="Game.Core.Tests.Runs.SecretRoomTests.SecretRooms_ABiomeWithoutRooms_IsEmpty" methodname="SecretRooms_ABiomeWithoutRooms_IsEmpty" classname="Game.Core.Tests.Runs.SecretRoomTests" runstate="Runnable" seed="1350288726" result="Passed" start-time="2026-10-08 22:17:55Z" end-time="2026-10-08 22:17:55Z" duration="0.000193" asserts="0">
                  <properties>
                    <property name="retryIteration" value="0" />
                    <property name="repeatIteration" value="0" />
                  </properties>
                </test-case>
                <test-case id="1332" name="UnlockSecretRoom_ABiomeRoom_OpensItAndKeepsItsProgress" fullname="Game.Core.Tests.Runs.SecretRoomTests.UnlockSecretRoom_ABiomeRoom_OpensItAndKeepsItsProgress" methodname="UnlockSecretRoom_ABiomeRoom_OpensItAndKeepsItsProgress" classname="Game.Core.Tests.Runs.SecretRoomTests" runstate="Runnable" seed="1369631288" result="Passed" start-time="2026-10-08 22:17:55Z" end-time="2026-10-08 22:17:55Z" duration="0.000343" asserts="0">
                  <properties>
                    <property name="retryIteration" value="0" />
                    <property name="repeatIteration" value="0" />
                  </properties>
                </test-case>
                <test-case id="1333" name="UnlockSecretRoom_ABiomeRoomWithAnotherEncounter_Throws" fullname="Game.Core.Tests.Runs.SecretRoomTests.UnlockSecretRoom_ABiomeRoomWithAnotherEncounter_Throws" methodname="UnlockSecretRoom_ABiomeRoomWithAnotherEncounter_Throws" classname="Game.Core.Tests.Runs.SecretRoomTests" runstate="Runnable" seed="1147902" result="Passed" start-time="2026-10-08 22:17:55Z" end-time="2026-10-08 22:17:55Z" duration="0.000273" asserts="0">
                  <properties>
                    <property name="retryIteration" value="0" />
                    <property name="repeatIteration" value="0" />
                  </properties>
                </test-case>
                <test-case id="1334" name="UnlockSecretRoom_AnEquivalentEncounterInstance_IsAcceptedAndUsesTheBiomesOwn" fullname="Game.Core.Tests.Runs.SecretRoomTests.UnlockSecretRoom_AnEquivalentEncounterInstance_IsAcceptedAndUsesTheBiomesOwn" methodname="UnlockSecretRoom_AnEquivalentEncounterInstance_IsAcceptedAndUsesTheBiomesOwn" classname="Game.Core.Tests.Runs.SecretRoomTests" runstate="Runnable" seed="1407347756" result="Passed" start-time="2026-10-08 22:17:55Z" end-time="2026-10-08 22:17:55Z" duration="0.000413" asserts="0">
                  <properties>
                    <property name="retryIteration" value="0" />
                    <property name="repeatIteration" value="0" />
                  </properties>
                </test-case>
                <test-case id="1336" name="UnlockSecretRoom_ARoomOutsideTheBiome_UsesTheGivenEncounterAndComparesByIdAfterwards" fullname="Game.Core.Tests.Runs.SecretRoomTests.UnlockSecretRoom_ARoomOutsideTheBiome_UsesTheGivenEncounterAndComparesByIdAfterwards" methodname="UnlockSecretRoom_ARoomOutsideTheBiome_UsesTheGivenEncounterAndComparesByIdAfterwards" classname="Game.Core.Tests.Runs.SecretRoomTests" runstate="Runnable" seed="1483162465" result="Passed" start-time="2026-10-08 22:17:55Z" end-time="2026-10-08 22:17:55Z" duration="0.000478" asserts="0">
                  <properties>
                    <property name="retryIteration" value="0" />
                    <property name="repeatIteration" value="0" />
                  </properties>
                </test-case>
                <test-case id="1335" name="UnlockSecretRoom_TheSameInstanceTwice_DoesNothingTheSecondTime" fullname="Game.Core.Tests.Runs.SecretRoomTests.UnlockSecretRoom_TheSameInstanceTwice_DoesNothingTheSecondTime" methodname="UnlockSecretRoom_TheSameInstanceTwice_DoesNothingTheSecondTime" classname="Game.Core.Tests.Runs.SecretRoomTests" runstate="Runnable" seed="1504222104" result="Passed" start-time="2026-10-08 22:17:55Z" end-time="2026-10-08 22:17:55Z" duration="0.000279" asserts="0">
                  <properties>
                    <property name="retryIteration" value="0" />
                    <property name="repeatIteration" value="0" />
                  </properties>
                </test-case>
              </test-suite>
            </test-suite>
            <test-suite type="TestSuite" id="1860" name="Simulation" fullname="Game.Core.Tests.Simulation" runstate="Runnable" testcasecount="17" result="Passed" start-time="2026-10-08 22:17:55Z" end-time="2026-10-08 22:17:55Z" duration="0.035500" total="17" passed="17" failed="0" inconclusive="0" skipped="0" asserts="0">
              <properties />
              <test-suite type="TestFixture" id="1110" name="FightBatchTests" fullname="Game.Core.Tests.Simulation.FightBatchTests" classname="Game.Core.Tests.Simulation.FightBatchTests" runstate="Runnable" testcasecount="7" result="Passed" start-time="2026-10-08 22:17:55Z" end-time="2026-10-08 22:17:55Z" duration="0.025269" total="7" passed="7" failed="0" inconclusive="0" skipped="0" asserts="0">
                <properties />
                <test-case id="1115" name="Run_FactoryReturnsNull_Throws" fullname="Game.Core.Tests.Simulation.FightBatchTests.Run_FactoryReturnsNull_Throws" methodname="Run_FactoryReturnsNull_Throws" classname="Game.Core.Tests.Simulation.FightBatchTests" runstate="Runnable" seed="600467218" result="Passed" start-time="2026-10-08 22:17:55Z" end-time="2026-10-08 22:17:55Z" duration="0.001351" asserts="0">
                  <properties>
                    <property name="retryIteration" value="0" />
                    <property name="repeatIteration" value="0" />
                  </properties>
                </test-case>
                <test-case id="1113" name="Run_MatchesTheFightsRunOneByOne" fullname="Game.Core.Tests.Simulation.FightBatchTests.Run_MatchesTheFightsRunOneByOne" methodname="Run_MatchesTheFightsRunOneByOne" classname="Game.Core.Tests.Simulation.FightBatchTests" runstate="Runnable" seed="269822058" result="Passed" start-time="2026-10-08 22:17:55Z" end-time="2026-10-08 22:17:55Z" duration="0.013675" asserts="0">
                  <properties>
                    <property name="retryIteration" value="0" />
                    <property name="repeatIteration" value="0" />
                  </properties>
                </test-case>
                <test-case id="1116" name="Run_NoFight_Throws" fullname="Game.Core.Tests.Simulation.FightBatchTests.Run_NoFight_Throws" methodname="Run_NoFight_Throws" classname="Game.Core.Tests.Simulation.FightBatchTests" runstate="Runnable" seed="1093145637" result="Passed" start-time="2026-10-08 22:17:55Z" end-time="2026-10-08 22:17:55Z" duration="0.000405" asserts="0">
                  <properties>
                    <property name="retryIteration" value="0" />
                    <property name="repeatIteration" value="0" />
                  </properties>
                </test-case>
                <test-case id="1114" name="Run_NullFactory_Throws" fullname="Game.Core.Tests.Simulation.FightBatchTests.Run_NullFactory_Throws" methodname="Run_NullFactory_Throws" classname="Game.Core.Tests.Simulation.FightBatchTests" runstate="Runnable" seed="198069498" result="Passed" start-time="2026-10-08 22:17:55Z" end-time="2026-10-08 22:17:55Z" duration="0.000237" asserts="0">
                  <properties>
                    <property name="retryIteration" value="0" />
                    <property name="repeatIteration" value="0" />
                  </properties>
                </test-case>
                <test-case id="1111" name="Run_SameSeeds_GiveIdenticalJson" fullname="Game.Core.Tests.Simulation.FightBatchTests.Run_SameSeeds_GiveIdenticalJson" methodname="Run_SameSeeds_GiveIdenticalJson" classname="Game.Core.Tests.Simulation.FightBatchTests" runstate="Runnable" seed="127184571" result="Passed" start-time="2026-10-08 22:17:55Z" end-time="2026-10-08 22:17:55Z" duration="0.006482" asserts="0">
                  <properties>
                    <property name="retryIteration" value="0" />
                    <property name="repeatIteration" value="0" />
                  </properties>
                </test-case>
                <test-case id="1117" name="Run_SeedRangeOverflows_Throws" fullname="Game.Core.Tests.Simulation.FightBatchTests.Run_SeedRangeOverflows_Throws" methodname="Run_SeedRangeOverflows_Throws" classname="Game.Core.Tests.Simulation.FightBatchTests" runstate="Runnable" seed="1870439723" result="Passed" start-time="2026-10-08 22:17:55Z" end-time="2026-10-08 22:17:55Z" duration="0.000381" asserts="0">
                  <properties>
                    <property name="retryIteration" value="0" />
                    <property name="repeatIteration" value="0" />
                  </properties>
                </test-case>
                <test-case id="1112" name="Run_UsesConsecutiveSeedsFromTheFirst" fullname="Game.Core.Tests.Simulation.FightBatchTests.Run_UsesConsecutiveSeedsFromTheFirst" methodname="Run_UsesConsecutiveSeedsFromTheFirst" classname="Game.Core.Tests.Simulation.FightBatchTests" runstate="Runnable" seed="1986820944" result="Passed" start-time="2026-10-08 22:17:55Z" end-time="2026-10-08 22:17:55Z" duration="0.001389" asserts="0">
                  <properties>
                    <property name="retryIteration" value="0" />
                    <property name="repeatIteration" value="0" />
                  </properties>
                </test-case>
              </test-suite>
              <test-suite type="TestFixture" id="1118" name="SimulationSummaryTests" fullname="Game.Core.Tests.Simulation.SimulationSummaryTests" classname="Game.Core.Tests.Simulation.SimulationSummaryTests" runstate="Runnable" testcasecount="10" result="Passed" start-time="2026-10-08 22:17:55Z" end-time="2026-10-08 22:17:55Z" duration="0.009642" total="10" passed="10" failed="0" inconclusive="0" skipped="0" asserts="0">
                <properties />
                <test-case id="1120" name="Add_Null_Throws" fullname="Game.Core.Tests.Simulation.SimulationSummaryTests.Add_Null_Throws" methodname="Add_Null_Throws" classname="Game.Core.Tests.Simulation.SimulationSummaryTests" runstate="Runnable" seed="610712099" result="Passed" start-time="2026-10-08 22:17:55Z" end-time="2026-10-08 22:17:55Z" duration="0.000364" asserts="0">
                  <properties>
                    <property name="retryIteration" value="0" />
                    <property name="repeatIteration" value="0" />
                  </properties>
                </test-case>
                <test-case id="1122" name="Build_ComputesTickAverageMinAndMax" fullname="Game.Core.Tests.Simulation.SimulationSummaryTests.Build_ComputesTickAverageMinAndMax" methodname="Build_ComputesTickAverageMinAndMax" classname="Game.Core.Tests.Simulation.SimulationSummaryTests" runstate="Runnable" seed="735815527" result="Passed" start-time="2026-10-08 22:17:55Z" end-time="2026-10-08 22:17:55Z" duration="0.001179" asserts="0">
                  <properties>
                    <property name="retryIteration" value="0" />
                    <property name="repeatIteration" value="0" />
                  </properties>
                </test-case>
                <test-case id="1121" name="Build_CountsOutcomesAndRates" fullname="Game.Core.Tests.Simulation.SimulationSummaryTests.Build_CountsOutcomesAndRates" methodname="Build_CountsOutcomesAndRates" classname="Game.Core.Tests.Simulation.SimulationSummaryTests" runstate="Runnable" seed="911062086" result="Passed" start-time="2026-10-08 22:17:55Z" end-time="2026-10-08 22:17:55Z" duration="0.000502" asserts="0">
                  <properties>
                    <property name="retryIteration" value="0" />
                    <property name="repeatIteration" value="0" />
                  </properties>
                </test-case>
                <test-case id="1119" name="Build_NoFight_Throws" fullname="Game.Core.Tests.Simulation.SimulationSummaryTests.Build_NoFight_Throws" methodname="Build_NoFight_Throws" classname="Game.Core.Tests.Simulation.SimulationSummaryTests" runstate="Runnable" seed="1023189725" result="Passed" start-time="2026-10-08 22:17:55Z" end-time="2026-10-08 22:17:55Z" duration="0.000257" asserts="0">
                  <properties>
                    <property name="retryIteration" value="0" />
                    <property name="repeatIteration" value="0" />
                  </properties>
                </test-case>
                <test-case id="1125" name="Build_OrdersCardsBySideThenId" fullname="Game.Core.Tests.Simulation.SimulationSummaryTests.Build_OrdersCardsBySideThenId" methodname="Build_OrdersCardsBySideThenId" classname="Game.Core.Tests.Simulation.SimulationSummaryTests" runstate="Runnable" seed="1391779203" result="Passed" start-time="2026-10-08 22:17:55Z" end-time="2026-10-08 22:17:55Z" duration="0.000725" asserts="0">
                  <properties>
                    <property name="retryIteration" value="0" />
                    <property name="repeatIteration" value="0" />
                  </properties>
                </test-case>
                <test-case id="1123" name="Build_SeedRangeOverflows_Throws" fullname="Game.Core.Tests.Simulation.SimulationSummaryTests.Build_SeedRangeOverflows_Throws" methodname="Build_SeedRangeOverflows_Throws" classname="Game.Core.Tests.Simulation.SimulationSummaryTests" runstate="Runnable" seed="1732764077" result="Passed" start-time="2026-10-08 22:17:55Z" end-time="2026-10-08 22:17:55Z" duration="0.000339" asserts="0">
                  <properties>
                    <property name="retryIteration" value="0" />
                    <property name="repeatIteration" value="0" />
                  </properties>
                </test-case>
                <test-case id="1124" name="Build_SumsDamagePerSideAndCard_HealthLostPlusShieldAbsorbed" fullname="Game.Core.Tests.Simulation.SimulationSummaryTests.Build_SumsDamagePerSideAndCard_HealthLostPlusShieldAbsorbed" methodname="Build_SumsDamagePerSideAndCard_HealthLostPlusShieldAbsorbed" classname="Game.Core.Tests.Simulation.SimulationSummaryTests" runstate="Runnable" seed="12941609" result="Passed" start-time="2026-10-08 22:17:55Z" end-time="2026-10-08 22:17:55Z" duration="0.001046" asserts="0">
                  <properties>
                    <property name="retryIteration" value="0" />
                    <property name="repeatIteration" value="0" />
                  </properties>
                </test-case>
                <test-case id="1128" name="ToJson_NoCardCast_WritesEmptyArray" fullname="Game.Core.Tests.Simulation.SimulationSummaryTests.ToJson_NoCardCast_WritesEmptyArray" methodname="ToJson_NoCardCast_WritesEmptyArray" classname="Game.Core.Tests.Simulation.SimulationSummaryTests" runstate="Runnable" seed="505201226" result="Passed" start-time="2026-10-08 22:17:55Z" end-time="2026-10-08 22:17:55Z" duration="0.000210" asserts="0">
                  <properties>
                    <property name="retryIteration" value="0" />
                    <property name="repeatIteration" value="0" />
                  </properties>
                </test-case>
                <test-case id="1127" name="ToJson_RoundsHalfAwayFromZero_WithInvariantCulture" fullname="Game.Core.Tests.Simulation.SimulationSummaryTests.ToJson_RoundsHalfAwayFromZero_WithInvariantCulture" methodname="ToJson_RoundsHalfAwayFromZero_WithInvariantCulture" classname="Game.Core.Tests.Simulation.SimulationSummaryTests" runstate="Runnable" seed="1334142211" result="Passed" start-time="2026-10-08 22:17:55Z" end-time="2026-10-08 22:17:55Z" duration="0.002683" asserts="0">
                  <properties>
                    <property name="retryIteration" value="0" />
                    <property name="repeatIteration" value="0" />
                  </properties>
                </test-case>
                <test-case id="1126" name="ToJson_WritesEveryFieldInFixedOrder" fullname="Game.Core.Tests.Simulation.SimulationSummaryTests.ToJson_WritesEveryFieldInFixedOrder" methodname="ToJson_WritesEveryFieldInFixedOrder" classname="Game.Core.Tests.Simulation.SimulationSummaryTests" runstate="Runnable" seed="2044355882" result="Passed" start-time="2026-10-08 22:17:55Z" end-time="2026-10-08 22:17:55Z" duration="0.000402" asserts="0">
                  <properties>
                    <property name="retryIteration" value="0" />
                    <property name="repeatIteration" value="0" />
                  </properties>
                </test-case>
              </test-suite>
            </test-suite>
            <test-suite type="TestSuite" id="1859" name="SpellLines" fullname="Game.Core.Tests.SpellLines" runstate="Runnable" testcasecount="51" result="Passed" start-time="2026-10-08 22:17:55Z" end-time="2026-10-08 22:17:55Z" duration="0.021817" total="51" passed="51" failed="0" inconclusive="0" skipped="0" asserts="0">
              <properties />
              <test-suite type="TestFixture" id="1050" name="SpellLineTests" fullname="Game.Core.Tests.SpellLines.SpellLineTests" classname="Game.Core.Tests.SpellLines.SpellLineTests" runstate="Runnable" testcasecount="51" result="Passed" start-time="2026-10-08 22:17:55Z" end-time="2026-10-08 22:17:55Z" duration="0.021151" total="51" passed="51" failed="0" inconclusive="0" skipped="0" asserts="0">
                <properties />
                <test-case id="1072" name="Add_LineFull_LeavesCardsUnchanged" fullname="Game.Core.Tests.SpellLines.SpellLineTests.Add_LineFull_LeavesCardsUnchanged" methodname="Add_LineFull_LeavesCardsUnchanged" classname="Game.Core.Tests.SpellLines.SpellLineTests" runstate="Runnable" seed="1289595327" result="Passed" start-time="2026-10-08 22:17:55Z" end-time="2026-10-08 22:17:55Z" duration="0.000632" asserts="0">
                  <properties>
                    <property name="retryIteration" value="0" />
                    <property name="repeatIteration" value="0" />
                  </properties>
                </test-case>
                <test-case id="1071" name="Add_LineFull_Throws" fullname="Game.Core.Tests.SpellLines.SpellLineTests.Add_LineFull_Throws" methodname="Add_LineFull_Throws" classname="Game.Core.Tests.SpellLines.SpellLineTests" runstate="Runnable" seed="149239404" result="Passed" start-time="2026-10-08 22:17:55Z" end-time="2026-10-08 22:17:55Z" duration="0.000289" asserts="0">
                  <properties>
                    <property name="retryIteration" value="0" />
                    <property name="repeatIteration" value="0" />
                  </properties>
                </test-case>
                <test-case id="1069" name="Add_NotFull_AppendsAfterLastCard" fullname="Game.Core.Tests.SpellLines.SpellLineTests.Add_NotFull_AppendsAfterLastCard" methodname="Add_NotFull_AppendsAfterLastCard" classname="Game.Core.Tests.SpellLines.SpellLineTests" runstate="Runnable" seed="1797035102" result="Passed" start-time="2026-10-08 22:17:55Z" end-time="2026-10-08 22:17:55Z" duration="0.000211" asserts="0">
                  <properties>
                    <property name="retryIteration" value="0" />
                    <property name="repeatIteration" value="0" />
                  </properties>
                </test-case>
                <test-case id="1073" name="Add_NullCard_Throws" fullname="Game.Core.Tests.SpellLines.SpellLineTests.Add_NullCard_Throws" methodname="Add_NullCard_Throws" classname="Game.Core.Tests.SpellLines.SpellLineTests" runstate="Runnable" seed="1082096300" result="Passed" start-time="2026-10-08 22:17:55Z" end-time="2026-10-08 22:17:55Z" duration="0.000269" asserts="0">
                  <properties>
                    <property name="retryIteration" value="0" />
                    <property name="repeatIteration" value="0" />
                  </properties>
                </test-case>
                <test-case id="1074" name="Add_SameCardTwice_KeepsBothPositions" fullname="Game.Core.Tests.SpellLines.SpellLineTests.Add_SameCardTwice_KeepsBothPositions" methodname="Add_SameCardTwice_KeepsBothPositions" classname="Game.Core.Tests.SpellLines.SpellLineTests" runstate="Runnable" seed="513596197" result="Passed" start-time="2026-10-08 22:17:55Z" end-time="2026-10-08 22:17:55Z" duration="0.000195" asserts="0">
                  <properties>
                    <property name="retryIteration" value="0" />
                    <property name="repeatIteration" value="0" />
                  </properties>
                </test-case>
                <test-case id="1070" name="Add_UpToCapacity_IsFull" fullname="Game.Core.Tests.SpellLines.SpellLineTests.Add_UpToCapacity_IsFull" methodname="Add_UpToCapacity_IsFull" classname="Game.Core.Tests.SpellLines.SpellLineTests" runstate="Runnable" seed="248270207" result="Passed" start-time="2026-10-08 22:17:55Z" end-time="2026-10-08 22:17:55Z" duration="0.000154" asserts="0">
                  <properties>
                    <property name="retryIteration" value="0" />
                    <property name="repeatIteration" value="0" />
                  </properties>
                </test-case>
                <test-case id="1105" name="Cards_AfterChange_ReflectsCurrentOrder" fullname="Game.Core.Tests.SpellLines.SpellLineTests.Cards_AfterChange_ReflectsCurrentOrder" methodname="Cards_AfterChange_ReflectsCurrentOrder" classname="Game.Core.Tests.SpellLines.SpellLineTests" runstate="Runnable" seed="1165547008" result="Passed" start-time="2026-10-08 22:17:55Z" end-time="2026-10-08 22:17:55Z" duration="0.000373" asserts="0">
                  <properties>
                    <property name="retryIteration" value="0" />
                    <property name="repeatIteration" value="0" />
                  </properties>
                </test-case>
                <test-case id="1106" name="Cards_CastToList_CannotBeModified" fullname="Game.Core.Tests.SpellLines.SpellLineTests.Cards_CastToList_CannotBeModified" methodname="Cards_CastToList_CannotBeModified" classname="Game.Core.Tests.SpellLines.SpellLineTests" runstate="Runnable" seed="1035024875" result="Passed" start-time="2026-10-08 22:17:55Z" end-time="2026-10-08 22:17:55Z" duration="0.000685" asserts="0">
                  <properties>
                    <property name="retryIteration" value="0" />
                    <property name="repeatIteration" value="0" />
                  </properties>
                </test-case>
                <test-suite type="ParameterizedMethod" id="1054" name="Constructor_CapacityBelowOne_Throws" fullname="Game.Core.Tests.SpellLines.SpellLineTests.Constructor_CapacityBelowOne_Throws" classname="Game.Core.Tests.SpellLines.SpellLineTests" runstate="Runnable" testcasecount="2" result="Passed" start-time="2026-10-08 22:17:55Z" end-time="2026-10-08 22:17:55Z" duration="0.000760" total="2" passed="2" failed="0" inconclusive="0" skipped="0" asserts="0">
                  <properties />
                  <test-case id="1052" name="Constructor_CapacityBelowOne_Throws(0)" fullname="Game.Core.Tests.SpellLines.SpellLineTests.Constructor_CapacityBelowOne_Throws(0)" methodname="Constructor_CapacityBelowOne_Throws" classname="Game.Core.Tests.SpellLines.SpellLineTests" runstate="Runnable" seed="48384784" result="Passed" start-time="2026-10-08 22:17:55Z" end-time="2026-10-08 22:17:55Z" duration="0.000249" asserts="0">
                    <properties>
                      <property name="retryIteration" value="0" />
                      <property name="repeatIteration" value="0" />
                    </properties>
                  </test-case>
                  <test-case id="1053" name="Constructor_CapacityBelowOne_Throws(-1)" fullname="Game.Core.Tests.SpellLines.SpellLineTests.Constructor_CapacityBelowOne_Throws(-1)" methodname="Constructor_CapacityBelowOne_Throws" classname="Game.Core.Tests.SpellLines.SpellLineTests" runstate="Runnable" seed="1865953465" result="Passed" start-time="2026-10-08 22:17:55Z" end-time="2026-10-08 22:17:55Z" duration="0.000086" asserts="0">
                    <properties>
                      <property name="retryIteration" value="0" />
                      <property name="repeatIteration" value="0" />
                    </properties>
                  </test-case>
                </test-suite>
                <test-case id="1051" name="Constructor_ValidCapacity_IsEmptyWithThatCapacity" fullname="Game.Core.Tests.SpellLines.SpellLineTests.Constructor_ValidCapacity_IsEmptyWithThatCapacity" methodname="Constructor_ValidCapacity_IsEmptyWithThatCapacity" classname="Game.Core.Tests.SpellLines.SpellLineTests" runstate="Runnable" seed="582605114" result="Passed" start-time="2026-10-08 22:17:55Z" end-time="2026-10-08 22:17:55Z" duration="0.000238" asserts="0">
                  <properties>
                    <property name="retryIteration" value="0" />
                    <property name="repeatIteration" value="0" />
                  </properties>
                </test-case>
                <test-case id="1075" name="IncreaseCapacity_AddsSlotsAndKeepsCards" fullname="Game.Core.Tests.SpellLines.SpellLineTests.IncreaseCapacity_AddsSlotsAndKeepsCards" methodname="IncreaseCapacity_AddsSlotsAndKeepsCards" classname="Game.Core.Tests.SpellLines.SpellLineTests" runstate="Runnable" seed="1004825623" result="Passed" start-time="2026-10-08 22:17:55Z" end-time="2026-10-08 22:17:55Z" duration="0.000258" asserts="0">
                  <properties>
                    <property name="retryIteration" value="0" />
                    <property name="repeatIteration" value="0" />
                  </properties>
                </test-case>
                <test-suite type="ParameterizedMethod" id="1079" name="IncreaseCapacity_BelowOne_Throws" fullname="Game.Core.Tests.SpellLines.SpellLineTests.IncreaseCapacity_BelowOne_Throws" classname="Game.Core.Tests.SpellLines.SpellLineTests" runstate="Runnable" testcasecount="2" result="Passed" start-time="2026-10-08 22:17:55Z" end-time="2026-10-08 22:17:55Z" duration="0.000713" total="2" passed="2" failed="0" inconclusive="0" skipped="0" asserts="0">
                  <properties />
                  <test-case id="1077" name="IncreaseCapacity_BelowOne_Throws(0)" fullname="Game.Core.Tests.SpellLines.SpellLineTests.IncreaseCapacity_BelowOne_Throws(0)" methodname="IncreaseCapacity_BelowOne_Throws" classname="Game.Core.Tests.SpellLines.SpellLineTests" runstate="Runnable" seed="1094469949" result="Passed" start-time="2026-10-08 22:17:55Z" end-time="2026-10-08 22:17:55Z" duration="0.000261" asserts="0">
                    <properties>
                      <property name="retryIteration" value="0" />
                      <property name="repeatIteration" value="0" />
                    </properties>
                  </test-case>
                  <test-case id="1078" name="IncreaseCapacity_BelowOne_Throws(-1)" fullname="Game.Core.Tests.SpellLines.SpellLineTests.IncreaseCapacity_BelowOne_Throws(-1)" methodname="IncreaseCapacity_BelowOne_Throws" classname="Game.Core.Tests.SpellLines.SpellLineTests" runstate="Runnable" seed="1360095400" result="Passed" start-time="2026-10-08 22:17:55Z" end-time="2026-10-08 22:17:55Z" duration="0.000106" asserts="0">
                    <properties>
                      <property name="retryIteration" value="0" />
                      <property name="repeatIteration" value="0" />
                    </properties>
                  </test-case>
                </test-suite>
                <test-case id="1076" name="IncreaseCapacity_CardsViewCapturedBefore_SeesCardsAddedAfter" fullname="Game.Core.Tests.SpellLines.SpellLineTests.IncreaseCapacity_CardsViewCapturedBefore_SeesCardsAddedAfter" methodname="IncreaseCapacity_CardsViewCapturedBefore_SeesCardsAddedAfter" classname="Game.Core.Tests.SpellLines.SpellLineTests" runstate="Runnable" seed="46717155" result="Passed" start-time="2026-10-08 22:17:55Z" end-time="2026-10-08 22:17:55Z" duration="0.000215" asserts="0">
                  <properties>
                    <property name="retryIteration" value="0" />
                    <property name="repeatIteration" value="0" />
                  </properties>
                </test-case>
                <test-suite type="ParameterizedMethod" id="1104" name="Indexer_InvalidPosition_Throws" fullname="Game.Core.Tests.SpellLines.SpellLineTests.Indexer_InvalidPosition_Throws" classname="Game.Core.Tests.SpellLines.SpellLineTests" runstate="Runnable" testcasecount="2" result="Passed" start-time="2026-10-08 22:17:55Z" end-time="2026-10-08 22:17:55Z" duration="0.000714" total="2" passed="2" failed="0" inconclusive="0" skipped="0" asserts="0">
                  <properties />
                  <test-case id="1102" name="Indexer_InvalidPosition_Throws(-1)" fullname="Game.Core.Tests.SpellLines.SpellLineTests.Indexer_InvalidPosition_Throws(-1)" methodname="Indexer_InvalidPosition_Throws" classname="Game.Core.Tests.SpellLines.SpellLineTests" runstate="Runnable" seed="18762135" result="Passed" start-time="2026-10-08 22:17:55Z" end-time="2026-10-08 22:17:55Z" duration="0.000277" asserts="0">
                    <properties>
                      <property name="retryIteration" value="0" />
                      <property name="repeatIteration" value="0" />
                    </properties>
                  </test-case>
                  <test-case id="1103" name="Indexer_InvalidPosition_Throws(2)" fullname="Game.Core.Tests.SpellLines.SpellLineTests.Indexer_InvalidPosition_Throws(2)" methodname="Indexer_InvalidPosition_Throws" classname="Game.Core.Tests.SpellLines.SpellLineTests" runstate="Runnable" seed="1611252770" result="Passed" start-time="2026-10-08 22:17:55Z" end-time="2026-10-08 22:17:55Z" duration="0.000086" asserts="0">
                    <properties>
                      <property name="retryIteration" value="0" />
                      <property name="repeatIteration" value="0" />
                    </properties>
                  </test-case>
                </test-suite>
                <test-case id="1101" name="Indexer_ValidPosition_ReturnsCard" fullname="Game.Core.Tests.SpellLines.SpellLineTests.Indexer_ValidPosition_ReturnsCard" methodname="Indexer_ValidPosition_ReturnsCard" classname="Game.Core.Tests.SpellLines.SpellLineTests" runstate="Runnable" seed="960703999" result="Passed" start-time="2026-10-08 22:17:55Z" end-time="2026-10-08 22:17:55Z" duration="0.000159" asserts="0">
                  <properties>
                    <property name="retryIteration" value="0" />
                    <property name="repeatIteration" value="0" />
                  </properties>
                </test-case>
                <test-case id="1094" name="Move_BackwardPosition_ShiftsCardsInBetweenForward" fullname="Game.Core.Tests.SpellLines.SpellLineTests.Move_BackwardPosition_ShiftsCardsInBetweenForward" methodname="Move_BackwardPosition_ShiftsCardsInBetweenForward" classname="Game.Core.Tests.SpellLines.SpellLineTests" runstate="Runnable" seed="1616662767" result="Passed" start-time="2026-10-08 22:17:55Z" end-time="2026-10-08 22:17:55Z" duration="0.000226" asserts="0">
                  <properties>
                    <property name="retryIteration" value="0" />
                    <property name="repeatIteration" value="0" />
                  </properties>
                </test-case>
                <test-case id="1093" name="Move_ForwardPosition_ShiftsCardsInBetweenBack" fullname="Game.Core.Tests.SpellLines.SpellLineTests.Move_ForwardPosition_ShiftsCardsInBetweenBack" methodname="Move_ForwardPosition_ShiftsCardsInBetweenBack" classname="Game.Core.Tests.SpellLines.SpellLineTests" runstate="Runnable" seed="138390328" result="Passed" start-time="2026-10-08 22:17:55Z" end-time="2026-10-08 22:17:55Z" duration="0.000231" asserts="0">
                  <properties>
                    <property name="retryIteration" value="0" />
                    <property name="repeatIteration" value="0" />
                  </properties>
                </test-case>
                <test-case id="1100" name="Move_InvalidPosition_LeavesCardsUnchanged" fullname="Game.Core.Tests.SpellLines.SpellLineTests.Move_InvalidPosition_LeavesCardsUnchanged" methodname="Move_InvalidPosition_LeavesCardsUnchanged" classname="Game.Core.Tests.SpellLines.SpellLineTests" runstate="Runnable" seed="905241845" result="Passed" start-time="2026-10-08 22:17:55Z" end-time="2026-10-08 22:17:55Z" duration="0.000316" asserts="0">
                  <properties>
                    <property name="retryIteration" value="0" />
                    <property name="repeatIteration" value="0" />
                  </properties>
                </test-case>
                <test-suite type="ParameterizedMethod" id="1099" name="Move_InvalidPosition_Throws" fullname="Game.Core.Tests.SpellLines.SpellLineTests.Move_InvalidPosition_Throws" classname="Game.Core.Tests.SpellLines.SpellLineTests" runstate="Runnable" testcasecount="2" result="Passed" start-time="2026-10-08 22:17:55Z" end-time="2026-10-08 22:17:55Z" duration="0.000726" total="2" passed="2" failed="0" inconclusive="0" skipped="0" asserts="0">
                  <properties />
                  <test-case id="1097" name="Move_InvalidPosition_Throws(-1,0)" fullname="Game.Core.Tests.SpellLines.SpellLineTests.Move_InvalidPosition_Throws(-1,0)" methodname="Move_InvalidPosition_Throws" classname="Game.Core.Tests.SpellLines.SpellLineTests" runstate="Runnable" seed="196334714" result="Passed" start-time="2026-10-08 22:17:55Z" end-time="2026-10-08 22:17:55Z" duration="0.000282" asserts="0">
                    <properties>
                      <property name="retryIteration" value="0" />
                      <property name="repeatIteration" value="0" />
                    </properties>
                  </test-case>
                  <test-case id="1098" name="Move_InvalidPosition_Throws(0,3)" fullname="Game.Core.Tests.SpellLines.SpellLineTests.Move_InvalidPosition_Throws(0,3)" methodname="Move_InvalidPosition_Throws" classname="Game.Core.Tests.SpellLines.SpellLineTests" runstate="Runnable" seed="725409043" result="Passed" start-time="2026-10-08 22:17:55Z" end-time="2026-10-08 22:17:55Z" duration="0.000086" asserts="0">
                    <properties>
                      <property name="retryIteration" value="0" />
                      <property name="repeatIteration" value="0" />
                    </properties>
                  </test-case>
                </test-suite>
                <test-case id="1096" name="Move_LastToFirst_ChangesLoopingOrder" fullname="Game.Core.Tests.SpellLines.SpellLineTests.Move_LastToFirst_ChangesLoopingOrder" methodname="Move_LastToFirst_ChangesLoopingOrder" classname="Game.Core.Tests.SpellLines.SpellLineTests" runstate="Runnable" seed="458213941" result="Passed" start-time="2026-10-08 22:17:55Z" end-time="2026-10-08 22:17:55Z" duration="0.000369" asserts="0">
                  <properties>
                    <property name="retryIteration" value="0" />
                    <property name="repeatIteration" value="0" />
                  </properties>
                </test-case>
                <test-case id="1095" name="Move_SamePosition_LeavesCardsUnchanged" fullname="Game.Core.Tests.SpellLines.SpellLineTests.Move_SamePosition_LeavesCardsUnchanged" methodname="Move_SamePosition_LeavesCardsUnchanged" classname="Game.Core.Tests.SpellLines.SpellLineTests" runstate="Runnable" seed="285638283" result="Passed" start-time="2026-10-08 22:17:55Z" end-time="2026-10-08 22:17:55Z" duration="0.000213" asserts="0">
                  <properties>
                    <property name="retryIteration" value="0" />
                    <property name="repeatIteration" value="0" />
                  </properties>
                </test-case>
                <test-case id="1062" name="PositionAfter_EmptyLine_Throws" fullname="Game.Core.Tests.SpellLines.SpellLineTests.PositionAfter_EmptyLine_Throws" methodname="PositionAfter_EmptyLine_Throws" classname="Game.Core.Tests.SpellLines.SpellLineTests" runstate="Runnable" seed="929010323" result="Passed" start-time="2026-10-08 22:17:55Z" end-time="2026-10-08 22:17:55Z" duration="0.000253" asserts="0">
                  <properties>
                    <property name="retryIteration" value="0" />
                    <property name="repeatIteration" value="0" />
                  </properties>
                </test-case>
                <test-suite type="ParameterizedMethod" id="1061" name="PositionAfter_InvalidPosition_Throws" fullname="Game.Core.Tests.SpellLines.SpellLineTests.PositionAfter_InvalidPosition_Throws" classname="Game.Core.Tests.SpellLines.SpellLineTests" runstate="Runnable" testcasecount="2" result="Passed" start-time="2026-10-08 22:17:55Z" end-time="2026-10-08 22:17:55Z" duration="0.000729" total="2" passed="2" failed="0" inconclusive="0" skipped="0" asserts="0">
                  <properties />
                  <test-case id="1059" name="PositionAfter_InvalidPosition_Throws(-1)" fullname="Game.Core.Tests.SpellLines.SpellLineTests.PositionAfter_InvalidPosition_Throws(-1)" methodname="PositionAfter_InvalidPosition_Throws" classname="Game.Core.Tests.SpellLines.SpellLineTests" runstate="Runnable" seed="768949606" result="Passed" start-time="2026-10-08 22:17:55Z" end-time="2026-10-08 22:17:55Z" duration="0.000280" asserts="0">
                    <properties>
                      <property name="retryIteration" value="0" />
                      <property name="repeatIteration" value="0" />
                    </properties>
                  </test-case>
                  <test-case id="1060" name="PositionAfter_InvalidPosition_Throws(3)" fullname="Game.Core.Tests.SpellLines.SpellLineTests.PositionAfter_InvalidPosition_Throws(3)" methodname="PositionAfter_InvalidPosition_Throws" classname="Game.Core.Tests.SpellLines.SpellLineTests" runstate="Runnable" seed="438032763" result="Passed" start-time="2026-10-08 22:17:55Z" end-time="2026-10-08 22:17:55Z" duration="0.000102" asserts="0">
                    <properties>
                      <property name="retryIteration" value="0" />
                      <property name="repeatIteration" value="0" />
                    </properties>
                  </test-case>
                </test-suite>
                <test-case id="1057" name="PositionAfter_LastPosition_ReturnsFirst" fullname="Game.Core.Tests.SpellLines.SpellLineTests.PositionAfter_LastPosition_ReturnsFirst" methodname="PositionAfter_LastPosition_ReturnsFirst" classname="Game.Core.Tests.SpellLines.SpellLineTests" runstate="Runnable" seed="1668784909" result="Passed" start-time="2026-10-08 22:17:55Z" end-time="2026-10-08 22:17:55Z" duration="0.000172" asserts="0">
                  <properties>
                    <property name="retryIteration" value="0" />
                    <property name="repeatIteration" value="0" />
                  </properties>
                </test-case>
                <test-case id="1056" name="PositionAfter_MiddlePosition_ReturnsNextPosition" fullname="Game.Core.Tests.SpellLines.SpellLineTests.PositionAfter_MiddlePosition_ReturnsNextPosition" methodname="PositionAfter_MiddlePosition_ReturnsNextPosition" classname="Game.Core.Tests.SpellLines.SpellLineTests" runstate="Runnable" seed="64574848" result="Passed" start-time="2026-10-08 22:17:55Z" end-time="2026-10-08 22:17:55Z" duration="0.000168" asserts="0">
                  <properties>
                    <property name="retryIteration" value="0" />
                    <property name="repeatIteration" value="0" />
                  </properties>
                </test-case>
                <test-case id="1055" name="PositionAfter_PlayedRepeatedly_LoopsThroughCardsInOrder" fullname="Game.Core.Tests.SpellLines.SpellLineTests.PositionAfter_PlayedRepeatedly_LoopsThroughCardsInOrder" methodname="PositionAfter_PlayedRepeatedly_LoopsThroughCardsInOrder" classname="Game.Core.Tests.SpellLines.SpellLineTests" runstate="Runnable" seed="1784327862" result="Passed" start-time="2026-10-08 22:17:55Z" end-time="2026-10-08 22:17:55Z" duration="0.000214" asserts="0">
                  <properties>
                    <property name="retryIteration" value="0" />
                    <property name="repeatIteration" value="0" />
                  </properties>
                </test-case>
                <test-case id="1058" name="PositionAfter_SingleCard_ReturnsSamePosition" fullname="Game.Core.Tests.SpellLines.SpellLineTests.PositionAfter_SingleCard_ReturnsSamePosition" methodname="PositionAfter_SingleCard_ReturnsSamePosition" classname="Game.Core.Tests.SpellLines.SpellLineTests" runstate="Runnable" seed="1868585938" result="Passed" start-time="2026-10-08 22:17:55Z" end-time="2026-10-08 22:17:55Z" duration="0.000184" asserts="0">
                  <properties>
                    <property name="retryIteration" value="0" />
                    <property name="repeatIteration" value="0" />
                  </properties>
                </test-case>
                <test-case id="1064" name="PositionBefore_FirstPosition_ReturnsLast" fullname="Game.Core.Tests.SpellLines.SpellLineTests.PositionBefore_FirstPosition_ReturnsLast" methodname="PositionBefore_FirstPosition_ReturnsLast" classname="Game.Core.Tests.SpellLines.SpellLineTests" runstate="Runnable" seed="1612901688" result="Passed" start-time="2026-10-08 22:17:55Z" end-time="2026-10-08 22:17:55Z" duration="0.000174" asserts="0">
                  <properties>
                    <property name="retryIteration" value="0" />
                    <property name="repeatIteration" value="0" />
                  </properties>
                </test-case>
                <test-suite type="ParameterizedMethod" id="1068" name="PositionBefore_InvalidPosition_Throws" fullname="Game.Core.Tests.SpellLines.SpellLineTests.PositionBefore_InvalidPosition_Throws" classname="Game.Core.Tests.SpellLines.SpellLineTests" runstate="Runnable" testcasecount="2" result="Passed" start-time="2026-10-08 22:17:55Z" end-time="2026-10-08 22:17:55Z" duration="0.000828" total="2" passed="2" failed="0" inconclusive="0" skipped="0" asserts="0">
                  <properties />
                  <test-case id="1066" name="PositionBefore_InvalidPosition_Throws(-1)" fullname="Game.Core.Tests.SpellLines.SpellLineTests.PositionBefore_InvalidPosition_Throws(-1)" methodname="PositionBefore_InvalidPosition_Throws" classname="Game.Core.Tests.SpellLines.SpellLineTests" runstate="Runnable" seed="469704709" result="Passed" start-time="2026-10-08 22:17:55Z" end-time="2026-10-08 22:17:55Z" duration="0.000297" asserts="0">
                    <properties>
                      <property name="retryIteration" value="0" />
                      <property name="repeatIteration" value="0" />
                    </properties>
                  </test-case>
                  <test-case id="1067" name="PositionBefore_InvalidPosition_Throws(3)" fullname="Game.Core.Tests.SpellLines.SpellLineTests.PositionBefore_InvalidPosition_Throws(3)" methodname="PositionBefore_InvalidPosition_Throws" classname="Game.Core.Tests.SpellLines.SpellLineTests" runstate="Runnable" seed="1819937874" result="Passed" start-time="2026-10-08 22:17:55Z" end-time="2026-10-08 22:17:55Z" duration="0.000086" asserts="0">
                    <properties>
                      <property name="retryIteration" value="0" />
                      <property name="repeatIteration" value="0" />
                    </properties>
                  </test-case>
                </test-suite>
                <test-case id="1063" name="PositionBefore_MiddlePosition_ReturnsPreviousPosition" fullname="Game.Core.Tests.SpellLines.SpellLineTests.PositionBefore_MiddlePosition_ReturnsPreviousPosition" methodname="PositionBefore_MiddlePosition_ReturnsPreviousPosition" classname="Game.Core.Tests.SpellLines.SpellLineTests" runstate="Runnable" seed="1673862409" result="Passed" start-time="2026-10-08 22:17:55Z" end-time="2026-10-08 22:17:55Z" duration="0.000171" asserts="0">
                  <properties>
                    <property name="retryIteration" value="0" />
                    <property name="repeatIteration" value="0" />
                  </properties>
                </test-case>
                <test-case id="1065" name="PositionBefore_SingleCard_ReturnsSamePosition" fullname="Game.Core.Tests.SpellLines.SpellLineTests.PositionBefore_SingleCard_ReturnsSamePosition" methodname="PositionBefore_SingleCard_ReturnsSamePosition" classname="Game.Core.Tests.SpellLines.SpellLineTests" runstate="Runnable" seed="312947444" result="Passed" start-time="2026-10-08 22:17:55Z" end-time="2026-10-08 22:17:55Z" duration="0.000170" asserts="0">
                  <properties>
                    <property name="retryIteration" value="0" />
                    <property name="repeatIteration" value="0" />
                  </properties>
                </test-case>
                <test-case id="1086" name="RemoveAt_EmptyLine_Throws" fullname="Game.Core.Tests.SpellLines.SpellLineTests.RemoveAt_EmptyLine_Throws" methodname="RemoveAt_EmptyLine_Throws" classname="Game.Core.Tests.SpellLines.SpellLineTests" runstate="Runnable" seed="22418942" result="Passed" start-time="2026-10-08 22:17:55Z" end-time="2026-10-08 22:17:55Z" duration="0.000268" asserts="0">
                  <properties>
                    <property name="retryIteration" value="0" />
                    <property name="repeatIteration" value="0" />
                  </properties>
                </test-case>
                <test-case id="1082" name="RemoveAt_FullLine_FreesRoomForAdd" fullname="Game.Core.Tests.SpellLines.SpellLineTests.RemoveAt_FullLine_FreesRoomForAdd" methodname="RemoveAt_FullLine_FreesRoomForAdd" classname="Game.Core.Tests.SpellLines.SpellLineTests" runstate="Runnable" seed="694533790" result="Passed" start-time="2026-10-08 22:17:55Z" end-time="2026-10-08 22:17:55Z" duration="0.000218" asserts="0">
                  <properties>
                    <property name="retryIteration" value="0" />
                    <property name="repeatIteration" value="0" />
                  </properties>
                </test-case>
                <test-suite type="ParameterizedMethod" id="1085" name="RemoveAt_InvalidPosition_Throws" fullname="Game.Core.Tests.SpellLines.SpellLineTests.RemoveAt_InvalidPosition_Throws" classname="Game.Core.Tests.SpellLines.SpellLineTests" runstate="Runnable" testcasecount="2" result="Passed" start-time="2026-10-08 22:17:55Z" end-time="2026-10-08 22:17:55Z" duration="0.000799" total="2" passed="2" failed="0" inconclusive="0" skipped="0" asserts="0">
                  <properties />
                  <test-case id="1083" name="RemoveAt_InvalidPosition_Throws(-1)" fullname="Game.Core.Tests.SpellLines.SpellLineTests.RemoveAt_InvalidPosition_Throws(-1)" methodname="RemoveAt_InvalidPosition_Throws" classname="Game.Core.Tests.SpellLines.SpellLineTests" runstate="Runnable" seed="114784068" result="Passed" start-time="2026-10-08 22:17:55Z" end-time="2026-10-08 22:17:55Z" duration="0.000271" asserts="0">
                    <properties>
                      <property name="retryIteration" value="0" />
                      <property name="repeatIteration" value="0" />
                    </properties>
                  </test-case>
                  <test-case id="1084" name="RemoveAt_InvalidPosition_Throws(2)" fullname="Game.Core.Tests.SpellLines.SpellLineTests.RemoveAt_InvalidPosition_Throws(2)" methodname="RemoveAt_InvalidPosition_Throws" classname="Game.Core.Tests.SpellLines.SpellLineTests" runstate="Runnable" seed="1761303304" result="Passed" start-time="2026-10-08 22:17:55Z" end-time="2026-10-08 22:17:55Z" duration="0.000098" asserts="0">
                    <properties>
                      <property name="retryIteration" value="0" />
                      <property name="repeatIteration" value="0" />
                    </properties>
                  </test-case>
                </test-suite>
                <test-case id="1080" name="RemoveAt_ValidPosition_ReturnsRemovedCard" fullname="Game.Core.Tests.SpellLines.SpellLineTests.RemoveAt_ValidPosition_ReturnsRemovedCard" methodname="RemoveAt_ValidPosition_ReturnsRemovedCard" classname="Game.Core.Tests.SpellLines.SpellLineTests" runstate="Runnable" seed="1532444904" result="Passed" start-time="2026-10-08 22:17:55Z" end-time="2026-10-08 22:17:55Z" duration="0.000212" asserts="0">
                  <properties>
                    <property name="retryIteration" value="0" />
                    <property name="repeatIteration" value="0" />
                  </properties>
                </test-case>
                <test-case id="1081" name="RemoveAt_ValidPosition_ShiftsFollowingCards" fullname="Game.Core.Tests.SpellLines.SpellLineTests.RemoveAt_ValidPosition_ShiftsFollowingCards" methodname="RemoveAt_ValidPosition_ShiftsFollowingCards" classname="Game.Core.Tests.SpellLines.SpellLineTests" runstate="Runnable" seed="1799785922" result="Passed" start-time="2026-10-08 22:17:55Z" end-time="2026-10-08 22:17:55Z" duration="0.000252" asserts="0">
                  <properties>
                    <property name="retryIteration" value="0" />
                    <property name="repeatIteration" value="0" />
                  </properties>
                </test-case>
                <test-case id="1109" name="Replace_NullCard_Throws" fullname="Game.Core.Tests.SpellLines.SpellLineTests.Replace_NullCard_Throws" methodname="Replace_NullCard_Throws" classname="Game.Core.Tests.SpellLines.SpellLineTests" runstate="Runnable" seed="1367661804" result="Passed" start-time="2026-10-08 22:17:55Z" end-time="2026-10-08 22:17:55Z" duration="0.000378" asserts="0">
                  <properties>
                    <property name="retryIteration" value="0" />
                    <property name="repeatIteration" value="0" />
                  </properties>
                </test-case>
                <test-case id="1108" name="Replace_PositionOutsideTheLine_Throws" fullname="Game.Core.Tests.SpellLines.SpellLineTests.Replace_PositionOutsideTheLine_Throws" methodname="Replace_PositionOutsideTheLine_Throws" classname="Game.Core.Tests.SpellLines.SpellLineTests" runstate="Runnable" seed="641900274" result="Passed" start-time="2026-10-08 22:17:55Z" end-time="2026-10-08 22:17:55Z" duration="0.000398" asserts="0">
                  <properties>
                    <property name="retryIteration" value="0" />
                    <property name="repeatIteration" value="0" />
                  </properties>
                </test-case>
                <test-case id="1107" name="Replace_ValidPosition_ReplacesOnlyThatCard" fullname="Game.Core.Tests.SpellLines.SpellLineTests.Replace_ValidPosition_ReplacesOnlyThatCard" methodname="Replace_ValidPosition_ReplacesOnlyThatCard" classname="Game.Core.Tests.SpellLines.SpellLineTests" runstate="Runnable" seed="115379891" result="Passed" start-time="2026-10-08 22:17:55Z" end-time="2026-10-08 22:17:55Z" duration="0.000315" asserts="0">
                  <properties>
                    <property name="retryIteration" value="0" />
                    <property name="repeatIteration" value="0" />
                  </properties>
                </test-case>
                <test-case id="1092" name="Swap_InvalidPosition_LeavesCardsUnchanged" fullname="Game.Core.Tests.SpellLines.SpellLineTests.Swap_InvalidPosition_LeavesCardsUnchanged" methodname="Swap_InvalidPosition_LeavesCardsUnchanged" classname="Game.Core.Tests.SpellLines.SpellLineTests" runstate="Runnable" seed="1820198531" result="Passed" start-time="2026-10-08 22:17:55Z" end-time="2026-10-08 22:17:55Z" duration="0.000317" asserts="0">
                  <properties>
                    <property name="retryIteration" value="0" />
                    <property name="repeatIteration" value="0" />
                  </properties>
                </test-case>
                <test-suite type="ParameterizedMethod" id="1091" name="Swap_InvalidPosition_Throws" fullname="Game.Core.Tests.SpellLines.SpellLineTests.Swap_InvalidPosition_Throws" classname="Game.Core.Tests.SpellLines.SpellLineTests" runstate="Runnable" testcasecount="2" result="Passed" start-time="2026-10-08 22:17:55Z" end-time="2026-10-08 22:17:55Z" duration="0.000852" total="2" passed="2" failed="0" inconclusive="0" skipped="0" asserts="0">
                  <properties />
                  <test-case id="1089" name="Swap_InvalidPosition_Throws(-1,0)" fullname="Game.Core.Tests.SpellLines.SpellLineTests.Swap_InvalidPosition_Throws(-1,0)" methodname="Swap_InvalidPosition_Throws" classname="Game.Core.Tests.SpellLines.SpellLineTests" runstate="Runnable" seed="634378175" result="Passed" start-time="2026-10-08 22:17:55Z" end-time="2026-10-08 22:17:55Z" duration="0.000287" asserts="0">
                    <properties>
                      <property name="retryIteration" value="0" />
                      <property name="repeatIteration" value="0" />
                    </properties>
                  </test-case>
                  <test-case id="1090" name="Swap_InvalidPosition_Throws(0,3)" fullname="Game.Core.Tests.SpellLines.SpellLineTests.Swap_InvalidPosition_Throws(0,3)" methodname="Swap_InvalidPosition_Throws" classname="Game.Core.Tests.SpellLines.SpellLineTests" runstate="Runnable" seed="2120540456" result="Passed" start-time="2026-10-08 22:17:55Z" end-time="2026-10-08 22:17:55Z" duration="0.000102" asserts="0">
                    <properties>
                      <property name="retryIteration" value="0" />
                      <property name="repeatIteration" value="0" />
                    </properties>
                  </test-case>
                </test-suite>
                <test-case id="1088" name="Swap_SamePosition_LeavesCardsUnchanged" fullname="Game.Core.Tests.SpellLines.SpellLineTests.Swap_SamePosition_LeavesCardsUnchanged" methodname="Swap_SamePosition_LeavesCardsUnchanged" classname="Game.Core.Tests.SpellLines.SpellLineTests" runstate="Runnable" seed="1103006265" result="Passed" start-time="2026-10-08 22:17:55Z" end-time="2026-10-08 22:17:55Z" duration="0.000288" asserts="0">
                  <properties>
                    <property name="retryIteration" value="0" />
                    <property name="repeatIteration" value="0" />
                  </properties>
                </test-case>
                <test-case id="1087" name="Swap_TwoPositions_ExchangesCards" fullname="Game.Core.Tests.SpellLines.SpellLineTests.Swap_TwoPositions_ExchangesCards" methodname="Swap_TwoPositions_ExchangesCards" classname="Game.Core.Tests.SpellLines.SpellLineTests" runstate="Runnable" seed="2014449101" result="Passed" start-time="2026-10-08 22:17:55Z" end-time="2026-10-08 22:17:55Z" duration="0.000229" asserts="0">
                  <properties>
                    <property name="retryIteration" value="0" />
                    <property name="repeatIteration" value="0" />
                  </properties>
                </test-case>
              </test-suite>
            </test-suite>
            <test-suite type="TestSuite" id="1858" name="Upgrades" fullname="Game.Core.Tests.Upgrades" runstate="Runnable" testcasecount="42" result="Passed" start-time="2026-10-08 22:17:55Z" end-time="2026-10-08 22:17:55Z" duration="0.023382" total="42" passed="42" failed="0" inconclusive="0" skipped="0" asserts="0">
              <properties />
              <test-suite type="TestFixture" id="1003" name="PassiveUpgradeSetTests" fullname="Game.Core.Tests.Upgrades.PassiveUpgradeSetTests" classname="Game.Core.Tests.Upgrades.PassiveUpgradeSetTests" runstate="Runnable" testcasecount="33" result="Passed" start-time="2026-10-08 22:17:55Z" end-time="2026-10-08 22:17:55Z" duration="0.019000" total="33" passed="33" failed="0" inconclusive="0" skipped="0" asserts="0">
                <properties />
                <test-case id="1026" name="ApplyTo_Card_KeepsIdCastTimeAndEffectOrder" fullname="Game.Core.Tests.Upgrades.PassiveUpgradeSetTests.ApplyTo_Card_KeepsIdCastTimeAndEffectOrder" methodname="ApplyTo_Card_KeepsIdCastTimeAndEffectOrder" classname="Game.Core.Tests.Upgrades.PassiveUpgradeSetTests" runstate="Runnable" seed="2119193968" result="Passed" start-time="2026-10-08 22:17:55Z" end-time="2026-10-08 22:17:55Z" duration="0.001025" asserts="0">
                  <properties>
                    <property name="retryIteration" value="0" />
                    <property name="repeatIteration" value="0" />
                  </properties>
                </test-case>
                <test-suite type="ParameterizedMethod" id="1020" name="ApplyTo_EffectAmount_LeavesEffectsOfOtherKindsUnchanged" fullname="Game.Core.Tests.Upgrades.PassiveUpgradeSetTests.ApplyTo_EffectAmount_LeavesEffectsOfOtherKindsUnchanged" classname="Game.Core.Tests.Upgrades.PassiveUpgradeSetTests" runstate="Runnable" testcasecount="3" result="Passed" start-time="2026-10-08 22:17:55Z" end-time="2026-10-08 22:17:55Z" duration="0.001211" total="3" passed="3" failed="0" inconclusive="0" skipped="0" asserts="0">
                  <properties />
                  <test-case id="1017" name="ApplyTo_EffectAmount_LeavesEffectsOfOtherKindsUnchanged(Damage)" fullname="Game.Core.Tests.Upgrades.PassiveUpgradeSetTests.ApplyTo_EffectAmount_LeavesEffectsOfOtherKindsUnchanged(Damage)" methodname="ApplyTo_EffectAmount_LeavesEffectsOfOtherKindsUnchanged" classname="Game.Core.Tests.Upgrades.PassiveUpgradeSetTests" runstate="Runnable" seed="1481710611" result="Passed" start-time="2026-10-08 22:17:55Z" end-time="2026-10-08 22:17:55Z" duration="0.000474" asserts="0">
                    <properties>
                      <property name="retryIteration" value="0" />
                      <property name="repeatIteration" value="0" />
                    </properties>
                  </test-case>
                  <test-case id="1018" name="ApplyTo_EffectAmount_LeavesEffectsOfOtherKindsUnchanged(Heal)" fullname="Game.Core.Tests.Upgrades.PassiveUpgradeSetTests.ApplyTo_EffectAmount_LeavesEffectsOfOtherKindsUnchanged(Heal)" methodname="ApplyTo_EffectAmount_LeavesEffectsOfOtherKindsUnchanged" classname="Game.Core.Tests.Upgrades.PassiveUpgradeSetTests" runstate="Runnable" seed="1794477304" result="Passed" start-time="2026-10-08 22:17:55Z" end-time="2026-10-08 22:17:55Z" duration="0.000114" asserts="0">
                    <properties>
                      <property name="retryIteration" value="0" />
                      <property name="repeatIteration" value="0" />
                    </properties>
                  </test-case>
                  <test-case id="1019" name="ApplyTo_EffectAmount_LeavesEffectsOfOtherKindsUnchanged(Shield)" fullname="Game.Core.Tests.Upgrades.PassiveUpgradeSetTests.ApplyTo_EffectAmount_LeavesEffectsOfOtherKindsUnchanged(Shield)" methodname="ApplyTo_EffectAmount_LeavesEffectsOfOtherKindsUnchanged" classname="Game.Core.Tests.Upgrades.PassiveUpgradeSetTests" runstate="Runnable" seed="1343786546" result="Passed" start-time="2026-10-08 22:17:55Z" end-time="2026-10-08 22:17:55Z" duration="0.000121" asserts="0">
                    <properties>
                      <property name="retryIteration" value="0" />
                      <property name="repeatIteration" value="0" />
                    </properties>
                  </test-case>
                </test-suite>
                <test-case id="1016" name="ApplyTo_EffectAmount_RaisesEveryEffectOfItsKindOnly" fullname="Game.Core.Tests.Upgrades.PassiveUpgradeSetTests.ApplyTo_EffectAmount_RaisesEveryEffectOfItsKindOnly" methodname="ApplyTo_EffectAmount_RaisesEveryEffectOfItsKindOnly" classname="Game.Core.Tests.Upgrades.PassiveUpgradeSetTests" runstate="Runnable" seed="1652363081" result="Passed" start-time="2026-10-08 22:17:55Z" end-time="2026-10-08 22:17:55Z" duration="0.000310" asserts="0">
                  <properties>
                    <property name="retryIteration" value="0" />
                    <property name="repeatIteration" value="0" />
                  </properties>
                </test-case>
                <test-suite type="ParameterizedMethod" id="1024" name="ApplyTo_EffectAmount_RaisesTheMatchingEffect" fullname="Game.Core.Tests.Upgrades.PassiveUpgradeSetTests.ApplyTo_EffectAmount_RaisesTheMatchingEffect" classname="Game.Core.Tests.Upgrades.PassiveUpgradeSetTests" runstate="Runnable" testcasecount="2" result="Passed" start-time="2026-10-08 22:17:55Z" end-time="2026-10-08 22:17:55Z" duration="0.000898" total="2" passed="2" failed="0" inconclusive="0" skipped="0" asserts="0">
                  <properties />
                  <test-case id="1022" name="ApplyTo_EffectAmount_RaisesTheMatchingEffect(Heal,1)" fullname="Game.Core.Tests.Upgrades.PassiveUpgradeSetTests.ApplyTo_EffectAmount_RaisesTheMatchingEffect(Heal,1)" methodname="ApplyTo_EffectAmount_RaisesTheMatchingEffect" classname="Game.Core.Tests.Upgrades.PassiveUpgradeSetTests" runstate="Runnable" seed="555719211" result="Passed" start-time="2026-10-08 22:17:55Z" end-time="2026-10-08 22:17:55Z" duration="0.000424" asserts="0">
                    <properties>
                      <property name="retryIteration" value="0" />
                      <property name="repeatIteration" value="0" />
                    </properties>
                  </test-case>
                  <test-case id="1023" name="ApplyTo_EffectAmount_RaisesTheMatchingEffect(Shield,2)" fullname="Game.Core.Tests.Upgrades.PassiveUpgradeSetTests.ApplyTo_EffectAmount_RaisesTheMatchingEffect(Shield,2)" methodname="ApplyTo_EffectAmount_RaisesTheMatchingEffect" classname="Game.Core.Tests.Upgrades.PassiveUpgradeSetTests" runstate="Runnable" seed="971180964" result="Passed" start-time="2026-10-08 22:17:55Z" end-time="2026-10-08 22:17:55Z" duration="0.000105" asserts="0">
                    <properties>
                      <property name="retryIteration" value="0" />
                      <property name="repeatIteration" value="0" />
                    </properties>
                  </test-case>
                </test-suite>
                <test-case id="1028" name="ApplyTo_EffectWithoutAmount_IsKeptUnchanged" fullname="Game.Core.Tests.Upgrades.PassiveUpgradeSetTests.ApplyTo_EffectWithoutAmount_IsKeptUnchanged" methodname="ApplyTo_EffectWithoutAmount_IsKeptUnchanged" classname="Game.Core.Tests.Upgrades.PassiveUpgradeSetTests" runstate="Runnable" seed="748716239" result="Passed" start-time="2026-10-08 22:17:55Z" end-time="2026-10-08 22:17:55Z" duration="0.000305" asserts="0">
                  <properties>
                    <property name="retryIteration" value="0" />
                    <property name="repeatIteration" value="0" />
                  </properties>
                </test-case>
                <test-case id="1012" name="ApplyTo_EmptySet_ReturnsTheSameHero" fullname="Game.Core.Tests.Upgrades.PassiveUpgradeSetTests.ApplyTo_EmptySet_ReturnsTheSameHero" methodname="ApplyTo_EmptySet_ReturnsTheSameHero" classname="Game.Core.Tests.Upgrades.PassiveUpgradeSetTests" runstate="Runnable" seed="274447151" result="Passed" start-time="2026-10-08 22:17:55Z" end-time="2026-10-08 22:17:55Z" duration="0.000313" asserts="0">
                  <properties>
                    <property name="retryIteration" value="0" />
                    <property name="repeatIteration" value="0" />
                  </properties>
                </test-case>
                <test-case id="1014" name="ApplyTo_EmptySetOnWoundedHero_Throws" fullname="Game.Core.Tests.Upgrades.PassiveUpgradeSetTests.ApplyTo_EmptySetOnWoundedHero_Throws" methodname="ApplyTo_EmptySetOnWoundedHero_Throws" classname="Game.Core.Tests.Upgrades.PassiveUpgradeSetTests" runstate="Runnable" seed="687439671" result="Passed" start-time="2026-10-08 22:17:55Z" end-time="2026-10-08 22:17:55Z" duration="0.000326" asserts="0">
                  <properties>
                    <property name="retryIteration" value="0" />
                    <property name="repeatIteration" value="0" />
                  </properties>
                </test-case>
                <test-case id="1034" name="ApplyTo_EvolvingCard_UpgradesEveryStageAndKeepsTheEvolutions" fullname="Game.Core.Tests.Upgrades.PassiveUpgradeSetTests.ApplyTo_EvolvingCard_UpgradesEveryStageAndKeepsTheEvolutions" methodname="ApplyTo_EvolvingCard_UpgradesEveryStageAndKeepsTheEvolutions" classname="Game.Core.Tests.Upgrades.PassiveUpgradeSetTests" runstate="Runnable" seed="1460438995" result="Passed" start-time="2026-10-08 22:17:55Z" end-time="2026-10-08 22:17:55Z" duration="0.000880" asserts="0">
                  <properties>
                    <property name="retryIteration" value="0" />
                    <property name="repeatIteration" value="0" />
                  </properties>
                </test-case>
                <test-case id="1035" name="ApplyTo_EvolvingCardAtAnEvolvedStage_KeepsItsStage" fullname="Game.Core.Tests.Upgrades.PassiveUpgradeSetTests.ApplyTo_EvolvingCardAtAnEvolvedStage_KeepsItsStage" methodname="ApplyTo_EvolvingCardAtAnEvolvedStage_KeepsItsStage" classname="Game.Core.Tests.Upgrades.PassiveUpgradeSetTests" runstate="Runnable" seed="312938737" result="Passed" start-time="2026-10-08 22:17:55Z" end-time="2026-10-08 22:17:55Z" duration="0.000350" asserts="0">
                  <properties>
                    <property name="retryIteration" value="0" />
                    <property name="repeatIteration" value="0" />
                  </properties>
                </test-case>
                <test-case id="1036" name="ApplyTo_EvolvingCardWithoutUpgradesThatChangeCards_IsTheSameInstance" fullname="Game.Core.Tests.Upgrades.PassiveUpgradeSetTests.ApplyTo_EvolvingCardWithoutUpgradesThatChangeCards_IsTheSameInstance" methodname="ApplyTo_EvolvingCardWithoutUpgradesThatChangeCards_IsTheSameInstance" classname="Game.Core.Tests.Upgrades.PassiveUpgradeSetTests" runstate="Runnable" seed="1476572359" result="Passed" start-time="2026-10-08 22:17:55Z" end-time="2026-10-08 22:17:55Z" duration="0.000249" asserts="0">
                  <properties>
                    <property name="retryIteration" value="0" />
                    <property name="repeatIteration" value="0" />
                  </properties>
                </test-case>
                <test-case id="1037" name="ApplyTo_Hero_EvolvedFormsOfTheLineAreUpgradedToo" fullname="Game.Core.Tests.Upgrades.PassiveUpgradeSetTests.ApplyTo_Hero_EvolvedFormsOfTheLineAreUpgradedToo" methodname="ApplyTo_Hero_EvolvedFormsOfTheLineAreUpgradedToo" classname="Game.Core.Tests.Upgrades.PassiveUpgradeSetTests" runstate="Runnable" seed="1604538104" result="Passed" start-time="2026-10-08 22:17:55Z" end-time="2026-10-08 22:17:55Z" duration="0.000298" asserts="0">
                  <properties>
                    <property name="retryIteration" value="0" />
                    <property name="repeatIteration" value="0" />
                  </properties>
                </test-case>
                <test-case id="1029" name="ApplyTo_Line_KeepsCapacityAndOrder" fullname="Game.Core.Tests.Upgrades.PassiveUpgradeSetTests.ApplyTo_Line_KeepsCapacityAndOrder" methodname="ApplyTo_Line_KeepsCapacityAndOrder" classname="Game.Core.Tests.Upgrades.PassiveUpgradeSetTests" runstate="Runnable" seed="685103694" result="Passed" start-time="2026-10-08 22:17:55Z" end-time="2026-10-08 22:17:55Z" duration="0.000682" asserts="0">
                  <properties>
                    <property name="retryIteration" value="0" />
                    <property name="repeatIteration" value="0" />
                  </properties>
                </test-case>
                <test-case id="1009" name="ApplyTo_MaxHealth_RaisesMaxAndCurrentHealth" fullname="Game.Core.Tests.Upgrades.PassiveUpgradeSetTests.ApplyTo_MaxHealth_RaisesMaxAndCurrentHealth" methodname="ApplyTo_MaxHealth_RaisesMaxAndCurrentHealth" classname="Game.Core.Tests.Upgrades.PassiveUpgradeSetTests" runstate="Runnable" seed="1961356798" result="Passed" start-time="2026-10-08 22:17:55Z" end-time="2026-10-08 22:17:55Z" duration="0.000286" asserts="0">
                  <properties>
                    <property name="retryIteration" value="0" />
                    <property name="repeatIteration" value="0" />
                  </properties>
                </test-case>
                <test-case id="1025" name="ApplyTo_NeighbourBonus_RaisesEveryModifierAndKeepsItsKindAndDirection" fullname="Game.Core.Tests.Upgrades.PassiveUpgradeSetTests.ApplyTo_NeighbourBonus_RaisesEveryModifierAndKeepsItsKindAndDirection" methodname="ApplyTo_NeighbourBonus_RaisesEveryModifierAndKeepsItsKindAndDirection" classname="Game.Core.Tests.Upgrades.PassiveUpgradeSetTests" runstate="Runnable" seed="263112423" result="Passed" start-time="2026-10-08 22:17:55Z" end-time="2026-10-08 22:17:55Z" duration="0.000390" asserts="0">
                  <properties>
                    <property name="retryIteration" value="0" />
                    <property name="repeatIteration" value="0" />
                  </properties>
                </test-case>
                <test-case id="1038" name="ApplyTo_NeighbourBonus_ReachesModifiersThatOnlyAnEvolvedStageHas" fullname="Game.Core.Tests.Upgrades.PassiveUpgradeSetTests.ApplyTo_NeighbourBonus_ReachesModifiersThatOnlyAnEvolvedStageHas" methodname="ApplyTo_NeighbourBonus_ReachesModifiersThatOnlyAnEvolvedStageHas" classname="Game.Core.Tests.Upgrades.PassiveUpgradeSetTests" runstate="Runnable" seed="670108860" result="Passed" start-time="2026-10-08 22:17:55Z" end-time="2026-10-08 22:17:55Z" duration="0.001380" asserts="0">
                  <properties>
                    <property name="retryIteration" value="0" />
                    <property name="repeatIteration" value="0" />
                  </properties>
                </test-case>
                <test-case id="1015" name="ApplyTo_NullHero_Throws" fullname="Game.Core.Tests.Upgrades.PassiveUpgradeSetTests.ApplyTo_NullHero_Throws" methodname="ApplyTo_NullHero_Throws" classname="Game.Core.Tests.Upgrades.PassiveUpgradeSetTests" runstate="Runnable" seed="1998874612" result="Passed" start-time="2026-10-08 22:17:55Z" end-time="2026-10-08 22:17:55Z" duration="0.000368" asserts="0">
                  <properties>
                    <property name="retryIteration" value="0" />
                    <property name="repeatIteration" value="0" />
                  </properties>
                </test-case>
                <test-case id="1011" name="ApplyTo_Participant_DoesNotChangeTheGivenHero" fullname="Game.Core.Tests.Upgrades.PassiveUpgradeSetTests.ApplyTo_Participant_DoesNotChangeTheGivenHero" methodname="ApplyTo_Participant_DoesNotChangeTheGivenHero" classname="Game.Core.Tests.Upgrades.PassiveUpgradeSetTests" runstate="Runnable" seed="1868223971" result="Passed" start-time="2026-10-08 22:17:55Z" end-time="2026-10-08 22:17:55Z" duration="0.000316" asserts="0">
                  <properties>
                    <property name="retryIteration" value="0" />
                    <property name="repeatIteration" value="0" />
                  </properties>
                </test-case>
                <test-case id="1010" name="ApplyTo_StartingShield_RaisesShield" fullname="Game.Core.Tests.Upgrades.PassiveUpgradeSetTests.ApplyTo_StartingShield_RaisesShield" methodname="ApplyTo_StartingShield_RaisesShield" classname="Game.Core.Tests.Upgrades.PassiveUpgradeSetTests" runstate="Runnable" seed="912118294" result="Passed" start-time="2026-10-08 22:17:55Z" end-time="2026-10-08 22:17:55Z" duration="0.000282" asserts="0">
                  <properties>
                    <property name="retryIteration" value="0" />
                    <property name="repeatIteration" value="0" />
                  </properties>
                </test-case>
                <test-case id="1027" name="ApplyTo_StatOnlyUpgrades_KeepTheSameCard" fullname="Game.Core.Tests.Upgrades.PassiveUpgradeSetTests.ApplyTo_StatOnlyUpgrades_KeepTheSameCard" methodname="ApplyTo_StatOnlyUpgrades_KeepTheSameCard" classname="Game.Core.Tests.Upgrades.PassiveUpgradeSetTests" runstate="Runnable" seed="545678344" result="Passed" start-time="2026-10-08 22:17:55Z" end-time="2026-10-08 22:17:55Z" duration="0.000180" asserts="0">
                  <properties>
                    <property name="retryIteration" value="0" />
                    <property name="repeatIteration" value="0" />
                  </properties>
                </test-case>
                <test-case id="1013" name="ApplyTo_WoundedHero_Throws" fullname="Game.Core.Tests.Upgrades.PassiveUpgradeSetTests.ApplyTo_WoundedHero_Throws" methodname="ApplyTo_WoundedHero_Throws" classname="Game.Core.Tests.Upgrades.PassiveUpgradeSetTests" runstate="Runnable" seed="525696885" result="Passed" start-time="2026-10-08 22:17:55Z" end-time="2026-10-08 22:17:55Z" duration="0.000341" asserts="0">
                  <properties>
                    <property name="retryIteration" value="0" />
                    <property name="repeatIteration" value="0" />
                  </properties>
                </test-case>
                <test-case id="1021" name="ApplyTo_ZeroAmounts_BecomeX" fullname="Game.Core.Tests.Upgrades.PassiveUpgradeSetTests.ApplyTo_ZeroAmounts_BecomeX" methodname="ApplyTo_ZeroAmounts_BecomeX" classname="Game.Core.Tests.Upgrades.PassiveUpgradeSetTests" runstate="Runnable" seed="1121186503" result="Passed" start-time="2026-10-08 22:17:55Z" end-time="2026-10-08 22:17:55Z" duration="0.000407" asserts="0">
                  <properties>
                    <property name="retryIteration" value="0" />
                    <property name="repeatIteration" value="0" />
                  </properties>
                </test-case>
                <test-case id="1004" name="Empty_HasNoUpgrade" fullname="Game.Core.Tests.Upgrades.PassiveUpgradeSetTests.Empty_HasNoUpgrade" methodname="Empty_HasNoUpgrade" classname="Game.Core.Tests.Upgrades.PassiveUpgradeSetTests" runstate="Runnable" seed="2016092750" result="Passed" start-time="2026-10-08 22:17:55Z" end-time="2026-10-08 22:17:55Z" duration="0.000266" asserts="0">
                  <properties>
                    <property name="retryIteration" value="0" />
                    <property name="repeatIteration" value="0" />
                  </properties>
                </test-case>
                <test-case id="1033" name="Fight_CardSharedWithEnemy_EnemyKeepsTheBaseAmount" fullname="Game.Core.Tests.Upgrades.PassiveUpgradeSetTests.Fight_CardSharedWithEnemy_EnemyKeepsTheBaseAmount" methodname="Fight_CardSharedWithEnemy_EnemyKeepsTheBaseAmount" classname="Game.Core.Tests.Upgrades.PassiveUpgradeSetTests" runstate="Runnable" seed="1275854253" result="Passed" start-time="2026-10-08 22:17:55Z" end-time="2026-10-08 22:17:55Z" duration="0.000846" asserts="0">
                  <properties>
                    <property name="retryIteration" value="0" />
                    <property name="repeatIteration" value="0" />
                  </properties>
                </test-case>
                <test-case id="1030" name="Fight_EffectAmountUpgrade_DealsTheUpgradedDamage" fullname="Game.Core.Tests.Upgrades.PassiveUpgradeSetTests.Fight_EffectAmountUpgrade_DealsTheUpgradedDamage" methodname="Fight_EffectAmountUpgrade_DealsTheUpgradedDamage" classname="Game.Core.Tests.Upgrades.PassiveUpgradeSetTests" runstate="Runnable" seed="1662033523" result="Passed" start-time="2026-10-08 22:17:55Z" end-time="2026-10-08 22:17:55Z" duration="0.000632" asserts="0">
                  <properties>
                    <property name="retryIteration" value="0" />
                    <property name="repeatIteration" value="0" />
                  </properties>
                </test-case>
                <test-case id="1031" name="Fight_NeighbourBonusUpgrade_RaisesTheBonusTheNextCardReceives" fullname="Game.Core.Tests.Upgrades.PassiveUpgradeSetTests.Fight_NeighbourBonusUpgrade_RaisesTheBonusTheNextCardReceives" methodname="Fight_NeighbourBonusUpgrade_RaisesTheBonusTheNextCardReceives" classname="Game.Core.Tests.Upgrades.PassiveUpgradeSetTests" runstate="Runnable" seed="39565393" result="Passed" start-time="2026-10-08 22:17:55Z" end-time="2026-10-08 22:17:55Z" duration="0.000612" asserts="0">
                  <properties>
                    <property name="retryIteration" value="0" />
                    <property name="repeatIteration" value="0" />
                  </properties>
                </test-case>
                <test-case id="1032" name="Fight_StatUpgrades_HeroStartsWithUpgradedHealthAndShield" fullname="Game.Core.Tests.Upgrades.PassiveUpgradeSetTests.Fight_StatUpgrades_HeroStartsWithUpgradedHealthAndShield" methodname="Fight_StatUpgrades_HeroStartsWithUpgradedHealthAndShield" classname="Game.Core.Tests.Upgrades.PassiveUpgradeSetTests" runstate="Runnable" seed="1422331728" result="Passed" start-time="2026-10-08 22:17:55Z" end-time="2026-10-08 22:17:55Z" duration="0.000504" asserts="0">
                  <properties>
                    <property name="retryIteration" value="0" />
                    <property name="repeatIteration" value="0" />
                  </properties>
                </test-case>
                <test-case id="1007" name="With_DoesNotChangeTheOriginalSet" fullname="Game.Core.Tests.Upgrades.PassiveUpgradeSetTests.With_DoesNotChangeTheOriginalSet" methodname="With_DoesNotChangeTheOriginalSet" classname="Game.Core.Tests.Upgrades.PassiveUpgradeSetTests" runstate="Runnable" seed="276102254" result="Passed" start-time="2026-10-08 22:17:55Z" end-time="2026-10-08 22:17:55Z" duration="0.000227" asserts="0">
                  <properties>
                    <property name="retryIteration" value="0" />
                    <property name="repeatIteration" value="0" />
                  </properties>
                </test-case>
                <test-case id="1006" name="With_EveryKind_AddsUpEachTotalSeparately" fullname="Game.Core.Tests.Upgrades.PassiveUpgradeSetTests.With_EveryKind_AddsUpEachTotalSeparately" methodname="With_EveryKind_AddsUpEachTotalSeparately" classname="Game.Core.Tests.Upgrades.PassiveUpgradeSetTests" runstate="Runnable" seed="69712121" result="Passed" start-time="2026-10-08 22:17:55Z" end-time="2026-10-08 22:17:55Z" duration="0.000369" asserts="0">
                  <properties>
                    <property name="retryIteration" value="0" />
                    <property name="repeatIteration" value="0" />
                  </properties>
                </test-case>
                <test-case id="1008" name="With_NullUpgrade_Throws" fullname="Game.Core.Tests.Upgrades.PassiveUpgradeSetTests.With_NullUpgrade_Throws" methodname="With_NullUpgrade_Throws" classname="Game.Core.Tests.Upgrades.PassiveUpgradeSetTests" runstate="Runnable" seed="467711100" result="Passed" start-time="2026-10-08 22:17:55Z" end-time="2026-10-08 22:17:55Z" duration="0.000275" asserts="0">
                  <properties>
                    <property name="retryIteration" value="0" />
                    <property name="repeatIteration" value="0" />
                  </properties>
                </test-case>
                <test-case id="1005" name="With_SameUpgradeTwice_Stacks" fullname="Game.Core.Tests.Upgrades.PassiveUpgradeSetTests.With_SameUpgradeTwice_Stacks" methodname="With_SameUpgradeTwice_Stacks" classname="Game.Core.Tests.Upgrades.PassiveUpgradeSetTests" runstate="Runnable" seed="178533713" result="Passed" start-time="2026-10-08 22:17:55Z" end-time="2026-10-08 22:17:55Z" duration="0.000242" asserts="0">
                  <properties>
                    <property name="retryIteration" value="0" />
                    <property name="repeatIteration" value="0" />
                  </properties>
                </test-case>
              </test-suite>
              <test-suite type="TestFixture" id="1039" name="PassiveUpgradeTests" fullname="Game.Core.Tests.Upgrades.PassiveUpgradeTests" classname="Game.Core.Tests.Upgrades.PassiveUpgradeTests" runstate="Runnable" testcasecount="9" result="Passed" start-time="2026-10-08 22:17:55Z" end-time="2026-10-08 22:17:55Z" duration="0.003706" total="9" passed="9" failed="0" inconclusive="0" skipped="0" asserts="0">
                <properties />
                <test-case id="1040" name="Constructor_EffectAmount_StoresEveryValue" fullname="Game.Core.Tests.Upgrades.PassiveUpgradeTests.Constructor_EffectAmount_StoresEveryValue" methodname="Constructor_EffectAmount_StoresEveryValue" classname="Game.Core.Tests.Upgrades.PassiveUpgradeTests" runstate="Runnable" seed="1737147410" result="Passed" start-time="2026-10-08 22:17:55Z" end-time="2026-10-08 22:17:55Z" duration="0.000270" asserts="0">
                  <properties>
                    <property name="retryIteration" value="0" />
                    <property name="repeatIteration" value="0" />
                  </properties>
                </test-case>
                <test-case id="1042" name="Constructor_EffectAmountWithoutEffectKind_Throws" fullname="Game.Core.Tests.Upgrades.PassiveUpgradeTests.Constructor_EffectAmountWithoutEffectKind_Throws" methodname="Constructor_EffectAmountWithoutEffectKind_Throws" classname="Game.Core.Tests.Upgrades.PassiveUpgradeTests" runstate="Runnable" seed="546586103" result="Passed" start-time="2026-10-08 22:17:55Z" end-time="2026-10-08 22:17:55Z" duration="0.000367" asserts="0">
                  <properties>
                    <property name="retryIteration" value="0" />
                    <property name="repeatIteration" value="0" />
                  </properties>
                </test-case>
                <test-case id="1041" name="Constructor_KindWithoutEffectKind_StoresKindAndAmount" fullname="Game.Core.Tests.Upgrades.PassiveUpgradeTests.Constructor_KindWithoutEffectKind_StoresKindAndAmount" methodname="Constructor_KindWithoutEffectKind_StoresKindAndAmount" classname="Game.Core.Tests.Upgrades.PassiveUpgradeTests" runstate="Runnable" seed="1051741595" result="Passed" start-time="2026-10-08 22:17:55Z" end-time="2026-10-08 22:17:55Z" duration="0.000186" asserts="0">
                  <properties>
                    <property name="retryIteration" value="0" />
                    <property name="repeatIteration" value="0" />
                  </properties>
                </test-case>
                <test-suite type="ParameterizedMethod" id="1046" name="Constructor_MissingId_Throws" fullname="Game.Core.Tests.Upgrades.PassiveUpgradeTests.Constructor_MissingId_Throws" classname="Game.Core.Tests.Upgrades.PassiveUpgradeTests" runstate="Runnable" testcasecount="3" result="Passed" start-time="2026-10-08 22:17:55Z" end-time="2026-10-08 22:17:55Z" duration="0.000870" total="3" passed="3" failed="0" inconclusive="0" skipped="0" asserts="0">
                  <properties />
                  <test-case id="1043" name="Constructor_MissingId_Throws(null)" fullname="Game.Core.Tests.Upgrades.PassiveUpgradeTests.Constructor_MissingId_Throws(null)" methodname="Constructor_MissingId_Throws" classname="Game.Core.Tests.Upgrades.PassiveUpgradeTests" runstate="Runnable" seed="1623285623" result="Passed" start-time="2026-10-08 22:17:55Z" end-time="2026-10-08 22:17:55Z" duration="0.000247" asserts="0">
                    <properties>
                      <property name="retryIteration" value="0" />
                      <property name="repeatIteration" value="0" />
                    </properties>
                  </test-case>
                  <test-case id="1044" name="Constructor_MissingId_Throws(&quot;&quot;)" fullname="Game.Core.Tests.Upgrades.PassiveUpgradeTests.Constructor_MissingId_Throws(&quot;&quot;)" methodname="Constructor_MissingId_Throws" classname="Game.Core.Tests.Upgrades.PassiveUpgradeTests" runstate="Runnable" seed="1295547712" result="Passed" start-time="2026-10-08 22:17:55Z" end-time="2026-10-08 22:17:55Z" duration="0.000086" asserts="0">
                    <properties>
                      <property name="retryIteration" value="0" />
                      <property name="repeatIteration" value="0" />
                    </properties>
                  </test-case>
                  <test-case id="1045" name="Constructor_MissingId_Throws(&quot;   &quot;)" fullname="Game.Core.Tests.Upgrades.PassiveUpgradeTests.Constructor_MissingId_Throws(&quot;   &quot;)" methodname="Constructor_MissingId_Throws" classname="Game.Core.Tests.Upgrades.PassiveUpgradeTests" runstate="Runnable" seed="1113157729" result="Passed" start-time="2026-10-08 22:17:55Z" end-time="2026-10-08 22:17:55Z" duration="0.000087" asserts="0">
                    <properties>
                      <property name="retryIteration" value="0" />
                      <property name="repeatIteration" value="0" />
                    </properties>
                  </test-case>
                </test-suite>
                <test-case id="1047" name="Constructor_NegativeAmount_Throws" fullname="Game.Core.Tests.Upgrades.PassiveUpgradeTests.Constructor_NegativeAmount_Throws" methodname="Constructor_NegativeAmount_Throws" classname="Game.Core.Tests.Upgrades.PassiveUpgradeTests" runstate="Runnable" seed="307013311" result="Passed" start-time="2026-10-08 22:17:55Z" end-time="2026-10-08 22:17:55Z" duration="0.000240" asserts="0">
                  <properties>
                    <property name="retryIteration" value="0" />
                    <property name="repeatIteration" value="0" />
                  </properties>
                </test-case>
                <test-case id="1049" name="Constructor_UnknownEffectKind_Throws" fullname="Game.Core.Tests.Upgrades.PassiveUpgradeTests.Constructor_UnknownEffectKind_Throws" methodname="Constructor_UnknownEffectKind_Throws" classname="Game.Core.Tests.Upgrades.PassiveUpgradeTests" runstate="Runnable" seed="1484726172" result="Passed" start-time="2026-10-08 22:17:55Z" end-time="2026-10-08 22:17:55Z" duration="0.000240" asserts="0">
                  <properties>
                    <property name="retryIteration" value="0" />
                    <property name="repeatIteration" value="0" />
                  </properties>
                </test-case>
                <test-case id="1048" name="Constructor_UnknownKind_Throws" fullname="Game.Core.Tests.Upgrades.PassiveUpgradeTests.Constructor_UnknownKind_Throws" methodname="Constructor_UnknownKind_Throws" classname="Game.Core.Tests.Upgrades.PassiveUpgradeTests" runstate="Runnable" seed="126330097" result="Passed" start-time="2026-10-08 22:17:55Z" end-time="2026-10-08 22:17:55Z" duration="0.000246" asserts="0">
                  <properties>
                    <property name="retryIteration" value="0" />
                    <property name="repeatIteration" value="0" />
                  </properties>
                </test-case>
              </test-suite>
            </test-suite>
          </test-suite>
        </test-suite>
      </test-suite>
    </test-suite>
    <test-suite type="Assembly" id="2199" name="Game.Unity.Tests.dll" fullname="C:/Users/berna/ClaudeCodeProjects/remote_control_projects/sc84/game/Library/ScriptAssemblies/Game.Unity.Tests.dll" runstate="Runnable" testcasecount="293" result="Passed" start-time="2026-10-08 22:17:55Z" end-time="2026-10-08 22:17:58Z" duration="3.554956" total="293" passed="293" failed="0" inconclusive="0" skipped="0" asserts="0">
      <properties>
        <property name="_PID" value="25952" />
        <property name="_APPDOMAIN" value="Unity Child Domain" />
        <property name="platform" value="EditMode" />
        <property name="EditorOnly" value="True" />
      </properties>
      <test-suite type="TestSuite" id="2200" name="Game" fullname="Game" runstate="Runnable" testcasecount="293" result="Passed" start-time="2026-10-08 22:17:55Z" end-time="2026-10-08 22:17:58Z" duration="3.554802" total="293" passed="293" failed="0" inconclusive="0" skipped="0" asserts="0">
        <properties />
        <test-suite type="TestSuite" id="2201" name="Unity" fullname="Game.Unity" runstate="Runnable" testcasecount="293" result="Passed" start-time="2026-10-08 22:17:55Z" end-time="2026-10-08 22:17:58Z" duration="3.554679" total="293" passed="293" failed="0" inconclusive="0" skipped="0" asserts="0">
          <properties />
          <test-suite type="TestSuite" id="2202" name="Tests" fullname="Game.Unity.Tests" runstate="Runnable" testcasecount="293" result="Passed" start-time="2026-10-08 22:17:55Z" end-time="2026-10-08 22:17:58Z" duration="3.554467" total="293" passed="293" failed="0" inconclusive="0" skipped="0" asserts="0">
            <properties />
            <test-suite type="TestSuite" id="2213" name="Cards" fullname="Game.Unity.Tests.Cards" runstate="Runnable" testcasecount="29" result="Passed" start-time="2026-10-08 22:17:55Z" end-time="2026-10-08 22:17:55Z" duration="0.032895" total="29" passed="29" failed="0" inconclusive="0" skipped="0" asserts="0">
              <properties />
              <test-suite type="TestFixture" id="2168" name="CardAssetTests" fullname="Game.Unity.Tests.Cards.CardAssetTests" classname="Game.Unity.Tests.Cards.CardAssetTests" runstate="Runnable" testcasecount="29" result="Passed" start-time="2026-10-08 22:17:55Z" end-time="2026-10-08 22:17:55Z" duration="0.032498" total="29" passed="29" failed="0" inconclusive="0" skipped="0" asserts="0">
                <properties />
                <test-case id="2191" name="IsPlaceholder_FlagSet_IsTrue" fullname="Game.Unity.Tests.Cards.CardAssetTests.IsPlaceholder_FlagSet_IsTrue" methodname="IsPlaceholder_FlagSet_IsTrue" classname="Game.Unity.Tests.Cards.CardAssetTests" runstate="Runnable" seed="204824334" result="Passed" start-time="2026-10-08 22:17:55Z" end-time="2026-10-08 22:17:55Z" duration="0.003760" asserts="0">
                  <properties>
                    <property name="retryIteration" value="0" />
                    <property name="repeatIteration" value="0" />
                  </properties>
                </test-case>
                <test-case id="2190" name="IsPlaceholder_NewAsset_IsFalse" fullname="Game.Unity.Tests.Cards.CardAssetTests.IsPlaceholder_NewAsset_IsFalse" methodname="IsPlaceholder_NewAsset_IsFalse" classname="Game.Unity.Tests.Cards.CardAssetTests" runstate="Runnable" seed="704844775" result="Passed" start-time="2026-10-08 22:17:55Z" end-time="2026-10-08 22:17:55Z" duration="0.000275" asserts="0">
                  <properties>
                    <property name="retryIteration" value="0" />
                    <property name="repeatIteration" value="0" />
                  </properties>
                </test-case>
                <test-case id="2172" name="ToDefinition_DealDamageEntry_CreatesDealDamageEffectWithAmount" fullname="Game.Unity.Tests.Cards.CardAssetTests.ToDefinition_DealDamageEntry_CreatesDealDamageEffectWithAmount" methodname="ToDefinition_DealDamageEntry_CreatesDealDamageEffectWithAmount" classname="Game.Unity.Tests.Cards.CardAssetTests" runstate="Runnable" seed="1315867144" result="Passed" start-time="2026-10-08 22:17:55Z" end-time="2026-10-08 22:17:55Z" duration="0.004997" asserts="0">
                  <properties>
                    <property name="retryIteration" value="0" />
                    <property name="repeatIteration" value="0" />
                  </properties>
                </test-case>
                <test-case id="2176" name="ToDefinition_EmptyId_Throws" fullname="Game.Unity.Tests.Cards.CardAssetTests.ToDefinition_EmptyId_Throws" methodname="ToDefinition_EmptyId_Throws" classname="Game.Unity.Tests.Cards.CardAssetTests" runstate="Runnable" seed="1424049152" result="Passed" start-time="2026-10-08 22:17:55Z" end-time="2026-10-08 22:17:55Z" duration="0.001017" asserts="0">
                  <properties>
                    <property name="retryIteration" value="0" />
                    <property name="repeatIteration" value="0" />
                  </properties>
                </test-case>
                <test-case id="2195" name="ToDefinition_Evolutions_NeverChangeTheIdOrTheCastTime" fullname="Game.Unity.Tests.Cards.CardAssetTests.ToDefinition_Evolutions_NeverChangeTheIdOrTheCastTime" methodname="ToDefinition_Evolutions_NeverChangeTheIdOrTheCastTime" classname="Game.Unity.Tests.Cards.CardAssetTests" runstate="Runnable" seed="563873587" result="Passed" start-time="2026-10-08 22:17:55Z" end-time="2026-10-08 22:17:55Z" duration="0.002019" asserts="0">
                  <properties>
                    <property name="retryIteration" value="0" />
                    <property name="repeatIteration" value="0" />
                  </properties>
                </test-case>
                <test-case id="2196" name="ToDefinition_EvolutionsNotIncreasing_ThrowsNamingTheAsset" fullname="Game.Unity.Tests.Cards.CardAssetTests.ToDefinition_EvolutionsNotIncreasing_ThrowsNamingTheAsset" methodname="ToDefinition_EvolutionsNotIncreasing_ThrowsNamingTheAsset" classname="Game.Unity.Tests.Cards.CardAssetTests" runstate="Runnable" seed="1523308893" result="Passed" start-time="2026-10-08 22:17:55Z" end-time="2026-10-08 22:17:55Z" duration="0.000977" asserts="0">
                  <properties>
                    <property name="retryIteration" value="0" />
                    <property name="repeatIteration" value="0" />
                  </properties>
                </test-case>
                <test-case id="2198" name="ToDefinition_EvolutionWithZeroCasts_ThrowsNamingTheAsset" fullname="Game.Unity.Tests.Cards.CardAssetTests.ToDefinition_EvolutionWithZeroCasts_ThrowsNamingTheAsset" methodname="ToDefinition_EvolutionWithZeroCasts_ThrowsNamingTheAsset" classname="Game.Unity.Tests.Cards.CardAssetTests" runstate="Runnable" seed="939267188" result="Passed" start-time="2026-10-08 22:17:55Z" end-time="2026-10-08 22:17:55Z" duration="0.000733" asserts="0">
                  <properties>
                    <property name="retryIteration" value="0" />
                    <property name="repeatIteration" value="0" />
                  </properties>
                </test-case>
                <test-case id="2174" name="ToDefinition_GainShieldEntry_CreatesGainShieldEffectWithAmount" fullname="Game.Unity.Tests.Cards.CardAssetTests.ToDefinition_GainShieldEntry_CreatesGainShieldEffectWithAmount" methodname="ToDefinition_GainShieldEntry_CreatesGainShieldEffectWithAmount" classname="Game.Unity.Tests.Cards.CardAssetTests" runstate="Runnable" seed="1786268111" result="Passed" start-time="2026-10-08 22:17:55Z" end-time="2026-10-08 22:17:55Z" duration="0.000477" asserts="0">
                  <properties>
                    <property name="retryIteration" value="0" />
                    <property name="repeatIteration" value="0" />
                  </properties>
                </test-case>
                <test-case id="2173" name="ToDefinition_HealEntry_CreatesHealEffectWithAmount" fullname="Game.Unity.Tests.Cards.CardAssetTests.ToDefinition_HealEntry_CreatesHealEffectWithAmount" methodname="ToDefinition_HealEntry_CreatesHealEffectWithAmount" classname="Game.Unity.Tests.Cards.CardAssetTests" runstate="Runnable" seed="1667703029" result="Passed" start-time="2026-10-08 22:17:55Z" end-time="2026-10-08 22:17:55Z" duration="0.000462" asserts="0">
                  <properties>
                    <property name="retryIteration" value="0" />
                    <property name="repeatIteration" value="0" />
                  </properties>
                </test-case>
                <test-case id="2180" name="ToDefinition_InvalidAsset_MessageNamesAsset" fullname="Game.Unity.Tests.Cards.CardAssetTests.ToDefinition_InvalidAsset_MessageNamesAsset" methodname="ToDefinition_InvalidAsset_MessageNamesAsset" classname="Game.Unity.Tests.Cards.CardAssetTests" runstate="Runnable" seed="516682649" result="Passed" start-time="2026-10-08 22:17:55Z" end-time="2026-10-08 22:17:55Z" duration="0.000660" asserts="0">
                  <properties>
                    <property name="retryIteration" value="0" />
                    <property name="repeatIteration" value="0" />
                  </properties>
                </test-case>
                <test-suite type="ParameterizedMethod" id="2185" name="ToDefinition_ModifierEntry_CreatesModifierWithKindDirectionAndAmount" fullname="Game.Unity.Tests.Cards.CardAssetTests.ToDefinition_ModifierEntry_CreatesModifierWithKindDirectionAndAmount" classname="Game.Unity.Tests.Cards.CardAssetTests" runstate="Runnable" testcasecount="3" result="Passed" start-time="2026-10-08 22:17:55Z" end-time="2026-10-08 22:17:55Z" duration="0.002900" total="3" passed="3" failed="0" inconclusive="0" skipped="0" asserts="0">
                  <properties />
                  <test-case id="2182" name="ToDefinition_ModifierEntry_CreatesModifierWithKindDirectionAndAmount(Damage,Next,2)" fullname="Game.Unity.Tests.Cards.CardAssetTests.ToDefinition_ModifierEntry_CreatesModifierWithKindDirectionAndAmount(Damage,Next,2)" methodname="ToDefinition_ModifierEntry_CreatesModifierWithKindDirectionAndAmount" classname="Game.Unity.Tests.Cards.CardAssetTests" runstate="Runnable" seed="1379401854" result="Passed" start-time="2026-10-08 22:17:55Z" end-time="2026-10-08 22:17:55Z" duration="0.001317" asserts="0">
                    <properties>
                      <property name="retryIteration" value="0" />
                      <property name="repeatIteration" value="0" />
                    </properties>
                  </test-case>
                  <test-case id="2183" name="ToDefinition_ModifierEntry_CreatesModifierWithKindDirectionAndAmount(Heal,Previous,3)" fullname="Game.Unity.Tests.Cards.CardAssetTests.ToDefinition_ModifierEntry_CreatesModifierWithKindDirectionAndAmount(Heal,Previous,3)" methodname="ToDefinition_ModifierEntry_CreatesModifierWithKindDirectionAndAmount" classname="Game.Unity.Tests.Cards.CardAssetTests" runstate="Runnable" seed="645544270" result="Passed" start-time="2026-10-08 22:17:55Z" end-time="2026-10-08 22:17:55Z" duration="0.000414" asserts="0">
                    <properties>
                      <property name="retryIteration" value="0" />
                      <property name="repeatIteration" value="0" />
                    </properties>
                  </test-case>
                  <test-case id="2184" name="ToDefinition_ModifierEntry_CreatesModifierWithKindDirectionAndAmount(Shield,Next,4)" fullname="Game.Unity.Tests.Cards.CardAssetTests.ToDefinition_ModifierEntry_CreatesModifierWithKindDirectionAndAmount(Shield,Next,4)" methodname="ToDefinition_ModifierEntry_CreatesModifierWithKindDirectionAndAmount" classname="Game.Unity.Tests.Cards.CardAssetTests" runstate="Runnable" seed="451366112" result="Passed" start-time="2026-10-08 22:17:55Z" end-time="2026-10-08 22:17:55Z" duration="0.000399" asserts="0">
                    <properties>
                      <property name="retryIteration" value="0" />
                      <property name="repeatIteration" value="0" />
                    </properties>
                  </test-case>
                </test-suite>
                <test-case id="2178" name="ToDefinition_NegativeAmount_Throws" fullname="Game.Unity.Tests.Cards.CardAssetTests.ToDefinition_NegativeAmount_Throws" methodname="ToDefinition_NegativeAmount_Throws" classname="Game.Unity.Tests.Cards.CardAssetTests" runstate="Runnable" seed="753990669" result="Passed" start-time="2026-10-08 22:17:55Z" end-time="2026-10-08 22:17:55Z" duration="0.000572" asserts="0">
                  <properties>
                    <property name="retryIteration" value="0" />
                    <property name="repeatIteration" value="0" />
                  </properties>
                </test-case>
                <test-case id="2187" name="ToDefinition_NegativeModifierAmount_Throws" fullname="Game.Unity.Tests.Cards.CardAssetTests.ToDefinition_NegativeModifierAmount_Throws" methodname="ToDefinition_NegativeModifierAmount_Throws" classname="Game.Unity.Tests.Cards.CardAssetTests" runstate="Runnable" seed="1073774614" result="Passed" start-time="2026-10-08 22:17:55Z" end-time="2026-10-08 22:17:55Z" duration="0.000577" asserts="0">
                  <properties>
                    <property name="retryIteration" value="0" />
                    <property name="repeatIteration" value="0" />
                  </properties>
                </test-case>
                <test-case id="2192" name="ToDefinition_NewAsset_IsInvalidUntilAuthored" fullname="Game.Unity.Tests.Cards.CardAssetTests.ToDefinition_NewAsset_IsInvalidUntilAuthored" methodname="ToDefinition_NewAsset_IsInvalidUntilAuthored" classname="Game.Unity.Tests.Cards.CardAssetTests" runstate="Runnable" seed="1051994913" result="Passed" start-time="2026-10-08 22:17:55Z" end-time="2026-10-08 22:17:55Z" duration="0.000364" asserts="0">
                  <properties>
                    <property name="retryIteration" value="0" />
                    <property name="repeatIteration" value="0" />
                  </properties>
                </test-case>
                <test-case id="2171" name="ToDefinition_NoEffects_HasEmptyEffects" fullname="Game.Unity.Tests.Cards.CardAssetTests.ToDefinition_NoEffects_HasEmptyEffects" methodname="ToDefinition_NoEffects_HasEmptyEffects" classname="Game.Unity.Tests.Cards.CardAssetTests" runstate="Runnable" seed="1335686969" result="Passed" start-time="2026-10-08 22:17:55Z" end-time="2026-10-08 22:17:55Z" duration="0.000417" asserts="0">
                  <properties>
                    <property name="retryIteration" value="0" />
                    <property name="repeatIteration" value="0" />
                  </properties>
                </test-case>
                <test-case id="2193" name="ToDefinition_NoEvolutions_HasNone" fullname="Game.Unity.Tests.Cards.CardAssetTests.ToDefinition_NoEvolutions_HasNone" methodname="ToDefinition_NoEvolutions_HasNone" classname="Game.Unity.Tests.Cards.CardAssetTests" runstate="Runnable" seed="365964436" result="Passed" start-time="2026-10-08 22:17:55Z" end-time="2026-10-08 22:17:55Z" duration="0.000511" asserts="0">
                  <properties>
                    <property name="retryIteration" value="0" />
                    <property name="repeatIteration" value="0" />
                  </properties>
                </test-case>
                <test-case id="2181" name="ToDefinition_NoModifiers_HasEmptyNeighbourModifiers" fullname="Game.Unity.Tests.Cards.CardAssetTests.ToDefinition_NoModifiers_HasEmptyNeighbourModifiers" methodname="ToDefinition_NoModifiers_HasEmptyNeighbourModifiers" classname="Game.Unity.Tests.Cards.CardAssetTests" runstate="Runnable" seed="1837575773" result="Passed" start-time="2026-10-08 22:17:55Z" end-time="2026-10-08 22:17:55Z" duration="0.000369" asserts="0">
                  <properties>
                    <property name="retryIteration" value="0" />
                    <property name="repeatIteration" value="0" />
                  </properties>
                </test-case>
                <test-case id="2175" name="ToDefinition_SeveralEntries_KeepsOrder" fullname="Game.Unity.Tests.Cards.CardAssetTests.ToDefinition_SeveralEntries_KeepsOrder" methodname="ToDefinition_SeveralEntries_KeepsOrder" classname="Game.Unity.Tests.Cards.CardAssetTests" runstate="Runnable" seed="1520351505" result="Passed" start-time="2026-10-08 22:17:55Z" end-time="2026-10-08 22:17:55Z" duration="0.000712" asserts="0">
                  <properties>
                    <property name="retryIteration" value="0" />
                    <property name="repeatIteration" value="0" />
                  </properties>
                </test-case>
                <test-case id="2186" name="ToDefinition_SeveralModifierEntries_KeepsOrder" fullname="Game.Unity.Tests.Cards.CardAssetTests.ToDefinition_SeveralModifierEntries_KeepsOrder" methodname="ToDefinition_SeveralModifierEntries_KeepsOrder" classname="Game.Unity.Tests.Cards.CardAssetTests" runstate="Runnable" seed="1911333578" result="Passed" start-time="2026-10-08 22:17:55Z" end-time="2026-10-08 22:17:55Z" duration="0.001183" asserts="0">
                  <properties>
                    <property name="retryIteration" value="0" />
                    <property name="repeatIteration" value="0" />
                  </properties>
                </test-case>
                <test-case id="2197" name="ToDefinition_ThreeEvolutions_ThrowsNamingTheAsset" fullname="Game.Unity.Tests.Cards.CardAssetTests.ToDefinition_ThreeEvolutions_ThrowsNamingTheAsset" methodname="ToDefinition_ThreeEvolutions_ThrowsNamingTheAsset" classname="Game.Unity.Tests.Cards.CardAssetTests" runstate="Runnable" seed="1920922648" result="Passed" start-time="2026-10-08 22:17:55Z" end-time="2026-10-08 22:17:55Z" duration="0.001008" asserts="0">
                  <properties>
                    <property name="retryIteration" value="0" />
                    <property name="repeatIteration" value="0" />
                  </properties>
                </test-case>
                <test-case id="2194" name="ToDefinition_TwoEvolutions_ConvertsEachStage" fullname="Game.Unity.Tests.Cards.CardAssetTests.ToDefinition_TwoEvolutions_ConvertsEachStage" methodname="ToDefinition_TwoEvolutions_ConvertsEachStage" classname="Game.Unity.Tests.Cards.CardAssetTests" runstate="Runnable" seed="1788740632" result="Passed" start-time="2026-10-08 22:17:55Z" end-time="2026-10-08 22:17:55Z" duration="0.001234" asserts="0">
                  <properties>
                    <property name="retryIteration" value="0" />
                    <property name="repeatIteration" value="0" />
                  </properties>
                </test-case>
                <test-case id="2179" name="ToDefinition_UnknownEffectKind_Throws" fullname="Game.Unity.Tests.Cards.CardAssetTests.ToDefinition_UnknownEffectKind_Throws" methodname="ToDefinition_UnknownEffectKind_Throws" classname="Game.Unity.Tests.Cards.CardAssetTests" runstate="Runnable" seed="1161908394" result="Passed" start-time="2026-10-08 22:17:55Z" end-time="2026-10-08 22:17:55Z" duration="0.000519" asserts="0">
                  <properties>
                    <property name="retryIteration" value="0" />
                    <property name="repeatIteration" value="0" />
                  </properties>
                </test-case>
                <test-case id="2189" name="ToDefinition_UnknownModifierDirection_Throws" fullname="Game.Unity.Tests.Cards.CardAssetTests.ToDefinition_UnknownModifierDirection_Throws" methodname="ToDefinition_UnknownModifierDirection_Throws" classname="Game.Unity.Tests.Cards.CardAssetTests" runstate="Runnable" seed="2079983895" result="Passed" start-time="2026-10-08 22:17:55Z" end-time="2026-10-08 22:17:55Z" duration="0.000600" asserts="0">
                  <properties>
                    <property name="retryIteration" value="0" />
                    <property name="repeatIteration" value="0" />
                  </properties>
                </test-case>
                <test-case id="2188" name="ToDefinition_UnknownModifierKind_Throws" fullname="Game.Unity.Tests.Cards.CardAssetTests.ToDefinition_UnknownModifierKind_Throws" methodname="ToDefinition_UnknownModifierKind_Throws" classname="Game.Unity.Tests.Cards.CardAssetTests" runstate="Runnable" seed="2012660537" result="Passed" start-time="2026-10-08 22:17:55Z" end-time="2026-10-08 22:17:55Z" duration="0.000615" asserts="0">
                  <properties>
                    <property name="retryIteration" value="0" />
                    <property name="repeatIteration" value="0" />
                  </properties>
                </test-case>
                <test-case id="2170" name="ToDefinition_ValidAsset_CopiesCastTime" fullname="Game.Unity.Tests.Cards.CardAssetTests.ToDefinition_ValidAsset_CopiesCastTime" methodname="ToDefinition_ValidAsset_CopiesCastTime" classname="Game.Unity.Tests.Cards.CardAssetTests" runstate="Runnable" seed="1577946089" result="Passed" start-time="2026-10-08 22:17:55Z" end-time="2026-10-08 22:17:55Z" duration="0.000387" asserts="0">
                  <properties>
                    <property name="retryIteration" value="0" />
                    <property name="repeatIteration" value="0" />
                  </properties>
                </test-case>
                <test-case id="2169" name="ToDefinition_ValidAsset_CopiesId" fullname="Game.Unity.Tests.Cards.CardAssetTests.ToDefinition_ValidAsset_CopiesId" methodname="ToDefinition_ValidAsset_CopiesId" classname="Game.Unity.Tests.Cards.CardAssetTests" runstate="Runnable" seed="708633307" result="Passed" start-time="2026-10-08 22:17:55Z" end-time="2026-10-08 22:17:55Z" duration="0.000393" asserts="0">
                  <properties>
                    <property name="retryIteration" value="0" />
                    <property name="repeatIteration" value="0" />
                  </properties>
                </test-case>
                <test-case id="2177" name="ToDefinition_ZeroCastTime_Throws" fullname="Game.Unity.Tests.Cards.CardAssetTests.ToDefinition_ZeroCastTime_Throws" methodname="ToDefinition_ZeroCastTime_Throws" classname="Game.Unity.Tests.Cards.CardAssetTests" runstate="Runnable" seed="322414680" result="Passed" start-time="2026-10-08 22:17:55Z" end-time="2026-10-08 22:17:55Z" duration="0.000457" asserts="0">
                  <properties>
                    <property name="retryIteration" value="0" />
                    <property name="repeatIteration" value="0" />
                  </properties>
                </test-case>
              </test-suite>
            </test-suite>
            <test-suite type="TestSuite" id="2212" name="Classes" fullname="Game.Unity.Tests.Classes" runstate="Runnable" testcasecount="16" result="Passed" start-time="2026-10-08 22:17:55Z" end-time="2026-10-08 22:17:55Z" duration="0.018111" total="16" passed="16" failed="0" inconclusive="0" skipped="0" asserts="0">
              <properties />
              <test-suite type="TestFixture" id="2149" name="ClassAssetTests" fullname="Game.Unity.Tests.Classes.ClassAssetTests" classname="Game.Unity.Tests.Classes.ClassAssetTests" runstate="Runnable" testcasecount="16" result="Passed" start-time="2026-10-08 22:17:55Z" end-time="2026-10-08 22:17:55Z" duration="0.017613" total="16" passed="16" failed="0" inconclusive="0" skipped="0" asserts="0">
                <properties />
                <test-case id="2155" name="IsPlaceholder_FlaggedAsset_IsTrue" fullname="Game.Unity.Tests.Classes.ClassAssetTests.IsPlaceholder_FlaggedAsset_IsTrue" methodname="IsPlaceholder_FlaggedAsset_IsTrue" classname="Game.Unity.Tests.Classes.ClassAssetTests" runstate="Runnable" seed="324608142" result="Passed" start-time="2026-10-08 22:17:55Z" end-time="2026-10-08 22:17:55Z" duration="0.003063" asserts="0">
                  <properties>
                    <property name="retryIteration" value="0" />
                    <property name="repeatIteration" value="0" />
                  </properties>
                </test-case>
                <test-case id="2154" name="Properties_ValidAsset_ExposeIdAndPlaceholderFlag" fullname="Game.Unity.Tests.Classes.ClassAssetTests.Properties_ValidAsset_ExposeIdAndPlaceholderFlag" methodname="Properties_ValidAsset_ExposeIdAndPlaceholderFlag" classname="Game.Unity.Tests.Classes.ClassAssetTests" runstate="Runnable" seed="1895157770" result="Passed" start-time="2026-10-08 22:17:55Z" end-time="2026-10-08 22:17:55Z" duration="0.000582" asserts="0">
                  <properties>
                    <property name="retryIteration" value="0" />
                    <property name="repeatIteration" value="0" />
                  </properties>
                </test-case>
                <test-case id="2153" name="ToDefinition_EmptyCardPool_IsAllowed" fullname="Game.Unity.Tests.Classes.ClassAssetTests.ToDefinition_EmptyCardPool_IsAllowed" methodname="ToDefinition_EmptyCardPool_IsAllowed" classname="Game.Unity.Tests.Classes.ClassAssetTests" runstate="Runnable" seed="1386250069" result="Passed" start-time="2026-10-08 22:17:55Z" end-time="2026-10-08 22:17:55Z" duration="0.001025" asserts="0">
                  <properties>
                    <property name="retryIteration" value="0" />
                    <property name="repeatIteration" value="0" />
                  </properties>
                </test-case>
                <test-case id="2159" name="ToDefinition_EmptyCardPoolSlot_ThrowsNamingThePosition" fullname="Game.Unity.Tests.Classes.ClassAssetTests.ToDefinition_EmptyCardPoolSlot_ThrowsNamingThePosition" methodname="ToDefinition_EmptyCardPoolSlot_ThrowsNamingThePosition" classname="Game.Unity.Tests.Classes.ClassAssetTests" runstate="Runnable" seed="1708900059" result="Passed" start-time="2026-10-08 22:17:55Z" end-time="2026-10-08 22:17:55Z" duration="0.000865" asserts="0">
                  <properties>
                    <property name="retryIteration" value="0" />
                    <property name="repeatIteration" value="0" />
                  </properties>
                </test-case>
                <test-case id="2157" name="ToDefinition_EmptyStartingDeck_ThrowsNamingTheAsset" fullname="Game.Unity.Tests.Classes.ClassAssetTests.ToDefinition_EmptyStartingDeck_ThrowsNamingTheAsset" methodname="ToDefinition_EmptyStartingDeck_ThrowsNamingTheAsset" classname="Game.Unity.Tests.Classes.ClassAssetTests" runstate="Runnable" seed="1869040173" result="Passed" start-time="2026-10-08 22:17:55Z" end-time="2026-10-08 22:17:55Z" duration="0.000531" asserts="0">
                  <properties>
                    <property name="retryIteration" value="0" />
                    <property name="repeatIteration" value="0" />
                  </properties>
                </test-case>
                <test-case id="2158" name="ToDefinition_EmptyStartingDeckSlot_ThrowsNamingThePosition" fullname="Game.Unity.Tests.Classes.ClassAssetTests.ToDefinition_EmptyStartingDeckSlot_ThrowsNamingThePosition" methodname="ToDefinition_EmptyStartingDeckSlot_ThrowsNamingThePosition" classname="Game.Unity.Tests.Classes.ClassAssetTests" runstate="Runnable" seed="1946437976" result="Passed" start-time="2026-10-08 22:17:55Z" end-time="2026-10-08 22:17:55Z" duration="0.000701" asserts="0">
                  <properties>
                    <property name="retryIteration" value="0" />
                    <property name="repeatIteration" value="0" />
                  </properties>
                </test-case>
                <test-suite type="ParameterizedMethod" id="2167" name="ToDefinition_InvalidCapacity_ThrowsNamingTheAsset" fullname="Game.Unity.Tests.Classes.ClassAssetTests.ToDefinition_InvalidCapacity_ThrowsNamingTheAsset" classname="Game.Unity.Tests.Classes.ClassAssetTests" runstate="Runnable" testcasecount="2" result="Passed" start-time="2026-10-08 22:17:55Z" end-time="2026-10-08 22:17:55Z" duration="0.001898" total="2" passed="2" failed="0" inconclusive="0" skipped="0" asserts="0">
                  <properties />
                  <test-case id="2165" name="ToDefinition_InvalidCapacity_ThrowsNamingTheAsset(0)" fullname="Game.Unity.Tests.Classes.ClassAssetTests.ToDefinition_InvalidCapacity_ThrowsNamingTheAsset(0)" methodname="ToDefinition_InvalidCapacity_ThrowsNamingTheAsset" classname="Game.Unity.Tests.Classes.ClassAssetTests" runstate="Runnable" seed="1146405422" result="Passed" start-time="2026-10-08 22:17:55Z" end-time="2026-10-08 22:17:55Z" duration="0.000983" asserts="0">
                    <properties>
                      <property name="retryIteration" value="0" />
                      <property name="repeatIteration" value="0" />
                    </properties>
                  </test-case>
                  <test-case id="2166" name="ToDefinition_InvalidCapacity_ThrowsNamingTheAsset(-1)" fullname="Game.Unity.Tests.Classes.ClassAssetTests.ToDefinition_InvalidCapacity_ThrowsNamingTheAsset(-1)" methodname="ToDefinition_InvalidCapacity_ThrowsNamingTheAsset" classname="Game.Unity.Tests.Classes.ClassAssetTests" runstate="Runnable" seed="722965099" result="Passed" start-time="2026-10-08 22:17:55Z" end-time="2026-10-08 22:17:55Z" duration="0.000458" asserts="0">
                    <properties>
                      <property name="retryIteration" value="0" />
                      <property name="repeatIteration" value="0" />
                    </properties>
                  </test-case>
                </test-suite>
                <test-suite type="ParameterizedMethod" id="2163" name="ToDefinition_InvalidHealth_ThrowsNamingTheAsset" fullname="Game.Unity.Tests.Classes.ClassAssetTests.ToDefinition_InvalidHealth_ThrowsNamingTheAsset" classname="Game.Unity.Tests.Classes.ClassAssetTests" runstate="Runnable" testcasecount="2" result="Passed" start-time="2026-10-08 22:17:55Z" end-time="2026-10-08 22:17:55Z" duration="0.001611" total="2" passed="2" failed="0" inconclusive="0" skipped="0" asserts="0">
                  <properties />
                  <test-case id="2161" name="ToDefinition_InvalidHealth_ThrowsNamingTheAsset(0)" fullname="Game.Unity.Tests.Classes.ClassAssetTests.ToDefinition_InvalidHealth_ThrowsNamingTheAsset(0)" methodname="ToDefinition_InvalidHealth_ThrowsNamingTheAsset" classname="Game.Unity.Tests.Classes.ClassAssetTests" runstate="Runnable" seed="1109317172" result="Passed" start-time="2026-10-08 22:17:55Z" end-time="2026-10-08 22:17:55Z" duration="0.000763" asserts="0">
                    <properties>
                      <property name="retryIteration" value="0" />
                      <property name="repeatIteration" value="0" />
                    </properties>
                  </test-case>
                  <test-case id="2162" name="ToDefinition_InvalidHealth_ThrowsNamingTheAsset(-1)" fullname="Game.Unity.Tests.Classes.ClassAssetTests.ToDefinition_InvalidHealth_ThrowsNamingTheAsset(-1)" methodname="ToDefinition_InvalidHealth_ThrowsNamingTheAsset" classname="Game.Unity.Tests.Classes.ClassAssetTests" runstate="Runnable" seed="1821119718" result="Passed" start-time="2026-10-08 22:17:55Z" end-time="2026-10-08 22:17:55Z" duration="0.000454" asserts="0">
                    <properties>
                      <property name="retryIteration" value="0" />
                      <property name="repeatIteration" value="0" />
                    </properties>
                  </test-case>
                </test-suite>
                <test-case id="2156" name="ToDefinition_MissingId_ThrowsNamingTheAsset" fullname="Game.Unity.Tests.Classes.ClassAssetTests.ToDefinition_MissingId_ThrowsNamingTheAsset" methodname="ToDefinition_MissingId_ThrowsNamingTheAsset" classname="Game.Unity.Tests.Classes.ClassAssetTests" runstate="Runnable" seed="1818771659" result="Passed" start-time="2026-10-08 22:17:55Z" end-time="2026-10-08 22:17:55Z" duration="0.000670" asserts="0">
                  <properties>
                    <property name="retryIteration" value="0" />
                    <property name="repeatIteration" value="0" />
                  </properties>
                </test-case>
                <test-case id="2164" name="ToDefinition_NegativeShield_ThrowsNamingTheAsset" fullname="Game.Unity.Tests.Classes.ClassAssetTests.ToDefinition_NegativeShield_ThrowsNamingTheAsset" methodname="ToDefinition_NegativeShield_ThrowsNamingTheAsset" classname="Game.Unity.Tests.Classes.ClassAssetTests" runstate="Runnable" seed="861999778" result="Passed" start-time="2026-10-08 22:17:55Z" end-time="2026-10-08 22:17:55Z" duration="0.000722" asserts="0">
                  <properties>
                    <property name="retryIteration" value="0" />
                    <property name="repeatIteration" value="0" />
                  </properties>
                </test-case>
                <test-case id="2160" name="ToDefinition_StartingDeckLargerThanCapacity_ThrowsNamingTheAsset" fullname="Game.Unity.Tests.Classes.ClassAssetTests.ToDefinition_StartingDeckLargerThanCapacity_ThrowsNamingTheAsset" methodname="ToDefinition_StartingDeckLargerThanCapacity_ThrowsNamingTheAsset" classname="Game.Unity.Tests.Classes.ClassAssetTests" runstate="Runnable" seed="1805486979" result="Passed" start-time="2026-10-08 22:17:55Z" end-time="2026-10-08 22:17:55Z" duration="0.000861" asserts="0">
                  <properties>
                    <property name="retryIteration" value="0" />
                    <property name="repeatIteration" value="0" />
                  </properties>
                </test-case>
                <test-case id="2152" name="ToDefinition_ValidAsset_CopiesCardPoolWithDuplicates" fullname="Game.Unity.Tests.Classes.ClassAssetTests.ToDefinition_ValidAsset_CopiesCardPoolWithDuplicates" methodname="ToDefinition_ValidAsset_CopiesCardPoolWithDuplicates" classname="Game.Unity.Tests.Classes.ClassAssetTests" runstate="Runnable" seed="1736218747" result="Passed" start-time="2026-10-08 22:17:55Z" end-time="2026-10-08 22:17:55Z" duration="0.001261" asserts="0">
                  <properties>
                    <property name="retryIteration" value="0" />
                    <property name="repeatIteration" value="0" />
                  </properties>
                </test-case>
                <test-case id="2150" name="ToDefinition_ValidAsset_CopiesIdAndStats" fullname="Game.Unity.Tests.Classes.ClassAssetTests.ToDefinition_ValidAsset_CopiesIdAndStats" methodname="ToDefinition_ValidAsset_CopiesIdAndStats" classname="Game.Unity.Tests.Classes.ClassAssetTests" runstate="Runnable" seed="324144884" result="Passed" start-time="2026-10-08 22:17:55Z" end-time="2026-10-08 22:17:55Z" duration="0.000617" asserts="0">
                  <properties>
                    <property name="retryIteration" value="0" />
                    <property name="repeatIteration" value="0" />
                  </properties>
                </test-case>
                <test-case id="2151" name="ToDefinition_ValidAsset_CopiesStartingDeckInOrder" fullname="Game.Unity.Tests.Classes.ClassAssetTests.ToDefinition_ValidAsset_CopiesStartingDeckInOrder" methodname="ToDefinition_ValidAsset_CopiesStartingDeckInOrder" classname="Game.Unity.Tests.Classes.ClassAssetTests" runstate="Runnable" seed="524844546" result="Passed" start-time="2026-10-08 22:17:55Z" end-time="2026-10-08 22:17:55Z" duration="0.001019" asserts="0">
                  <properties>
                    <property name="retryIteration" value="0" />
                    <property name="repeatIteration" value="0" />
                  </properties>
                </test-case>
              </test-suite>
            </test-suite>
            <test-suite type="TestSuite" id="2211" name="Combat" fullname="Game.Unity.Tests.Combat" runstate="Runnable" testcasecount="3" result="Passed" start-time="2026-10-08 22:17:55Z" end-time="2026-10-08 22:17:55Z" duration="0.003336" total="3" passed="3" failed="0" inconclusive="0" skipped="0" asserts="0">
              <properties />
              <test-suite type="TestFixture" id="2145" name="FightParticipantBuilderTests" fullname="Game.Unity.Tests.Combat.FightParticipantBuilderTests" classname="Game.Unity.Tests.Combat.FightParticipantBuilderTests" runstate="Runnable" testcasecount="3" result="Passed" start-time="2026-10-08 22:17:55Z" end-time="2026-10-08 22:17:55Z" duration="0.003037" total="3" passed="3" failed="0" inconclusive="0" skipped="0" asserts="0">
                <properties />
                <test-case id="2146" name="Create_EmptyCardSlot_ThrowsNamingLabelAndPosition" fullname="Game.Unity.Tests.Combat.FightParticipantBuilderTests.Create_EmptyCardSlot_ThrowsNamingLabelAndPosition" methodname="Create_EmptyCardSlot_ThrowsNamingLabelAndPosition" classname="Game.Unity.Tests.Combat.FightParticipantBuilderTests" runstate="Runnable" seed="426619851" result="Passed" start-time="2026-10-08 22:17:55Z" end-time="2026-10-08 22:17:55Z" duration="0.001206" asserts="0">
                  <properties>
                    <property name="retryIteration" value="0" />
                    <property name="repeatIteration" value="0" />
                  </properties>
                </test-case>
                <test-case id="2147" name="Create_NullSpellLine_ThrowsArgumentNullException" fullname="Game.Unity.Tests.Combat.FightParticipantBuilderTests.Create_NullSpellLine_ThrowsArgumentNullException" methodname="Create_NullSpellLine_ThrowsArgumentNullException" classname="Game.Unity.Tests.Combat.FightParticipantBuilderTests" runstate="Runnable" seed="1370945450" result="Passed" start-time="2026-10-08 22:17:55Z" end-time="2026-10-08 22:17:55Z" duration="0.000426" asserts="0">
                  <properties>
                    <property name="retryIteration" value="0" />
                    <property name="repeatIteration" value="0" />
                  </properties>
                </test-case>
                <test-case id="2148" name="Create_ZeroHealth_ThrowsArgumentException" fullname="Game.Unity.Tests.Combat.FightParticipantBuilderTests.Create_ZeroHealth_ThrowsArgumentException" methodname="Create_ZeroHealth_ThrowsArgumentException" classname="Game.Unity.Tests.Combat.FightParticipantBuilderTests" runstate="Runnable" seed="169152902" result="Passed" start-time="2026-10-08 22:17:55Z" end-time="2026-10-08 22:17:55Z" duration="0.000660" asserts="0">
                  <properties>
                    <property name="retryIteration" value="0" />
                    <property name="repeatIteration" value="0" />
                  </properties>
                </test-case>
              </test-suite>
            </test-suite>
            <test-suite type="TestSuite" id="2210" name="Content" fullname="Game.Unity.Tests.Content" runstate="Runnable" testcasecount="52" result="Passed" start-time="2026-10-08 22:17:55Z" end-time="2026-10-08 22:17:56Z" duration="1.366080" total="52" passed="52" failed="0" inconclusive="0" skipped="0" asserts="0">
              <properties />
              <test-suite type="TestFixture" id="2087" name="MvpClassContentTests" fullname="Game.Unity.Tests.Content.MvpClassContentTests" classname="Game.Unity.Tests.Content.MvpClassContentTests" runstate="Runnable" testcasecount="14" result="Passed" start-time="2026-10-08 22:17:55Z" end-time="2026-10-08 22:17:55Z" duration="0.047210" total="14" passed="14" failed="0" inconclusive="0" skipped="0" asserts="0">
                <properties />
                <test-case id="2093" name="CardPool_HasTenDistinctCardsOutsideTheStartingDeck" fullname="Game.Unity.Tests.Content.MvpClassContentTests.CardPool_HasTenDistinctCardsOutsideTheStartingDeck" methodname="CardPool_HasTenDistinctCardsOutsideTheStartingDeck" classname="Game.Unity.Tests.Content.MvpClassContentTests" runstate="Runnable" seed="1889898986" result="Passed" start-time="2026-10-08 22:17:55Z" end-time="2026-10-08 22:17:55Z" duration="0.015808" asserts="0">
                  <properties>
                    <property name="retryIteration" value="0" />
                    <property name="repeatIteration" value="0" />
                  </properties>
                </test-case>
                <test-case id="2088" name="Class_HasWorkingNameAndIsNotPlaceholderContent" fullname="Game.Unity.Tests.Content.MvpClassContentTests.Class_HasWorkingNameAndIsNotPlaceholderContent" methodname="Class_HasWorkingNameAndIsNotPlaceholderContent" classname="Game.Unity.Tests.Content.MvpClassContentTests" runstate="Runnable" seed="2027465053" result="Passed" start-time="2026-10-08 22:17:55Z" end-time="2026-10-08 22:17:55Z" duration="0.000282" asserts="0">
                  <properties>
                    <property name="retryIteration" value="0" />
                    <property name="repeatIteration" value="0" />
                  </properties>
                </test-case>
                <test-case id="2097" name="ContentFolder_HoldsExactlyTheCardsOfTheClass" fullname="Game.Unity.Tests.Content.MvpClassContentTests.ContentFolder_HoldsExactlyTheCardsOfTheClass" methodname="ContentFolder_HoldsExactlyTheCardsOfTheClass" classname="Game.Unity.Tests.Content.MvpClassContentTests" runstate="Runnable" seed="2032965090" result="Passed" start-time="2026-10-08 22:17:55Z" end-time="2026-10-08 22:17:55Z" duration="0.008825" asserts="0">
                  <properties>
                    <property name="retryIteration" value="0" />
                    <property name="repeatIteration" value="0" />
                  </properties>
                </test-case>
                <test-case id="2094" name="EveryCard_HasExactlyTwoEvolutionStagesWithRisingCastThresholds" fullname="Game.Unity.Tests.Content.MvpClassContentTests.EveryCard_HasExactlyTwoEvolutionStagesWithRisingCastThresholds" methodname="EveryCard_HasExactlyTwoEvolutionStagesWithRisingCastThresholds" classname="Game.Unity.Tests.Content.MvpClassContentTests" runstate="Runnable" seed="126084137" result="Passed" start-time="2026-10-08 22:17:55Z" end-time="2026-10-08 22:17:55Z" duration="0.000625" asserts="0">
                  <properties>
                    <property name="retryIteration" value="0" />
                    <property name="repeatIteration" value="0" />
                  </properties>
                </test-case>
                <test-case id="2096" name="EveryCard_UsesPlaceholderWordsAndIsNotPlaceholderContent" fullname="Game.Unity.Tests.Content.MvpClassContentTests.EveryCard_UsesPlaceholderWordsAndIsNotPlaceholderContent" methodname="EveryCard_UsesPlaceholderWordsAndIsNotPlaceholderContent" classname="Game.Unity.Tests.Content.MvpClassContentTests" runstate="Runnable" seed="1882690680" result="Passed" start-time="2026-10-08 22:17:55Z" end-time="2026-10-08 22:17:55Z" duration="0.001088" asserts="0">
                  <properties>
                    <property name="retryIteration" value="0" />
                    <property name="repeatIteration" value="0" />
                  </properties>
                </test-case>
                <test-case id="2095" name="EveryEvolutionStage_IsStrongerThanThePreviousOneForTheSameCard" fullname="Game.Unity.Tests.Content.MvpClassContentTests.EveryEvolutionStage_IsStrongerThanThePreviousOneForTheSameCard" methodname="EveryEvolutionStage_IsStrongerThanThePreviousOneForTheSameCard" classname="Game.Unity.Tests.Content.MvpClassContentTests" runstate="Runnable" seed="1618578484" result="Passed" start-time="2026-10-08 22:17:55Z" end-time="2026-10-08 22:17:55Z" duration="0.001962" asserts="0">
                  <properties>
                    <property name="retryIteration" value="0" />
                    <property name="repeatIteration" value="0" />
                  </properties>
                </test-case>
                <test-case id="2091" name="StartingDeck_DefensiveCardGivesShieldNotHealing" fullname="Game.Unity.Tests.Content.MvpClassContentTests.StartingDeck_DefensiveCardGivesShieldNotHealing" methodname="StartingDeck_DefensiveCardGivesShieldNotHealing" classname="Game.Unity.Tests.Content.MvpClassContentTests" runstate="Runnable" seed="865355415" result="Passed" start-time="2026-10-08 22:17:55Z" end-time="2026-10-08 22:17:55Z" duration="0.001800" asserts="0">
                  <properties>
                    <property name="retryIteration" value="0" />
                    <property name="repeatIteration" value="0" />
                  </properties>
                </test-case>
                <test-case id="2089" name="StartingDeck_HasFourCardsFillingTheStartingLine" fullname="Game.Unity.Tests.Content.MvpClassContentTests.StartingDeck_HasFourCardsFillingTheStartingLine" methodname="StartingDeck_HasFourCardsFillingTheStartingLine" classname="Game.Unity.Tests.Content.MvpClassContentTests" runstate="Runnable" seed="2072918563" result="Passed" start-time="2026-10-08 22:17:55Z" end-time="2026-10-08 22:17:55Z" duration="0.000329" asserts="0">
                  <properties>
                    <property name="retryIteration" value="0" />
                    <property name="repeatIteration" value="0" />
                  </properties>
                </test-case>
                <test-case id="2090" name="StartingDeck_HasTwoDamageCardsOneWeaverAndOneShieldCard" fullname="Game.Unity.Tests.Content.MvpClassContentTests.StartingDeck_HasTwoDamageCardsOneWeaverAndOneShieldCard" methodname="StartingDeck_HasTwoDamageCardsOneWeaverAndOneShieldCard" classname="Game.Unity.Tests.Content.MvpClassContentTests" runstate="Runnable" seed="2004699317" result="Passed" start-time="2026-10-08 22:17:55Z" end-time="2026-10-08 22:17:55Z" duration="0.001102" asserts="0">
                  <properties>
                    <property name="retryIteration" value="0" />
                    <property name="repeatIteration" value="0" />
                  </properties>
                </test-case>
                <test-case id="2092" name="StartingDeck_WeaverBoostsADamageCardInTheLine" fullname="Game.Unity.Tests.Content.MvpClassContentTests.StartingDeck_WeaverBoostsADamageCardInTheLine" methodname="StartingDeck_WeaverBoostsADamageCardInTheLine" classname="Game.Unity.Tests.Content.MvpClassContentTests" runstate="Runnable" seed="1138488316" result="Passed" start-time="2026-10-08 22:17:55Z" end-time="2026-10-08 22:17:55Z" duration="0.000626" asserts="0">
                  <properties>
                    <property name="retryIteration" value="0" />
                    <property name="repeatIteration" value="0" />
                  </properties>
                </test-case>
                <test-case id="2098" name="StartingDeckFight_AgainstASingleRegularEnemy_HeroWins" fullname="Game.Unity.Tests.Content.MvpClassContentTests.StartingDeckFight_AgainstASingleRegularEnemy_HeroWins" methodname="StartingDeckFight_AgainstASingleRegularEnemy_HeroWins" classname="Game.Unity.Tests.Content.MvpClassContentTests" runstate="Runnable" seed="692814255" result="Passed" start-time="2026-10-08 22:17:55Z" end-time="2026-10-08 22:17:55Z" duration="0.003684" asserts="0">
                  <properties>
                    <property name="retryIteration" value="0" />
                    <property name="repeatIteration" value="0" />
                  </properties>
                </test-case>
                <test-case id="2099" name="StartingDeckFight_AgainstEveryPlaceholderEncounter_EndsWithAWinner" fullname="Game.Unity.Tests.Content.MvpClassContentTests.StartingDeckFight_AgainstEveryPlaceholderEncounter_EndsWithAWinner" methodname="StartingDeckFight_AgainstEveryPlaceholderEncounter_EndsWithAWinner" classname="Game.Unity.Tests.Content.MvpClassContentTests" runstate="Runnable" seed="1441685306" result="Passed" start-time="2026-10-08 22:17:55Z" end-time="2026-10-08 22:17:55Z" duration="0.006536" asserts="0">
                  <properties>
                    <property name="retryIteration" value="0" />
                    <property name="repeatIteration" value="0" />
                  </properties>
                </test-case>
                <test-case id="2101" name="StartingDeckFight_SameSeed_GivesTheSameResult" fullname="Game.Unity.Tests.Content.MvpClassContentTests.StartingDeckFight_SameSeed_GivesTheSameResult" methodname="StartingDeckFight_SameSeed_GivesTheSameResult" classname="Game.Unity.Tests.Content.MvpClassContentTests" runstate="Runnable" seed="850470650" result="Passed" start-time="2026-10-08 22:17:55Z" end-time="2026-10-08 22:17:55Z" duration="0.000826" asserts="0">
                  <properties>
                    <property name="retryIteration" value="0" />
                    <property name="repeatIteration" value="0" />
                  </properties>
                </test-case>
                <test-case id="2100" name="StartingDeckFight_WeaverBonusReachesTheDamageCard" fullname="Game.Unity.Tests.Content.MvpClassContentTests.StartingDeckFight_WeaverBonusReachesTheDamageCard" methodname="StartingDeckFight_WeaverBonusReachesTheDamageCard" classname="Game.Unity.Tests.Content.MvpClassContentTests" runstate="Runnable" seed="1126558775" result="Passed" start-time="2026-10-08 22:17:55Z" end-time="2026-10-08 22:17:55Z" duration="0.001413" asserts="0">
                  <properties>
                    <property name="retryIteration" value="0" />
                    <property name="repeatIteration" value="0" />
                  </properties>
                </test-case>
              </test-suite>
              <test-suite type="TestFixture" id="2102" name="PlaceholderBiomeContentTests" fullname="Game.Unity.Tests.Content.PlaceholderBiomeContentTests" classname="Game.Unity.Tests.Content.PlaceholderBiomeContentTests" runstate="Runnable" testcasecount="12" result="Passed" start-time="2026-10-08 22:17:55Z" end-time="2026-10-08 22:17:55Z" duration="0.122713" total="12" passed="12" failed="0" inconclusive="0" skipped="0" asserts="0">
                <properties />
                <test-case id="2104" name="Assets_AreFlaggedAsPlaceholderWithWorkingNames" fullname="Game.Unity.Tests.Content.PlaceholderBiomeContentTests.Assets_AreFlaggedAsPlaceholderWithWorkingNames" methodname="Assets_AreFlaggedAsPlaceholderWithWorkingNames" classname="Game.Unity.Tests.Content.PlaceholderBiomeContentTests" runstate="Runnable" seed="1596439789" result="Passed" start-time="2026-10-08 22:17:55Z" end-time="2026-10-08 22:17:55Z" duration="0.040685" asserts="0">
                  <properties>
                    <property name="retryIteration" value="0" />
                    <property name="repeatIteration" value="0" />
                  </properties>
                </test-case>
                <test-case id="2108" name="Biome_ConvertsWithTheDataOfADR0009And0010" fullname="Game.Unity.Tests.Content.PlaceholderBiomeContentTests.Biome_ConvertsWithTheDataOfADR0009And0010" methodname="Biome_ConvertsWithTheDataOfADR0009And0010" classname="Game.Unity.Tests.Content.PlaceholderBiomeContentTests" runstate="Runnable" seed="235825188" result="Passed" start-time="2026-10-08 22:17:55Z" end-time="2026-10-08 22:17:55Z" duration="0.002918" asserts="0">
                  <properties>
                    <property name="retryIteration" value="0" />
                    <property name="repeatIteration" value="0" />
                  </properties>
                </test-case>
                <test-case id="2106" name="Bosses_HaveWorkedSpellLines" fullname="Game.Unity.Tests.Content.PlaceholderBiomeContentTests.Bosses_HaveWorkedSpellLines" methodname="Bosses_HaveWorkedSpellLines" classname="Game.Unity.Tests.Content.PlaceholderBiomeContentTests" runstate="Runnable" seed="884486688" result="Passed" start-time="2026-10-08 22:17:55Z" end-time="2026-10-08 22:17:55Z" duration="0.003406" asserts="0">
                  <properties>
                    <property name="retryIteration" value="0" />
                    <property name="repeatIteration" value="0" />
                  </properties>
                </test-case>
                <test-case id="2111" name="FightTimeLimit_IsFarAboveEveryFight" fullname="Game.Unity.Tests.Content.PlaceholderBiomeContentTests.FightTimeLimit_IsFarAboveEveryFight" methodname="FightTimeLimit_IsFarAboveEveryFight" classname="Game.Unity.Tests.Content.PlaceholderBiomeContentTests" runstate="Runnable" seed="2079991729" result="Passed" start-time="2026-10-08 22:17:55Z" end-time="2026-10-08 22:17:55Z" duration="0.002793" asserts="0">
                  <properties>
                    <property name="retryIteration" value="0" />
                    <property name="repeatIteration" value="0" />
                  </properties>
                </test-case>
                <test-case id="2103" name="Folder_HoldsExactlyTheGeneratedAssets" fullname="Game.Unity.Tests.Content.PlaceholderBiomeContentTests.Folder_HoldsExactlyTheGeneratedAssets" methodname="Folder_HoldsExactlyTheGeneratedAssets" classname="Game.Unity.Tests.Content.PlaceholderBiomeContentTests" runstate="Runnable" seed="1402209808" result="Passed" start-time="2026-10-08 22:17:55Z" end-time="2026-10-08 22:17:55Z" duration="0.017274" asserts="0">
                  <properties>
                    <property name="retryIteration" value="0" />
                    <property name="repeatIteration" value="0" />
                  </properties>
                </test-case>
                <test-case id="2112" name="LevelCurve_GivesAboutFiveLevelUpsOnTheShortestPath" fullname="Game.Unity.Tests.Content.PlaceholderBiomeContentTests.LevelCurve_GivesAboutFiveLevelUpsOnTheShortestPath" methodname="LevelCurve_GivesAboutFiveLevelUpsOnTheShortestPath" classname="Game.Unity.Tests.Content.PlaceholderBiomeContentTests" runstate="Runnable" seed="1218584715" result="Passed" start-time="2026-10-08 22:17:55Z" end-time="2026-10-08 22:17:55Z" duration="0.015835" asserts="0">
                  <properties>
                    <property name="retryIteration" value="0" />
                    <property name="repeatIteration" value="0" />
                  </properties>
                </test-case>
                <test-case id="2110" name="MiniBosses_RevealDifferentCardsOfTheProfessor" fullname="Game.Unity.Tests.Content.PlaceholderBiomeContentTests.MiniBosses_RevealDifferentCardsOfTheProfessor" methodname="MiniBosses_RevealDifferentCardsOfTheProfessor" classname="Game.Unity.Tests.Content.PlaceholderBiomeContentTests" runstate="Runnable" seed="1317513905" result="Passed" start-time="2026-10-08 22:17:55Z" end-time="2026-10-08 22:17:55Z" duration="0.002050" asserts="0">
                  <properties>
                    <property name="retryIteration" value="0" />
                    <property name="repeatIteration" value="0" />
                  </properties>
                </test-case>
                <test-case id="2107" name="MiniBossXp_IsAboveEveryRegularEncounter" fullname="Game.Unity.Tests.Content.PlaceholderBiomeContentTests.MiniBossXp_IsAboveEveryRegularEncounter" methodname="MiniBossXp_IsAboveEveryRegularEncounter" classname="Game.Unity.Tests.Content.PlaceholderBiomeContentTests" runstate="Runnable" seed="840559759" result="Passed" start-time="2026-10-08 22:17:55Z" end-time="2026-10-08 22:17:55Z" duration="0.001057" asserts="0">
                  <properties>
                    <property name="retryIteration" value="0" />
                    <property name="repeatIteration" value="0" />
                  </properties>
                </test-case>
                <test-case id="2109" name="Objectives_AskForMonstersThatAreCommonInThePool" fullname="Game.Unity.Tests.Content.PlaceholderBiomeContentTests.Objectives_AskForMonstersThatAreCommonInThePool" methodname="Objectives_AskForMonstersThatAreCommonInThePool" classname="Game.Unity.Tests.Content.PlaceholderBiomeContentTests" runstate="Runnable" seed="425328078" result="Passed" start-time="2026-10-08 22:17:55Z" end-time="2026-10-08 22:17:55Z" duration="0.001570" asserts="0">
                  <properties>
                    <property name="retryIteration" value="0" />
                    <property name="repeatIteration" value="0" />
                  </properties>
                </test-case>
                <test-case id="2105" name="RegularMonsters_HaveASingleAttackCard" fullname="Game.Unity.Tests.Content.PlaceholderBiomeContentTests.RegularMonsters_HaveASingleAttackCard" methodname="RegularMonsters_HaveASingleAttackCard" classname="Game.Unity.Tests.Content.PlaceholderBiomeContentTests" runstate="Runnable" seed="980033904" result="Passed" start-time="2026-10-08 22:17:55Z" end-time="2026-10-08 22:17:55Z" duration="0.003843" asserts="0">
                  <properties>
                    <property name="retryIteration" value="0" />
                    <property name="repeatIteration" value="0" />
                  </properties>
                </test-case>
                <test-case id="2113" name="WholeBiome_PlayedSimplyWithTheMvpClass_EndsInVictory" fullname="Game.Unity.Tests.Content.PlaceholderBiomeContentTests.WholeBiome_PlayedSimplyWithTheMvpClass_EndsInVictory" methodname="WholeBiome_PlayedSimplyWithTheMvpClass_EndsInVictory" classname="Game.Unity.Tests.Content.PlaceholderBiomeContentTests" runstate="Runnable" seed="972123985" result="Passed" start-time="2026-10-08 22:17:55Z" end-time="2026-10-08 22:17:55Z" duration="0.027005" asserts="0">
                  <properties>
                    <property name="retryIteration" value="0" />
                    <property name="repeatIteration" value="0" />
                  </properties>
                </test-case>
                <test-case id="2114" name="WholeBiome_SameSeed_GivesTheSameRun" fullname="Game.Unity.Tests.Content.PlaceholderBiomeContentTests.WholeBiome_SameSeed_GivesTheSameRun" methodname="WholeBiome_SameSeed_GivesTheSameRun" classname="Game.Unity.Tests.Content.PlaceholderBiomeContentTests" runstate="Runnable" seed="1902167707" result="Passed" start-time="2026-10-08 22:17:55Z" end-time="2026-10-08 22:17:55Z" duration="0.001793" asserts="0">
                  <properties>
                    <property name="retryIteration" value="0" />
                    <property name="repeatIteration" value="0" />
                  </properties>
                </test-case>
              </test-suite>
              <test-suite type="TestFixture" id="2115" name="PlaceholderContentTests" fullname="Game.Unity.Tests.Content.PlaceholderContentTests" classname="Game.Unity.Tests.Content.PlaceholderContentTests" runstate="Runnable" testcasecount="7" result="Passed" start-time="2026-10-08 22:17:55Z" end-time="2026-10-08 22:17:55Z" duration="0.029370" total="7" passed="7" failed="0" inconclusive="0" skipped="0" asserts="0">
                <properties />
                <test-case id="2122" name="PlaceholderLine_RunsFight_EndsWithAWinner" fullname="Game.Unity.Tests.Content.PlaceholderContentTests.PlaceholderLine_RunsFight_EndsWithAWinner" methodname="PlaceholderLine_RunsFight_EndsWithAWinner" classname="Game.Unity.Tests.Content.PlaceholderContentTests" runstate="Runnable" seed="1549988732" result="Passed" start-time="2026-10-08 22:17:55Z" end-time="2026-10-08 22:17:55Z" duration="0.006121" asserts="0">
                  <properties>
                    <property name="retryIteration" value="0" />
                    <property name="repeatIteration" value="0" />
                  </properties>
                </test-case>
                <test-case id="2119" name="PlaceholderSet_CoversEveryEffect" fullname="Game.Unity.Tests.Content.PlaceholderContentTests.PlaceholderSet_CoversEveryEffect" methodname="PlaceholderSet_CoversEveryEffect" classname="Game.Unity.Tests.Content.PlaceholderContentTests" runstate="Runnable" seed="149442534" result="Passed" start-time="2026-10-08 22:17:55Z" end-time="2026-10-08 22:17:55Z" duration="0.003031" asserts="0">
                  <properties>
                    <property name="retryIteration" value="0" />
                    <property name="repeatIteration" value="0" />
                  </properties>
                </test-case>
                <test-case id="2117" name="PlaceholderSet_EveryCardIsFlaggedAsPlaceholder" fullname="Game.Unity.Tests.Content.PlaceholderContentTests.PlaceholderSet_EveryCardIsFlaggedAsPlaceholder" methodname="PlaceholderSet_EveryCardIsFlaggedAsPlaceholder" classname="Game.Unity.Tests.Content.PlaceholderContentTests" runstate="Runnable" seed="886030201" result="Passed" start-time="2026-10-08 22:17:55Z" end-time="2026-10-08 22:17:55Z" duration="0.003894" asserts="0">
                  <properties>
                    <property name="retryIteration" value="0" />
                    <property name="repeatIteration" value="0" />
                  </properties>
                </test-case>
                <test-case id="2120" name="PlaceholderSet_HasACardWithSeveralEffects" fullname="Game.Unity.Tests.Content.PlaceholderContentTests.PlaceholderSet_HasACardWithSeveralEffects" methodname="PlaceholderSet_HasACardWithSeveralEffects" classname="Game.Unity.Tests.Content.PlaceholderContentTests" runstate="Runnable" seed="1562897013" result="Passed" start-time="2026-10-08 22:17:55Z" end-time="2026-10-08 22:17:55Z" duration="0.002735" asserts="0">
                  <properties>
                    <property name="retryIteration" value="0" />
                    <property name="repeatIteration" value="0" />
                  </properties>
                </test-case>
                <test-case id="2121" name="PlaceholderSet_HasVariedCastTimes" fullname="Game.Unity.Tests.Content.PlaceholderContentTests.PlaceholderSet_HasVariedCastTimes" methodname="PlaceholderSet_HasVariedCastTimes" classname="Game.Unity.Tests.Content.PlaceholderContentTests" runstate="Runnable" seed="480777047" result="Passed" start-time="2026-10-08 22:17:55Z" end-time="2026-10-08 22:17:55Z" duration="0.004960" asserts="0">
                  <properties>
                    <property name="retryIteration" value="0" />
                    <property name="repeatIteration" value="0" />
                  </properties>
                </test-case>
                <test-case id="2118" name="PlaceholderSet_IdsAreTestIds" fullname="Game.Unity.Tests.Content.PlaceholderContentTests.PlaceholderSet_IdsAreTestIds" methodname="PlaceholderSet_IdsAreTestIds" classname="Game.Unity.Tests.Content.PlaceholderContentTests" runstate="Runnable" seed="694525624" result="Passed" start-time="2026-10-08 22:17:55Z" end-time="2026-10-08 22:17:55Z" duration="0.002789" asserts="0">
                  <properties>
                    <property name="retryIteration" value="0" />
                    <property name="repeatIteration" value="0" />
                  </properties>
                </test-case>
                <test-case id="2116" name="PlaceholderSet_MatchesGenerator" fullname="Game.Unity.Tests.Content.PlaceholderContentTests.PlaceholderSet_MatchesGenerator" methodname="PlaceholderSet_MatchesGenerator" classname="Game.Unity.Tests.Content.PlaceholderContentTests" runstate="Runnable" seed="1948290259" result="Passed" start-time="2026-10-08 22:17:55Z" end-time="2026-10-08 22:17:55Z" duration="0.004071" asserts="0">
                  <properties>
                    <property name="retryIteration" value="0" />
                    <property name="repeatIteration" value="0" />
                  </properties>
                </test-case>
              </test-suite>
              <test-suite type="TestFixture" id="2123" name="PlaceholderEnemyContentTests" fullname="Game.Unity.Tests.Content.PlaceholderEnemyContentTests" classname="Game.Unity.Tests.Content.PlaceholderEnemyContentTests" runstate="Runnable" testcasecount="7" result="Passed" start-time="2026-10-08 22:17:55Z" end-time="2026-10-08 22:17:55Z" duration="0.034980" total="7" passed="7" failed="0" inconclusive="0" skipped="0" asserts="0">
                <properties />
                <test-case id="2130" name="PlaceholderEncounters_EachRunsAFightToTheEnd" fullname="Game.Unity.Tests.Content.PlaceholderEnemyContentTests.PlaceholderEncounters_EachRunsAFightToTheEnd" methodname="PlaceholderEncounters_EachRunsAFightToTheEnd" classname="Game.Unity.Tests.Content.PlaceholderEnemyContentTests" runstate="Runnable" seed="924705340" result="Passed" start-time="2026-10-08 22:17:55Z" end-time="2026-10-08 22:17:55Z" duration="0.004058" asserts="0">
                  <properties>
                    <property name="retryIteration" value="0" />
                    <property name="repeatIteration" value="0" />
                  </properties>
                </test-case>
                <test-case id="2129" name="PlaceholderEncounters_HaveOneWithSeveralEnemies" fullname="Game.Unity.Tests.Content.PlaceholderEnemyContentTests.PlaceholderEncounters_HaveOneWithSeveralEnemies" methodname="PlaceholderEncounters_HaveOneWithSeveralEnemies" classname="Game.Unity.Tests.Content.PlaceholderEnemyContentTests" runstate="Runnable" seed="86837572" result="Passed" start-time="2026-10-08 22:17:55Z" end-time="2026-10-08 22:17:55Z" duration="0.003093" asserts="0">
                  <properties>
                    <property name="retryIteration" value="0" />
                    <property name="repeatIteration" value="0" />
                  </properties>
                </test-case>
                <test-case id="2125" name="PlaceholderEncounters_MatchGenerator" fullname="Game.Unity.Tests.Content.PlaceholderEnemyContentTests.PlaceholderEncounters_MatchGenerator" methodname="PlaceholderEncounters_MatchGenerator" classname="Game.Unity.Tests.Content.PlaceholderEnemyContentTests" runstate="Runnable" seed="1422594076" result="Passed" start-time="2026-10-08 22:17:55Z" end-time="2026-10-08 22:17:55Z" duration="0.004683" asserts="0">
                  <properties>
                    <property name="retryIteration" value="0" />
                    <property name="repeatIteration" value="0" />
                  </properties>
                </test-case>
                <test-case id="2128" name="PlaceholderEnemies_CoverEveryRank" fullname="Game.Unity.Tests.Content.PlaceholderEnemyContentTests.PlaceholderEnemies_CoverEveryRank" methodname="PlaceholderEnemies_CoverEveryRank" classname="Game.Unity.Tests.Content.PlaceholderEnemyContentTests" runstate="Runnable" seed="542561847" result="Passed" start-time="2026-10-08 22:17:55Z" end-time="2026-10-08 22:17:55Z" duration="0.005767" asserts="0">
                  <properties>
                    <property name="retryIteration" value="0" />
                    <property name="repeatIteration" value="0" />
                  </properties>
                </test-case>
                <test-case id="2124" name="PlaceholderEnemies_MatchGenerator" fullname="Game.Unity.Tests.Content.PlaceholderEnemyContentTests.PlaceholderEnemies_MatchGenerator" methodname="PlaceholderEnemies_MatchGenerator" classname="Game.Unity.Tests.Content.PlaceholderEnemyContentTests" runstate="Runnable" seed="1568772737" result="Passed" start-time="2026-10-08 22:17:55Z" end-time="2026-10-08 22:17:55Z" duration="0.002980" asserts="0">
                  <properties>
                    <property name="retryIteration" value="0" />
                    <property name="repeatIteration" value="0" />
                  </properties>
                </test-case>
                <test-case id="2126" name="PlaceholderEnemiesAndEncounters_AreFlaggedAsPlaceholder" fullname="Game.Unity.Tests.Content.PlaceholderEnemyContentTests.PlaceholderEnemiesAndEncounters_AreFlaggedAsPlaceholder" methodname="PlaceholderEnemiesAndEncounters_AreFlaggedAsPlaceholder" classname="Game.Unity.Tests.Content.PlaceholderEnemyContentTests" runstate="Runnable" seed="1693935722" result="Passed" start-time="2026-10-08 22:17:55Z" end-time="2026-10-08 22:17:55Z" duration="0.008356" asserts="0">
                  <properties>
                    <property name="retryIteration" value="0" />
                    <property name="repeatIteration" value="0" />
                  </properties>
                </test-case>
                <test-case id="2127" name="PlaceholderEnemiesAndEncounters_IdsAreTestIds" fullname="Game.Unity.Tests.Content.PlaceholderEnemyContentTests.PlaceholderEnemiesAndEncounters_IdsAreTestIds" methodname="PlaceholderEnemiesAndEncounters_IdsAreTestIds" classname="Game.Unity.Tests.Content.PlaceholderEnemyContentTests" runstate="Runnable" seed="848305581" result="Passed" start-time="2026-10-08 22:17:55Z" end-time="2026-10-08 22:17:55Z" duration="0.004393" asserts="0">
                  <properties>
                    <property name="retryIteration" value="0" />
                    <property name="repeatIteration" value="0" />
                  </properties>
                </test-case>
              </test-suite>
              <test-suite type="TestFixture" id="2131" name="PlaceholderGuardProjectTests" fullname="Game.Unity.Tests.Content.PlaceholderGuardProjectTests" classname="Game.Unity.Tests.Content.PlaceholderGuardProjectTests" runstate="Runnable" testcasecount="2" result="Passed" start-time="2026-10-08 22:17:55Z" end-time="2026-10-08 22:17:56Z" duration="0.927413" total="2" passed="2" failed="0" inconclusive="0" skipped="0" asserts="0">
                <properties />
                <test-case id="2133" name="FindProjectViolations_ClassOutsideAreaReferencingPlaceholderCard_ReportsIt" fullname="Game.Unity.Tests.Content.PlaceholderGuardProjectTests.FindProjectViolations_ClassOutsideAreaReferencingPlaceholderCard_ReportsIt" methodname="FindProjectViolations_ClassOutsideAreaReferencingPlaceholderCard_ReportsIt" classname="Game.Unity.Tests.Content.PlaceholderGuardProjectTests" runstate="Runnable" seed="1493357635" result="Passed" start-time="2026-10-08 22:17:55Z" end-time="2026-10-08 22:17:55Z" duration="0.510030" asserts="0">
                  <properties>
                    <property name="retryIteration" value="0" />
                    <property name="repeatIteration" value="0" />
                  </properties>
                </test-case>
                <test-case id="2132" name="FindProjectViolations_EncounterOutsideAreaReferencingPlaceholderEnemy_ReportsIt" fullname="Game.Unity.Tests.Content.PlaceholderGuardProjectTests.FindProjectViolations_EncounterOutsideAreaReferencingPlaceholderEnemy_ReportsIt" methodname="FindProjectViolations_EncounterOutsideAreaReferencingPlaceholderEnemy_ReportsIt" classname="Game.Unity.Tests.Content.PlaceholderGuardProjectTests" runstate="Runnable" seed="1844428387" result="Passed" start-time="2026-10-08 22:17:55Z" end-time="2026-10-08 22:17:56Z" duration="0.416420" asserts="0">
                  <properties>
                    <property name="retryIteration" value="0" />
                    <property name="repeatIteration" value="0" />
                  </properties>
                </test-case>
              </test-suite>
              <test-suite type="TestFixture" id="2134" name="PlaceholderGuardTests" fullname="Game.Unity.Tests.Content.PlaceholderGuardTests" classname="Game.Unity.Tests.Content.PlaceholderGuardTests" runstate="Runnable" testcasecount="10" result="Passed" start-time="2026-10-08 22:17:56Z" end-time="2026-10-08 22:17:56Z" duration="0.203273" total="10" passed="10" failed="0" inconclusive="0" skipped="0" asserts="0">
                <properties />
                <test-case id="2142" name="FindBuildViolations_CurrentBuildRoots_IsEmpty" fullname="Game.Unity.Tests.Content.PlaceholderGuardTests.FindBuildViolations_CurrentBuildRoots_IsEmpty" methodname="FindBuildViolations_CurrentBuildRoots_IsEmpty" classname="Game.Unity.Tests.Content.PlaceholderGuardTests" runstate="Runnable" seed="1395211006" result="Passed" start-time="2026-10-08 22:17:56Z" end-time="2026-10-08 22:17:56Z" duration="0.010222" asserts="0">
                  <properties>
                    <property name="retryIteration" value="0" />
                    <property name="repeatIteration" value="0" />
                  </properties>
                </test-case>
                <test-case id="2143" name="FindBuildViolations_RootInExemptFolder_ReportsIt" fullname="Game.Unity.Tests.Content.PlaceholderGuardTests.FindBuildViolations_RootInExemptFolder_ReportsIt" methodname="FindBuildViolations_RootInExemptFolder_ReportsIt" classname="Game.Unity.Tests.Content.PlaceholderGuardTests" runstate="Runnable" seed="1506011784" result="Passed" start-time="2026-10-08 22:17:56Z" end-time="2026-10-08 22:17:56Z" duration="0.000397" asserts="0">
                  <properties>
                    <property name="retryIteration" value="0" />
                    <property name="repeatIteration" value="0" />
                  </properties>
                </test-case>
                <test-case id="2136" name="FindPlaceholderReferences_PlaceholderCard_ReportsIt" fullname="Game.Unity.Tests.Content.PlaceholderGuardTests.FindPlaceholderReferences_PlaceholderCard_ReportsIt" methodname="FindPlaceholderReferences_PlaceholderCard_ReportsIt" classname="Game.Unity.Tests.Content.PlaceholderGuardTests" runstate="Runnable" seed="870096182" result="Passed" start-time="2026-10-08 22:17:56Z" end-time="2026-10-08 22:17:56Z" duration="0.001100" asserts="0">
                  <properties>
                    <property name="retryIteration" value="0" />
                    <property name="repeatIteration" value="0" />
                  </properties>
                </test-case>
                <test-case id="2137" name="FindPlaceholderReferences_PlaceholderEncounter_ReportsItsEnemyAndCards" fullname="Game.Unity.Tests.Content.PlaceholderGuardTests.FindPlaceholderReferences_PlaceholderEncounter_ReportsItsEnemyAndCards" methodname="FindPlaceholderReferences_PlaceholderEncounter_ReportsItsEnemyAndCards" classname="Game.Unity.Tests.Content.PlaceholderGuardTests" runstate="Runnable" seed="1680559133" result="Passed" start-time="2026-10-08 22:17:56Z" end-time="2026-10-08 22:17:56Z" duration="0.002311" asserts="0">
                  <properties>
                    <property name="retryIteration" value="0" />
                    <property name="repeatIteration" value="0" />
                  </properties>
                </test-case>
                <test-case id="2135" name="FindProjectViolations_CurrentProject_IsEmpty" fullname="Game.Unity.Tests.Content.PlaceholderGuardTests.FindProjectViolations_CurrentProject_IsEmpty" methodname="FindProjectViolations_CurrentProject_IsEmpty" classname="Game.Unity.Tests.Content.PlaceholderGuardTests" runstate="Runnable" seed="353452868" result="Passed" start-time="2026-10-08 22:17:56Z" end-time="2026-10-08 22:17:56Z" duration="0.186232" asserts="0">
                  <properties>
                    <property name="retryIteration" value="0" />
                    <property name="repeatIteration" value="0" />
                  </properties>
                </test-case>
                <test-case id="2141" name="IsInPlaceholderArea_DebugFolder_IsTrue" fullname="Game.Unity.Tests.Content.PlaceholderGuardTests.IsInPlaceholderArea_DebugFolder_IsTrue" methodname="IsInPlaceholderArea_DebugFolder_IsTrue" classname="Game.Unity.Tests.Content.PlaceholderGuardTests" runstate="Runnable" seed="1977442105" result="Passed" start-time="2026-10-08 22:17:56Z" end-time="2026-10-08 22:17:56Z" duration="0.000245" asserts="0">
                  <properties>
                    <property name="retryIteration" value="0" />
                    <property name="repeatIteration" value="0" />
                  </properties>
                </test-case>
                <test-case id="2144" name="IsInPlaceholderArea_OtherFolder_IsFalse" fullname="Game.Unity.Tests.Content.PlaceholderGuardTests.IsInPlaceholderArea_OtherFolder_IsFalse" methodname="IsInPlaceholderArea_OtherFolder_IsFalse" classname="Game.Unity.Tests.Content.PlaceholderGuardTests" runstate="Runnable" seed="334386584" result="Passed" start-time="2026-10-08 22:17:56Z" end-time="2026-10-08 22:17:56Z" duration="0.000150" asserts="0">
                  <properties>
                    <property name="retryIteration" value="0" />
                    <property name="repeatIteration" value="0" />
                  </properties>
                </test-case>
                <test-case id="2139" name="IsInPlaceholderArea_PlaceholderBiomeFolder_IsTrue" fullname="Game.Unity.Tests.Content.PlaceholderGuardTests.IsInPlaceholderArea_PlaceholderBiomeFolder_IsTrue" methodname="IsInPlaceholderArea_PlaceholderBiomeFolder_IsTrue" classname="Game.Unity.Tests.Content.PlaceholderGuardTests" runstate="Runnable" seed="1686745645" result="Passed" start-time="2026-10-08 22:17:56Z" end-time="2026-10-08 22:17:56Z" duration="0.000126" asserts="0">
                  <properties>
                    <property name="retryIteration" value="0" />
                    <property name="repeatIteration" value="0" />
                  </properties>
                </test-case>
                <test-case id="2138" name="IsInPlaceholderArea_PlaceholderFolder_IsTrue" fullname="Game.Unity.Tests.Content.PlaceholderGuardTests.IsInPlaceholderArea_PlaceholderFolder_IsTrue" methodname="IsInPlaceholderArea_PlaceholderFolder_IsTrue" classname="Game.Unity.Tests.Content.PlaceholderGuardTests" runstate="Runnable" seed="955939032" result="Passed" start-time="2026-10-08 22:17:56Z" end-time="2026-10-08 22:17:56Z" duration="0.000124" asserts="0">
                  <properties>
                    <property name="retryIteration" value="0" />
                    <property name="repeatIteration" value="0" />
                  </properties>
                </test-case>
                <test-case id="2140" name="IsInPlaceholderArea_TestsFolder_IsTrue" fullname="Game.Unity.Tests.Content.PlaceholderGuardTests.IsInPlaceholderArea_TestsFolder_IsTrue" methodname="IsInPlaceholderArea_TestsFolder_IsTrue" classname="Game.Unity.Tests.Content.PlaceholderGuardTests" runstate="Runnable" seed="1816557567" result="Passed" start-time="2026-10-08 22:17:56Z" end-time="2026-10-08 22:17:56Z" duration="0.000123" asserts="0">
                  <properties>
                    <property name="retryIteration" value="0" />
                    <property name="repeatIteration" value="0" />
                  </properties>
                </test-case>
              </test-suite>
            </test-suite>
            <test-suite type="TestSuite" id="2209" name="DebugTools" fullname="Game.Unity.Tests.DebugTools" runstate="Runnable" testcasecount="30" result="Passed" start-time="2026-10-08 22:17:56Z" end-time="2026-10-08 22:17:58Z" duration="1.651746" total="30" passed="30" failed="0" inconclusive="0" skipped="0" asserts="0">
              <properties />
              <test-suite type="TestFixture" id="2053" name="CombatEventTextTests" fullname="Game.Unity.Tests.DebugTools.CombatEventTextTests" classname="Game.Unity.Tests.DebugTools.CombatEventTextTests" runstate="Runnable" testcasecount="4" result="Passed" start-time="2026-10-08 22:17:56Z" end-time="2026-10-08 22:17:56Z" duration="0.002787" total="4" passed="4" failed="0" inconclusive="0" skipped="0" asserts="0">
                <properties />
                <test-case id="2054" name="Describe_CastWithoutBonus_HasNoBonusText" fullname="Game.Unity.Tests.DebugTools.CombatEventTextTests.Describe_CastWithoutBonus_HasNoBonusText" methodname="Describe_CastWithoutBonus_HasNoBonusText" classname="Game.Unity.Tests.DebugTools.CombatEventTextTests" runstate="Runnable" seed="725859399" result="Passed" start-time="2026-10-08 22:17:56Z" end-time="2026-10-08 22:17:56Z" duration="0.001184" asserts="0">
                  <properties>
                    <property name="retryIteration" value="0" />
                    <property name="repeatIteration" value="0" />
                  </properties>
                </test-case>
                <test-case id="2057" name="Describe_CastWithPartlyWastedBonus_ShowsWastedAmount" fullname="Game.Unity.Tests.DebugTools.CombatEventTextTests.Describe_CastWithPartlyWastedBonus_ShowsWastedAmount" methodname="Describe_CastWithPartlyWastedBonus_ShowsWastedAmount" classname="Game.Unity.Tests.DebugTools.CombatEventTextTests" runstate="Runnable" seed="1642203917" result="Passed" start-time="2026-10-08 22:17:56Z" end-time="2026-10-08 22:17:56Z" duration="0.000423" asserts="0">
                  <properties>
                    <property name="retryIteration" value="0" />
                    <property name="repeatIteration" value="0" />
                  </properties>
                </test-case>
                <test-case id="2055" name="Describe_CastWithUsedBonus_ListsIt" fullname="Game.Unity.Tests.DebugTools.CombatEventTextTests.Describe_CastWithUsedBonus_ListsIt" methodname="Describe_CastWithUsedBonus_ListsIt" classname="Game.Unity.Tests.DebugTools.CombatEventTextTests" runstate="Runnable" seed="1435594774" result="Passed" start-time="2026-10-08 22:17:56Z" end-time="2026-10-08 22:17:56Z" duration="0.000175" asserts="0">
                  <properties>
                    <property name="retryIteration" value="0" />
                    <property name="repeatIteration" value="0" />
                  </properties>
                </test-case>
                <test-case id="2056" name="Describe_CastWithWastedBonus_MarksItWasted" fullname="Game.Unity.Tests.DebugTools.CombatEventTextTests.Describe_CastWithWastedBonus_MarksItWasted" methodname="Describe_CastWithWastedBonus_MarksItWasted" classname="Game.Unity.Tests.DebugTools.CombatEventTextTests" runstate="Runnable" seed="941931231" result="Passed" start-time="2026-10-08 22:17:56Z" end-time="2026-10-08 22:17:56Z" duration="0.000165" asserts="0">
                  <properties>
                    <property name="retryIteration" value="0" />
                    <property name="repeatIteration" value="0" />
                  </properties>
                </test-case>
              </test-suite>
              <test-suite type="TestFixture" id="2058" name="DebugFightPlayModeTests" fullname="Game.Unity.Tests.DebugTools.DebugFightPlayModeTests" classname="Game.Unity.Tests.DebugTools.DebugFightPlayModeTests" runstate="Runnable" testcasecount="1" result="Passed" start-time="2026-10-08 22:17:56Z" end-time="2026-10-08 22:17:58Z" duration="1.625331" total="1" passed="1" failed="0" inconclusive="0" skipped="0" asserts="0">
                <properties />
                <test-case id="2059" name="DebugScene_InPlayMode_LoadsAndPlaysTheFight" fullname="Game.Unity.Tests.DebugTools.DebugFightPlayModeTests.DebugScene_InPlayMode_LoadsAndPlaysTheFight" methodname="DebugScene_InPlayMode_LoadsAndPlaysTheFight" classname="Game.Unity.Tests.DebugTools.DebugFightPlayModeTests" runstate="Runnable" seed="2143940246" result="Passed" start-time="2026-10-08 22:17:56Z" end-time="2026-10-08 22:17:58Z" duration="1.624641" asserts="0">
                  <properties>
                    <property name="_JOINTYPE" value="UnityCombinatorial" />
                    <property name="retryIteration" value="0" />
                    <property name="repeatIteration" value="0" />
                  </properties>
                  <output><![CDATA[[Debug fight] Hero wins after 59 ticks, 168 events.
combatant=0 maxHealth=50 health=50 shield=0 line=test_card_01,test_card_04,test_card_01,test_card_05
combatant=1 maxHealth=15 health=15 shield=0 line=test_card_01
combatant=2 maxHealth=10 health=10 shield=2 line=test_card_04
tick=1 event=cast caster=0 pos=0 card=test_card_01 target=1
tick=1 event=damage caster=0 pos=0 card=test_card_01 target=1 amount=1 absorbed=0 healthLost=1 health=14 shield=0
tick=1 event=cast caster=1 pos=0 card=test_card_01 target=0
tick=1 event=damage caster=1 pos=0 card=test_card_01 target=0 amount=1 absorbed=0 healthLost=1 health=49 shield=0
tick=2 event=cast caster=1 pos=0 card=test_card_01 target=0
tick=2 event=damage caster=1 pos=0 card=test_card_01 target=0 amount=1 absorbed=0 healthLost=1 health=48 shield=0
tick=3 event=cast caster=1 pos=0 card=test_card_01 target=0
tick=3 event=damage caster=1 pos=0 card=test_card_01 target=0 amount=1 absorbed=0 healthLost=1 health=47 shield=0
tick=3 event=cast caster=2 pos=0 card=test_card_04 target=0
tick=3 event=damage caster=2 pos=0 card=test_card_04 target=0 amount=2 absorbed=0 healthLost=2 health=45 shield=0
tick=3 event=shield caster=2 pos=0 card=test_card_04 target=2 amount=1 health=10 shield=3
tick=4 event=cast caster=0 pos=1 card=test_card_04 target=1
tick=4 event=damage caster=0 pos=1 card=test_card_04 target=1 amount=2 absorbed=0 healthLost=2 health=12 shield=0
tick=4 event=shield caster=0 pos=1 card=test_card_04 target=0 amount=1 health=45 shield=1
tick=4 event=cast caster=1 pos=0 card=test_card_01 target=0
tick=4 event=damage caster=1 pos=0 card=test_card_01 target=0 amount=1 absorbed=1 healthLost=0 health=45 shield=0
tick=5 event=cast caster=0 pos=2 card=test_card_01 target=1
tick=5 event=damage caster=0 pos=2 card=test_card_01 target=1 amount=1 absorbed=0 healthLost=1 health=11 shield=0
tick=5 event=cast caster=1 pos=0 card=test_card_01 target=0
tick=5 event=damage caster=1 pos=0 card=test_card_01 target=0 amount=1 absorbed=0 healthLost=1 health=44 shield=0
tick=6 event=cast caster=1 pos=0 card=test_card_01 target=0
tick=6 event=damage caster=1 pos=0 card=test_card_01 target=0 amount=1 absorbed=0 healthLost=1 health=43 shield=0
tick=6 event=cast caster=2 pos=0 card=test_card_04 target=0
tick=6 event=damage caster=2 pos=0 card=test_card_04 target=0 amount=2 absorbed=0 healthLost=2 health=41 shield=0
tick=6 event=shield caster=2 pos=0 card=test_card_04 target=2 amount=1 health=10 shield=4
tick=7 event=cast caster=1 pos=0 card=test_card_01 target=0
tick=7 event=damage caster=1 pos=0 card=test_card_01 target=0 amount=1 absorbed=0 healthLost=1 health=40 shield=0
tick=8 event=cast caster=1 pos=0 card=test_card_01 target=0
tick=8 event=damage caster=1 pos=0 card=test_card_01 target=0 amount=1 absorbed=0 healthLost=1 health=39 shield=0
tick=9 event=cast caster=0 pos=3 card=test_card_05 target=1
tick=9 event=damage caster=0 pos=3 card=test_card_05 target=1 amount=3 absorbed=0 healthLost=3 health=8 shield=0
tick=9 event=heal caster=0 pos=3 card=test_card_05 target=0 amount=1 health=40 shield=0
tick=9 event=shield caster=0 pos=3 card=test_card_05 target=0 amount=1 health=40 shield=1
tick=9 event=cast caster=1 pos=0 card=test_card_01 target=0
tick=9 event=damage caster=1 pos=0 card=test_card_01 target=0 amount=1 absorbed=1 healthLost=0 health=40 shield=0
tick=9 event=cast caster=2 pos=0 card=test_card_04 target=0
tick=9 event=damage caster=2 pos=0 card=test_card_04 target=0 amount=2 absorbed=0 healthLost=2 health=38 shield=0
tick=9 event=shield caster=2 pos=0 card=test_card_04 target=2 amount=1 health=10 shield=5
tick=10 event=cast caster=0 pos=0 card=test_card_01 target=1
tick=10 event=damage caster=0 pos=0 card=test_card_01 target=1 amount=1 absorbed=0 healthLost=1 health=7 shield=0
tick=10 event=cast caster=1 pos=0 card=test_card_01 target=0
tick=10 event=damage caster=1 pos=0 card=test_card_01 target=0 amount=1 absorbed=0 healthLost=1 health=37 shield=0
tick=11 event=cast caster=1 pos=0 card=test_card_01 target=0
tick=11 event=damage caster=1 pos=0 card=test_card_01 target=0 amount=1 absorbed=0 healthLost=1 health=36 shield=0
tick=12 event=cast caster=1 pos=0 card=test_card_01 target=0
tick=12 event=damage caster=1 pos=0 card=test_card_01 target=0 amount=1 absorbed=0 healthLost=1 health=35 shield=0
tick=12 event=cast caster=2 pos=0 card=test_card_04 target=0
tick=12 event=damage caster=2 pos=0 card=test_card_04 target=0 amount=2 absorbed=0 healthLost=2 health=33 shield=0
tick=12 event=shield caster=2 pos=0 card=test_card_04 target=2 amount=1 health=10 shield=6
tick=13 event=cast caster=0 pos=1 card=test_card_04 target=1
tick=13 event=damage caster=0 pos=1 card=test_card_04 target=1 amount=2 absorbed=0 healthLost=2 health=5 shield=0
tick=13 event=shield caster=0 pos=1 card=test_card_04 target=0 amount=1 health=33 shield=1
tick=13 event=cast caster=1 pos=0 card=test_card_01 target=0
tick=13 event=damage caster=1 pos=0 card=test_card_01 target=0 amount=1 absorbed=1 healthLost=0 health=33 shield=0
tick=14 event=cast caster=0 pos=2 card=test_card_01 target=1
tick=14 event=damage caster=0 pos=2 card=test_card_01 target=1 amount=1 absorbed=0 healthLost=1 health=4 shield=0
tick=14 event=cast caster=1 pos=0 card=test_card_01 target=0
tick=14 event=damage caster=1 pos=0 card=test_card_01 target=0 amount=1 absorbed=0 healthLost=1 health=32 shield=0
tick=15 event=cast caster=1 pos=0 card=test_card_01 target=0
tick=15 event=damage caster=1 pos=0 card=test_card_01 target=0 amount=1 absorbed=0 healthLost=1 health=31 shield=0
tick=15 event=cast caster=2 pos=0 card=test_card_04 target=0
tick=15 event=damage caster=2 pos=0 card=test_card_04 target=0 amount=2 absorbed=0 healthLost=2 health=29 shield=0
tick=15 event=shield caster=2 pos=0 card=test_card_04 target=2 amount=1 health=10 shield=7
tick=16 event=cast caster=1 pos=0 card=test_card_01 target=0
tick=16 event=damage caster=1 pos=0 card=test_card_01 target=0 amount=1 absorbed=0 healthLost=1 health=28 shield=0
tick=17 event=cast caster=1 pos=0 card=test_card_01 target=0
tick=17 event=damage caster=1 pos=0 card=test_card_01 target=0 amount=1 absorbed=0 healthLost=1 health=27 shield=0
tick=18 event=cast caster=0 pos=3 card=test_card_05 target=1
tick=18 event=damage caster=0 pos=3 card=test_card_05 target=1 amount=3 absorbed=0 healthLost=3 health=1 shield=0
tick=18 event=heal caster=0 pos=3 card=test_card_05 target=0 amount=1 health=28 shield=0
tick=18 event=shield caster=0 pos=3 card=test_card_05 target=0 amount=1 health=28 shield=1
tick=18 event=cast caster=1 pos=0 card=test_card_01 target=0
tick=18 event=damage caster=1 pos=0 card=test_card_01 target=0 amount=1 absorbed=1 healthLost=0 health=28 shield=0
tick=18 event=cast caster=2 pos=0 card=test_card_04 target=0
tick=18 event=damage caster=2 pos=0 card=test_card_04 target=0 amount=2 absorbed=0 healthLost=2 health=26 shield=0
tick=18 event=shield caster=2 pos=0 card=test_card_04 target=2 amount=1 health=10 shield=8
tick=19 event=cast caster=0 pos=0 card=test_card_01 target=1
tick=19 event=damage caster=0 pos=0 card=test_card_01 target=1 amount=1 absorbed=0 healthLost=1 health=0 shield=0
tick=19 event=death caster=0 pos=0 card=test_card_01 target=1 health=0 shield=0
tick=21 event=cast caster=2 pos=0 card=test_card_04 target=0
tick=21 event=damage caster=2 pos=0 card=test_card_04 target=0 amount=2 absorbed=0 healthLost=2 health=24 shield=0
tick=21 event=shield caster=2 pos=0 card=test_card_04 target=2 amount=1 health=10 shield=9
tick=22 event=cast caster=0 pos=1 card=test_card_04 target=2
tick=22 event=damage caster=0 pos=1 card=test_card_04 target=2 amount=2 absorbed=2 healthLost=0 health=10 shield=7
tick=22 event=shield caster=0 pos=1 card=test_card_04 target=0 amount=1 health=24 shield=1
tick=23 event=cast caster=0 pos=2 card=test_card_01 target=2
tick=23 event=damage caster=0 pos=2 card=test_card_01 target=2 amount=1 absorbed=1 healthLost=0 health=10 shield=6
tick=24 event=cast caster=2 pos=0 card=test_card_04 target=0
tick=24 event=damage caster=2 pos=0 card=test_card_04 target=0 amount=2 absorbed=1 healthLost=1 health=23 shield=0
tick=24 event=shield caster=2 pos=0 card=test_card_04 target=2 amount=1 health=10 shield=7
tick=27 event=cast caster=0 pos=3 card=test_card_05 target=2
tick=27 event=damage caster=0 pos=3 card=test_card_05 target=2 amount=3 absorbed=3 healthLost=0 health=10 shield=4
tick=27 event=heal caster=0 pos=3 card=test_card_05 target=0 amount=1 health=24 shield=0
tick=27 event=shield caster=0 pos=3 card=test_card_05 target=0 amount=1 health=24 shield=1
tick=27 event=cast caster=2 pos=0 card=test_card_04 target=0
tick=27 event=damage caster=2 pos=0 card=test_card_04 target=0 amount=2 absorbed=1 healthLost=1 health=23 shield=0
tick=27 event=shield caster=2 pos=0 card=test_card_04 target=2 amount=1 health=10 shield=5
tick=28 event=cast caster=0 pos=0 card=test_card_01 target=2
tick=28 event=damage caster=0 pos=0 card=test_card_01 target=2 amount=1 absorbed=1 healthLost=0 health=10 shield=4
tick=30 event=cast caster=2 pos=0 card=test_card_04 target=0
tick=30 event=damage caster=2 pos=0 card=test_card_04 target=0 amount=2 absorbed=0 healthLost=2 health=21 shield=0
tick=30 event=shield caster=2 pos=0 card=test_card_04 target=2 amount=1 health=10 shield=5
tick=31 event=cast caster=0 pos=1 card=test_card_04 target=2
tick=31 event=damage caster=0 pos=1 card=test_card_04 target=2 amount=2 absorbed=2 healthLost=0 health=10 shield=3
tick=31 event=shield caster=0 pos=1 card=test_card_04 target=0 amount=1 health=21 shield=1
tick=32 event=cast caster=0 pos=2 card=test_card_01 target=2
tick=32 event=damage caster=0 pos=2 card=test_card_01 target=2 amount=1 absorbed=1 healthLost=0 health=10 shield=2
tick=33 event=cast caster=2 pos=0 card=test_card_04 target=0
tick=33 event=damage caster=2 pos=0 card=test_card_04 target=0 amount=2 absorbed=1 healthLost=1 health=20 shield=0
tick=33 event=shield caster=2 pos=0 card=test_card_04 target=2 amount=1 health=10 shield=3
tick=36 event=cast caster=0 pos=3 card=test_card_05 target=2
tick=36 event=damage caster=0 pos=3 card=test_card_05 target=2 amount=3 absorbed=3 healthLost=0 health=10 shield=0
tick=36 event=heal caster=0 pos=3 card=test_card_05 target=0 amount=1 health=21 shield=0
tick=36 event=shield caster=0 pos=3 card=test_card_05 target=0 amount=1 health=21 shield=1
tick=36 event=cast caster=2 pos=0 card=test_card_04 target=0
tick=36 event=damage caster=2 pos=0 card=test_card_04 target=0 amount=2 absorbed=1 healthLost=1 health=20 shield=0
tick=36 event=shield caster=2 pos=0 card=test_card_04 target=2 amount=1 health=10 shield=1
tick=37 event=cast caster=0 pos=0 card=test_card_01 target=2
tick=37 event=damage caster=0 pos=0 card=test_card_01 target=2 amount=1 absorbed=1 healthLost=0 health=10 shield=0
tick=39 event=cast caster=2 pos=0 card=test_card_04 target=0
tick=39 event=damage caster=2 pos=0 card=test_card_04 target=0 amount=2 absorbed=0 healthLost=2 health=18 shield=0
tick=39 event=shield caster=2 pos=0 card=test_card_04 target=2 amount=1 health=10 shield=1
tick=40 event=cast caster=0 pos=1 card=test_card_04 target=2
tick=40 event=damage caster=0 pos=1 card=test_card_04 target=2 amount=2 absorbed=1 healthLost=1 health=9 shield=0
tick=40 event=shield caster=0 pos=1 card=test_card_04 target=0 amount=1 health=18 shield=1
tick=41 event=cast caster=0 pos=2 card=test_card_01 target=2
tick=41 event=damage caster=0 pos=2 card=test_card_01 target=2 amount=1 absorbed=0 healthLost=1 health=8 shield=0
tick=42 event=cast caster=2 pos=0 card=test_card_04 target=0
tick=42 event=damage caster=2 pos=0 card=test_card_04 target=0 amount=2 absorbed=1 healthLost=1 health=17 shield=0
tick=42 event=shield caster=2 pos=0 card=test_card_04 target=2 amount=1 health=8 shield=1
tick=45 event=cast caster=0 pos=3 card=test_card_05 target=2
tick=45 event=damage caster=0 pos=3 card=test_card_05 target=2 amount=3 absorbed=1 healthLost=2 health=6 shield=0
tick=45 event=heal caster=0 pos=3 card=test_card_05 target=0 amount=1 health=18 shield=0
tick=45 event=shield caster=0 pos=3 card=test_card_05 target=0 amount=1 health=18 shield=1
tick=45 event=cast caster=2 pos=0 card=test_card_04 target=0
tick=45 event=damage caster=2 pos=0 card=test_card_04 target=0 amount=2 absorbed=1 healthLost=1 health=17 shield=0
tick=45 event=shield caster=2 pos=0 card=test_card_04 target=2 amount=1 health=6 shield=1
tick=46 event=cast caster=0 pos=0 card=test_card_01 target=2
tick=46 event=damage caster=0 pos=0 card=test_card_01 target=2 amount=1 absorbed=1 healthLost=0 health=6 shield=0
tick=48 event=cast caster=2 pos=0 card=test_card_04 target=0
tick=48 event=damage caster=2 pos=0 card=test_card_04 target=0 amount=2 absorbed=0 healthLost=2 health=15 shield=0
tick=48 event=shield caster=2 pos=0 card=test_card_04 target=2 amount=1 health=6 shield=1
tick=49 event=cast caster=0 pos=1 card=test_card_04 target=2
tick=49 event=damage caster=0 pos=1 card=test_card_04 target=2 amount=2 absorbed=1 healthLost=1 health=5 shield=0
tick=49 event=shield caster=0 pos=1 card=test_card_04 target=0 amount=1 health=15 shield=1
tick=50 event=cast caster=0 pos=2 card=test_card_01 target=2
tick=50 event=damage caster=0 pos=2 card=test_card_01 target=2 amount=1 absorbed=0 healthLost=1 health=4 shield=0
tick=51 event=cast caster=2 pos=0 card=test_card_04 target=0
tick=51 event=damage caster=2 pos=0 card=test_card_04 target=0 amount=2 absorbed=1 healthLost=1 health=14 shield=0
tick=51 event=shield caster=2 pos=0 card=test_card_04 target=2 amount=1 health=4 shield=1
tick=54 event=cast caster=0 pos=3 card=test_card_05 target=2
tick=54 event=damage caster=0 pos=3 card=test_card_05 target=2 amount=3 absorbed=1 healthLost=2 health=2 shield=0
tick=54 event=heal caster=0 pos=3 card=test_card_05 target=0 amount=1 health=15 shield=0
tick=54 event=shield caster=0 pos=3 card=test_card_05 target=0 amount=1 health=15 shield=1
tick=54 event=cast caster=2 pos=0 card=test_card_04 target=0
tick=54 event=damage caster=2 pos=0 card=test_card_04 target=0 amount=2 absorbed=1 healthLost=1 health=14 shield=0
tick=54 event=shield caster=2 pos=0 card=test_card_04 target=2 amount=1 health=2 shield=1
tick=55 event=cast caster=0 pos=0 card=test_card_01 target=2
tick=55 event=damage caster=0 pos=0 card=test_card_01 target=2 amount=1 absorbed=1 healthLost=0 health=2 shield=0
tick=57 event=cast caster=2 pos=0 card=test_card_04 target=0
tick=57 event=damage caster=2 pos=0 card=test_card_04 target=0 amount=2 absorbed=0 healthLost=2 health=12 shield=0
tick=57 event=shield caster=2 pos=0 card=test_card_04 target=2 amount=1 health=2 shield=1
tick=58 event=cast caster=0 pos=1 card=test_card_04 target=2
tick=58 event=damage caster=0 pos=1 card=test_card_04 target=2 amount=2 absorbed=1 healthLost=1 health=1 shield=0
tick=58 event=shield caster=0 pos=1 card=test_card_04 target=0 amount=1 health=12 shield=1
tick=59 event=cast caster=0 pos=2 card=test_card_01 target=2
tick=59 event=damage caster=0 pos=2 card=test_card_01 target=2 amount=1 absorbed=0 healthLost=1 health=0 shield=0
tick=59 event=death caster=0 pos=2 card=test_card_01 target=2 health=0 shield=0
winner=hero ticks=59

]]></output>
                </test-case>
              </test-suite>
              <test-suite type="TestFixture" id="2060" name="DebugFightSceneTests" fullname="Game.Unity.Tests.DebugTools.DebugFightSceneTests" classname="Game.Unity.Tests.DebugTools.DebugFightSceneTests" runstate="Runnable" testcasecount="4" result="Passed" start-time="2026-10-08 22:17:58Z" end-time="2026-10-08 22:17:58Z" duration="0.008331" total="4" passed="4" failed="0" inconclusive="0" skipped="0" asserts="0">
                <properties />
                <test-case id="2064" name="FindBuildViolations_DebugSceneAsBuildRoot_ReportsIt" fullname="Game.Unity.Tests.DebugTools.DebugFightSceneTests.FindBuildViolations_DebugSceneAsBuildRoot_ReportsIt" methodname="FindBuildViolations_DebugSceneAsBuildRoot_ReportsIt" classname="Game.Unity.Tests.DebugTools.DebugFightSceneTests" runstate="Runnable" seed="932709374" result="Passed" start-time="2026-10-08 22:17:58Z" end-time="2026-10-08 22:17:58Z" duration="0.000863" asserts="0">
                  <properties>
                    <property name="retryIteration" value="0" />
                    <property name="repeatIteration" value="0" />
                  </properties>
                </test-case>
                <test-case id="2062" name="Scene_HasAViewerWiredToTheSetupAsset" fullname="Game.Unity.Tests.DebugTools.DebugFightSceneTests.Scene_HasAViewerWiredToTheSetupAsset" methodname="Scene_HasAViewerWiredToTheSetupAsset" classname="Game.Unity.Tests.DebugTools.DebugFightSceneTests" runstate="Runnable" seed="1969857404" result="Passed" start-time="2026-10-08 22:17:58Z" end-time="2026-10-08 22:17:58Z" duration="0.004842" asserts="0">
                  <properties>
                    <property name="retryIteration" value="0" />
                    <property name="repeatIteration" value="0" />
                  </properties>
                </test-case>
                <test-case id="2063" name="Scene_IsNotInTheBuildSettings" fullname="Game.Unity.Tests.DebugTools.DebugFightSceneTests.Scene_IsNotInTheBuildSettings" methodname="Scene_IsNotInTheBuildSettings" classname="Game.Unity.Tests.DebugTools.DebugFightSceneTests" runstate="Runnable" seed="1360207246" result="Passed" start-time="2026-10-08 22:17:58Z" end-time="2026-10-08 22:17:58Z" duration="0.000511" asserts="0">
                  <properties>
                    <property name="retryIteration" value="0" />
                    <property name="repeatIteration" value="0" />
                  </properties>
                </test-case>
                <test-case id="2061" name="SetupAsset_Simulates_ProducesEvents" fullname="Game.Unity.Tests.DebugTools.DebugFightSceneTests.SetupAsset_Simulates_ProducesEvents" methodname="SetupAsset_Simulates_ProducesEvents" classname="Game.Unity.Tests.DebugTools.DebugFightSceneTests" runstate="Runnable" seed="460322120" result="Passed" start-time="2026-10-08 22:17:58Z" end-time="2026-10-08 22:17:58Z" duration="0.001177" asserts="0">
                  <properties>
                    <property name="retryIteration" value="0" />
                    <property name="repeatIteration" value="0" />
                  </properties>
                  <output><![CDATA[combatant=0 maxHealth=50 health=50 shield=0 line=test_card_01,test_card_04,test_card_01,test_card_05
combatant=1 maxHealth=15 health=15 shield=0 line=test_card_01
combatant=2 maxHealth=10 health=10 shield=2 line=test_card_04
tick=1 event=cast caster=0 pos=0 card=test_card_01 target=1
tick=1 event=damage caster=0 pos=0 card=test_card_01 target=1 amount=1 absorbed=0 healthLost=1 health=14 shield=0
tick=1 event=cast caster=1 pos=0 card=test_card_01 target=0
tick=1 event=damage caster=1 pos=0 card=test_card_01 target=0 amount=1 absorbed=0 healthLost=1 health=49 shield=0
tick=2 event=cast caster=1 pos=0 card=test_card_01 target=0
tick=2 event=damage caster=1 pos=0 card=test_card_01 target=0 amount=1 absorbed=0 healthLost=1 health=48 shield=0
tick=3 event=cast caster=1 pos=0 card=test_card_01 target=0
tick=3 event=damage caster=1 pos=0 card=test_card_01 target=0 amount=1 absorbed=0 healthLost=1 health=47 shield=0
tick=3 event=cast caster=2 pos=0 card=test_card_04 target=0
tick=3 event=damage caster=2 pos=0 card=test_card_04 target=0 amount=2 absorbed=0 healthLost=2 health=45 shield=0
tick=3 event=shield caster=2 pos=0 card=test_card_04 target=2 amount=1 health=10 shield=3
tick=4 event=cast caster=0 pos=1 card=test_card_04 target=1
tick=4 event=damage caster=0 pos=1 card=test_card_04 target=1 amount=2 absorbed=0 healthLost=2 health=12 shield=0
tick=4 event=shield caster=0 pos=1 card=test_card_04 target=0 amount=1 health=45 shield=1
tick=4 event=cast caster=1 pos=0 card=test_card_01 target=0
tick=4 event=damage caster=1 pos=0 card=test_card_01 target=0 amount=1 absorbed=1 healthLost=0 health=45 shield=0
tick=5 event=cast caster=0 pos=2 card=test_card_01 target=1
tick=5 event=damage caster=0 pos=2 card=test_card_01 target=1 amount=1 absorbed=0 healthLost=1 health=11 shield=0
tick=5 event=cast caster=1 pos=0 card=test_card_01 target=0
tick=5 event=damage caster=1 pos=0 card=test_card_01 target=0 amount=1 absorbed=0 healthLost=1 health=44 shield=0
tick=6 event=cast caster=1 pos=0 card=test_card_01 target=0
tick=6 event=damage caster=1 pos=0 card=test_card_01 target=0 amount=1 absorbed=0 healthLost=1 health=43 shield=0
tick=6 event=cast caster=2 pos=0 card=test_card_04 target=0
tick=6 event=damage caster=2 pos=0 card=test_card_04 target=0 amount=2 absorbed=0 healthLost=2 health=41 shield=0
tick=6 event=shield caster=2 pos=0 card=test_card_04 target=2 amount=1 health=10 shield=4
tick=7 event=cast caster=1 pos=0 card=test_card_01 target=0
tick=7 event=damage caster=1 pos=0 card=test_card_01 target=0 amount=1 absorbed=0 healthLost=1 health=40 shield=0
tick=8 event=cast caster=1 pos=0 card=test_card_01 target=0
tick=8 event=damage caster=1 pos=0 card=test_card_01 target=0 amount=1 absorbed=0 healthLost=1 health=39 shield=0
tick=9 event=cast caster=0 pos=3 card=test_card_05 target=1
tick=9 event=damage caster=0 pos=3 card=test_card_05 target=1 amount=3 absorbed=0 healthLost=3 health=8 shield=0
tick=9 event=heal caster=0 pos=3 card=test_card_05 target=0 amount=1 health=40 shield=0
tick=9 event=shield caster=0 pos=3 card=test_card_05 target=0 amount=1 health=40 shield=1
tick=9 event=cast caster=1 pos=0 card=test_card_01 target=0
tick=9 event=damage caster=1 pos=0 card=test_card_01 target=0 amount=1 absorbed=1 healthLost=0 health=40 shield=0
tick=9 event=cast caster=2 pos=0 card=test_card_04 target=0
tick=9 event=damage caster=2 pos=0 card=test_card_04 target=0 amount=2 absorbed=0 healthLost=2 health=38 shield=0
tick=9 event=shield caster=2 pos=0 card=test_card_04 target=2 amount=1 health=10 shield=5
tick=10 event=cast caster=0 pos=0 card=test_card_01 target=1
tick=10 event=damage caster=0 pos=0 card=test_card_01 target=1 amount=1 absorbed=0 healthLost=1 health=7 shield=0
tick=10 event=cast caster=1 pos=0 card=test_card_01 target=0
tick=10 event=damage caster=1 pos=0 card=test_card_01 target=0 amount=1 absorbed=0 healthLost=1 health=37 shield=0
tick=11 event=cast caster=1 pos=0 card=test_card_01 target=0
tick=11 event=damage caster=1 pos=0 card=test_card_01 target=0 amount=1 absorbed=0 healthLost=1 health=36 shield=0
tick=12 event=cast caster=1 pos=0 card=test_card_01 target=0
tick=12 event=damage caster=1 pos=0 card=test_card_01 target=0 amount=1 absorbed=0 healthLost=1 health=35 shield=0
tick=12 event=cast caster=2 pos=0 card=test_card_04 target=0
tick=12 event=damage caster=2 pos=0 card=test_card_04 target=0 amount=2 absorbed=0 healthLost=2 health=33 shield=0
tick=12 event=shield caster=2 pos=0 card=test_card_04 target=2 amount=1 health=10 shield=6
tick=13 event=cast caster=0 pos=1 card=test_card_04 target=1
tick=13 event=damage caster=0 pos=1 card=test_card_04 target=1 amount=2 absorbed=0 healthLost=2 health=5 shield=0
tick=13 event=shield caster=0 pos=1 card=test_card_04 target=0 amount=1 health=33 shield=1
tick=13 event=cast caster=1 pos=0 card=test_card_01 target=0
tick=13 event=damage caster=1 pos=0 card=test_card_01 target=0 amount=1 absorbed=1 healthLost=0 health=33 shield=0
tick=14 event=cast caster=0 pos=2 card=test_card_01 target=1
tick=14 event=damage caster=0 pos=2 card=test_card_01 target=1 amount=1 absorbed=0 healthLost=1 health=4 shield=0
tick=14 event=cast caster=1 pos=0 card=test_card_01 target=0
tick=14 event=damage caster=1 pos=0 card=test_card_01 target=0 amount=1 absorbed=0 healthLost=1 health=32 shield=0
tick=15 event=cast caster=1 pos=0 card=test_card_01 target=0
tick=15 event=damage caster=1 pos=0 card=test_card_01 target=0 amount=1 absorbed=0 healthLost=1 health=31 shield=0
tick=15 event=cast caster=2 pos=0 card=test_card_04 target=0
tick=15 event=damage caster=2 pos=0 card=test_card_04 target=0 amount=2 absorbed=0 healthLost=2 health=29 shield=0
tick=15 event=shield caster=2 pos=0 card=test_card_04 target=2 amount=1 health=10 shield=7
tick=16 event=cast caster=1 pos=0 card=test_card_01 target=0
tick=16 event=damage caster=1 pos=0 card=test_card_01 target=0 amount=1 absorbed=0 healthLost=1 health=28 shield=0
tick=17 event=cast caster=1 pos=0 card=test_card_01 target=0
tick=17 event=damage caster=1 pos=0 card=test_card_01 target=0 amount=1 absorbed=0 healthLost=1 health=27 shield=0
tick=18 event=cast caster=0 pos=3 card=test_card_05 target=1
tick=18 event=damage caster=0 pos=3 card=test_card_05 target=1 amount=3 absorbed=0 healthLost=3 health=1 shield=0
tick=18 event=heal caster=0 pos=3 card=test_card_05 target=0 amount=1 health=28 shield=0
tick=18 event=shield caster=0 pos=3 card=test_card_05 target=0 amount=1 health=28 shield=1
tick=18 event=cast caster=1 pos=0 card=test_card_01 target=0
tick=18 event=damage caster=1 pos=0 card=test_card_01 target=0 amount=1 absorbed=1 healthLost=0 health=28 shield=0
tick=18 event=cast caster=2 pos=0 card=test_card_04 target=0
tick=18 event=damage caster=2 pos=0 card=test_card_04 target=0 amount=2 absorbed=0 healthLost=2 health=26 shield=0
tick=18 event=shield caster=2 pos=0 card=test_card_04 target=2 amount=1 health=10 shield=8
tick=19 event=cast caster=0 pos=0 card=test_card_01 target=1
tick=19 event=damage caster=0 pos=0 card=test_card_01 target=1 amount=1 absorbed=0 healthLost=1 health=0 shield=0
tick=19 event=death caster=0 pos=0 card=test_card_01 target=1 health=0 shield=0
tick=21 event=cast caster=2 pos=0 card=test_card_04 target=0
tick=21 event=damage caster=2 pos=0 card=test_card_04 target=0 amount=2 absorbed=0 healthLost=2 health=24 shield=0
tick=21 event=shield caster=2 pos=0 card=test_card_04 target=2 amount=1 health=10 shield=9
tick=22 event=cast caster=0 pos=1 card=test_card_04 target=2
tick=22 event=damage caster=0 pos=1 card=test_card_04 target=2 amount=2 absorbed=2 healthLost=0 health=10 shield=7
tick=22 event=shield caster=0 pos=1 card=test_card_04 target=0 amount=1 health=24 shield=1
tick=23 event=cast caster=0 pos=2 card=test_card_01 target=2
tick=23 event=damage caster=0 pos=2 card=test_card_01 target=2 amount=1 absorbed=1 healthLost=0 health=10 shield=6
tick=24 event=cast caster=2 pos=0 card=test_card_04 target=0
tick=24 event=damage caster=2 pos=0 card=test_card_04 target=0 amount=2 absorbed=1 healthLost=1 health=23 shield=0
tick=24 event=shield caster=2 pos=0 card=test_card_04 target=2 amount=1 health=10 shield=7
tick=27 event=cast caster=0 pos=3 card=test_card_05 target=2
tick=27 event=damage caster=0 pos=3 card=test_card_05 target=2 amount=3 absorbed=3 healthLost=0 health=10 shield=4
tick=27 event=heal caster=0 pos=3 card=test_card_05 target=0 amount=1 health=24 shield=0
tick=27 event=shield caster=0 pos=3 card=test_card_05 target=0 amount=1 health=24 shield=1
tick=27 event=cast caster=2 pos=0 card=test_card_04 target=0
tick=27 event=damage caster=2 pos=0 card=test_card_04 target=0 amount=2 absorbed=1 healthLost=1 health=23 shield=0
tick=27 event=shield caster=2 pos=0 card=test_card_04 target=2 amount=1 health=10 shield=5
tick=28 event=cast caster=0 pos=0 card=test_card_01 target=2
tick=28 event=damage caster=0 pos=0 card=test_card_01 target=2 amount=1 absorbed=1 healthLost=0 health=10 shield=4
tick=30 event=cast caster=2 pos=0 card=test_card_04 target=0
tick=30 event=damage caster=2 pos=0 card=test_card_04 target=0 amount=2 absorbed=0 healthLost=2 health=21 shield=0
tick=30 event=shield caster=2 pos=0 card=test_card_04 target=2 amount=1 health=10 shield=5
tick=31 event=cast caster=0 pos=1 card=test_card_04 target=2
tick=31 event=damage caster=0 pos=1 card=test_card_04 target=2 amount=2 absorbed=2 healthLost=0 health=10 shield=3
tick=31 event=shield caster=0 pos=1 card=test_card_04 target=0 amount=1 health=21 shield=1
tick=32 event=cast caster=0 pos=2 card=test_card_01 target=2
tick=32 event=damage caster=0 pos=2 card=test_card_01 target=2 amount=1 absorbed=1 healthLost=0 health=10 shield=2
tick=33 event=cast caster=2 pos=0 card=test_card_04 target=0
tick=33 event=damage caster=2 pos=0 card=test_card_04 target=0 amount=2 absorbed=1 healthLost=1 health=20 shield=0
tick=33 event=shield caster=2 pos=0 card=test_card_04 target=2 amount=1 health=10 shield=3
tick=36 event=cast caster=0 pos=3 card=test_card_05 target=2
tick=36 event=damage caster=0 pos=3 card=test_card_05 target=2 amount=3 absorbed=3 healthLost=0 health=10 shield=0
tick=36 event=heal caster=0 pos=3 card=test_card_05 target=0 amount=1 health=21 shield=0
tick=36 event=shield caster=0 pos=3 card=test_card_05 target=0 amount=1 health=21 shield=1
tick=36 event=cast caster=2 pos=0 card=test_card_04 target=0
tick=36 event=damage caster=2 pos=0 card=test_card_04 target=0 amount=2 absorbed=1 healthLost=1 health=20 shield=0
tick=36 event=shield caster=2 pos=0 card=test_card_04 target=2 amount=1 health=10 shield=1
tick=37 event=cast caster=0 pos=0 card=test_card_01 target=2
tick=37 event=damage caster=0 pos=0 card=test_card_01 target=2 amount=1 absorbed=1 healthLost=0 health=10 shield=0
tick=39 event=cast caster=2 pos=0 card=test_card_04 target=0
tick=39 event=damage caster=2 pos=0 card=test_card_04 target=0 amount=2 absorbed=0 healthLost=2 health=18 shield=0
tick=39 event=shield caster=2 pos=0 card=test_card_04 target=2 amount=1 health=10 shield=1
tick=40 event=cast caster=0 pos=1 card=test_card_04 target=2
tick=40 event=damage caster=0 pos=1 card=test_card_04 target=2 amount=2 absorbed=1 healthLost=1 health=9 shield=0
tick=40 event=shield caster=0 pos=1 card=test_card_04 target=0 amount=1 health=18 shield=1
tick=41 event=cast caster=0 pos=2 card=test_card_01 target=2
tick=41 event=damage caster=0 pos=2 card=test_card_01 target=2 amount=1 absorbed=0 healthLost=1 health=8 shield=0
tick=42 event=cast caster=2 pos=0 card=test_card_04 target=0
tick=42 event=damage caster=2 pos=0 card=test_card_04 target=0 amount=2 absorbed=1 healthLost=1 health=17 shield=0
tick=42 event=shield caster=2 pos=0 card=test_card_04 target=2 amount=1 health=8 shield=1
tick=45 event=cast caster=0 pos=3 card=test_card_05 target=2
tick=45 event=damage caster=0 pos=3 card=test_card_05 target=2 amount=3 absorbed=1 healthLost=2 health=6 shield=0
tick=45 event=heal caster=0 pos=3 card=test_card_05 target=0 amount=1 health=18 shield=0
tick=45 event=shield caster=0 pos=3 card=test_card_05 target=0 amount=1 health=18 shield=1
tick=45 event=cast caster=2 pos=0 card=test_card_04 target=0
tick=45 event=damage caster=2 pos=0 card=test_card_04 target=0 amount=2 absorbed=1 healthLost=1 health=17 shield=0
tick=45 event=shield caster=2 pos=0 card=test_card_04 target=2 amount=1 health=6 shield=1
tick=46 event=cast caster=0 pos=0 card=test_card_01 target=2
tick=46 event=damage caster=0 pos=0 card=test_card_01 target=2 amount=1 absorbed=1 healthLost=0 health=6 shield=0
tick=48 event=cast caster=2 pos=0 card=test_card_04 target=0
tick=48 event=damage caster=2 pos=0 card=test_card_04 target=0 amount=2 absorbed=0 healthLost=2 health=15 shield=0
tick=48 event=shield caster=2 pos=0 card=test_card_04 target=2 amount=1 health=6 shield=1
tick=49 event=cast caster=0 pos=1 card=test_card_04 target=2
tick=49 event=damage caster=0 pos=1 card=test_card_04 target=2 amount=2 absorbed=1 healthLost=1 health=5 shield=0
tick=49 event=shield caster=0 pos=1 card=test_card_04 target=0 amount=1 health=15 shield=1
tick=50 event=cast caster=0 pos=2 card=test_card_01 target=2
tick=50 event=damage caster=0 pos=2 card=test_card_01 target=2 amount=1 absorbed=0 healthLost=1 health=4 shield=0
tick=51 event=cast caster=2 pos=0 card=test_card_04 target=0
tick=51 event=damage caster=2 pos=0 card=test_card_04 target=0 amount=2 absorbed=1 healthLost=1 health=14 shield=0
tick=51 event=shield caster=2 pos=0 card=test_card_04 target=2 amount=1 health=4 shield=1
tick=54 event=cast caster=0 pos=3 card=test_card_05 target=2
tick=54 event=damage caster=0 pos=3 card=test_card_05 target=2 amount=3 absorbed=1 healthLost=2 health=2 shield=0
tick=54 event=heal caster=0 pos=3 card=test_card_05 target=0 amount=1 health=15 shield=0
tick=54 event=shield caster=0 pos=3 card=test_card_05 target=0 amount=1 health=15 shield=1
tick=54 event=cast caster=2 pos=0 card=test_card_04 target=0
tick=54 event=damage caster=2 pos=0 card=test_card_04 target=0 amount=2 absorbed=1 healthLost=1 health=14 shield=0
tick=54 event=shield caster=2 pos=0 card=test_card_04 target=2 amount=1 health=2 shield=1
tick=55 event=cast caster=0 pos=0 card=test_card_01 target=2
tick=55 event=damage caster=0 pos=0 card=test_card_01 target=2 amount=1 absorbed=1 healthLost=0 health=2 shield=0
tick=57 event=cast caster=2 pos=0 card=test_card_04 target=0
tick=57 event=damage caster=2 pos=0 card=test_card_04 target=0 amount=2 absorbed=0 healthLost=2 health=12 shield=0
tick=57 event=shield caster=2 pos=0 card=test_card_04 target=2 amount=1 health=2 shield=1
tick=58 event=cast caster=0 pos=1 card=test_card_04 target=2
tick=58 event=damage caster=0 pos=1 card=test_card_04 target=2 amount=2 absorbed=1 healthLost=1 health=1 shield=0
tick=58 event=shield caster=0 pos=1 card=test_card_04 target=0 amount=1 health=12 shield=1
tick=59 event=cast caster=0 pos=2 card=test_card_01 target=2
tick=59 event=damage caster=0 pos=2 card=test_card_01 target=2 amount=1 absorbed=0 healthLost=1 health=0 shield=0
tick=59 event=death caster=0 pos=2 card=test_card_01 target=2 health=0 shield=0
winner=hero ticks=59

]]></output>
                </test-case>
              </test-suite>
              <test-suite type="TestFixture" id="2065" name="FightPlaybackTests" fullname="Game.Unity.Tests.DebugTools.FightPlaybackTests" classname="Game.Unity.Tests.DebugTools.FightPlaybackTests" runstate="Runnable" testcasecount="21" result="Passed" start-time="2026-10-08 22:17:58Z" end-time="2026-10-08 22:17:58Z" duration="0.014463" total="21" passed="21" failed="0" inconclusive="0" skipped="0" asserts="0">
                <properties />
                <test-case id="2070" name="Advance_BeforeFirstEventTick_RevealsNothing" fullname="Game.Unity.Tests.DebugTools.FightPlaybackTests.Advance_BeforeFirstEventTick_RevealsNothing" methodname="Advance_BeforeFirstEventTick_RevealsNothing" classname="Game.Unity.Tests.DebugTools.FightPlaybackTests" runstate="Runnable" seed="1930308708" result="Passed" start-time="2026-10-08 22:17:58Z" end-time="2026-10-08 22:17:58Z" duration="0.000659" asserts="0">
                  <properties>
                    <property name="retryIteration" value="0" />
                    <property name="repeatIteration" value="0" />
                  </properties>
                </test-case>
                <test-case id="2076" name="Advance_NegativeTime_Throws" fullname="Game.Unity.Tests.DebugTools.FightPlaybackTests.Advance_NegativeTime_Throws" methodname="Advance_NegativeTime_Throws" classname="Game.Unity.Tests.DebugTools.FightPlaybackTests" runstate="Runnable" seed="1305805421" result="Passed" start-time="2026-10-08 22:17:58Z" end-time="2026-10-08 22:17:58Z" duration="0.000395" asserts="0">
                  <properties>
                    <property name="retryIteration" value="0" />
                    <property name="repeatIteration" value="0" />
                  </properties>
                </test-case>
                <test-case id="2075" name="Advance_PastTheEnd_StopsAtLastTickAndFinishes" fullname="Game.Unity.Tests.DebugTools.FightPlaybackTests.Advance_PastTheEnd_StopsAtLastTickAndFinishes" methodname="Advance_PastTheEnd_StopsAtLastTickAndFinishes" classname="Game.Unity.Tests.DebugTools.FightPlaybackTests" runstate="Runnable" seed="802008052" result="Passed" start-time="2026-10-08 22:17:58Z" end-time="2026-10-08 22:17:58Z" duration="0.001287" asserts="0">
                  <properties>
                    <property name="retryIteration" value="0" />
                    <property name="repeatIteration" value="0" />
                  </properties>
                </test-case>
                <test-case id="2071" name="Advance_ReachingEventTick_RevealsEveryEventOfThatTick" fullname="Game.Unity.Tests.DebugTools.FightPlaybackTests.Advance_ReachingEventTick_RevealsEveryEventOfThatTick" methodname="Advance_ReachingEventTick_RevealsEveryEventOfThatTick" classname="Game.Unity.Tests.DebugTools.FightPlaybackTests" runstate="Runnable" seed="1732223184" result="Passed" start-time="2026-10-08 22:17:58Z" end-time="2026-10-08 22:17:58Z" duration="0.000578" asserts="0">
                  <properties>
                    <property name="retryIteration" value="0" />
                    <property name="repeatIteration" value="0" />
                  </properties>
                </test-case>
                <test-case id="2072" name="Advance_ScalesWithSpeed" fullname="Game.Unity.Tests.DebugTools.FightPlaybackTests.Advance_ScalesWithSpeed" methodname="Advance_ScalesWithSpeed" classname="Game.Unity.Tests.DebugTools.FightPlaybackTests" runstate="Runnable" seed="1555993367" result="Passed" start-time="2026-10-08 22:17:58Z" end-time="2026-10-08 22:17:58Z" duration="0.000602" asserts="0">
                  <properties>
                    <property name="retryIteration" value="0" />
                    <property name="repeatIteration" value="0" />
                  </properties>
                </test-case>
                <test-case id="2073" name="Advance_SmallSteps_AddUp" fullname="Game.Unity.Tests.DebugTools.FightPlaybackTests.Advance_SmallSteps_AddUp" methodname="Advance_SmallSteps_AddUp" classname="Game.Unity.Tests.DebugTools.FightPlaybackTests" runstate="Runnable" seed="1901013808" result="Passed" start-time="2026-10-08 22:17:58Z" end-time="2026-10-08 22:17:58Z" duration="0.000196" asserts="0">
                  <properties>
                    <property name="retryIteration" value="0" />
                    <property name="repeatIteration" value="0" />
                  </properties>
                </test-case>
                <test-case id="2074" name="Advance_WhilePaused_DoesNothing" fullname="Game.Unity.Tests.DebugTools.FightPlaybackTests.Advance_WhilePaused_DoesNothing" methodname="Advance_WhilePaused_DoesNothing" classname="Game.Unity.Tests.DebugTools.FightPlaybackTests" runstate="Runnable" seed="699808985" result="Passed" start-time="2026-10-08 22:17:58Z" end-time="2026-10-08 22:17:58Z" duration="0.000248" asserts="0">
                  <properties>
                    <property name="retryIteration" value="0" />
                    <property name="repeatIteration" value="0" />
                  </properties>
                </test-case>
                <test-case id="2067" name="Constructor_NonPositiveRate_Throws" fullname="Game.Unity.Tests.DebugTools.FightPlaybackTests.Constructor_NonPositiveRate_Throws" methodname="Constructor_NonPositiveRate_Throws" classname="Game.Unity.Tests.DebugTools.FightPlaybackTests" runstate="Runnable" seed="915605100" result="Passed" start-time="2026-10-08 22:17:58Z" end-time="2026-10-08 22:17:58Z" duration="0.000298" asserts="0">
                  <properties>
                    <property name="retryIteration" value="0" />
                    <property name="repeatIteration" value="0" />
                  </properties>
                </test-case>
                <test-case id="2068" name="Constructor_NullLog_Throws" fullname="Game.Unity.Tests.DebugTools.FightPlaybackTests.Constructor_NullLog_Throws" methodname="Constructor_NullLog_Throws" classname="Game.Unity.Tests.DebugTools.FightPlaybackTests" runstate="Runnable" seed="1517460802" result="Passed" start-time="2026-10-08 22:17:58Z" end-time="2026-10-08 22:17:58Z" duration="0.000243" asserts="0">
                  <properties>
                    <property name="retryIteration" value="0" />
                    <property name="repeatIteration" value="0" />
                  </properties>
                </test-case>
                <test-case id="2086" name="Describe_EveryEventOfTheLog_GivesANonEmptyLine" fullname="Game.Unity.Tests.DebugTools.FightPlaybackTests.Describe_EveryEventOfTheLog_GivesANonEmptyLine" methodname="Describe_EveryEventOfTheLog_GivesANonEmptyLine" classname="Game.Unity.Tests.DebugTools.FightPlaybackTests" runstate="Runnable" seed="340293331" result="Passed" start-time="2026-10-08 22:17:58Z" end-time="2026-10-08 22:17:58Z" duration="0.000538" asserts="0">
                  <properties>
                    <property name="retryIteration" value="0" />
                    <property name="repeatIteration" value="0" />
                  </properties>
                </test-case>
                <test-case id="2084" name="GetCombatant_AfterCast_ShowsLastCastPosition" fullname="Game.Unity.Tests.DebugTools.FightPlaybackTests.GetCombatant_AfterCast_ShowsLastCastPosition" methodname="GetCombatant_AfterCast_ShowsLastCastPosition" classname="Game.Unity.Tests.DebugTools.FightPlaybackTests" runstate="Runnable" seed="1415624438" result="Passed" start-time="2026-10-08 22:17:58Z" end-time="2026-10-08 22:17:58Z" duration="0.000565" asserts="0">
                  <properties>
                    <property name="retryIteration" value="0" />
                    <property name="repeatIteration" value="0" />
                  </properties>
                </test-case>
                <test-case id="2082" name="GetCombatant_AfterDamage_ShowsStateFromTheLog" fullname="Game.Unity.Tests.DebugTools.FightPlaybackTests.GetCombatant_AfterDamage_ShowsStateFromTheLog" methodname="GetCombatant_AfterDamage_ShowsStateFromTheLog" classname="Game.Unity.Tests.DebugTools.FightPlaybackTests" runstate="Runnable" seed="278552808" result="Passed" start-time="2026-10-08 22:17:58Z" end-time="2026-10-08 22:17:58Z" duration="0.000286" asserts="0">
                  <properties>
                    <property name="retryIteration" value="0" />
                    <property name="repeatIteration" value="0" />
                  </properties>
                </test-case>
                <test-case id="2083" name="GetCombatant_AfterDeathEvent_IsDead" fullname="Game.Unity.Tests.DebugTools.FightPlaybackTests.GetCombatant_AfterDeathEvent_IsDead" methodname="GetCombatant_AfterDeathEvent_IsDead" classname="Game.Unity.Tests.DebugTools.FightPlaybackTests" runstate="Runnable" seed="80657638" result="Passed" start-time="2026-10-08 22:17:58Z" end-time="2026-10-08 22:17:58Z" duration="0.000720" asserts="0">
                  <properties>
                    <property name="retryIteration" value="0" />
                    <property name="repeatIteration" value="0" />
                  </properties>
                </test-case>
                <test-case id="2085" name="GetCombatant_UnknownIndex_Throws" fullname="Game.Unity.Tests.DebugTools.FightPlaybackTests.GetCombatant_UnknownIndex_Throws" methodname="GetCombatant_UnknownIndex_Throws" classname="Game.Unity.Tests.DebugTools.FightPlaybackTests" runstate="Runnable" seed="916803237" result="Passed" start-time="2026-10-08 22:17:58Z" end-time="2026-10-08 22:17:58Z" duration="0.000306" asserts="0">
                  <properties>
                    <property name="retryIteration" value="0" />
                    <property name="repeatIteration" value="0" />
                  </properties>
                </test-case>
                <test-case id="2066" name="Log_TestFight_HasExpectedShape" fullname="Game.Unity.Tests.DebugTools.FightPlaybackTests.Log_TestFight_HasExpectedShape" methodname="Log_TestFight_HasExpectedShape" classname="Game.Unity.Tests.DebugTools.FightPlaybackTests" runstate="Runnable" seed="669512063" result="Passed" start-time="2026-10-08 22:17:58Z" end-time="2026-10-08 22:17:58Z" duration="0.000705" asserts="0">
                  <properties>
                    <property name="retryIteration" value="0" />
                    <property name="repeatIteration" value="0" />
                  </properties>
                </test-case>
                <test-case id="2069" name="New_StartsAtZeroWithNothingRevealed" fullname="Game.Unity.Tests.DebugTools.FightPlaybackTests.New_StartsAtZeroWithNothingRevealed" methodname="New_StartsAtZeroWithNothingRevealed" classname="Game.Unity.Tests.DebugTools.FightPlaybackTests" runstate="Runnable" seed="2022665073" result="Passed" start-time="2026-10-08 22:17:58Z" end-time="2026-10-08 22:17:58Z" duration="0.000229" asserts="0">
                  <properties>
                    <property name="retryIteration" value="0" />
                    <property name="repeatIteration" value="0" />
                  </properties>
                </test-case>
                <test-case id="2081" name="Restart_KeepsSpeedAndPause" fullname="Game.Unity.Tests.DebugTools.FightPlaybackTests.Restart_KeepsSpeedAndPause" methodname="Restart_KeepsSpeedAndPause" classname="Game.Unity.Tests.DebugTools.FightPlaybackTests" runstate="Runnable" seed="762252940" result="Passed" start-time="2026-10-08 22:17:58Z" end-time="2026-10-08 22:17:58Z" duration="0.000596" asserts="0">
                  <properties>
                    <property name="retryIteration" value="0" />
                    <property name="repeatIteration" value="0" />
                  </properties>
                </test-case>
                <test-case id="2080" name="Restart_ResetsPositionEventsAndCombatants" fullname="Game.Unity.Tests.DebugTools.FightPlaybackTests.Restart_ResetsPositionEventsAndCombatants" methodname="Restart_ResetsPositionEventsAndCombatants" classname="Game.Unity.Tests.DebugTools.FightPlaybackTests" runstate="Runnable" seed="98062634" result="Passed" start-time="2026-10-08 22:17:58Z" end-time="2026-10-08 22:17:58Z" duration="0.000843" asserts="0">
                  <properties>
                    <property name="retryIteration" value="0" />
                    <property name="repeatIteration" value="0" />
                  </properties>
                </test-case>
                <test-case id="2077" name="Speed_NonPositive_Throws" fullname="Game.Unity.Tests.DebugTools.FightPlaybackTests.Speed_NonPositive_Throws" methodname="Speed_NonPositive_Throws" classname="Game.Unity.Tests.DebugTools.FightPlaybackTests" runstate="Runnable" seed="166679518" result="Passed" start-time="2026-10-08 22:17:58Z" end-time="2026-10-08 22:17:58Z" duration="0.000280" asserts="0">
                  <properties>
                    <property name="retryIteration" value="0" />
                    <property name="repeatIteration" value="0" />
                  </properties>
                </test-case>
                <test-case id="2079" name="StepToNextEventTick_AfterLastEvent_GoesToEnd" fullname="Game.Unity.Tests.DebugTools.FightPlaybackTests.StepToNextEventTick_AfterLastEvent_GoesToEnd" methodname="StepToNextEventTick_AfterLastEvent_GoesToEnd" classname="Game.Unity.Tests.DebugTools.FightPlaybackTests" runstate="Runnable" seed="629188777" result="Passed" start-time="2026-10-08 22:17:58Z" end-time="2026-10-08 22:17:58Z" duration="0.000360" asserts="0">
                  <properties>
                    <property name="retryIteration" value="0" />
                    <property name="repeatIteration" value="0" />
                  </properties>
                </test-case>
                <test-case id="2078" name="StepToNextEventTick_WhilePaused_RevealsNextTickOnly" fullname="Game.Unity.Tests.DebugTools.FightPlaybackTests.StepToNextEventTick_WhilePaused_RevealsNextTickOnly" methodname="StepToNextEventTick_WhilePaused_RevealsNextTickOnly" classname="Game.Unity.Tests.DebugTools.FightPlaybackTests" runstate="Runnable" seed="606889734" result="Passed" start-time="2026-10-08 22:17:58Z" end-time="2026-10-08 22:17:58Z" duration="0.000675" asserts="0">
                  <properties>
                    <property name="retryIteration" value="0" />
                    <property name="repeatIteration" value="0" />
                  </properties>
                </test-case>
              </test-suite>
            </test-suite>
            <test-suite type="TestSuite" id="2208" name="Enemies" fullname="Game.Unity.Tests.Enemies" runstate="Runnable" testcasecount="22" result="Passed" start-time="2026-10-08 22:17:58Z" end-time="2026-10-08 22:17:58Z" duration="0.026339" total="22" passed="22" failed="0" inconclusive="0" skipped="0" asserts="0">
              <properties />
              <test-suite type="TestFixture" id="2028" name="EncounterAssetTests" fullname="Game.Unity.Tests.Enemies.EncounterAssetTests" classname="Game.Unity.Tests.Enemies.EncounterAssetTests" runstate="Runnable" testcasecount="9" result="Passed" start-time="2026-10-08 22:17:58Z" end-time="2026-10-08 22:17:58Z" duration="0.011930" total="9" passed="9" failed="0" inconclusive="0" skipped="0" asserts="0">
                <properties />
                <test-case id="2031" name="Properties_ValidAsset_ExposeIdAndEnemies" fullname="Game.Unity.Tests.Enemies.EncounterAssetTests.Properties_ValidAsset_ExposeIdAndEnemies" methodname="Properties_ValidAsset_ExposeIdAndEnemies" classname="Game.Unity.Tests.Enemies.EncounterAssetTests" runstate="Runnable" seed="107623053" result="Passed" start-time="2026-10-08 22:17:58Z" end-time="2026-10-08 22:17:58Z" duration="0.002067" asserts="0">
                  <properties>
                    <property name="retryIteration" value="0" />
                    <property name="repeatIteration" value="0" />
                  </properties>
                </test-case>
                <test-case id="2037" name="ToDefinition_InvalidEnemy_ThrowsNamingBothAssets" fullname="Game.Unity.Tests.Enemies.EncounterAssetTests.ToDefinition_InvalidEnemy_ThrowsNamingBothAssets" methodname="ToDefinition_InvalidEnemy_ThrowsNamingBothAssets" classname="Game.Unity.Tests.Enemies.EncounterAssetTests" runstate="Runnable" seed="1047622828" result="Passed" start-time="2026-10-08 22:17:58Z" end-time="2026-10-08 22:17:58Z" duration="0.000918" asserts="0">
                  <properties>
                    <property name="retryIteration" value="0" />
                    <property name="repeatIteration" value="0" />
                  </properties>
                </test-case>
                <test-case id="2036" name="ToDefinition_ValidAsset_KeepsIdAndEnemyOrder" fullname="Game.Unity.Tests.Enemies.EncounterAssetTests.ToDefinition_ValidAsset_KeepsIdAndEnemyOrder" methodname="ToDefinition_ValidAsset_KeepsIdAndEnemyOrder" classname="Game.Unity.Tests.Enemies.EncounterAssetTests" runstate="Runnable" seed="1204220404" result="Passed" start-time="2026-10-08 22:17:58Z" end-time="2026-10-08 22:17:58Z" duration="0.001438" asserts="0">
                  <properties>
                    <property name="retryIteration" value="0" />
                    <property name="repeatIteration" value="0" />
                  </properties>
                </test-case>
                <test-case id="2033" name="ToParticipants_EmptyEnemySlot_ThrowsNamingTheSlot" fullname="Game.Unity.Tests.Enemies.EncounterAssetTests.ToParticipants_EmptyEnemySlot_ThrowsNamingTheSlot" methodname="ToParticipants_EmptyEnemySlot_ThrowsNamingTheSlot" classname="Game.Unity.Tests.Enemies.EncounterAssetTests" runstate="Runnable" seed="429739802" result="Passed" start-time="2026-10-08 22:17:58Z" end-time="2026-10-08 22:17:58Z" duration="0.000983" asserts="0">
                  <properties>
                    <property name="retryIteration" value="0" />
                    <property name="repeatIteration" value="0" />
                  </properties>
                </test-case>
                <test-case id="2035" name="ToParticipants_InvalidEnemy_ThrowsNamingBothAssets" fullname="Game.Unity.Tests.Enemies.EncounterAssetTests.ToParticipants_InvalidEnemy_ThrowsNamingBothAssets" methodname="ToParticipants_InvalidEnemy_ThrowsNamingBothAssets" classname="Game.Unity.Tests.Enemies.EncounterAssetTests" runstate="Runnable" seed="149662706" result="Passed" start-time="2026-10-08 22:17:58Z" end-time="2026-10-08 22:17:58Z" duration="0.000766" asserts="0">
                  <properties>
                    <property name="retryIteration" value="0" />
                    <property name="repeatIteration" value="0" />
                  </properties>
                </test-case>
                <test-case id="2034" name="ToParticipants_MissingId_Throws" fullname="Game.Unity.Tests.Enemies.EncounterAssetTests.ToParticipants_MissingId_Throws" methodname="ToParticipants_MissingId_Throws" classname="Game.Unity.Tests.Enemies.EncounterAssetTests" runstate="Runnable" seed="1846597793" result="Passed" start-time="2026-10-08 22:17:58Z" end-time="2026-10-08 22:17:58Z" duration="0.000833" asserts="0">
                  <properties>
                    <property name="retryIteration" value="0" />
                    <property name="repeatIteration" value="0" />
                  </properties>
                </test-case>
                <test-case id="2032" name="ToParticipants_NoEnemy_ThrowsNamingTheAsset" fullname="Game.Unity.Tests.Enemies.EncounterAssetTests.ToParticipants_NoEnemy_ThrowsNamingTheAsset" methodname="ToParticipants_NoEnemy_ThrowsNamingTheAsset" classname="Game.Unity.Tests.Enemies.EncounterAssetTests" runstate="Runnable" seed="1297858693" result="Passed" start-time="2026-10-08 22:17:58Z" end-time="2026-10-08 22:17:58Z" duration="0.000595" asserts="0">
                  <properties>
                    <property name="retryIteration" value="0" />
                    <property name="repeatIteration" value="0" />
                  </properties>
                </test-case>
                <test-case id="2030" name="ToParticipants_SameEnemyTwice_ReturnsIndependentCombatants" fullname="Game.Unity.Tests.Enemies.EncounterAssetTests.ToParticipants_SameEnemyTwice_ReturnsIndependentCombatants" methodname="ToParticipants_SameEnemyTwice_ReturnsIndependentCombatants" classname="Game.Unity.Tests.Enemies.EncounterAssetTests" runstate="Runnable" seed="215337274" result="Passed" start-time="2026-10-08 22:17:58Z" end-time="2026-10-08 22:17:58Z" duration="0.000767" asserts="0">
                  <properties>
                    <property name="retryIteration" value="0" />
                    <property name="repeatIteration" value="0" />
                  </properties>
                </test-case>
                <test-case id="2029" name="ToParticipants_ValidAsset_KeepsEnemyOrder" fullname="Game.Unity.Tests.Enemies.EncounterAssetTests.ToParticipants_ValidAsset_KeepsEnemyOrder" methodname="ToParticipants_ValidAsset_KeepsEnemyOrder" classname="Game.Unity.Tests.Enemies.EncounterAssetTests" runstate="Runnable" seed="1069368829" result="Passed" start-time="2026-10-08 22:17:58Z" end-time="2026-10-08 22:17:58Z" duration="0.001892" asserts="0">
                  <properties>
                    <property name="retryIteration" value="0" />
                    <property name="repeatIteration" value="0" />
                  </properties>
                </test-case>
              </test-suite>
              <test-suite type="TestFixture" id="2038" name="EnemyAssetTests" fullname="Game.Unity.Tests.Enemies.EnemyAssetTests" classname="Game.Unity.Tests.Enemies.EnemyAssetTests" runstate="Runnable" testcasecount="13" result="Passed" start-time="2026-10-08 22:17:58Z" end-time="2026-10-08 22:17:58Z" duration="0.013762" total="13" passed="13" failed="0" inconclusive="0" skipped="0" asserts="0">
                <properties />
                <test-case id="2042" name="Properties_ValidAsset_ExposeIdAndRank" fullname="Game.Unity.Tests.Enemies.EnemyAssetTests.Properties_ValidAsset_ExposeIdAndRank" methodname="Properties_ValidAsset_ExposeIdAndRank" classname="Game.Unity.Tests.Enemies.EnemyAssetTests" runstate="Runnable" seed="759804635" result="Passed" start-time="2026-10-08 22:17:58Z" end-time="2026-10-08 22:17:58Z" duration="0.000866" asserts="0">
                  <properties>
                    <property name="retryIteration" value="0" />
                    <property name="repeatIteration" value="0" />
                  </properties>
                </test-case>
                <test-case id="2051" name="ToDefinition_CopiesTheXpReward" fullname="Game.Unity.Tests.Enemies.EnemyAssetTests.ToDefinition_CopiesTheXpReward" methodname="ToDefinition_CopiesTheXpReward" classname="Game.Unity.Tests.Enemies.EnemyAssetTests" runstate="Runnable" seed="2027470403" result="Passed" start-time="2026-10-08 22:17:58Z" end-time="2026-10-08 22:17:58Z" duration="0.000666" asserts="0">
                  <properties>
                    <property name="retryIteration" value="0" />
                    <property name="repeatIteration" value="0" />
                  </properties>
                </test-case>
                <test-case id="2052" name="ToDefinition_EmptyCardSlot_ThrowsNamingTheAssetAndPosition" fullname="Game.Unity.Tests.Enemies.EnemyAssetTests.ToDefinition_EmptyCardSlot_ThrowsNamingTheAssetAndPosition" methodname="ToDefinition_EmptyCardSlot_ThrowsNamingTheAssetAndPosition" classname="Game.Unity.Tests.Enemies.EnemyAssetTests" runstate="Runnable" seed="392671164" result="Passed" start-time="2026-10-08 22:17:58Z" end-time="2026-10-08 22:17:58Z" duration="0.000726" asserts="0">
                  <properties>
                    <property name="retryIteration" value="0" />
                    <property name="repeatIteration" value="0" />
                  </properties>
                </test-case>
                <test-case id="2050" name="ToDefinition_ValidAsset_CopiesIdStatsAndLine" fullname="Game.Unity.Tests.Enemies.EnemyAssetTests.ToDefinition_ValidAsset_CopiesIdStatsAndLine" methodname="ToDefinition_ValidAsset_CopiesIdStatsAndLine" classname="Game.Unity.Tests.Enemies.EnemyAssetTests" runstate="Runnable" seed="1285533088" result="Passed" start-time="2026-10-08 22:17:58Z" end-time="2026-10-08 22:17:58Z" duration="0.001018" asserts="0">
                  <properties>
                    <property name="retryIteration" value="0" />
                    <property name="repeatIteration" value="0" />
                  </properties>
                </test-case>
                <test-case id="2041" name="ToParticipant_CalledTwice_ReturnsIndependentCombatants" fullname="Game.Unity.Tests.Enemies.EnemyAssetTests.ToParticipant_CalledTwice_ReturnsIndependentCombatants" methodname="ToParticipant_CalledTwice_ReturnsIndependentCombatants" classname="Game.Unity.Tests.Enemies.EnemyAssetTests" runstate="Runnable" seed="270693543" result="Passed" start-time="2026-10-08 22:17:58Z" end-time="2026-10-08 22:17:58Z" duration="0.000588" asserts="0">
                  <properties>
                    <property name="retryIteration" value="0" />
                    <property name="repeatIteration" value="0" />
                  </properties>
                </test-case>
                <test-case id="2044" name="ToParticipant_EmptyCardSlot_ThrowsNamingThePosition" fullname="Game.Unity.Tests.Enemies.EnemyAssetTests.ToParticipant_EmptyCardSlot_ThrowsNamingThePosition" methodname="ToParticipant_EmptyCardSlot_ThrowsNamingThePosition" classname="Game.Unity.Tests.Enemies.EnemyAssetTests" runstate="Runnable" seed="1404918477" result="Passed" start-time="2026-10-08 22:17:58Z" end-time="2026-10-08 22:17:58Z" duration="0.000677" asserts="0">
                  <properties>
                    <property name="retryIteration" value="0" />
                    <property name="repeatIteration" value="0" />
                  </properties>
                </test-case>
                <test-case id="2043" name="ToParticipant_EmptySpellLine_ThrowsNamingTheAsset" fullname="Game.Unity.Tests.Enemies.EnemyAssetTests.ToParticipant_EmptySpellLine_ThrowsNamingTheAsset" methodname="ToParticipant_EmptySpellLine_ThrowsNamingTheAsset" classname="Game.Unity.Tests.Enemies.EnemyAssetTests" runstate="Runnable" seed="889630576" result="Passed" start-time="2026-10-08 22:17:58Z" end-time="2026-10-08 22:17:58Z" duration="0.000550" asserts="0">
                  <properties>
                    <property name="retryIteration" value="0" />
                    <property name="repeatIteration" value="0" />
                  </properties>
                </test-case>
                <test-suite type="ParameterizedMethod" id="2048" name="ToParticipant_InvalidHealth_ThrowsNamingTheAsset" fullname="Game.Unity.Tests.Enemies.EnemyAssetTests.ToParticipant_InvalidHealth_ThrowsNamingTheAsset" classname="Game.Unity.Tests.Enemies.EnemyAssetTests" runstate="Runnable" testcasecount="2" result="Passed" start-time="2026-10-08 22:17:58Z" end-time="2026-10-08 22:17:58Z" duration="0.001603" total="2" passed="2" failed="0" inconclusive="0" skipped="0" asserts="0">
                  <properties />
                  <test-case id="2046" name="ToParticipant_InvalidHealth_ThrowsNamingTheAsset(0)" fullname="Game.Unity.Tests.Enemies.EnemyAssetTests.ToParticipant_InvalidHealth_ThrowsNamingTheAsset(0)" methodname="ToParticipant_InvalidHealth_ThrowsNamingTheAsset" classname="Game.Unity.Tests.Enemies.EnemyAssetTests" runstate="Runnable" seed="1715233541" result="Passed" start-time="2026-10-08 22:17:58Z" end-time="2026-10-08 22:17:58Z" duration="0.000697" asserts="0">
                    <properties>
                      <property name="retryIteration" value="0" />
                      <property name="repeatIteration" value="0" />
                    </properties>
                  </test-case>
                  <test-case id="2047" name="ToParticipant_InvalidHealth_ThrowsNamingTheAsset(-1)" fullname="Game.Unity.Tests.Enemies.EnemyAssetTests.ToParticipant_InvalidHealth_ThrowsNamingTheAsset(-1)" methodname="ToParticipant_InvalidHealth_ThrowsNamingTheAsset" classname="Game.Unity.Tests.Enemies.EnemyAssetTests" runstate="Runnable" seed="1123945373" result="Passed" start-time="2026-10-08 22:17:58Z" end-time="2026-10-08 22:17:58Z" duration="0.000459" asserts="0">
                    <properties>
                      <property name="retryIteration" value="0" />
                      <property name="repeatIteration" value="0" />
                    </properties>
                  </test-case>
                </test-suite>
                <test-case id="2045" name="ToParticipant_MissingId_Throws" fullname="Game.Unity.Tests.Enemies.EnemyAssetTests.ToParticipant_MissingId_Throws" methodname="ToParticipant_MissingId_Throws" classname="Game.Unity.Tests.Enemies.EnemyAssetTests" runstate="Runnable" seed="1607078402" result="Passed" start-time="2026-10-08 22:17:58Z" end-time="2026-10-08 22:17:58Z" duration="0.000674" asserts="0">
                  <properties>
                    <property name="retryIteration" value="0" />
                    <property name="repeatIteration" value="0" />
                  </properties>
                </test-case>
                <test-case id="2049" name="ToParticipant_NegativeShield_ThrowsNamingTheAsset" fullname="Game.Unity.Tests.Enemies.EnemyAssetTests.ToParticipant_NegativeShield_ThrowsNamingTheAsset" methodname="ToParticipant_NegativeShield_ThrowsNamingTheAsset" classname="Game.Unity.Tests.Enemies.EnemyAssetTests" runstate="Runnable" seed="698253507" result="Passed" start-time="2026-10-08 22:17:58Z" end-time="2026-10-08 22:17:58Z" duration="0.001132" asserts="0">
                  <properties>
                    <property name="retryIteration" value="0" />
                    <property name="repeatIteration" value="0" />
                  </properties>
                </test-case>
                <test-case id="2040" name="ToParticipant_ValidAsset_CopiesSpellLineInOrder" fullname="Game.Unity.Tests.Enemies.EnemyAssetTests.ToParticipant_ValidAsset_CopiesSpellLineInOrder" methodname="ToParticipant_ValidAsset_CopiesSpellLineInOrder" classname="Game.Unity.Tests.Enemies.EnemyAssetTests" runstate="Runnable" seed="768035951" result="Passed" start-time="2026-10-08 22:17:58Z" end-time="2026-10-08 22:17:58Z" duration="0.002430" asserts="0">
                  <properties>
                    <property name="retryIteration" value="0" />
                    <property name="repeatIteration" value="0" />
                  </properties>
                </test-case>
                <test-case id="2039" name="ToParticipant_ValidAsset_CopiesStats" fullname="Game.Unity.Tests.Enemies.EnemyAssetTests.ToParticipant_ValidAsset_CopiesStats" methodname="ToParticipant_ValidAsset_CopiesStats" classname="Game.Unity.Tests.Enemies.EnemyAssetTests" runstate="Runnable" seed="771359358" result="Passed" start-time="2026-10-08 22:17:58Z" end-time="2026-10-08 22:17:58Z" duration="0.000718" asserts="0">
                  <properties>
                    <property name="retryIteration" value="0" />
                    <property name="repeatIteration" value="0" />
                  </properties>
                </test-case>
              </test-suite>
            </test-suite>
            <test-suite type="TestSuite" id="2207" name="Meta" fullname="Game.Unity.Tests.Meta" runstate="Runnable" testcasecount="11" result="Passed" start-time="2026-10-08 22:17:58Z" end-time="2026-10-08 22:17:58Z" duration="0.059350" total="11" passed="11" failed="0" inconclusive="0" skipped="0" asserts="0">
              <properties />
              <test-suite type="TestFixture" id="2015" name="FileBestiaryStoreTests" fullname="Game.Unity.Tests.Meta.FileBestiaryStoreTests" classname="Game.Unity.Tests.Meta.FileBestiaryStoreTests" runstate="Runnable" testcasecount="11" result="Passed" start-time="2026-10-08 22:17:58Z" end-time="2026-10-08 22:17:58Z" duration="0.058953" total="11" passed="11" failed="0" inconclusive="0" skipped="0" asserts="0">
                <properties />
                <test-suite type="ParameterizedMethod" id="2027" name="Constructor_BlankOrRelativePath_Throws" fullname="Game.Unity.Tests.Meta.FileBestiaryStoreTests.Constructor_BlankOrRelativePath_Throws" classname="Game.Unity.Tests.Meta.FileBestiaryStoreTests" runstate="Runnable" testcasecount="3" result="Passed" start-time="2026-10-08 22:17:58Z" end-time="2026-10-08 22:17:58Z" duration="0.002192" total="3" passed="3" failed="0" inconclusive="0" skipped="0" asserts="0">
                  <properties />
                  <test-case id="2024" name="Constructor_BlankOrRelativePath_Throws(null)" fullname="Game.Unity.Tests.Meta.FileBestiaryStoreTests.Constructor_BlankOrRelativePath_Throws(null)" methodname="Constructor_BlankOrRelativePath_Throws" classname="Game.Unity.Tests.Meta.FileBestiaryStoreTests" runstate="Runnable" seed="1438756681" result="Passed" start-time="2026-10-08 22:17:58Z" end-time="2026-10-08 22:17:58Z" duration="0.001183" asserts="0">
                    <properties>
                      <property name="retryIteration" value="0" />
                      <property name="repeatIteration" value="0" />
                    </properties>
                  </test-case>
                  <test-case id="2025" name="Constructor_BlankOrRelativePath_Throws(&quot; &quot;)" fullname="Game.Unity.Tests.Meta.FileBestiaryStoreTests.Constructor_BlankOrRelativePath_Throws(&quot; &quot;)" methodname="Constructor_BlankOrRelativePath_Throws" classname="Game.Unity.Tests.Meta.FileBestiaryStoreTests" runstate="Runnable" seed="1880053269" result="Passed" start-time="2026-10-08 22:17:58Z" end-time="2026-10-08 22:17:58Z" duration="0.000274" asserts="0">
                    <properties>
                      <property name="retryIteration" value="0" />
                      <property name="repeatIteration" value="0" />
                    </properties>
                  </test-case>
                  <test-case id="2026" name="Constructor_BlankOrRelativePath_Throws(&quot;saves/bestiary.json&quot;)" fullname="Game.Unity.Tests.Meta.FileBestiaryStoreTests.Constructor_BlankOrRelativePath_Throws(&quot;saves/bestiary.json&quot;)" methodname="Constructor_BlankOrRelativePath_Throws" classname="Game.Unity.Tests.Meta.FileBestiaryStoreTests" runstate="Runnable" seed="354277280" result="Passed" start-time="2026-10-08 22:17:58Z" end-time="2026-10-08 22:17:58Z" duration="0.000276" asserts="0">
                    <properties>
                      <property name="retryIteration" value="0" />
                      <property name="repeatIteration" value="0" />
                    </properties>
                  </test-case>
                </test-suite>
                <test-case id="2023" name="ForPersistentData_UsesThePersistentDataFolder" fullname="Game.Unity.Tests.Meta.FileBestiaryStoreTests.ForPersistentData_UsesThePersistentDataFolder" methodname="ForPersistentData_UsesThePersistentDataFolder" classname="Game.Unity.Tests.Meta.FileBestiaryStoreTests" runstate="Runnable" seed="1955094905" result="Passed" start-time="2026-10-08 22:17:58Z" end-time="2026-10-08 22:17:58Z" duration="0.000853" asserts="0">
                  <properties>
                    <property name="retryIteration" value="0" />
                    <property name="repeatIteration" value="0" />
                  </properties>
                </test-case>
                <test-case id="2019" name="Load_CorruptFile_StartsEmptyWarnsAndKeepsACopy" fullname="Game.Unity.Tests.Meta.FileBestiaryStoreTests.Load_CorruptFile_StartsEmptyWarnsAndKeepsACopy" methodname="Load_CorruptFile_StartsEmptyWarnsAndKeepsACopy" classname="Game.Unity.Tests.Meta.FileBestiaryStoreTests" runstate="Runnable" seed="907829884" result="Passed" start-time="2026-10-08 22:17:58Z" end-time="2026-10-08 22:17:58Z" duration="0.017090" asserts="0">
                  <properties>
                    <property name="retryIteration" value="0" />
                    <property name="repeatIteration" value="0" />
                  </properties>
                  <output><![CDATA[[Bestiary] The save 'C:\Users\berna\AppData\Local\Temp\SpellcraftBestiaryTests\3e28408418954996bfc566560e355543\saves\bestiary.json' could not be read and the bestiary starts empty. A copy was kept at 'C:\Users\berna\AppData\Local\Temp\SpellcraftBestiaryTests\3e28408418954996bfc566560e355543\saves\bestiary.unreadable.json'. Reason: Expected a property name at character 2.
]]></output>
                </test-case>
                <test-case id="2022" name="Load_LockedFile_IsUnreadableAndBlocksWrites" fullname="Game.Unity.Tests.Meta.FileBestiaryStoreTests.Load_LockedFile_IsUnreadableAndBlocksWrites" methodname="Load_LockedFile_IsUnreadableAndBlocksWrites" classname="Game.Unity.Tests.Meta.FileBestiaryStoreTests" runstate="Runnable" seed="1370413230" result="Passed" start-time="2026-10-08 22:17:58Z" end-time="2026-10-08 22:17:58Z" duration="0.007402" asserts="0">
                  <properties>
                    <property name="retryIteration" value="0" />
                    <property name="repeatIteration" value="0" />
                  </properties>
                  <output><![CDATA[[Bestiary] The save 'C:\Users\berna\AppData\Local\Temp\SpellcraftBestiaryTests\62730bde2ea84d57ae54592585bf9fb0\saves\bestiary.json' could not be read and no copy could be kept (The process cannot access the file 'C:\Users\berna\AppData\Local\Temp\SpellcraftBestiaryTests\62730bde2ea84d57ae54592585bf9fb0\saves\bestiary.json' because it is being used by another process.). The bestiary starts empty and will not be saved over it. Reason: The save could not be read: Sharing violation on path C:\Users\berna\AppData\Local\Temp\SpellcraftBestiaryTests\62730bde2ea84d57ae54592585bf9fb0\saves\bestiary.json
]]></output>
                </test-case>
                <test-case id="2016" name="Load_NoFile_IsMissingAndEmpty" fullname="Game.Unity.Tests.Meta.FileBestiaryStoreTests.Load_NoFile_IsMissingAndEmpty" methodname="Load_NoFile_IsMissingAndEmpty" classname="Game.Unity.Tests.Meta.FileBestiaryStoreTests" runstate="Runnable" seed="922823690" result="Passed" start-time="2026-10-08 22:17:58Z" end-time="2026-10-08 22:17:58Z" duration="0.000586" asserts="0">
                  <properties>
                    <property name="retryIteration" value="0" />
                    <property name="repeatIteration" value="0" />
                  </properties>
                </test-case>
                <test-case id="2020" name="Load_UnknownVersion_KeepsACopy" fullname="Game.Unity.Tests.Meta.FileBestiaryStoreTests.Load_UnknownVersion_KeepsACopy" methodname="Load_UnknownVersion_KeepsACopy" classname="Game.Unity.Tests.Meta.FileBestiaryStoreTests" runstate="Runnable" seed="962210859" result="Passed" start-time="2026-10-08 22:17:58Z" end-time="2026-10-08 22:17:58Z" duration="0.005211" asserts="0">
                  <properties>
                    <property name="retryIteration" value="0" />
                    <property name="repeatIteration" value="0" />
                  </properties>
                  <output><![CDATA[[Bestiary] The save 'C:\Users\berna\AppData\Local\Temp\SpellcraftBestiaryTests\fa836232c6064b1589b87efa7c16d1eb\saves\bestiary.json' could not be read and the bestiary starts empty. A copy was kept at 'C:\Users\berna\AppData\Local\Temp\SpellcraftBestiaryTests\fa836232c6064b1589b87efa7c16d1eb\saves\bestiary.unreadable.json'. Reason: Unknown bestiary save version 99 (expected 1).
]]></output>
                </test-case>
                <test-case id="2021" name="Load_UnreadableTwice_NeverOverwritesAnOlderCopy" fullname="Game.Unity.Tests.Meta.FileBestiaryStoreTests.Load_UnreadableTwice_NeverOverwritesAnOlderCopy" methodname="Load_UnreadableTwice_NeverOverwritesAnOlderCopy" classname="Game.Unity.Tests.Meta.FileBestiaryStoreTests" runstate="Runnable" seed="135023980" result="Passed" start-time="2026-10-08 22:17:58Z" end-time="2026-10-08 22:17:58Z" duration="0.008715" asserts="0">
                  <properties>
                    <property name="retryIteration" value="0" />
                    <property name="repeatIteration" value="0" />
                  </properties>
                  <output><![CDATA[[Bestiary] The save 'C:\Users\berna\AppData\Local\Temp\SpellcraftBestiaryTests\b02981d0498b4f18bdc03ecd53aaa45a\saves\bestiary.json' could not be read and the bestiary starts empty. A copy was kept at 'C:\Users\berna\AppData\Local\Temp\SpellcraftBestiaryTests\b02981d0498b4f18bdc03ecd53aaa45a\saves\bestiary.unreadable.json'. Reason: Expected a property name at character 2.
[Bestiary] The save 'C:\Users\berna\AppData\Local\Temp\SpellcraftBestiaryTests\b02981d0498b4f18bdc03ecd53aaa45a\saves\bestiary.json' could not be read and the bestiary starts empty. A copy was kept at 'C:\Users\berna\AppData\Local\Temp\SpellcraftBestiaryTests\b02981d0498b4f18bdc03ecd53aaa45a\saves\bestiary.unreadable-1.json'. Reason: Expected a property name at character 2.
]]></output>
                </test-case>
                <test-case id="2018" name="Save_Twice_ReplacesTheFileAndLeavesNoTemporaryFile" fullname="Game.Unity.Tests.Meta.FileBestiaryStoreTests.Save_Twice_ReplacesTheFileAndLeavesNoTemporaryFile" methodname="Save_Twice_ReplacesTheFileAndLeavesNoTemporaryFile" classname="Game.Unity.Tests.Meta.FileBestiaryStoreTests" runstate="Runnable" seed="1883361335" result="Passed" start-time="2026-10-08 22:17:58Z" end-time="2026-10-08 22:17:58Z" duration="0.010318" asserts="0">
                  <properties>
                    <property name="retryIteration" value="0" />
                    <property name="repeatIteration" value="0" />
                  </properties>
                </test-case>
                <test-case id="2017" name="SaveThenLoad_CreatesTheFolderAndKeepsTheKnowledge" fullname="Game.Unity.Tests.Meta.FileBestiaryStoreTests.SaveThenLoad_CreatesTheFolderAndKeepsTheKnowledge" methodname="SaveThenLoad_CreatesTheFolderAndKeepsTheKnowledge" classname="Game.Unity.Tests.Meta.FileBestiaryStoreTests" runstate="Runnable" seed="979689615" result="Passed" start-time="2026-10-08 22:17:58Z" end-time="2026-10-08 22:17:58Z" duration="0.004551" asserts="0">
                  <properties>
                    <property name="retryIteration" value="0" />
                    <property name="repeatIteration" value="0" />
                  </properties>
                </test-case>
              </test-suite>
            </test-suite>
            <test-suite type="TestSuite" id="2206" name="Runs" fullname="Game.Unity.Tests.Runs" runstate="Runnable" testcasecount="18" result="Passed" start-time="2026-10-08 22:17:58Z" end-time="2026-10-08 22:17:58Z" duration="0.022125" total="18" passed="18" failed="0" inconclusive="0" skipped="0" asserts="0">
              <properties />
              <test-suite type="TestFixture" id="1995" name="LevelCurveAssetTests" fullname="Game.Unity.Tests.Runs.LevelCurveAssetTests" classname="Game.Unity.Tests.Runs.LevelCurveAssetTests" runstate="Runnable" testcasecount="5" result="Passed" start-time="2026-10-08 22:17:58Z" end-time="2026-10-08 22:17:58Z" duration="0.004285" total="5" passed="5" failed="0" inconclusive="0" skipped="0" asserts="0">
                <properties />
                <test-case id="1999" name="IsPlaceholder_ReadsTheFlag" fullname="Game.Unity.Tests.Runs.LevelCurveAssetTests.IsPlaceholder_ReadsTheFlag" methodname="IsPlaceholder_ReadsTheFlag" classname="Game.Unity.Tests.Runs.LevelCurveAssetTests" runstate="Runnable" seed="716320884" result="Passed" start-time="2026-10-08 22:17:58Z" end-time="2026-10-08 22:17:58Z" duration="0.000846" asserts="0">
                  <properties>
                    <property name="retryIteration" value="0" />
                    <property name="repeatIteration" value="0" />
                  </properties>
                </test-case>
                <test-case id="2000" name="ToDefinition_CostsNotIncreasing_ThrowsNamingTheAsset" fullname="Game.Unity.Tests.Runs.LevelCurveAssetTests.ToDefinition_CostsNotIncreasing_ThrowsNamingTheAsset" methodname="ToDefinition_CostsNotIncreasing_ThrowsNamingTheAsset" classname="Game.Unity.Tests.Runs.LevelCurveAssetTests" runstate="Runnable" seed="372487298" result="Passed" start-time="2026-10-08 22:17:58Z" end-time="2026-10-08 22:17:58Z" duration="0.000828" asserts="0">
                  <properties>
                    <property name="retryIteration" value="0" />
                    <property name="repeatIteration" value="0" />
                  </properties>
                </test-case>
                <test-case id="1997" name="ToDefinition_NoCost_ThrowsNamingTheAsset" fullname="Game.Unity.Tests.Runs.LevelCurveAssetTests.ToDefinition_NoCost_ThrowsNamingTheAsset" methodname="ToDefinition_NoCost_ThrowsNamingTheAsset" classname="Game.Unity.Tests.Runs.LevelCurveAssetTests" runstate="Runnable" seed="336594935" result="Passed" start-time="2026-10-08 22:17:58Z" end-time="2026-10-08 22:17:58Z" duration="0.000501" asserts="0">
                  <properties>
                    <property name="retryIteration" value="0" />
                    <property name="repeatIteration" value="0" />
                  </properties>
                </test-case>
                <test-case id="1996" name="ToDefinition_ValidAsset_CopiesTheCurve" fullname="Game.Unity.Tests.Runs.LevelCurveAssetTests.ToDefinition_ValidAsset_CopiesTheCurve" methodname="ToDefinition_ValidAsset_CopiesTheCurve" classname="Game.Unity.Tests.Runs.LevelCurveAssetTests" runstate="Runnable" seed="1884633954" result="Passed" start-time="2026-10-08 22:17:58Z" end-time="2026-10-08 22:17:58Z" duration="0.000459" asserts="0">
                  <properties>
                    <property name="retryIteration" value="0" />
                    <property name="repeatIteration" value="0" />
                  </properties>
                </test-case>
                <test-case id="1998" name="ToDefinition_ZeroCostIncrease_ThrowsNamingTheAsset" fullname="Game.Unity.Tests.Runs.LevelCurveAssetTests.ToDefinition_ZeroCostIncrease_ThrowsNamingTheAsset" methodname="ToDefinition_ZeroCostIncrease_ThrowsNamingTheAsset" classname="Game.Unity.Tests.Runs.LevelCurveAssetTests" runstate="Runnable" seed="881983161" result="Passed" start-time="2026-10-08 22:17:58Z" end-time="2026-10-08 22:17:58Z" duration="0.000534" asserts="0">
                  <properties>
                    <property name="retryIteration" value="0" />
                    <property name="repeatIteration" value="0" />
                  </properties>
                </test-case>
              </test-suite>
              <test-suite type="TestFixture" id="2001" name="SecretRoomAssetTests" fullname="Game.Unity.Tests.Runs.SecretRoomAssetTests" classname="Game.Unity.Tests.Runs.SecretRoomAssetTests" runstate="Runnable" testcasecount="13" result="Passed" start-time="2026-10-08 22:17:58Z" end-time="2026-10-08 22:17:58Z" duration="0.017233" total="13" passed="13" failed="0" inconclusive="0" skipped="0" asserts="0">
                <properties />
                <test-case id="2014" name="IsPlaceholder_ReadsTheFlag" fullname="Game.Unity.Tests.Runs.SecretRoomAssetTests.IsPlaceholder_ReadsTheFlag" methodname="IsPlaceholder_ReadsTheFlag" classname="Game.Unity.Tests.Runs.SecretRoomAssetTests" runstate="Runnable" seed="91079372" result="Passed" start-time="2026-10-08 22:17:58Z" end-time="2026-10-08 22:17:58Z" duration="0.002213" asserts="0">
                  <properties>
                    <property name="retryIteration" value="0" />
                    <property name="repeatIteration" value="0" />
                  </properties>
                </test-case>
                <test-case id="2013" name="ToDefinition_InvalidMiniBossEncounter_NamesTheRoomAndKeepsTheCause" fullname="Game.Unity.Tests.Runs.SecretRoomAssetTests.ToDefinition_InvalidMiniBossEncounter_NamesTheRoomAndKeepsTheCause" methodname="ToDefinition_InvalidMiniBossEncounter_NamesTheRoomAndKeepsTheCause" classname="Game.Unity.Tests.Runs.SecretRoomAssetTests" runstate="Runnable" seed="650462333" result="Passed" start-time="2026-10-08 22:17:58Z" end-time="2026-10-08 22:17:58Z" duration="0.001156" asserts="0">
                  <properties>
                    <property name="retryIteration" value="0" />
                    <property name="repeatIteration" value="0" />
                  </properties>
                </test-case>
                <test-case id="2011" name="ToDefinition_NegativeBonusSlots_ThrowsWithTheCoreCause" fullname="Game.Unity.Tests.Runs.SecretRoomAssetTests.ToDefinition_NegativeBonusSlots_ThrowsWithTheCoreCause" methodname="ToDefinition_NegativeBonusSlots_ThrowsWithTheCoreCause" classname="Game.Unity.Tests.Runs.SecretRoomAssetTests" runstate="Runnable" seed="1516546905" result="Passed" start-time="2026-10-08 22:17:58Z" end-time="2026-10-08 22:17:58Z" duration="0.001142" asserts="0">
                  <properties>
                    <property name="retryIteration" value="0" />
                    <property name="repeatIteration" value="0" />
                  </properties>
                </test-case>
                <test-case id="2012" name="ToDefinition_NegativeRevealedPosition_ThrowsWithTheCoreCause" fullname="Game.Unity.Tests.Runs.SecretRoomAssetTests.ToDefinition_NegativeRevealedPosition_ThrowsWithTheCoreCause" methodname="ToDefinition_NegativeRevealedPosition_ThrowsWithTheCoreCause" classname="Game.Unity.Tests.Runs.SecretRoomAssetTests" runstate="Runnable" seed="1243840485" result="Passed" start-time="2026-10-08 22:17:58Z" end-time="2026-10-08 22:17:58Z" duration="0.001129" asserts="0">
                  <properties>
                    <property name="retryIteration" value="0" />
                    <property name="repeatIteration" value="0" />
                  </properties>
                </test-case>
                <test-case id="2005" name="ToDefinition_NoBonusSlots_IsAllowed" fullname="Game.Unity.Tests.Runs.SecretRoomAssetTests.ToDefinition_NoBonusSlots_IsAllowed" methodname="ToDefinition_NoBonusSlots_IsAllowed" classname="Game.Unity.Tests.Runs.SecretRoomAssetTests" runstate="Runnable" seed="163276391" result="Passed" start-time="2026-10-08 22:17:58Z" end-time="2026-10-08 22:17:58Z" duration="0.001008" asserts="0">
                  <properties>
                    <property name="retryIteration" value="0" />
                    <property name="repeatIteration" value="0" />
                  </properties>
                </test-case>
                <test-case id="2006" name="ToDefinition_NoId_ThrowsNamingTheAsset" fullname="Game.Unity.Tests.Runs.SecretRoomAssetTests.ToDefinition_NoId_ThrowsNamingTheAsset" methodname="ToDefinition_NoId_ThrowsNamingTheAsset" classname="Game.Unity.Tests.Runs.SecretRoomAssetTests" runstate="Runnable" seed="334992852" result="Passed" start-time="2026-10-08 22:17:58Z" end-time="2026-10-08 22:17:58Z" duration="0.001126" asserts="0">
                  <properties>
                    <property name="retryIteration" value="0" />
                    <property name="repeatIteration" value="0" />
                  </properties>
                </test-case>
                <test-case id="2008" name="ToDefinition_NoMiniBossEncounter_Throws" fullname="Game.Unity.Tests.Runs.SecretRoomAssetTests.ToDefinition_NoMiniBossEncounter_Throws" methodname="ToDefinition_NoMiniBossEncounter_Throws" classname="Game.Unity.Tests.Runs.SecretRoomAssetTests" runstate="Runnable" seed="896208594" result="Passed" start-time="2026-10-08 22:17:58Z" end-time="2026-10-08 22:17:58Z" duration="0.000970" asserts="0">
                  <properties>
                    <property name="retryIteration" value="0" />
                    <property name="repeatIteration" value="0" />
                  </properties>
                </test-case>
                <test-case id="2007" name="ToDefinition_NoObjectiveEnemy_Throws" fullname="Game.Unity.Tests.Runs.SecretRoomAssetTests.ToDefinition_NoObjectiveEnemy_Throws" methodname="ToDefinition_NoObjectiveEnemy_Throws" classname="Game.Unity.Tests.Runs.SecretRoomAssetTests" runstate="Runnable" seed="535433848" result="Passed" start-time="2026-10-08 22:17:58Z" end-time="2026-10-08 22:17:58Z" duration="0.001053" asserts="0">
                  <properties>
                    <property name="retryIteration" value="0" />
                    <property name="repeatIteration" value="0" />
                  </properties>
                </test-case>
                <test-case id="2004" name="ToDefinition_NoRevelation_RevealsNothing" fullname="Game.Unity.Tests.Runs.SecretRoomAssetTests.ToDefinition_NoRevelation_RevealsNothing" methodname="ToDefinition_NoRevelation_RevealsNothing" classname="Game.Unity.Tests.Runs.SecretRoomAssetTests" runstate="Runnable" seed="89715510" result="Passed" start-time="2026-10-08 22:17:58Z" end-time="2026-10-08 22:17:58Z" duration="0.000989" asserts="0">
                  <properties>
                    <property name="retryIteration" value="0" />
                    <property name="repeatIteration" value="0" />
                  </properties>
                </test-case>
                <test-case id="2009" name="ToDefinition_NoUniqueCard_Throws" fullname="Game.Unity.Tests.Runs.SecretRoomAssetTests.ToDefinition_NoUniqueCard_Throws" methodname="ToDefinition_NoUniqueCard_Throws" classname="Game.Unity.Tests.Runs.SecretRoomAssetTests" runstate="Runnable" seed="712298964" result="Passed" start-time="2026-10-08 22:17:58Z" end-time="2026-10-08 22:17:58Z" duration="0.001048" asserts="0">
                  <properties>
                    <property name="retryIteration" value="0" />
                    <property name="repeatIteration" value="0" />
                  </properties>
                </test-case>
                <test-case id="2010" name="ToDefinition_ObjectiveCountBelowOne_ThrowsWithTheCoreCause" fullname="Game.Unity.Tests.Runs.SecretRoomAssetTests.ToDefinition_ObjectiveCountBelowOne_ThrowsWithTheCoreCause" methodname="ToDefinition_ObjectiveCountBelowOne_ThrowsWithTheCoreCause" classname="Game.Unity.Tests.Runs.SecretRoomAssetTests" runstate="Runnable" seed="1366764981" result="Passed" start-time="2026-10-08 22:17:58Z" end-time="2026-10-08 22:17:58Z" duration="0.001164" asserts="0">
                  <properties>
                    <property name="retryIteration" value="0" />
                    <property name="repeatIteration" value="0" />
                  </properties>
                </test-case>
                <test-case id="2002" name="ToDefinition_ValidAsset_CopiesIdObjectiveAndRewards" fullname="Game.Unity.Tests.Runs.SecretRoomAssetTests.ToDefinition_ValidAsset_CopiesIdObjectiveAndRewards" methodname="ToDefinition_ValidAsset_CopiesIdObjectiveAndRewards" classname="Game.Unity.Tests.Runs.SecretRoomAssetTests" runstate="Runnable" seed="834945504" result="Passed" start-time="2026-10-08 22:17:58Z" end-time="2026-10-08 22:17:58Z" duration="0.001076" asserts="0">
                  <properties>
                    <property name="retryIteration" value="0" />
                    <property name="repeatIteration" value="0" />
                  </properties>
                </test-case>
                <test-case id="2003" name="ToDefinition_ValidAsset_CopiesTheRevelation" fullname="Game.Unity.Tests.Runs.SecretRoomAssetTests.ToDefinition_ValidAsset_CopiesTheRevelation" methodname="ToDefinition_ValidAsset_CopiesTheRevelation" classname="Game.Unity.Tests.Runs.SecretRoomAssetTests" runstate="Runnable" seed="359987077" result="Passed" start-time="2026-10-08 22:17:58Z" end-time="2026-10-08 22:17:58Z" duration="0.001046" asserts="0">
                  <properties>
                    <property name="retryIteration" value="0" />
                    <property name="repeatIteration" value="0" />
                  </properties>
                </test-case>
              </test-suite>
            </test-suite>
            <test-suite type="TestSuite" id="2205" name="Simulation" fullname="Game.Unity.Tests.Simulation" runstate="Runnable" testcasecount="8" result="Passed" start-time="2026-10-08 22:17:58Z" end-time="2026-10-08 22:17:58Z" duration="0.011748" total="8" passed="8" failed="0" inconclusive="0" skipped="0" asserts="0">
              <properties />
              <test-suite type="TestFixture" id="1985" name="SimulationRunnerTests" fullname="Game.Unity.Tests.Simulation.SimulationRunnerTests" classname="Game.Unity.Tests.Simulation.SimulationRunnerTests" runstate="Runnable" testcasecount="8" result="Passed" start-time="2026-10-08 22:17:58Z" end-time="2026-10-08 22:17:58Z" duration="0.011396" total="8" passed="8" failed="0" inconclusive="0" skipped="0" asserts="0">
                <properties />
                <test-case id="1994" name="Execute_WritesTheSummaryFile" fullname="Game.Unity.Tests.Simulation.SimulationRunnerTests.Execute_WritesTheSummaryFile" methodname="Execute_WritesTheSummaryFile" classname="Game.Unity.Tests.Simulation.SimulationRunnerTests" runstate="Runnable" seed="557207880" result="Passed" start-time="2026-10-08 22:17:58Z" end-time="2026-10-08 22:17:58Z" duration="0.007072" asserts="0">
                  <properties>
                    <property name="retryIteration" value="0" />
                    <property name="repeatIteration" value="0" />
                  </properties>
                  <output><![CDATA[[Simulation] 3 fights of 'Assets/_Project/Unity/DebugTools/DebugFightSetup.asset', seeds 4 to 6: hero 3, enemies 0, timeout 0, average 59 ticks. Simulation loop 0 ms (0.241 ms per fight); runner total 2 ms; editor up for 22.2 s.
]]></output>
                </test-case>
                <test-case id="1987" name="Parse_EveryOption_ReadsValues" fullname="Game.Unity.Tests.Simulation.SimulationRunnerTests.Parse_EveryOption_ReadsValues" methodname="Parse_EveryOption_ReadsValues" classname="Game.Unity.Tests.Simulation.SimulationRunnerTests" runstate="Runnable" seed="2102658504" result="Passed" start-time="2026-10-08 22:17:58Z" end-time="2026-10-08 22:17:58Z" duration="0.000497" asserts="0">
                  <properties>
                    <property name="retryIteration" value="0" />
                    <property name="repeatIteration" value="0" />
                  </properties>
                </test-case>
                <test-suite type="ParameterizedMethod" id="1990" name="Parse_InvalidFights_Throws" fullname="Game.Unity.Tests.Simulation.SimulationRunnerTests.Parse_InvalidFights_Throws" classname="Game.Unity.Tests.Simulation.SimulationRunnerTests" runstate="Runnable" testcasecount="2" result="Passed" start-time="2026-10-08 22:17:58Z" end-time="2026-10-08 22:17:58Z" duration="0.001011" total="2" passed="2" failed="0" inconclusive="0" skipped="0" asserts="0">
                  <properties />
                  <test-case id="1988" name="Parse_InvalidFights_Throws(&quot;0&quot;)" fullname="Game.Unity.Tests.Simulation.SimulationRunnerTests.Parse_InvalidFights_Throws(&quot;0&quot;)" methodname="Parse_InvalidFights_Throws" classname="Game.Unity.Tests.Simulation.SimulationRunnerTests" runstate="Runnable" seed="198950353" result="Passed" start-time="2026-10-08 22:17:58Z" end-time="2026-10-08 22:17:58Z" duration="0.000419" asserts="0">
                    <properties>
                      <property name="retryIteration" value="0" />
                      <property name="repeatIteration" value="0" />
                    </properties>
                  </test-case>
                  <test-case id="1989" name="Parse_InvalidFights_Throws(&quot;ten&quot;)" fullname="Game.Unity.Tests.Simulation.SimulationRunnerTests.Parse_InvalidFights_Throws(&quot;ten&quot;)" methodname="Parse_InvalidFights_Throws" classname="Game.Unity.Tests.Simulation.SimulationRunnerTests" runstate="Runnable" seed="278639893" result="Passed" start-time="2026-10-08 22:17:58Z" end-time="2026-10-08 22:17:58Z" duration="0.000103" asserts="0">
                    <properties>
                      <property name="retryIteration" value="0" />
                      <property name="repeatIteration" value="0" />
                    </properties>
                  </test-case>
                </test-suite>
                <test-case id="1991" name="Parse_InvalidSeed_Throws" fullname="Game.Unity.Tests.Simulation.SimulationRunnerTests.Parse_InvalidSeed_Throws" methodname="Parse_InvalidSeed_Throws" classname="Game.Unity.Tests.Simulation.SimulationRunnerTests" runstate="Runnable" seed="1109692135" result="Passed" start-time="2026-10-08 22:17:58Z" end-time="2026-10-08 22:17:58Z" duration="0.000446" asserts="0">
                  <properties>
                    <property name="retryIteration" value="0" />
                    <property name="repeatIteration" value="0" />
                  </properties>
                </test-case>
                <test-case id="1992" name="Parse_MissingValue_Throws" fullname="Game.Unity.Tests.Simulation.SimulationRunnerTests.Parse_MissingValue_Throws" methodname="Parse_MissingValue_Throws" classname="Game.Unity.Tests.Simulation.SimulationRunnerTests" runstate="Runnable" seed="1042064621" result="Passed" start-time="2026-10-08 22:17:58Z" end-time="2026-10-08 22:17:58Z" duration="0.000252" asserts="0">
                  <properties>
                    <property name="retryIteration" value="0" />
                    <property name="repeatIteration" value="0" />
                  </properties>
                </test-case>
                <test-case id="1986" name="Parse_NoOption_UsesDefaults" fullname="Game.Unity.Tests.Simulation.SimulationRunnerTests.Parse_NoOption_UsesDefaults" methodname="Parse_NoOption_UsesDefaults" classname="Game.Unity.Tests.Simulation.SimulationRunnerTests" runstate="Runnable" seed="1672970884" result="Passed" start-time="2026-10-08 22:17:58Z" end-time="2026-10-08 22:17:58Z" duration="0.000258" asserts="0">
                  <properties>
                    <property name="retryIteration" value="0" />
                    <property name="repeatIteration" value="0" />
                  </properties>
                </test-case>
                <test-case id="1993" name="Simulate_SetupAsset_FirstFightMatchesTheDebugViewer" fullname="Game.Unity.Tests.Simulation.SimulationRunnerTests.Simulate_SetupAsset_FirstFightMatchesTheDebugViewer" methodname="Simulate_SetupAsset_FirstFightMatchesTheDebugViewer" classname="Game.Unity.Tests.Simulation.SimulationRunnerTests" runstate="Runnable" seed="1146283502" result="Passed" start-time="2026-10-08 22:17:58Z" end-time="2026-10-08 22:17:58Z" duration="0.000588" asserts="0">
                  <properties>
                    <property name="retryIteration" value="0" />
                    <property name="repeatIteration" value="0" />
                  </properties>
                </test-case>
              </test-suite>
            </test-suite>
            <test-suite type="TestSuite" id="2204" name="UI" fullname="Game.Unity.Tests.UI" runstate="Runnable" testcasecount="93" result="Passed" start-time="2026-10-08 22:17:58Z" end-time="2026-10-08 22:17:58Z" duration="0.353406" total="93" passed="93" failed="0" inconclusive="0" skipped="0" asserts="0">
              <properties />
              <test-suite type="TestFixture" id="1885" name="BootstrapSceneTests" fullname="Game.Unity.Tests.UI.BootstrapSceneTests" classname="Game.Unity.Tests.UI.BootstrapSceneTests" runstate="Runnable" testcasecount="5" result="Passed" start-time="2026-10-08 22:17:58Z" end-time="2026-10-08 22:17:58Z" duration="0.172294" total="5" passed="5" failed="0" inconclusive="0" skipped="0" asserts="0">
                <properties />
                <test-case id="1888" name="BuildSettings_ContainOnlyTheBootstrapScene" fullname="Game.Unity.Tests.UI.BootstrapSceneTests.BuildSettings_ContainOnlyTheBootstrapScene" methodname="BuildSettings_ContainOnlyTheBootstrapScene" classname="Game.Unity.Tests.UI.BootstrapSceneTests" runstate="Runnable" seed="145461391" result="Passed" start-time="2026-10-08 22:17:58Z" end-time="2026-10-08 22:17:58Z" duration="0.000501" asserts="0">
                  <properties>
                    <property name="retryIteration" value="0" />
                    <property name="repeatIteration" value="0" />
                  </properties>
                </test-case>
                <test-case id="1889" name="FindBuildViolations_ProjectBuildRoots_ReportsNothing" fullname="Game.Unity.Tests.UI.BootstrapSceneTests.FindBuildViolations_ProjectBuildRoots_ReportsNothing" methodname="FindBuildViolations_ProjectBuildRoots_ReportsNothing" classname="Game.Unity.Tests.UI.BootstrapSceneTests" runstate="Runnable" seed="793061577" result="Passed" start-time="2026-10-08 22:17:58Z" end-time="2026-10-08 22:17:58Z" duration="0.007931" asserts="0">
                  <properties>
                    <property name="retryIteration" value="0" />
                    <property name="repeatIteration" value="0" />
                  </properties>
                </test-case>
                <test-case id="1890" name="FindPlaceholderReferences_BootstrapScene_ReportsNothing" fullname="Game.Unity.Tests.UI.BootstrapSceneTests.FindPlaceholderReferences_BootstrapScene_ReportsNothing" methodname="FindPlaceholderReferences_BootstrapScene_ReportsNothing" classname="Game.Unity.Tests.UI.BootstrapSceneTests" runstate="Runnable" seed="339066938" result="Passed" start-time="2026-10-08 22:17:58Z" end-time="2026-10-08 22:17:58Z" duration="0.002709" asserts="0">
                  <properties>
                    <property name="retryIteration" value="0" />
                    <property name="repeatIteration" value="0" />
                  </properties>
                </test-case>
                <test-case id="1886" name="PanelSettings_HasTheGameTheme" fullname="Game.Unity.Tests.UI.BootstrapSceneTests.PanelSettings_HasTheGameTheme" methodname="PanelSettings_HasTheGameTheme" classname="Game.Unity.Tests.UI.BootstrapSceneTests" runstate="Runnable" seed="397830817" result="Passed" start-time="2026-10-08 22:17:58Z" end-time="2026-10-08 22:17:58Z" duration="0.020523" asserts="0">
                  <properties>
                    <property name="retryIteration" value="0" />
                    <property name="repeatIteration" value="0" />
                  </properties>
                </test-case>
                <test-case id="1887" name="Scene_HasADocumentShowingTheTitleScreen" fullname="Game.Unity.Tests.UI.BootstrapSceneTests.Scene_HasADocumentShowingTheTitleScreen" methodname="Scene_HasADocumentShowingTheTitleScreen" classname="Game.Unity.Tests.UI.BootstrapSceneTests" runstate="Runnable" seed="193812783" result="Passed" start-time="2026-10-08 22:17:58Z" end-time="2026-10-08 22:17:58Z" duration="0.139450" asserts="0">
                  <properties>
                    <property name="retryIteration" value="0" />
                    <property name="repeatIteration" value="0" />
                  </properties>
                </test-case>
              </test-suite>
              <test-suite type="TestFixture" id="1891" name="LevelUpScreenTests" fullname="Game.Unity.Tests.UI.LevelUpScreenTests" classname="Game.Unity.Tests.UI.LevelUpScreenTests" runstate="Runnable" testcasecount="12" result="Passed" start-time="2026-10-08 22:17:58Z" end-time="2026-10-08 22:17:58Z" duration="0.050520" total="12" passed="12" failed="0" inconclusive="0" skipped="0" asserts="0">
                <properties />
                <test-case id="1899" name="Bind_DrawsOnePanelPerPackageAndNoRuleInTheView" fullname="Game.Unity.Tests.UI.LevelUpScreenTests.Bind_DrawsOnePanelPerPackageAndNoRuleInTheView" methodname="Bind_DrawsOnePanelPerPackageAndNoRuleInTheView" classname="Game.Unity.Tests.UI.LevelUpScreenTests" runstate="Runnable" seed="297283374" result="Passed" start-time="2026-10-08 22:17:58Z" end-time="2026-10-08 22:17:58Z" duration="0.025685" asserts="0">
                  <properties>
                    <property name="retryIteration" value="0" />
                    <property name="repeatIteration" value="0" />
                  </properties>
                </test-case>
                <test-case id="1901" name="Bind_FreeSlot_NeverShowsTheDestinationPanel" fullname="Game.Unity.Tests.UI.LevelUpScreenTests.Bind_FreeSlot_NeverShowsTheDestinationPanel" methodname="Bind_FreeSlot_NeverShowsTheDestinationPanel" classname="Game.Unity.Tests.UI.LevelUpScreenTests" runstate="Runnable" seed="1058244961" result="Passed" start-time="2026-10-08 22:17:58Z" end-time="2026-10-08 22:17:58Z" duration="0.001471" asserts="0">
                  <properties>
                    <property name="retryIteration" value="0" />
                    <property name="repeatIteration" value="0" />
                  </properties>
                </test-case>
                <test-case id="1900" name="Bind_SelectionShowsPanelOnFullLineAndEnablesConfirm" fullname="Game.Unity.Tests.UI.LevelUpScreenTests.Bind_SelectionShowsPanelOnFullLineAndEnablesConfirm" methodname="Bind_SelectionShowsPanelOnFullLineAndEnablesConfirm" classname="Game.Unity.Tests.UI.LevelUpScreenTests" runstate="Runnable" seed="516362222" result="Passed" start-time="2026-10-08 22:17:58Z" end-time="2026-10-08 22:17:58Z" duration="0.000961" asserts="0">
                  <properties>
                    <property name="retryIteration" value="0" />
                    <property name="repeatIteration" value="0" />
                  </properties>
                </test-case>
                <test-case id="1898" name="Layout_HasTheNamedElements" fullname="Game.Unity.Tests.UI.LevelUpScreenTests.Layout_HasTheNamedElements" methodname="Layout_HasTheNamedElements" classname="Game.Unity.Tests.UI.LevelUpScreenTests" runstate="Runnable" seed="1773952322" result="Passed" start-time="2026-10-08 22:17:58Z" end-time="2026-10-08 22:17:58Z" duration="0.000520" asserts="0">
                  <properties>
                    <property name="retryIteration" value="0" />
                    <property name="repeatIteration" value="0" />
                  </properties>
                </test-case>
                <test-case id="1895" name="Model_ConfirmWithoutPackage_Throws" fullname="Game.Unity.Tests.UI.LevelUpScreenTests.Model_ConfirmWithoutPackage_Throws" methodname="Model_ConfirmWithoutPackage_Throws" classname="Game.Unity.Tests.UI.LevelUpScreenTests" runstate="Runnable" seed="1555441542" result="Passed" start-time="2026-10-08 22:17:58Z" end-time="2026-10-08 22:17:58Z" duration="0.000705" asserts="0">
                  <properties>
                    <property name="retryIteration" value="0" />
                    <property name="repeatIteration" value="0" />
                  </properties>
                </test-case>
                <test-case id="1893" name="Model_FreeSlot_AddsAtEndAndRefusesReserveAndReplacement" fullname="Game.Unity.Tests.UI.LevelUpScreenTests.Model_FreeSlot_AddsAtEndAndRefusesReserveAndReplacement" methodname="Model_FreeSlot_AddsAtEndAndRefusesReserveAndReplacement" classname="Game.Unity.Tests.UI.LevelUpScreenTests" runstate="Runnable" seed="1398941043" result="Passed" start-time="2026-10-08 22:17:58Z" end-time="2026-10-08 22:17:58Z" duration="0.000789" asserts="0">
                  <properties>
                    <property name="retryIteration" value="0" />
                    <property name="repeatIteration" value="0" />
                  </properties>
                </test-case>
                <test-case id="1894" name="Model_FullLine_DefaultsToReserveThenReplacesTheChosenLineCard" fullname="Game.Unity.Tests.UI.LevelUpScreenTests.Model_FullLine_DefaultsToReserveThenReplacesTheChosenLineCard" methodname="Model_FullLine_DefaultsToReserveThenReplacesTheChosenLineCard" classname="Game.Unity.Tests.UI.LevelUpScreenTests" runstate="Runnable" seed="1421108495" result="Passed" start-time="2026-10-08 22:17:58Z" end-time="2026-10-08 22:17:58Z" duration="0.000532" asserts="0">
                  <properties>
                    <property name="retryIteration" value="0" />
                    <property name="repeatIteration" value="0" />
                  </properties>
                </test-case>
                <test-case id="1896" name="Model_OutOfRangeSelections_Throw" fullname="Game.Unity.Tests.UI.LevelUpScreenTests.Model_OutOfRangeSelections_Throw" methodname="Model_OutOfRangeSelections_Throw" classname="Game.Unity.Tests.UI.LevelUpScreenTests" runstate="Runnable" seed="1642407823" result="Passed" start-time="2026-10-08 22:17:58Z" end-time="2026-10-08 22:17:58Z" duration="0.000497" asserts="0">
                  <properties>
                    <property name="retryIteration" value="0" />
                    <property name="repeatIteration" value="0" />
                  </properties>
                </test-case>
                <test-case id="1897" name="Model_SelectionRaisesChanged" fullname="Game.Unity.Tests.UI.LevelUpScreenTests.Model_SelectionRaisesChanged" methodname="Model_SelectionRaisesChanged" classname="Game.Unity.Tests.UI.LevelUpScreenTests" runstate="Runnable" seed="1137125664" result="Passed" start-time="2026-10-08 22:17:58Z" end-time="2026-10-08 22:17:58Z" duration="0.000349" asserts="0">
                  <properties>
                    <property name="retryIteration" value="0" />
                    <property name="repeatIteration" value="0" />
                  </properties>
                </test-case>
                <test-case id="1892" name="Model_ShowsCardAndPassiveOfEveryPackage" fullname="Game.Unity.Tests.UI.LevelUpScreenTests.Model_ShowsCardAndPassiveOfEveryPackage" methodname="Model_ShowsCardAndPassiveOfEveryPackage" classname="Game.Unity.Tests.UI.LevelUpScreenTests" runstate="Runnable" seed="1822235553" result="Passed" start-time="2026-10-08 22:17:58Z" end-time="2026-10-08 22:17:58Z" duration="0.000515" asserts="0">
                  <properties>
                    <property name="retryIteration" value="0" />
                    <property name="repeatIteration" value="0" />
                  </properties>
                </test-case>
                <test-case id="1903" name="Previews_ListTheLevelUpScreens" fullname="Game.Unity.Tests.UI.LevelUpScreenTests.Previews_ListTheLevelUpScreens" methodname="Previews_ListTheLevelUpScreens" classname="Game.Unity.Tests.UI.LevelUpScreenTests" runstate="Runnable" seed="1523217631" result="Passed" start-time="2026-10-08 22:17:58Z" end-time="2026-10-08 22:17:58Z" duration="0.001991" asserts="0">
                  <properties>
                    <property name="retryIteration" value="0" />
                    <property name="repeatIteration" value="0" />
                  </properties>
                </test-case>
                <test-case id="1902" name="Show_ThenModelChoice_TakesThePackageInTheRun" fullname="Game.Unity.Tests.UI.LevelUpScreenTests.Show_ThenModelChoice_TakesThePackageInTheRun" methodname="Show_ThenModelChoice_TakesThePackageInTheRun" classname="Game.Unity.Tests.UI.LevelUpScreenTests" runstate="Runnable" seed="1098689455" result="Passed" start-time="2026-10-08 22:17:58Z" end-time="2026-10-08 22:17:58Z" duration="0.004397" asserts="0">
                  <properties>
                    <property name="retryIteration" value="0" />
                    <property name="repeatIteration" value="0" />
                  </properties>
                </test-case>
              </test-suite>
              <test-suite type="TestFixture" id="1904" name="PreparationScreenTests" fullname="Game.Unity.Tests.UI.PreparationScreenTests" classname="Game.Unity.Tests.UI.PreparationScreenTests" runstate="Runnable" testcasecount="24" result="Passed" start-time="2026-10-08 22:17:58Z" end-time="2026-10-08 22:17:58Z" duration="0.032656" total="24" passed="24" failed="0" inconclusive="0" skipped="0" asserts="0">
                <properties />
                <test-case id="1927" name="Bind_AfterStart_DisablesTheControls" fullname="Game.Unity.Tests.UI.PreparationScreenTests.Bind_AfterStart_DisablesTheControls" methodname="Bind_AfterStart_DisablesTheControls" classname="Game.Unity.Tests.UI.PreparationScreenTests" runstate="Runnable" seed="2098250240" result="Passed" start-time="2026-10-08 22:17:58Z" end-time="2026-10-08 22:17:58Z" duration="0.010645" asserts="0">
                  <properties>
                    <property name="retryIteration" value="0" />
                    <property name="repeatIteration" value="0" />
                  </properties>
                </test-case>
                <test-case id="1926" name="Bind_Detach_StopsFollowingTheViewModel" fullname="Game.Unity.Tests.UI.PreparationScreenTests.Bind_Detach_StopsFollowingTheViewModel" methodname="Bind_Detach_StopsFollowingTheViewModel" classname="Game.Unity.Tests.UI.PreparationScreenTests" runstate="Runnable" seed="927073888" result="Passed" start-time="2026-10-08 22:17:58Z" end-time="2026-10-08 22:17:58Z" duration="0.001064" asserts="0">
                  <properties>
                    <property name="retryIteration" value="0" />
                    <property name="repeatIteration" value="0" />
                  </properties>
                </test-case>
                <test-case id="1925" name="Bind_FollowsTheViewModel_AndMarksTheSelection" fullname="Game.Unity.Tests.UI.PreparationScreenTests.Bind_FollowsTheViewModel_AndMarksTheSelection" methodname="Bind_FollowsTheViewModel_AndMarksTheSelection" classname="Game.Unity.Tests.UI.PreparationScreenTests" runstate="Runnable" seed="592232190" result="Passed" start-time="2026-10-08 22:17:58Z" end-time="2026-10-08 22:17:58Z" duration="0.001138" asserts="0">
                  <properties>
                    <property name="retryIteration" value="0" />
                    <property name="repeatIteration" value="0" />
                  </properties>
                </test-case>
                <test-case id="1924" name="Bind_MiniBoss_HasNoUnknownInformation" fullname="Game.Unity.Tests.UI.PreparationScreenTests.Bind_MiniBoss_HasNoUnknownInformation" methodname="Bind_MiniBoss_HasNoUnknownInformation" classname="Game.Unity.Tests.UI.PreparationScreenTests" runstate="Runnable" seed="542176415" result="Passed" start-time="2026-10-08 22:17:58Z" end-time="2026-10-08 22:17:58Z" duration="0.002218" asserts="0">
                  <properties>
                    <property name="retryIteration" value="0" />
                    <property name="repeatIteration" value="0" />
                  </properties>
                </test-case>
                <test-case id="1923" name="Bind_Professor_MarksHiddenInformationAsUnknown" fullname="Game.Unity.Tests.UI.PreparationScreenTests.Bind_Professor_MarksHiddenInformationAsUnknown" methodname="Bind_Professor_MarksHiddenInformationAsUnknown" classname="Game.Unity.Tests.UI.PreparationScreenTests" runstate="Runnable" seed="1373166228" result="Passed" start-time="2026-10-08 22:17:58Z" end-time="2026-10-08 22:17:58Z" duration="0.002162" asserts="0">
                  <properties>
                    <property name="retryIteration" value="0" />
                    <property name="repeatIteration" value="0" />
                  </properties>
                </test-case>
                <test-case id="1922" name="Bind_ShowsCardsOfTheLineAndTheReserve" fullname="Game.Unity.Tests.UI.PreparationScreenTests.Bind_ShowsCardsOfTheLineAndTheReserve" methodname="Bind_ShowsCardsOfTheLineAndTheReserve" classname="Game.Unity.Tests.UI.PreparationScreenTests" runstate="Runnable" seed="1790662212" result="Passed" start-time="2026-10-08 22:17:58Z" end-time="2026-10-08 22:17:58Z" duration="0.000764" asserts="0">
                  <properties>
                    <property name="retryIteration" value="0" />
                    <property name="repeatIteration" value="0" />
                  </properties>
                </test-case>
                <test-case id="1917" name="Changed_IsRaisedByEveryChange" fullname="Game.Unity.Tests.UI.PreparationScreenTests.Changed_IsRaisedByEveryChange" methodname="Changed_IsRaisedByEveryChange" classname="Game.Unity.Tests.UI.PreparationScreenTests" runstate="Runnable" seed="5073867" result="Passed" start-time="2026-10-08 22:17:58Z" end-time="2026-10-08 22:17:58Z" duration="0.001069" asserts="0">
                  <properties>
                    <property name="retryIteration" value="0" />
                    <property name="repeatIteration" value="0" />
                  </properties>
                </test-case>
                <test-case id="1906" name="Enemies_MiniBoss_EverythingKnown" fullname="Game.Unity.Tests.UI.PreparationScreenTests.Enemies_MiniBoss_EverythingKnown" methodname="Enemies_MiniBoss_EverythingKnown" classname="Game.Unity.Tests.UI.PreparationScreenTests" runstate="Runnable" seed="128712833" result="Passed" start-time="2026-10-08 22:17:58Z" end-time="2026-10-08 22:17:58Z" duration="0.000564" asserts="0">
                  <properties>
                    <property name="retryIteration" value="0" />
                    <property name="repeatIteration" value="0" />
                  </properties>
                </test-case>
                <test-case id="1908" name="Enemies_ProfessorPartlyRevealed_ShowsOnlyWhatWasRevealed" fullname="Game.Unity.Tests.UI.PreparationScreenTests.Enemies_ProfessorPartlyRevealed_ShowsOnlyWhatWasRevealed" methodname="Enemies_ProfessorPartlyRevealed_ShowsOnlyWhatWasRevealed" classname="Game.Unity.Tests.UI.PreparationScreenTests" runstate="Runnable" seed="1134456015" result="Passed" start-time="2026-10-08 22:17:58Z" end-time="2026-10-08 22:17:58Z" duration="0.000642" asserts="0">
                  <properties>
                    <property name="retryIteration" value="0" />
                    <property name="repeatIteration" value="0" />
                  </properties>
                </test-case>
                <test-case id="1907" name="Enemies_ProfessorWithoutRevelations_EverythingUnknownButTheLineLength" fullname="Game.Unity.Tests.UI.PreparationScreenTests.Enemies_ProfessorWithoutRevelations_EverythingUnknownButTheLineLength" methodname="Enemies_ProfessorWithoutRevelations_EverythingUnknownButTheLineLength" classname="Game.Unity.Tests.UI.PreparationScreenTests" runstate="Runnable" seed="1886360222" result="Passed" start-time="2026-10-08 22:17:58Z" end-time="2026-10-08 22:17:58Z" duration="0.000440" asserts="0">
                  <properties>
                    <property name="retryIteration" value="0" />
                    <property name="repeatIteration" value="0" />
                  </properties>
                </test-case>
                <test-case id="1921" name="Layout_HasEveryElementTheViewQueries" fullname="Game.Unity.Tests.UI.PreparationScreenTests.Layout_HasEveryElementTheViewQueries" methodname="Layout_HasEveryElementTheViewQueries" classname="Game.Unity.Tests.UI.PreparationScreenTests" runstate="Runnable" seed="1370422714" result="Passed" start-time="2026-10-08 22:17:58Z" end-time="2026-10-08 22:17:58Z" duration="0.000835" asserts="0">
                  <properties>
                    <property name="retryIteration" value="0" />
                    <property name="repeatIteration" value="0" />
                  </properties>
                </test-case>
                <test-case id="1905" name="Lists_LineAndReserveFromTheRun" fullname="Game.Unity.Tests.UI.PreparationScreenTests.Lists_LineAndReserveFromTheRun" methodname="Lists_LineAndReserveFromTheRun" classname="Game.Unity.Tests.UI.PreparationScreenTests" runstate="Runnable" seed="1258173722" result="Passed" start-time="2026-10-08 22:17:58Z" end-time="2026-10-08 22:17:58Z" duration="0.001612" asserts="0">
                  <properties>
                    <property name="retryIteration" value="0" />
                    <property name="repeatIteration" value="0" />
                  </properties>
                </test-case>
                <test-case id="1909" name="MoveLeftRight_MovesTheSelectedCardAndKeepsItSelected" fullname="Game.Unity.Tests.UI.PreparationScreenTests.MoveLeftRight_MovesTheSelectedCardAndKeepsItSelected" methodname="MoveLeftRight_MovesTheSelectedCardAndKeepsItSelected" classname="Game.Unity.Tests.UI.PreparationScreenTests" runstate="Runnable" seed="994039880" result="Passed" start-time="2026-10-08 22:17:58Z" end-time="2026-10-08 22:17:58Z" duration="0.000579" asserts="0">
                  <properties>
                    <property name="retryIteration" value="0" />
                    <property name="repeatIteration" value="0" />
                  </properties>
                </test-case>
                <test-case id="1910" name="MoveRight_LastPosition_IsNotAllowedAndDoesNothing" fullname="Game.Unity.Tests.UI.PreparationScreenTests.MoveRight_LastPosition_IsNotAllowedAndDoesNothing" methodname="MoveRight_LastPosition_IsNotAllowedAndDoesNothing" classname="Game.Unity.Tests.UI.PreparationScreenTests" runstate="Runnable" seed="721686611" result="Passed" start-time="2026-10-08 22:17:58Z" end-time="2026-10-08 22:17:58Z" duration="0.000293" asserts="0">
                  <properties>
                    <property name="retryIteration" value="0" />
                    <property name="repeatIteration" value="0" />
                  </properties>
                </test-case>
                <test-case id="1914" name="MoveToLine_FreeSlot_AddsTheReserveCardAtTheEnd" fullname="Game.Unity.Tests.UI.PreparationScreenTests.MoveToLine_FreeSlot_AddsTheReserveCardAtTheEnd" methodname="MoveToLine_FreeSlot_AddsTheReserveCardAtTheEnd" classname="Game.Unity.Tests.UI.PreparationScreenTests" runstate="Runnable" seed="1785658352" result="Passed" start-time="2026-10-08 22:17:58Z" end-time="2026-10-08 22:17:58Z" duration="0.001029" asserts="0">
                  <properties>
                    <property name="retryIteration" value="0" />
                    <property name="repeatIteration" value="0" />
                  </properties>
                </test-case>
                <test-case id="1913" name="MoveToLine_FullLine_IsNotAllowed" fullname="Game.Unity.Tests.UI.PreparationScreenTests.MoveToLine_FullLine_IsNotAllowed" methodname="MoveToLine_FullLine_IsNotAllowed" classname="Game.Unity.Tests.UI.PreparationScreenTests" runstate="Runnable" seed="306234714" result="Passed" start-time="2026-10-08 22:17:58Z" end-time="2026-10-08 22:17:58Z" duration="0.000326" asserts="0">
                  <properties>
                    <property name="retryIteration" value="0" />
                    <property name="repeatIteration" value="0" />
                  </properties>
                </test-case>
                <test-case id="1915" name="MoveToReserve_LastLineCard_IsNotAllowed" fullname="Game.Unity.Tests.UI.PreparationScreenTests.MoveToReserve_LastLineCard_IsNotAllowed" methodname="MoveToReserve_LastLineCard_IsNotAllowed" classname="Game.Unity.Tests.UI.PreparationScreenTests" runstate="Runnable" seed="2103270652" result="Passed" start-time="2026-10-08 22:17:58Z" end-time="2026-10-08 22:17:58Z" duration="0.000281" asserts="0">
                  <properties>
                    <property name="retryIteration" value="0" />
                    <property name="repeatIteration" value="0" />
                  </properties>
                </test-case>
                <test-case id="1912" name="MoveToReserve_SendsTheCardToTheEndOfTheReserveAndClearsTheSelection" fullname="Game.Unity.Tests.UI.PreparationScreenTests.MoveToReserve_SendsTheCardToTheEndOfTheReserveAndClearsTheSelection" methodname="MoveToReserve_SendsTheCardToTheEndOfTheReserveAndClearsTheSelection" classname="Game.Unity.Tests.UI.PreparationScreenTests" runstate="Runnable" seed="800489651" result="Passed" start-time="2026-10-08 22:17:58Z" end-time="2026-10-08 22:17:58Z" duration="0.000366" asserts="0">
                  <properties>
                    <property name="retryIteration" value="0" />
                    <property name="repeatIteration" value="0" />
                  </properties>
                </test-case>
                <test-case id="1928" name="Preview_ThreeVariantsAreRegistered" fullname="Game.Unity.Tests.UI.PreparationScreenTests.Preview_ThreeVariantsAreRegistered" methodname="Preview_ThreeVariantsAreRegistered" classname="Game.Unity.Tests.UI.PreparationScreenTests" runstate="Runnable" seed="70024064" result="Passed" start-time="2026-10-08 22:17:58Z" end-time="2026-10-08 22:17:58Z" duration="0.000681" asserts="0">
                  <properties>
                    <property name="retryIteration" value="0" />
                    <property name="repeatIteration" value="0" />
                  </properties>
                </test-case>
                <test-case id="1916" name="Select_SameCardTwice_Unselects_AndOutOfRangeIsIgnored" fullname="Game.Unity.Tests.UI.PreparationScreenTests.Select_SameCardTwice_Unselects_AndOutOfRangeIsIgnored" methodname="Select_SameCardTwice_Unselects_AndOutOfRangeIsIgnored" classname="Game.Unity.Tests.UI.PreparationScreenTests" runstate="Runnable" seed="308158990" result="Passed" start-time="2026-10-08 22:17:58Z" end-time="2026-10-08 22:17:58Z" duration="0.000339" asserts="0">
                  <properties>
                    <property name="retryIteration" value="0" />
                    <property name="repeatIteration" value="0" />
                  </properties>
                </test-case>
                <test-case id="1918" name="Start_BeginsTheFight_AndFixesTheLine" fullname="Game.Unity.Tests.UI.PreparationScreenTests.Start_BeginsTheFight_AndFixesTheLine" methodname="Start_BeginsTheFight_AndFixesTheLine" classname="Game.Unity.Tests.UI.PreparationScreenTests" runstate="Runnable" seed="2019661251" result="Passed" start-time="2026-10-08 22:17:58Z" end-time="2026-10-08 22:17:58Z" duration="0.000431" asserts="0">
                  <properties>
                    <property name="retryIteration" value="0" />
                    <property name="repeatIteration" value="0" />
                  </properties>
                </test-case>
                <test-case id="1919" name="Start_Twice_ReturnsNullTheSecondTime" fullname="Game.Unity.Tests.UI.PreparationScreenTests.Start_Twice_ReturnsNullTheSecondTime" methodname="Start_Twice_ReturnsNullTheSecondTime" classname="Game.Unity.Tests.UI.PreparationScreenTests" runstate="Runnable" seed="2084772746" result="Passed" start-time="2026-10-08 22:17:58Z" end-time="2026-10-08 22:17:58Z" duration="0.000233" asserts="0">
                  <properties>
                    <property name="retryIteration" value="0" />
                    <property name="repeatIteration" value="0" />
                  </properties>
                </test-case>
                <test-case id="1920" name="Start_UsesTheLineAsArranged" fullname="Game.Unity.Tests.UI.PreparationScreenTests.Start_UsesTheLineAsArranged" methodname="Start_UsesTheLineAsArranged" classname="Game.Unity.Tests.UI.PreparationScreenTests" runstate="Runnable" seed="1282585839" result="Passed" start-time="2026-10-08 22:17:58Z" end-time="2026-10-08 22:17:58Z" duration="0.000296" asserts="0">
                  <properties>
                    <property name="retryIteration" value="0" />
                    <property name="repeatIteration" value="0" />
                  </properties>
                </test-case>
                <test-case id="1911" name="Swap_NeedsBothSelections_ThenExchangesTheCards" fullname="Game.Unity.Tests.UI.PreparationScreenTests.Swap_NeedsBothSelections_ThenExchangesTheCards" methodname="Swap_NeedsBothSelections_ThenExchangesTheCards" classname="Game.Unity.Tests.UI.PreparationScreenTests" runstate="Runnable" seed="1982935838" result="Passed" start-time="2026-10-08 22:17:58Z" end-time="2026-10-08 22:17:58Z" duration="0.000661" asserts="0">
                  <properties>
                    <property name="retryIteration" value="0" />
                    <property name="repeatIteration" value="0" />
                  </properties>
                </test-case>
              </test-suite>
              <test-suite type="TestFixture" id="1929" name="RecapScreenTests" fullname="Game.Unity.Tests.UI.RecapScreenTests" classname="Game.Unity.Tests.UI.RecapScreenTests" runstate="Runnable" testcasecount="25" result="Passed" start-time="2026-10-08 22:17:58Z" end-time="2026-10-08 22:17:58Z" duration="0.068454" total="25" passed="25" failed="0" inconclusive="0" skipped="0" asserts="0">
                <properties />
                <test-case id="1941" name="Bind_Cards_ShowTheirOutputForBothSides" fullname="Game.Unity.Tests.UI.RecapScreenTests.Bind_Cards_ShowTheirOutputForBothSides" methodname="Bind_Cards_ShowTheirOutputForBothSides" classname="Game.Unity.Tests.UI.RecapScreenTests" runstate="Runnable" seed="1550203171" result="Passed" start-time="2026-10-08 22:17:58Z" end-time="2026-10-08 22:17:58Z" duration="0.030745" asserts="0">
                  <properties>
                    <property name="retryIteration" value="0" />
                    <property name="repeatIteration" value="0" />
                  </properties>
                </test-case>
                <test-case id="1950" name="Bind_Cells_UseOneClassPerColumnInTheHeaderAndInTheRows" fullname="Game.Unity.Tests.UI.RecapScreenTests.Bind_Cells_UseOneClassPerColumnInTheHeaderAndInTheRows" methodname="Bind_Cells_UseOneClassPerColumnInTheHeaderAndInTheRows" classname="Game.Unity.Tests.UI.RecapScreenTests" runstate="Runnable" seed="1681214282" result="Passed" start-time="2026-10-08 22:17:58Z" end-time="2026-10-08 22:17:58Z" duration="0.002599" asserts="0">
                  <properties>
                    <property name="retryIteration" value="0" />
                    <property name="repeatIteration" value="0" />
                  </properties>
                </test-case>
                <test-case id="1951" name="Bind_CombatantWithoutCards_ShowsOnlyItsHeaderAndSummary" fullname="Game.Unity.Tests.UI.RecapScreenTests.Bind_CombatantWithoutCards_ShowsOnlyItsHeaderAndSummary" methodname="Bind_CombatantWithoutCards_ShowsOnlyItsHeaderAndSummary" classname="Game.Unity.Tests.UI.RecapScreenTests" runstate="Runnable" seed="1993153170" result="Passed" start-time="2026-10-08 22:17:58Z" end-time="2026-10-08 22:17:58Z" duration="0.001510" asserts="0">
                  <properties>
                    <property name="retryIteration" value="0" />
                    <property name="repeatIteration" value="0" />
                  </properties>
                </test-case>
                <test-case id="1937" name="Bind_Defeat_ListsEveryCauseWithTheMainOneFirst" fullname="Game.Unity.Tests.UI.RecapScreenTests.Bind_Defeat_ListsEveryCauseWithTheMainOneFirst" methodname="Bind_Defeat_ListsEveryCauseWithTheMainOneFirst" classname="Game.Unity.Tests.UI.RecapScreenTests" runstate="Runnable" seed="525705440" result="Passed" start-time="2026-10-08 22:17:58Z" end-time="2026-10-08 22:17:58Z" duration="0.002369" asserts="0">
                  <properties>
                    <property name="retryIteration" value="0" />
                    <property name="repeatIteration" value="0" />
                  </properties>
                </test-case>
                <test-case id="1933" name="Bind_Defeat_ShowsTheTurningPointAndTheMainCause" fullname="Game.Unity.Tests.UI.RecapScreenTests.Bind_Defeat_ShowsTheTurningPointAndTheMainCause" methodname="Bind_Defeat_ShowsTheTurningPointAndTheMainCause" classname="Game.Unity.Tests.UI.RecapScreenTests" runstate="Runnable" seed="539589878" result="Passed" start-time="2026-10-08 22:17:58Z" end-time="2026-10-08 22:17:58Z" duration="0.001299" asserts="0">
                  <properties>
                    <property name="retryIteration" value="0" />
                    <property name="repeatIteration" value="0" />
                  </properties>
                </test-case>
                <test-case id="1934" name="Bind_DefeatFromTheFirstTick_SaysTheHeroWasBehindFromTheStart" fullname="Game.Unity.Tests.UI.RecapScreenTests.Bind_DefeatFromTheFirstTick_SaysTheHeroWasBehindFromTheStart" methodname="Bind_DefeatFromTheFirstTick_SaysTheHeroWasBehindFromTheStart" classname="Game.Unity.Tests.UI.RecapScreenTests" runstate="Runnable" seed="598283394" result="Passed" start-time="2026-10-08 22:17:58Z" end-time="2026-10-08 22:17:58Z" duration="0.000908" asserts="0">
                  <properties>
                    <property name="retryIteration" value="0" />
                    <property name="repeatIteration" value="0" />
                  </properties>
                </test-case>
                <test-case id="1953" name="Bind_DefeatWithoutAnyCause_ShowsTheTurningPointOnly" fullname="Game.Unity.Tests.UI.RecapScreenTests.Bind_DefeatWithoutAnyCause_ShowsTheTurningPointOnly" methodname="Bind_DefeatWithoutAnyCause_ShowsTheTurningPointOnly" classname="Game.Unity.Tests.UI.RecapScreenTests" runstate="Runnable" seed="1616144142" result="Passed" start-time="2026-10-08 22:17:58Z" end-time="2026-10-08 22:17:58Z" duration="0.001189" asserts="0">
                  <properties>
                    <property name="retryIteration" value="0" />
                    <property name="repeatIteration" value="0" />
                  </properties>
                </test-case>
                <test-case id="1947" name="Bind_LostFightWithoutAnalysis_DoesNotClaimTimeRanOut" fullname="Game.Unity.Tests.UI.RecapScreenTests.Bind_LostFightWithoutAnalysis_DoesNotClaimTimeRanOut" methodname="Bind_LostFightWithoutAnalysis_DoesNotClaimTimeRanOut" classname="Game.Unity.Tests.UI.RecapScreenTests" runstate="Runnable" seed="1024557288" result="Passed" start-time="2026-10-08 22:17:58Z" end-time="2026-10-08 22:17:58Z" duration="0.001159" asserts="0">
                  <properties>
                    <property name="retryIteration" value="0" />
                    <property name="repeatIteration" value="0" />
                  </properties>
                </test-case>
                <test-case id="1949" name="Bind_MainCause_IsTheOneNamedByTheAnalysisNotTheFirstOfTheList" fullname="Game.Unity.Tests.UI.RecapScreenTests.Bind_MainCause_IsTheOneNamedByTheAnalysisNotTheFirstOfTheList" methodname="Bind_MainCause_IsTheOneNamedByTheAnalysisNotTheFirstOfTheList" classname="Game.Unity.Tests.UI.RecapScreenTests" runstate="Runnable" seed="1698316270" result="Passed" start-time="2026-10-08 22:17:58Z" end-time="2026-10-08 22:17:58Z" duration="0.001592" asserts="0">
                  <properties>
                    <property name="retryIteration" value="0" />
                    <property name="repeatIteration" value="0" />
                  </properties>
                </test-case>
                <test-case id="1954" name="Bind_NullArguments_Throw" fullname="Game.Unity.Tests.UI.RecapScreenTests.Bind_NullArguments_Throw" methodname="Bind_NullArguments_Throw" classname="Game.Unity.Tests.UI.RecapScreenTests" runstate="Runnable" seed="467287674" result="Passed" start-time="2026-10-08 22:17:58Z" end-time="2026-10-08 22:17:58Z" duration="0.000956" asserts="0">
                  <properties>
                    <property name="retryIteration" value="0" />
                    <property name="repeatIteration" value="0" />
                  </properties>
                </test-case>
                <test-case id="1952" name="Bind_RecapWithoutCombatants_ShowsTheOutcomeAndNoSections" fullname="Game.Unity.Tests.UI.RecapScreenTests.Bind_RecapWithoutCombatants_ShowsTheOutcomeAndNoSections" methodname="Bind_RecapWithoutCombatants_ShowsTheOutcomeAndNoSections" classname="Game.Unity.Tests.UI.RecapScreenTests" runstate="Runnable" seed="899096640" result="Passed" start-time="2026-10-08 22:17:58Z" end-time="2026-10-08 22:17:58Z" duration="0.000871" asserts="0">
                  <properties>
                    <property name="retryIteration" value="0" />
                    <property name="repeatIteration" value="0" />
                  </properties>
                </test-case>
                <test-case id="1944" name="Bind_SeveralEnemies_EachGetsItsOwnSection" fullname="Game.Unity.Tests.UI.RecapScreenTests.Bind_SeveralEnemies_EachGetsItsOwnSection" methodname="Bind_SeveralEnemies_EachGetsItsOwnSection" classname="Game.Unity.Tests.UI.RecapScreenTests" runstate="Runnable" seed="538768110" result="Passed" start-time="2026-10-08 22:17:58Z" end-time="2026-10-08 22:17:58Z" duration="0.001566" asserts="0">
                  <properties>
                    <property name="retryIteration" value="0" />
                    <property name="repeatIteration" value="0" />
                  </properties>
                </test-case>
                <test-case id="1938" name="Bind_ShieldBroken_NamesTheEnemyCardAndMarksItsRow" fullname="Game.Unity.Tests.UI.RecapScreenTests.Bind_ShieldBroken_NamesTheEnemyCardAndMarksItsRow" methodname="Bind_ShieldBroken_NamesTheEnemyCardAndMarksItsRow" classname="Game.Unity.Tests.UI.RecapScreenTests" runstate="Runnable" seed="224577229" result="Passed" start-time="2026-10-08 22:17:58Z" end-time="2026-10-08 22:17:58Z" duration="0.001693" asserts="0">
                  <properties>
                    <property name="retryIteration" value="0" />
                    <property name="repeatIteration" value="0" />
                  </properties>
                </test-case>
                <test-case id="1936" name="Bind_TimeLimitWithAnalysis_ShowsTheTurningPointToo" fullname="Game.Unity.Tests.UI.RecapScreenTests.Bind_TimeLimitWithAnalysis_ShowsTheTurningPointToo" methodname="Bind_TimeLimitWithAnalysis_ShowsTheTurningPointToo" classname="Game.Unity.Tests.UI.RecapScreenTests" runstate="Runnable" seed="1421107093" result="Passed" start-time="2026-10-08 22:17:58Z" end-time="2026-10-08 22:17:58Z" duration="0.001052" asserts="0">
                  <properties>
                    <property name="retryIteration" value="0" />
                    <property name="repeatIteration" value="0" />
                  </properties>
                </test-case>
                <test-case id="1935" name="Bind_TimeLimitWithoutAnalysis_SaysSoAndHasNoTurningPoint" fullname="Game.Unity.Tests.UI.RecapScreenTests.Bind_TimeLimitWithoutAnalysis_SaysSoAndHasNoTurningPoint" methodname="Bind_TimeLimitWithoutAnalysis_SaysSoAndHasNoTurningPoint" classname="Game.Unity.Tests.UI.RecapScreenTests" runstate="Runnable" seed="467770644" result="Passed" start-time="2026-10-08 22:17:58Z" end-time="2026-10-08 22:17:58Z" duration="0.001093" asserts="0">
                  <properties>
                    <property name="retryIteration" value="0" />
                    <property name="repeatIteration" value="0" />
                  </properties>
                </test-case>
                <test-case id="1946" name="Bind_TreeWithoutNamedElements_Throws" fullname="Game.Unity.Tests.UI.RecapScreenTests.Bind_TreeWithoutNamedElements_Throws" methodname="Bind_TreeWithoutNamedElements_Throws" classname="Game.Unity.Tests.UI.RecapScreenTests" runstate="Runnable" seed="1152684446" result="Passed" start-time="2026-10-08 22:17:58Z" end-time="2026-10-08 22:17:58Z" duration="0.000414" asserts="0">
                  <properties>
                    <property name="retryIteration" value="0" />
                    <property name="repeatIteration" value="0" />
                  </properties>
                </test-case>
                <test-case id="1945" name="Bind_Twice_ReplacesWhatWasShown" fullname="Game.Unity.Tests.UI.RecapScreenTests.Bind_Twice_ReplacesWhatWasShown" methodname="Bind_Twice_ReplacesWhatWasShown" classname="Game.Unity.Tests.UI.RecapScreenTests" runstate="Runnable" seed="1662105583" result="Passed" start-time="2026-10-08 22:17:58Z" end-time="2026-10-08 22:17:58Z" duration="0.001533" asserts="0">
                  <properties>
                    <property name="retryIteration" value="0" />
                    <property name="repeatIteration" value="0" />
                  </properties>
                </test-case>
                <test-case id="1940" name="Bind_Victory_MarksNoCulprit" fullname="Game.Unity.Tests.UI.RecapScreenTests.Bind_Victory_MarksNoCulprit" methodname="Bind_Victory_MarksNoCulprit" classname="Game.Unity.Tests.UI.RecapScreenTests" runstate="Runnable" seed="1198975258" result="Passed" start-time="2026-10-08 22:17:58Z" end-time="2026-10-08 22:17:58Z" duration="0.000890" asserts="0">
                  <properties>
                    <property name="retryIteration" value="0" />
                    <property name="repeatIteration" value="0" />
                  </properties>
                </test-case>
                <test-case id="1932" name="Bind_Victory_ShowsTheOutcomeAndHidesTheDefeatPanel" fullname="Game.Unity.Tests.UI.RecapScreenTests.Bind_Victory_ShowsTheOutcomeAndHidesTheDefeatPanel" methodname="Bind_Victory_ShowsTheOutcomeAndHidesTheDefeatPanel" classname="Game.Unity.Tests.UI.RecapScreenTests" runstate="Runnable" seed="1166197341" result="Passed" start-time="2026-10-08 22:17:58Z" end-time="2026-10-08 22:17:58Z" duration="0.001641" asserts="0">
                  <properties>
                    <property name="retryIteration" value="0" />
                    <property name="repeatIteration" value="0" />
                  </properties>
                </test-case>
                <test-case id="1942" name="Bind_WastedBonus_ShowsTheAmountAndTheReason" fullname="Game.Unity.Tests.UI.RecapScreenTests.Bind_WastedBonus_ShowsTheAmountAndTheReason" methodname="Bind_WastedBonus_ShowsTheAmountAndTheReason" classname="Game.Unity.Tests.UI.RecapScreenTests" runstate="Runnable" seed="371982585" result="Passed" start-time="2026-10-08 22:17:58Z" end-time="2026-10-08 22:17:58Z" duration="0.001917" asserts="0">
                  <properties>
                    <property name="retryIteration" value="0" />
                    <property name="repeatIteration" value="0" />
                  </properties>
                </test-case>
                <test-case id="1948" name="Bind_WastedBonusesAreTheMainCause_MarksTheHeroCardsThatWastedThem" fullname="Game.Unity.Tests.UI.RecapScreenTests.Bind_WastedBonusesAreTheMainCause_MarksTheHeroCardsThatWastedThem" methodname="Bind_WastedBonusesAreTheMainCause_MarksTheHeroCardsThatWastedThem" classname="Game.Unity.Tests.UI.RecapScreenTests" runstate="Runnable" seed="851223348" result="Passed" start-time="2026-10-08 22:17:58Z" end-time="2026-10-08 22:17:58Z" duration="0.001418" asserts="0">
                  <properties>
                    <property name="retryIteration" value="0" />
                    <property name="repeatIteration" value="0" />
                  </properties>
                </test-case>
                <test-case id="1943" name="Bind_WastedBonusOutsideTheMainCause_IsNotHighlighted" fullname="Game.Unity.Tests.UI.RecapScreenTests.Bind_WastedBonusOutsideTheMainCause_IsNotHighlighted" methodname="Bind_WastedBonusOutsideTheMainCause_IsNotHighlighted" classname="Game.Unity.Tests.UI.RecapScreenTests" runstate="Runnable" seed="1009361081" result="Passed" start-time="2026-10-08 22:17:58Z" end-time="2026-10-08 22:17:58Z" duration="0.001207" asserts="0">
                  <properties>
                    <property name="retryIteration" value="0" />
                    <property name="repeatIteration" value="0" />
                  </properties>
                </test-case>
                <test-case id="1939" name="Bind_WeakestCard_MarksTheHeroRowOfThatCardOnly" fullname="Game.Unity.Tests.UI.RecapScreenTests.Bind_WeakestCard_MarksTheHeroRowOfThatCardOnly" methodname="Bind_WeakestCard_MarksTheHeroRowOfThatCardOnly" classname="Game.Unity.Tests.UI.RecapScreenTests" runstate="Runnable" seed="1831703404" result="Passed" start-time="2026-10-08 22:17:58Z" end-time="2026-10-08 22:17:58Z" duration="0.001353" asserts="0">
                  <properties>
                    <property name="retryIteration" value="0" />
                    <property name="repeatIteration" value="0" />
                  </properties>
                </test-case>
                <test-case id="1930" name="Layout_Clone_HasEveryNamedElement" fullname="Game.Unity.Tests.UI.RecapScreenTests.Layout_Clone_HasEveryNamedElement" methodname="Layout_Clone_HasEveryNamedElement" classname="Game.Unity.Tests.UI.RecapScreenTests" runstate="Runnable" seed="1767456231" result="Passed" start-time="2026-10-08 22:17:58Z" end-time="2026-10-08 22:17:58Z" duration="0.000663" asserts="0">
                  <properties>
                    <property name="retryIteration" value="0" />
                    <property name="repeatIteration" value="0" />
                  </properties>
                </test-case>
                <test-case id="1931" name="Layout_Clone_UsesTheCommonAndRecapStyleSheets" fullname="Game.Unity.Tests.UI.RecapScreenTests.Layout_Clone_UsesTheCommonAndRecapStyleSheets" methodname="Layout_Clone_UsesTheCommonAndRecapStyleSheets" classname="Game.Unity.Tests.UI.RecapScreenTests" runstate="Runnable" seed="2035673919" result="Passed" start-time="2026-10-08 22:17:58Z" end-time="2026-10-08 22:17:58Z" duration="0.002449" asserts="0">
                  <properties>
                    <property name="retryIteration" value="0" />
                    <property name="repeatIteration" value="0" />
                  </properties>
                </test-case>
              </test-suite>
              <test-suite type="TestFixture" id="1955" name="ScreenHostTests" fullname="Game.Unity.Tests.UI.ScreenHostTests" classname="Game.Unity.Tests.UI.ScreenHostTests" runstate="Runnable" testcasecount="14" result="Passed" start-time="2026-10-08 22:17:58Z" end-time="2026-10-08 22:17:58Z" duration="0.011970" total="14" passed="14" failed="0" inconclusive="0" skipped="0" asserts="0">
                <properties />
                <test-case id="1960" name="Clear_RemovesTheCurrentScreen" fullname="Game.Unity.Tests.UI.ScreenHostTests.Clear_RemovesTheCurrentScreen" methodname="Clear_RemovesTheCurrentScreen" classname="Game.Unity.Tests.UI.ScreenHostTests" runstate="Runnable" seed="964099647" result="Passed" start-time="2026-10-08 22:17:58Z" end-time="2026-10-08 22:17:58Z" duration="0.000680" asserts="0">
                  <properties>
                    <property name="retryIteration" value="0" />
                    <property name="repeatIteration" value="0" />
                  </properties>
                </test-case>
                <test-case id="1963" name="Clear_RunsTheHideCallbackOnce" fullname="Game.Unity.Tests.UI.ScreenHostTests.Clear_RunsTheHideCallbackOnce" methodname="Clear_RunsTheHideCallbackOnce" classname="Game.Unity.Tests.UI.ScreenHostTests" runstate="Runnable" seed="1517047990" result="Passed" start-time="2026-10-08 22:17:58Z" end-time="2026-10-08 22:17:58Z" duration="0.000395" asserts="0">
                  <properties>
                    <property name="retryIteration" value="0" />
                    <property name="repeatIteration" value="0" />
                  </properties>
                </test-case>
                <test-case id="1961" name="Clear_WithoutScreen_DoesNothing" fullname="Game.Unity.Tests.UI.ScreenHostTests.Clear_WithoutScreen_DoesNothing" methodname="Clear_WithoutScreen_DoesNothing" classname="Game.Unity.Tests.UI.ScreenHostTests" runstate="Runnable" seed="2135829329" result="Passed" start-time="2026-10-08 22:17:58Z" end-time="2026-10-08 22:17:58Z" duration="0.000216" asserts="0">
                  <properties>
                    <property name="retryIteration" value="0" />
                    <property name="repeatIteration" value="0" />
                  </properties>
                </test-case>
                <test-case id="1968" name="Constructor_NullContainer_Throws" fullname="Game.Unity.Tests.UI.ScreenHostTests.Constructor_NullContainer_Throws" methodname="Constructor_NullContainer_Throws" classname="Game.Unity.Tests.UI.ScreenHostTests" runstate="Runnable" seed="1341865486" result="Passed" start-time="2026-10-08 22:17:58Z" end-time="2026-10-08 22:17:58Z" duration="0.000348" asserts="0">
                  <properties>
                    <property name="retryIteration" value="0" />
                    <property name="repeatIteration" value="0" />
                  </properties>
                </test-case>
                <test-case id="1964" name="Current_ScreenTakenOutByTheCaller_IsNullAndTheHideCallbackRuns" fullname="Game.Unity.Tests.UI.ScreenHostTests.Current_ScreenTakenOutByTheCaller_IsNullAndTheHideCallbackRuns" methodname="Current_ScreenTakenOutByTheCaller_IsNullAndTheHideCallbackRuns" classname="Game.Unity.Tests.UI.ScreenHostTests" runstate="Runnable" seed="797228842" result="Passed" start-time="2026-10-08 22:17:58Z" end-time="2026-10-08 22:17:58Z" duration="0.000472" asserts="0">
                  <properties>
                    <property name="retryIteration" value="0" />
                    <property name="repeatIteration" value="0" />
                  </properties>
                </test-case>
                <test-case id="1965" name="Show_AfterTheScreenWasTakenOut_ShowsTheNewOneAndReleasesTheOldOneOnce" fullname="Game.Unity.Tests.UI.ScreenHostTests.Show_AfterTheScreenWasTakenOut_ShowsTheNewOneAndReleasesTheOldOneOnce" methodname="Show_AfterTheScreenWasTakenOut_ShowsTheNewOneAndReleasesTheOldOneOnce" classname="Game.Unity.Tests.UI.ScreenHostTests" runstate="Runnable" seed="1996867332" result="Passed" start-time="2026-10-08 22:17:58Z" end-time="2026-10-08 22:17:58Z" duration="0.000735" asserts="0">
                  <properties>
                    <property name="retryIteration" value="0" />
                    <property name="repeatIteration" value="0" />
                  </properties>
                </test-case>
                <test-case id="1957" name="Show_AnotherLayout_ReplacesTheCurrentScreen" fullname="Game.Unity.Tests.UI.ScreenHostTests.Show_AnotherLayout_ReplacesTheCurrentScreen" methodname="Show_AnotherLayout_ReplacesTheCurrentScreen" classname="Game.Unity.Tests.UI.ScreenHostTests" runstate="Runnable" seed="1077446769" result="Passed" start-time="2026-10-08 22:17:58Z" end-time="2026-10-08 22:17:58Z" duration="0.000663" asserts="0">
                  <properties>
                    <property name="retryIteration" value="0" />
                    <property name="repeatIteration" value="0" />
                  </properties>
                </test-case>
                <test-case id="1956" name="Show_Layout_AddsTheClonedScreenToTheContainer" fullname="Game.Unity.Tests.UI.ScreenHostTests.Show_Layout_AddsTheClonedScreenToTheContainer" methodname="Show_Layout_AddsTheClonedScreenToTheContainer" classname="Game.Unity.Tests.UI.ScreenHostTests" runstate="Runnable" seed="1835629869" result="Passed" start-time="2026-10-08 22:17:58Z" end-time="2026-10-08 22:17:58Z" duration="0.000344" asserts="0">
                  <properties>
                    <property name="retryIteration" value="0" />
                    <property name="repeatIteration" value="0" />
                  </properties>
                </test-case>
                <test-case id="1959" name="Show_LeavesTheOtherChildrenOfTheContainerAlone" fullname="Game.Unity.Tests.UI.ScreenHostTests.Show_LeavesTheOtherChildrenOfTheContainerAlone" methodname="Show_LeavesTheOtherChildrenOfTheContainerAlone" classname="Game.Unity.Tests.UI.ScreenHostTests" runstate="Runnable" seed="1982580857" result="Passed" start-time="2026-10-08 22:17:58Z" end-time="2026-10-08 22:17:58Z" duration="0.000581" asserts="0">
                  <properties>
                    <property name="retryIteration" value="0" />
                    <property name="repeatIteration" value="0" />
                  </properties>
                </test-case>
                <test-case id="1969" name="Show_NullLayout_Throws" fullname="Game.Unity.Tests.UI.ScreenHostTests.Show_NullLayout_Throws" methodname="Show_NullLayout_Throws" classname="Game.Unity.Tests.UI.ScreenHostTests" runstate="Runnable" seed="2055026224" result="Passed" start-time="2026-10-08 22:17:58Z" end-time="2026-10-08 22:17:58Z" duration="0.000273" asserts="0">
                  <properties>
                    <property name="retryIteration" value="0" />
                    <property name="repeatIteration" value="0" />
                  </properties>
                </test-case>
                <test-case id="1966" name="Show_RecapScreen_IsATemplateContainerInTheSlotAndBindsThroughIt" fullname="Game.Unity.Tests.UI.ScreenHostTests.Show_RecapScreen_IsATemplateContainerInTheSlotAndBindsThroughIt" methodname="Show_RecapScreen_IsATemplateContainerInTheSlotAndBindsThroughIt" classname="Game.Unity.Tests.UI.ScreenHostTests" runstate="Runnable" seed="764535745" result="Passed" start-time="2026-10-08 22:17:58Z" end-time="2026-10-08 22:17:58Z" duration="0.002224" asserts="0">
                  <properties>
                    <property name="retryIteration" value="0" />
                    <property name="repeatIteration" value="0" />
                  </properties>
                </test-case>
                <test-case id="1962" name="Show_ReplacingTheScreen_RunsTheHideCallbackOnceWithThatScreen" fullname="Game.Unity.Tests.UI.ScreenHostTests.Show_ReplacingTheScreen_RunsTheHideCallbackOnceWithThatScreen" methodname="Show_ReplacingTheScreen_RunsTheHideCallbackOnceWithThatScreen" classname="Game.Unity.Tests.UI.ScreenHostTests" runstate="Runnable" seed="1771233385" result="Passed" start-time="2026-10-08 22:17:58Z" end-time="2026-10-08 22:17:58Z" duration="0.001022" asserts="0">
                  <properties>
                    <property name="retryIteration" value="0" />
                    <property name="repeatIteration" value="0" />
                  </properties>
                </test-case>
                <test-case id="1958" name="Show_SameLayoutTwice_GivesAFreshTree" fullname="Game.Unity.Tests.UI.ScreenHostTests.Show_SameLayoutTwice_GivesAFreshTree" methodname="Show_SameLayoutTwice_GivesAFreshTree" classname="Game.Unity.Tests.UI.ScreenHostTests" runstate="Runnable" seed="672093808" result="Passed" start-time="2026-10-08 22:17:58Z" end-time="2026-10-08 22:17:58Z" duration="0.000462" asserts="0">
                  <properties>
                    <property name="retryIteration" value="0" />
                    <property name="repeatIteration" value="0" />
                  </properties>
                </test-case>
                <test-case id="1967" name="SlotClass_IsDefinedInTheCommonStyleSheet" fullname="Game.Unity.Tests.UI.ScreenHostTests.SlotClass_IsDefinedInTheCommonStyleSheet" methodname="SlotClass_IsDefinedInTheCommonStyleSheet" classname="Game.Unity.Tests.UI.ScreenHostTests" runstate="Runnable" seed="561083524" result="Passed" start-time="2026-10-08 22:17:58Z" end-time="2026-10-08 22:17:58Z" duration="0.001073" asserts="0">
                  <properties>
                    <property name="retryIteration" value="0" />
                    <property name="repeatIteration" value="0" />
                  </properties>
                </test-case>
              </test-suite>
              <test-suite type="TestFixture" id="1970" name="ScreenPreviewTests" fullname="Game.Unity.Tests.UI.ScreenPreviewTests" classname="Game.Unity.Tests.UI.ScreenPreviewTests" runstate="Runnable" testcasecount="9" result="Passed" start-time="2026-10-08 22:17:58Z" end-time="2026-10-08 22:17:58Z" duration="0.012491" total="9" passed="9" failed="0" inconclusive="0" skipped="0" asserts="0">
                <properties />
                <test-case id="1976" name="All_EveryPreviewShowsInAScreenHost" fullname="Game.Unity.Tests.UI.ScreenPreviewTests.All_EveryPreviewShowsInAScreenHost" methodname="All_EveryPreviewShowsInAScreenHost" classname="Game.Unity.Tests.UI.ScreenPreviewTests" runstate="Runnable" seed="1650384037" result="Passed" start-time="2026-10-08 22:17:58Z" end-time="2026-10-08 22:17:58Z" duration="0.005822" asserts="0">
                  <properties>
                    <property name="retryIteration" value="0" />
                    <property name="repeatIteration" value="0" />
                  </properties>
                </test-case>
                <test-case id="1975" name="All_HasTheRecapVariantsAndUniqueNames" fullname="Game.Unity.Tests.UI.ScreenPreviewTests.All_HasTheRecapVariantsAndUniqueNames" methodname="All_HasTheRecapVariantsAndUniqueNames" classname="Game.Unity.Tests.UI.ScreenPreviewTests" runstate="Runnable" seed="756745232" result="Passed" start-time="2026-10-08 22:17:58Z" end-time="2026-10-08 22:17:58Z" duration="0.000803" asserts="0">
                  <properties>
                    <property name="retryIteration" value="0" />
                    <property name="repeatIteration" value="0" />
                  </properties>
                </test-case>
                <test-case id="1979" name="Constructor_InvalidArguments_Throw" fullname="Game.Unity.Tests.UI.ScreenPreviewTests.Constructor_InvalidArguments_Throw" methodname="Constructor_InvalidArguments_Throw" classname="Game.Unity.Tests.UI.ScreenPreviewTests" runstate="Runnable" seed="963210598" result="Passed" start-time="2026-10-08 22:17:58Z" end-time="2026-10-08 22:17:58Z" duration="0.000606" asserts="0">
                  <properties>
                    <property name="retryIteration" value="0" />
                    <property name="repeatIteration" value="0" />
                  </properties>
                </test-case>
                <test-case id="1972" name="Defeat_IsALossWithAnAnalysisBlamingWastedBonuses" fullname="Game.Unity.Tests.UI.ScreenPreviewTests.Defeat_IsALossWithAnAnalysisBlamingWastedBonuses" methodname="Defeat_IsALossWithAnAnalysisBlamingWastedBonuses" classname="Game.Unity.Tests.UI.ScreenPreviewTests" runstate="Runnable" seed="1587525311" result="Passed" start-time="2026-10-08 22:17:58Z" end-time="2026-10-08 22:17:58Z" duration="0.000431" asserts="0">
                  <properties>
                    <property name="retryIteration" value="0" />
                    <property name="repeatIteration" value="0" />
                  </properties>
                </test-case>
                <test-case id="1974" name="Fights_AreTheSameEveryTime" fullname="Game.Unity.Tests.UI.ScreenPreviewTests.Fights_AreTheSameEveryTime" methodname="Fights_AreTheSameEveryTime" classname="Game.Unity.Tests.UI.ScreenPreviewTests" runstate="Runnable" seed="601716118" result="Passed" start-time="2026-10-08 22:17:58Z" end-time="2026-10-08 22:17:58Z" duration="0.000577" asserts="0">
                  <properties>
                    <property name="retryIteration" value="0" />
                    <property name="repeatIteration" value="0" />
                  </properties>
                </test-case>
                <test-case id="1978" name="ShowIn_MissingLayout_NamesThePreview" fullname="Game.Unity.Tests.UI.ScreenPreviewTests.ShowIn_MissingLayout_NamesThePreview" methodname="ShowIn_MissingLayout_NamesThePreview" classname="Game.Unity.Tests.UI.ScreenPreviewTests" runstate="Runnable" seed="574204507" result="Passed" start-time="2026-10-08 22:17:58Z" end-time="2026-10-08 22:17:58Z" duration="0.000455" asserts="0">
                  <properties>
                    <property name="retryIteration" value="0" />
                    <property name="repeatIteration" value="0" />
                  </properties>
                </test-case>
                <test-case id="1977" name="ShowIn_RecapDefeat_FillsTheScreenWithTheDemoFight" fullname="Game.Unity.Tests.UI.ScreenPreviewTests.ShowIn_RecapDefeat_FillsTheScreenWithTheDemoFight" methodname="ShowIn_RecapDefeat_FillsTheScreenWithTheDemoFight" classname="Game.Unity.Tests.UI.ScreenPreviewTests" runstate="Runnable" seed="1851704311" result="Passed" start-time="2026-10-08 22:17:58Z" end-time="2026-10-08 22:17:58Z" duration="0.001306" asserts="0">
                  <properties>
                    <property name="retryIteration" value="0" />
                    <property name="repeatIteration" value="0" />
                  </properties>
                </test-case>
                <test-case id="1973" name="TimeLimit_RunsOutOfTimeWithoutAnAnalysis" fullname="Game.Unity.Tests.UI.ScreenPreviewTests.TimeLimit_RunsOutOfTimeWithoutAnAnalysis" methodname="TimeLimit_RunsOutOfTimeWithoutAnAnalysis" classname="Game.Unity.Tests.UI.ScreenPreviewTests" runstate="Runnable" seed="1024877328" result="Passed" start-time="2026-10-08 22:17:58Z" end-time="2026-10-08 22:17:58Z" duration="0.000416" asserts="0">
                  <properties>
                    <property name="retryIteration" value="0" />
                    <property name="repeatIteration" value="0" />
                  </properties>
                </test-case>
                <test-case id="1971" name="Victory_IsAWinWithoutAnalysis" fullname="Game.Unity.Tests.UI.ScreenPreviewTests.Victory_IsAWinWithoutAnalysis" methodname="Victory_IsAWinWithoutAnalysis" classname="Game.Unity.Tests.UI.ScreenPreviewTests" runstate="Runnable" seed="2009600829" result="Passed" start-time="2026-10-08 22:17:58Z" end-time="2026-10-08 22:17:58Z" duration="0.000333" asserts="0">
                  <properties>
                    <property name="retryIteration" value="0" />
                    <property name="repeatIteration" value="0" />
                  </properties>
                </test-case>
              </test-suite>
              <test-suite type="TestFixture" id="1980" name="TitleScreenTests" fullname="Game.Unity.Tests.UI.TitleScreenTests" classname="Game.Unity.Tests.UI.TitleScreenTests" runstate="Runnable" testcasecount="4" result="Passed" start-time="2026-10-08 22:17:58Z" end-time="2026-10-08 22:17:58Z" duration="0.003412" total="4" passed="4" failed="0" inconclusive="0" skipped="0" asserts="0">
                <properties />
                <test-case id="1983" name="Bind_TitleScreen_ShowsTheGameName" fullname="Game.Unity.Tests.UI.TitleScreenTests.Bind_TitleScreen_ShowsTheGameName" methodname="Bind_TitleScreen_ShowsTheGameName" classname="Game.Unity.Tests.UI.TitleScreenTests" runstate="Runnable" seed="1360180204" result="Passed" start-time="2026-10-08 22:17:58Z" end-time="2026-10-08 22:17:58Z" duration="0.000523" asserts="0">
                  <properties>
                    <property name="retryIteration" value="0" />
                    <property name="repeatIteration" value="0" />
                  </properties>
                </test-case>
                <test-case id="1984" name="Bind_TreeWithoutTitle_Throws" fullname="Game.Unity.Tests.UI.TitleScreenTests.Bind_TreeWithoutTitle_Throws" methodname="Bind_TreeWithoutTitle_Throws" classname="Game.Unity.Tests.UI.TitleScreenTests" runstate="Runnable" seed="1591773872" result="Passed" start-time="2026-10-08 22:17:58Z" end-time="2026-10-08 22:17:58Z" duration="0.000519" asserts="0">
                  <properties>
                    <property name="retryIteration" value="0" />
                    <property name="repeatIteration" value="0" />
                  </properties>
                </test-case>
                <test-case id="1981" name="Layout_Clone_HasTitleLabel" fullname="Game.Unity.Tests.UI.TitleScreenTests.Layout_Clone_HasTitleLabel" methodname="Layout_Clone_HasTitleLabel" classname="Game.Unity.Tests.UI.TitleScreenTests" runstate="Runnable" seed="1542766229" result="Passed" start-time="2026-10-08 22:17:58Z" end-time="2026-10-08 22:17:58Z" duration="0.000326" asserts="0">
                  <properties>
                    <property name="retryIteration" value="0" />
                    <property name="repeatIteration" value="0" />
                  </properties>
                </test-case>
                <test-case id="1982" name="Layout_Clone_UsesTheCommonStyleSheet" fullname="Game.Unity.Tests.UI.TitleScreenTests.Layout_Clone_UsesTheCommonStyleSheet" methodname="Layout_Clone_UsesTheCommonStyleSheet" classname="Game.Unity.Tests.UI.TitleScreenTests" runstate="Runnable" seed="1239015292" result="Passed" start-time="2026-10-08 22:17:58Z" end-time="2026-10-08 22:17:58Z" duration="0.000980" asserts="0">
                  <properties>
                    <property name="retryIteration" value="0" />
                    <property name="repeatIteration" value="0" />
                  </properties>
                </test-case>
              </test-suite>
            </test-suite>
            <test-suite type="TestSuite" id="2203" name="Upgrades" fullname="Game.Unity.Tests.Upgrades" runstate="Runnable" testcasecount="11" result="Passed" start-time="2026-10-08 22:17:58Z" end-time="2026-10-08 22:17:58Z" duration="0.008431" total="11" passed="11" failed="0" inconclusive="0" skipped="0" asserts="0">
              <properties />
              <test-suite type="TestFixture" id="1871" name="PassiveUpgradeAssetTests" fullname="Game.Unity.Tests.Upgrades.PassiveUpgradeAssetTests" classname="Game.Unity.Tests.Upgrades.PassiveUpgradeAssetTests" runstate="Runnable" testcasecount="11" result="Passed" start-time="2026-10-08 22:17:58Z" end-time="2026-10-08 22:17:58Z" duration="0.008066" total="11" passed="11" failed="0" inconclusive="0" skipped="0" asserts="0">
                <properties />
                <test-case id="1884" name="IsPlaceholder_ReadsTheFlag" fullname="Game.Unity.Tests.Upgrades.PassiveUpgradeAssetTests.IsPlaceholder_ReadsTheFlag" methodname="IsPlaceholder_ReadsTheFlag" classname="Game.Unity.Tests.Upgrades.PassiveUpgradeAssetTests" runstate="Runnable" seed="1090384704" result="Passed" start-time="2026-10-08 22:17:58Z" end-time="2026-10-08 22:17:58Z" duration="0.000995" asserts="0">
                  <properties>
                    <property name="retryIteration" value="0" />
                    <property name="repeatIteration" value="0" />
                  </properties>
                </test-case>
                <test-suite type="ParameterizedMethod" id="1879" name="ToUpgrade_EffectAmount_CopiesEffectKind" fullname="Game.Unity.Tests.Upgrades.PassiveUpgradeAssetTests.ToUpgrade_EffectAmount_CopiesEffectKind" classname="Game.Unity.Tests.Upgrades.PassiveUpgradeAssetTests" runstate="Runnable" testcasecount="3" result="Passed" start-time="2026-10-08 22:17:58Z" end-time="2026-10-08 22:17:58Z" duration="0.001628" total="3" passed="3" failed="0" inconclusive="0" skipped="0" asserts="0">
                  <properties />
                  <test-case id="1876" name="ToUpgrade_EffectAmount_CopiesEffectKind(Damage)" fullname="Game.Unity.Tests.Upgrades.PassiveUpgradeAssetTests.ToUpgrade_EffectAmount_CopiesEffectKind(Damage)" methodname="ToUpgrade_EffectAmount_CopiesEffectKind" classname="Game.Unity.Tests.Upgrades.PassiveUpgradeAssetTests" runstate="Runnable" seed="439724550" result="Passed" start-time="2026-10-08 22:17:58Z" end-time="2026-10-08 22:17:58Z" duration="0.000516" asserts="0">
                    <properties>
                      <property name="retryIteration" value="0" />
                      <property name="repeatIteration" value="0" />
                    </properties>
                  </test-case>
                  <test-case id="1877" name="ToUpgrade_EffectAmount_CopiesEffectKind(Heal)" fullname="Game.Unity.Tests.Upgrades.PassiveUpgradeAssetTests.ToUpgrade_EffectAmount_CopiesEffectKind(Heal)" methodname="ToUpgrade_EffectAmount_CopiesEffectKind" classname="Game.Unity.Tests.Upgrades.PassiveUpgradeAssetTests" runstate="Runnable" seed="157329262" result="Passed" start-time="2026-10-08 22:17:58Z" end-time="2026-10-08 22:17:58Z" duration="0.000300" asserts="0">
                    <properties>
                      <property name="retryIteration" value="0" />
                      <property name="repeatIteration" value="0" />
                    </properties>
                  </test-case>
                  <test-case id="1878" name="ToUpgrade_EffectAmount_CopiesEffectKind(Shield)" fullname="Game.Unity.Tests.Upgrades.PassiveUpgradeAssetTests.ToUpgrade_EffectAmount_CopiesEffectKind(Shield)" methodname="ToUpgrade_EffectAmount_CopiesEffectKind" classname="Game.Unity.Tests.Upgrades.PassiveUpgradeAssetTests" runstate="Runnable" seed="839756894" result="Passed" start-time="2026-10-08 22:17:58Z" end-time="2026-10-08 22:17:58Z" duration="0.000292" asserts="0">
                    <properties>
                      <property name="retryIteration" value="0" />
                      <property name="repeatIteration" value="0" />
                    </properties>
                  </test-case>
                </test-suite>
                <test-case id="1883" name="ToUpgrade_EffectAmountWithUnknownEffectKind_ThrowsNamingTheAsset" fullname="Game.Unity.Tests.Upgrades.PassiveUpgradeAssetTests.ToUpgrade_EffectAmountWithUnknownEffectKind_ThrowsNamingTheAsset" methodname="ToUpgrade_EffectAmountWithUnknownEffectKind_ThrowsNamingTheAsset" classname="Game.Unity.Tests.Upgrades.PassiveUpgradeAssetTests" runstate="Runnable" seed="1527898227" result="Passed" start-time="2026-10-08 22:17:58Z" end-time="2026-10-08 22:17:58Z" duration="0.000554" asserts="0">
                  <properties>
                    <property name="retryIteration" value="0" />
                    <property name="repeatIteration" value="0" />
                  </properties>
                </test-case>
                <test-suite type="ParameterizedMethod" id="1875" name="ToUpgrade_KindWithoutEffectKind_CopiesIdKindAndAmount" fullname="Game.Unity.Tests.Upgrades.PassiveUpgradeAssetTests.ToUpgrade_KindWithoutEffectKind_CopiesIdKindAndAmount" classname="Game.Unity.Tests.Upgrades.PassiveUpgradeAssetTests" runstate="Runnable" testcasecount="3" result="Passed" start-time="2026-10-08 22:17:58Z" end-time="2026-10-08 22:17:58Z" duration="0.001700" total="3" passed="3" failed="0" inconclusive="0" skipped="0" asserts="0">
                  <properties />
                  <test-case id="1872" name="ToUpgrade_KindWithoutEffectKind_CopiesIdKindAndAmount(MaxHealth)" fullname="Game.Unity.Tests.Upgrades.PassiveUpgradeAssetTests.ToUpgrade_KindWithoutEffectKind_CopiesIdKindAndAmount(MaxHealth)" methodname="ToUpgrade_KindWithoutEffectKind_CopiesIdKindAndAmount" classname="Game.Unity.Tests.Upgrades.PassiveUpgradeAssetTests" runstate="Runnable" seed="367202708" result="Passed" start-time="2026-10-08 22:17:58Z" end-time="2026-10-08 22:17:58Z" duration="0.000534" asserts="0">
                    <properties>
                      <property name="retryIteration" value="0" />
                      <property name="repeatIteration" value="0" />
                    </properties>
                  </test-case>
                  <test-case id="1873" name="ToUpgrade_KindWithoutEffectKind_CopiesIdKindAndAmount(StartingShield)" fullname="Game.Unity.Tests.Upgrades.PassiveUpgradeAssetTests.ToUpgrade_KindWithoutEffectKind_CopiesIdKindAndAmount(StartingShield)" methodname="ToUpgrade_KindWithoutEffectKind_CopiesIdKindAndAmount" classname="Game.Unity.Tests.Upgrades.PassiveUpgradeAssetTests" runstate="Runnable" seed="987534877" result="Passed" start-time="2026-10-08 22:17:58Z" end-time="2026-10-08 22:17:58Z" duration="0.000304" asserts="0">
                    <properties>
                      <property name="retryIteration" value="0" />
                      <property name="repeatIteration" value="0" />
                    </properties>
                  </test-case>
                  <test-case id="1874" name="ToUpgrade_KindWithoutEffectKind_CopiesIdKindAndAmount(NeighbourBonus)" fullname="Game.Unity.Tests.Upgrades.PassiveUpgradeAssetTests.ToUpgrade_KindWithoutEffectKind_CopiesIdKindAndAmount(NeighbourBonus)" methodname="ToUpgrade_KindWithoutEffectKind_CopiesIdKindAndAmount" classname="Game.Unity.Tests.Upgrades.PassiveUpgradeAssetTests" runstate="Runnable" seed="1099854751" result="Passed" start-time="2026-10-08 22:17:58Z" end-time="2026-10-08 22:17:58Z" duration="0.000292" asserts="0">
                    <properties>
                      <property name="retryIteration" value="0" />
                      <property name="repeatIteration" value="0" />
                    </properties>
                  </test-case>
                </test-suite>
                <test-case id="1880" name="ToUpgrade_MissingId_ThrowsNamingTheAsset" fullname="Game.Unity.Tests.Upgrades.PassiveUpgradeAssetTests.ToUpgrade_MissingId_ThrowsNamingTheAsset" methodname="ToUpgrade_MissingId_ThrowsNamingTheAsset" classname="Game.Unity.Tests.Upgrades.PassiveUpgradeAssetTests" runstate="Runnable" seed="168268813" result="Passed" start-time="2026-10-08 22:17:58Z" end-time="2026-10-08 22:17:58Z" duration="0.000609" asserts="0">
                  <properties>
                    <property name="retryIteration" value="0" />
                    <property name="repeatIteration" value="0" />
                  </properties>
                </test-case>
                <test-case id="1881" name="ToUpgrade_NegativeAmount_ThrowsNamingTheAsset" fullname="Game.Unity.Tests.Upgrades.PassiveUpgradeAssetTests.ToUpgrade_NegativeAmount_ThrowsNamingTheAsset" methodname="ToUpgrade_NegativeAmount_ThrowsNamingTheAsset" classname="Game.Unity.Tests.Upgrades.PassiveUpgradeAssetTests" runstate="Runnable" seed="739279385" result="Passed" start-time="2026-10-08 22:17:58Z" end-time="2026-10-08 22:17:58Z" duration="0.000618" asserts="0">
                  <properties>
                    <property name="retryIteration" value="0" />
                    <property name="repeatIteration" value="0" />
                  </properties>
                </test-case>
                <test-case id="1882" name="ToUpgrade_UnknownKind_ThrowsNamingTheAsset" fullname="Game.Unity.Tests.Upgrades.PassiveUpgradeAssetTests.ToUpgrade_UnknownKind_ThrowsNamingTheAsset" methodname="ToUpgrade_UnknownKind_ThrowsNamingTheAsset" classname="Game.Unity.Tests.Upgrades.PassiveUpgradeAssetTests" runstate="Runnable" seed="346667434" result="Passed" start-time="2026-10-08 22:17:58Z" end-time="2026-10-08 22:17:58Z" duration="0.000610" asserts="0">
                  <properties>
                    <property name="retryIteration" value="0" />
                    <property name="repeatIteration" value="0" />
                  </properties>
                  <output><![CDATA[Saving results to: C:/Users/berna/AppData/LocalLow/DefaultCompany/game\TestResults.xml
]]></output>
                </test-case>
              </test-suite>
            </test-suite>
          </test-suite>
        </test-suite>
      </test-suite>
    </test-suite>
  </test-suite>
</test-run>